2026-08-10 21:58:30,430   INFO  **********************Start logging**********************
2026-08-10 21:58:30,430   INFO  CUDA_VISIBLE_DEVICES=ALL
2026-08-10 21:58:30,430   INFO  Training with a single process
2026-08-10 21:58:30,430   INFO  cfg_file         /OpenPCDet/tools/cfgs/models/S/D/S_D_N.yaml
2026-08-10 21:58:30,431   INFO  batch_size       2
2026-08-10 21:58:30,431   INFO  epochs           20
2026-08-10 21:58:30,431   INFO  workers          6
2026-08-10 21:58:30,431   INFO  extra_tag        unfrozen_backbone_1_94
2026-08-10 21:58:30,431   INFO  ckpt             None
2026-08-10 21:58:30,431   INFO  pretrained_model /OpenPCDet/pcdet/models/pth/second_7862.pth
2026-08-10 21:58:30,431   INFO  launcher         none
2026-08-10 21:58:30,431   INFO  tcp_port         18888
2026-08-10 21:58:30,431   INFO  sync_bn          False
2026-08-10 21:58:30,431   INFO  fix_random_seed  False
2026-08-10 21:58:30,431   INFO  ckpt_save_interval 1
2026-08-10 21:58:30,431   INFO  local_rank       None
2026-08-10 21:58:30,431   INFO  max_ckpt_save_num 100
2026-08-10 21:58:30,431   INFO  merge_all_iters_to_one_epoch False
2026-08-10 21:58:30,431   INFO  set_cfgs         None
2026-08-10 21:58:30,431   INFO  max_waiting_mins 0
2026-08-10 21:58:30,431   INFO  start_epoch      0
2026-08-10 21:58:30,431   INFO  num_epochs_to_eval 0
2026-08-10 21:58:30,431   INFO  save_to_file     False
2026-08-10 21:58:30,431   INFO  use_tqdm_to_record False
2026-08-10 21:58:30,431   INFO  logger_iter_interval 50
2026-08-10 21:58:30,431   INFO  ckpt_save_time_interval 300
2026-08-10 21:58:30,431   INFO  wo_gpu_stat      False
2026-08-10 21:58:30,431   INFO  use_amp          False
2026-08-10 21:58:30,431   INFO  freeze_backbone  False
2026-08-10 21:58:30,431   INFO  freeze_bn        False
2026-08-10 21:58:30,431   INFO  cfg.ROOT_DIR: /OpenPCDet
2026-08-10 21:58:30,431   INFO  cfg.LOCAL_RANK: 0
2026-08-10 21:58:30,431   INFO  cfg.CLASS_NAMES: ['car', 'pedestrian', 'bicycle']
2026-08-10 21:58:30,431   INFO  ----------- DATA_CONFIG -----------
2026-08-10 21:58:30,431   INFO  cfg.DATA_CONFIG.DATASET: NuScenesDataset
2026-08-10 21:58:30,431   INFO  cfg.DATA_CONFIG.DATA_PATH: ../datasets/nuscenes
2026-08-10 21:58:30,431   INFO  cfg.DATA_CONFIG.VERSION: v1.0-mini
2026-08-10 21:58:30,431   INFO  cfg.DATA_CONFIG.MAX_SWEEPS: 1
2026-08-10 21:58:30,431   INFO  cfg.DATA_CONFIG.PRED_VELOCITY: False
2026-08-10 21:58:30,432   INFO  cfg.DATA_CONFIG.SET_NAN_VELOCITY_TO_ZEROS: True
2026-08-10 21:58:30,432   INFO  cfg.DATA_CONFIG.FILTER_MIN_POINTS_IN_GT: 1
2026-08-10 21:58:30,432   INFO  ----------- MAP_CLASS_TO_KITTI -----------
2026-08-10 21:58:30,432   INFO  cfg.DATA_CONFIG.MAP_CLASS_TO_KITTI.car: Car
2026-08-10 21:58:30,432   INFO  cfg.DATA_CONFIG.MAP_CLASS_TO_KITTI.pedestrian: Pedestrian
2026-08-10 21:58:30,432   INFO  cfg.DATA_CONFIG.MAP_CLASS_TO_KITTI.bicycle: Cyclist
2026-08-10 21:58:30,432   INFO  ----------- DATA_SPLIT -----------
2026-08-10 21:58:30,432   INFO  cfg.DATA_CONFIG.DATA_SPLIT.train: train
2026-08-10 21:58:30,432   INFO  cfg.DATA_CONFIG.DATA_SPLIT.test: val
2026-08-10 21:58:30,432   INFO  ----------- INFO_PATH -----------
2026-08-10 21:58:30,432   INFO  cfg.DATA_CONFIG.INFO_PATH.train: ['nuscenes_infos_1sweeps_train.pkl']
2026-08-10 21:58:30,432   INFO  cfg.DATA_CONFIG.INFO_PATH.test: ['nuscenes_infos_1sweeps_val.pkl']
2026-08-10 21:58:30,432   INFO  cfg.DATA_CONFIG.POINT_CLOUD_RANGE: [-51.2, -51.2, -3.0, 51.2, 51.2, 1.0]
2026-08-10 21:58:30,432   INFO  cfg.DATA_CONFIG.BALANCED_RESAMPLING: True
2026-08-10 21:58:30,432   INFO  ----------- DATA_AUGMENTOR -----------
2026-08-10 21:58:30,432   INFO  cfg.DATA_CONFIG.DATA_AUGMENTOR.DISABLE_AUG_LIST: ['gt_sampling']
2026-08-10 21:58:30,432   INFO  cfg.DATA_CONFIG.DATA_AUGMENTOR.AUG_CONFIG_LIST: [{'NAME': 'gt_sampling', 'DB_INFO_PATH': ['nuscenes_dbinfos_1sweeps_withvelo.pkl'], 'PREPARE': {'filter_by_min_points': ['car:5', 'bicycle:5', 'pedestrian:5']}, 'SAMPLE_GROUPS': ['car:2', 'bicycle:6', 'pedestrian:2'], 'NUM_POINT_FEATURES': 4, 'DATABASE_WITH_FAKELIDAR': False, 'REMOVE_EXTRA_WIDTH': [0.0, 0.0, 0.0], 'LIMIT_WHOLE_SCENE': True}, {'NAME': 'random_world_flip', 'ALONG_AXIS_LIST': ['x', 'y']}, {'NAME': 'random_world_rotation', 'WORLD_ROT_ANGLE': [-0.3925, 0.3925]}, {'NAME': 'random_world_scaling', 'WORLD_SCALE_RANGE': [0.95, 1.05]}]
2026-08-10 21:58:30,432   INFO  ----------- POINT_FEATURE_ENCODING -----------
2026-08-10 21:58:30,432   INFO  cfg.DATA_CONFIG.POINT_FEATURE_ENCODING.encoding_type: absolute_coordinates_encoding
2026-08-10 21:58:30,432   INFO  cfg.DATA_CONFIG.POINT_FEATURE_ENCODING.used_feature_list: ['x', 'y', 'z', 'intensity']
2026-08-10 21:58:30,432   INFO  cfg.DATA_CONFIG.POINT_FEATURE_ENCODING.src_feature_list: ['x', 'y', 'z', 'intensity']
2026-08-10 21:58:30,432   INFO  cfg.DATA_CONFIG.DATA_PROCESSOR: [{'NAME': 'mask_points_and_boxes_outside_range', 'REMOVE_OUTSIDE_BOXES': True}, {'NAME': 'shuffle_points', 'SHUFFLE_ENABLED': {'train': True, 'test': True}}, {'NAME': 'transform_points_to_voxels', 'VOXEL_SIZE': [0.05, 0.05, 0.1], 'MAX_POINTS_PER_VOXEL': 45, 'MAX_NUMBER_OF_VOXELS': {'train': 60000, 'test': 60000}}]
2026-08-10 21:58:30,432   INFO  cfg.DATA_CONFIG._BASE_CONFIG_: cfgs/dataset_configs/nuscenes_dataset.yaml
2026-08-10 21:58:30,432   INFO  cfg.DATA_CONFIG.VOXEL_SIZE: [0.05, 0.05, 0.05]
2026-08-10 21:58:30,432   INFO  ----------- MODEL -----------
2026-08-10 21:58:30,432   INFO  cfg.MODEL.NAME: SECONDNet
2026-08-10 21:58:30,432   INFO  ----------- VFE -----------
2026-08-10 21:58:30,432   INFO  cfg.MODEL.VFE.NAME: MeanVFE
2026-08-10 21:58:30,432   INFO  ----------- BACKBONE_3D -----------
2026-08-10 21:58:30,432   INFO  cfg.MODEL.BACKBONE_3D.NAME: VoxelBackBone8x
2026-08-10 21:58:30,432   INFO  ----------- MAP_TO_BEV -----------
2026-08-10 21:58:30,432   INFO  cfg.MODEL.MAP_TO_BEV.NAME: HeightCompression
2026-08-10 21:58:30,432   INFO  cfg.MODEL.MAP_TO_BEV.NUM_BEV_FEATURES: 256
2026-08-10 21:58:30,433   INFO  ----------- BACKBONE_2D -----------
2026-08-10 21:58:30,433   INFO  cfg.MODEL.BACKBONE_2D.NAME: BaseBEVBackbone
2026-08-10 21:58:30,433   INFO  cfg.MODEL.BACKBONE_2D.LAYER_NUMS: [5, 5]
2026-08-10 21:58:30,433   INFO  cfg.MODEL.BACKBONE_2D.LAYER_STRIDES: [1, 2]
2026-08-10 21:58:30,433   INFO  cfg.MODEL.BACKBONE_2D.NUM_FILTERS: [128, 256]
2026-08-10 21:58:30,433   INFO  cfg.MODEL.BACKBONE_2D.UPSAMPLE_STRIDES: [1, 2]
2026-08-10 21:58:30,433   INFO  cfg.MODEL.BACKBONE_2D.NUM_UPSAMPLE_FILTERS: [256, 256]
2026-08-10 21:58:30,433   INFO  ----------- DENSE_HEAD -----------
2026-08-10 21:58:30,433   INFO  cfg.MODEL.DENSE_HEAD.NAME: AnchorHeadSingle
2026-08-10 21:58:30,433   INFO  cfg.MODEL.DENSE_HEAD.CLASS_AGNOSTIC: False
2026-08-10 21:58:30,433   INFO  cfg.MODEL.DENSE_HEAD.USE_DIRECTION_CLASSIFIER: True
2026-08-10 21:58:30,433   INFO  cfg.MODEL.DENSE_HEAD.DIR_OFFSET: 0.78539
2026-08-10 21:58:30,433   INFO  cfg.MODEL.DENSE_HEAD.DIR_LIMIT_OFFSET: 0.0
2026-08-10 21:58:30,433   INFO  cfg.MODEL.DENSE_HEAD.NUM_DIR_BINS: 2
2026-08-10 21:58:30,433   INFO  cfg.MODEL.DENSE_HEAD.ANCHOR_GENERATOR_CONFIG: [{'class_name': 'car', 'anchor_sizes': [[3.9, 1.6, 1.56]], 'anchor_rotations': [0, 1.57], 'anchor_bottom_heights': [-1.78], 'align_center': False, 'feature_map_stride': 8, 'matched_threshold': 0.6, 'unmatched_threshold': 0.45}, {'class_name': 'pedestrian', 'anchor_sizes': [[0.8, 0.6, 1.73]], 'anchor_rotations': [0, 1.57], 'anchor_bottom_heights': [-0.6], 'align_center': False, 'feature_map_stride': 8, 'matched_threshold': 0.5, 'unmatched_threshold': 0.35}, {'class_name': 'bicycle', 'anchor_sizes': [[1.76, 0.6, 1.73]], 'anchor_rotations': [0, 1.57], 'anchor_bottom_heights': [-0.6], 'align_center': False, 'feature_map_stride': 8, 'matched_threshold': 0.5, 'unmatched_threshold': 0.35}]
2026-08-10 21:58:30,433   INFO  ----------- TARGET_ASSIGNER_CONFIG -----------
2026-08-10 21:58:30,433   INFO  cfg.MODEL.DENSE_HEAD.TARGET_ASSIGNER_CONFIG.NAME: AxisAlignedTargetAssigner
2026-08-10 21:58:30,433   INFO  cfg.MODEL.DENSE_HEAD.TARGET_ASSIGNER_CONFIG.POS_FRACTION: -1.0
2026-08-10 21:58:30,433   INFO  cfg.MODEL.DENSE_HEAD.TARGET_ASSIGNER_CONFIG.SAMPLE_SIZE: 512
2026-08-10 21:58:30,433   INFO  cfg.MODEL.DENSE_HEAD.TARGET_ASSIGNER_CONFIG.NORM_BY_NUM_EXAMPLES: False
2026-08-10 21:58:30,433   INFO  cfg.MODEL.DENSE_HEAD.TARGET_ASSIGNER_CONFIG.MATCH_HEIGHT: False
2026-08-10 21:58:30,433   INFO  cfg.MODEL.DENSE_HEAD.TARGET_ASSIGNER_CONFIG.BOX_CODER: ResidualCoder
2026-08-10 21:58:30,433   INFO  ----------- LOSS_CONFIG -----------
2026-08-10 21:58:30,433   INFO  ----------- LOSS_WEIGHTS -----------
2026-08-10 21:58:30,433   INFO  cfg.MODEL.DENSE_HEAD.LOSS_CONFIG.LOSS_WEIGHTS.cls_weight: 1.0
2026-08-10 21:58:30,433   INFO  cfg.MODEL.DENSE_HEAD.LOSS_CONFIG.LOSS_WEIGHTS.loc_weight: 2.0
2026-08-10 21:58:30,433   INFO  cfg.MODEL.DENSE_HEAD.LOSS_CONFIG.LOSS_WEIGHTS.dir_weight: 0.2
2026-08-10 21:58:30,433   INFO  cfg.MODEL.DENSE_HEAD.LOSS_CONFIG.LOSS_WEIGHTS.code_weights: [1.0, 1.0, 1.0, 1.0, 1.0, 1.0, 1.0]
2026-08-10 21:58:30,433   INFO  ----------- POST_PROCESSING -----------
2026-08-10 21:58:30,433   INFO  cfg.MODEL.POST_PROCESSING.RECALL_THRESH_LIST: [0.3, 0.5, 0.7]
2026-08-10 21:58:30,433   INFO  cfg.MODEL.POST_PROCESSING.SCORE_THRESH: 0.3
2026-08-10 21:58:30,433   INFO  cfg.MODEL.POST_PROCESSING.OUTPUT_RAW_SCORE: False
2026-08-10 21:58:30,433   INFO  cfg.MODEL.POST_PROCESSING.EVAL_METRIC: kitti
2026-08-10 21:58:30,433   INFO  ----------- NMS_CONFIG -----------
2026-08-10 21:58:30,433   INFO  cfg.MODEL.POST_PROCESSING.NMS_CONFIG.MULTI_CLASSES_NMS: False
2026-08-10 21:58:30,434   INFO  cfg.MODEL.POST_PROCESSING.NMS_CONFIG.NMS_TYPE: nms_gpu
2026-08-10 21:58:30,434   INFO  cfg.MODEL.POST_PROCESSING.NMS_CONFIG.NMS_THRESH: 0.005
2026-08-10 21:58:30,434   INFO  cfg.MODEL.POST_PROCESSING.NMS_CONFIG.NMS_PRE_MAXSIZE: 1000
2026-08-10 21:58:30,434   INFO  cfg.MODEL.POST_PROCESSING.NMS_CONFIG.NMS_POST_MAXSIZE: 100
2026-08-10 21:58:30,434   INFO  ----------- OPTIMIZATION -----------
2026-08-10 21:58:30,434   INFO  cfg.OPTIMIZATION.BATCH_SIZE_PER_GPU: 2
2026-08-10 21:58:30,434   INFO  cfg.OPTIMIZATION.NUM_EPOCHS: 20
2026-08-10 21:58:30,434   INFO  cfg.OPTIMIZATION.OPTIMIZER: adam_onecycle
2026-08-10 21:58:30,434   INFO  cfg.OPTIMIZATION.LR: 0.0003
2026-08-10 21:58:30,434   INFO  cfg.OPTIMIZATION.WEIGHT_DECAY: 0.01
2026-08-10 21:58:30,434   INFO  cfg.OPTIMIZATION.MOMENTUM: 0.9
2026-08-10 21:58:30,434   INFO  cfg.OPTIMIZATION.MOMS: [0.95, 0.85]
2026-08-10 21:58:30,434   INFO  cfg.OPTIMIZATION.PCT_START: 0.2
2026-08-10 21:58:30,434   INFO  cfg.OPTIMIZATION.DIV_FACTOR: 10
2026-08-10 21:58:30,434   INFO  cfg.OPTIMIZATION.DECAY_STEP_LIST: [25, 35]
2026-08-10 21:58:30,434   INFO  cfg.OPTIMIZATION.LR_DECAY: 0.1
2026-08-10 21:58:30,434   INFO  cfg.OPTIMIZATION.LR_CLIP: 1e-07
2026-08-10 21:58:30,434   INFO  cfg.OPTIMIZATION.LR_WARMUP: False
2026-08-10 21:58:30,434   INFO  cfg.OPTIMIZATION.WARMUP_EPOCH: 1
2026-08-10 21:58:30,434   INFO  cfg.OPTIMIZATION.GRAD_NORM_CLIP: 10
2026-08-10 21:58:30,434   INFO  cfg.TAG: S_D_N
2026-08-10 21:58:30,434   INFO  cfg.EXP_GROUP_PATH: OpenPCDet/tools/cfgs/models/S/D
2026-08-10 21:58:30,439   INFO  ----------- Create dataloader & network & optimizer -----------
2026-08-10 21:58:30,439   INFO  Loading NuScenes dataset
2026-08-10 21:58:30,449   INFO  Total samples for NuScenes dataset: 323
2026-08-10 21:58:30,455   INFO  Total samples after balanced resampling: 667
2026-08-10 21:58:31,887   INFO  ==> Loading parameters from checkpoint /OpenPCDet/pcdet/models/pth/second_7862.pth to GPU
2026-08-10 21:58:31,933   INFO  ==> Done (loaded 163/163)
2026-08-10 21:58:31,934   INFO  ==> Loading parameters from checkpoint /OpenPCDet/output/OpenPCDet/tools/cfgs/models/S/D/S_D_N/unfrozen_backbone_1_94/ckpt/checkpoint_epoch_10.pth to GPU
2026-08-10 21:58:32,084   INFO  ==> Loading optimizer parameters from checkpoint /OpenPCDet/output/OpenPCDet/tools/cfgs/models/S/D/S_D_N/unfrozen_backbone_1_94/ckpt/checkpoint_epoch_10.pth to GPU
2026-08-10 21:58:32,097   INFO  ==> Done
2026-08-10 21:58:32,098   INFO  ----------- Model SECONDNet created, param count: 5325576 -----------
2026-08-10 21:58:32,098   INFO  SECONDNet(
  (vfe): MeanVFE()
  (backbone_3d): VoxelBackBone8x(
    (conv_input): SparseSequential(
      (0): SubMConv3d(4, 16, kernel_size=[3, 3, 3], stride=[1, 1, 1], padding=[1, 1, 1], dilation=[1, 1, 1], output_padding=[0, 0, 0], bias=False, algo=ConvAlgo.MaskImplicitGemm)
      (1): BatchNorm1d(16, eps=0.001, momentum=0.01, affine=True, track_running_stats=True)
      (2): ReLU()
    )
    (conv1): SparseSequential(
      (0): SparseSequential(
        (0): SubMConv3d(16, 16, kernel_size=[3, 3, 3], stride=[1, 1, 1], padding=[0, 0, 0], dilation=[1, 1, 1], output_padding=[0, 0, 0], bias=False, algo=ConvAlgo.MaskImplicitGemm)
        (1): BatchNorm1d(16, eps=0.001, momentum=0.01, affine=True, track_running_stats=True)
        (2): ReLU()
      )
    )
    (conv2): SparseSequential(
      (0): SparseSequential(
        (0): SparseConv3d(16, 32, kernel_size=[3, 3, 3], stride=[2, 2, 2], padding=[1, 1, 1], dilation=[1, 1, 1], output_padding=[0, 0, 0], bias=False, algo=ConvAlgo.MaskImplicitGemm)
        (1): BatchNorm1d(32, eps=0.001, momentum=0.01, affine=True, track_running_stats=True)
        (2): ReLU()
      )
      (1): SparseSequential(
        (0): SubMConv3d(32, 32, kernel_size=[3, 3, 3], stride=[1, 1, 1], padding=[0, 0, 0], dilation=[1, 1, 1], output_padding=[0, 0, 0], bias=False, algo=ConvAlgo.MaskImplicitGemm)
        (1): BatchNorm1d(32, eps=0.001, momentum=0.01, affine=True, track_running_stats=True)
        (2): ReLU()
      )
      (2): SparseSequential(
        (0): SubMConv3d(32, 32, kernel_size=[3, 3, 3], stride=[1, 1, 1], padding=[0, 0, 0], dilation=[1, 1, 1], output_padding=[0, 0, 0], bias=False, algo=ConvAlgo.MaskImplicitGemm)
        (1): BatchNorm1d(32, eps=0.001, momentum=0.01, affine=True, track_running_stats=True)
        (2): ReLU()
      )
    )
    (conv3): SparseSequential(
      (0): SparseSequential(
        (0): SparseConv3d(32, 64, kernel_size=[3, 3, 3], stride=[2, 2, 2], padding=[1, 1, 1], dilation=[1, 1, 1], output_padding=[0, 0, 0], bias=False, algo=ConvAlgo.MaskImplicitGemm)
        (1): BatchNorm1d(64, eps=0.001, momentum=0.01, affine=True, track_running_stats=True)
        (2): ReLU()
      )
      (1): SparseSequential(
        (0): SubMConv3d(64, 64, kernel_size=[3, 3, 3], stride=[1, 1, 1], padding=[0, 0, 0], dilation=[1, 1, 1], output_padding=[0, 0, 0], bias=False, algo=ConvAlgo.MaskImplicitGemm)
        (1): BatchNorm1d(64, eps=0.001, momentum=0.01, affine=True, track_running_stats=True)
        (2): ReLU()
      )
      (2): SparseSequential(
        (0): SubMConv3d(64, 64, kernel_size=[3, 3, 3], stride=[1, 1, 1], padding=[0, 0, 0], dilation=[1, 1, 1], output_padding=[0, 0, 0], bias=False, algo=ConvAlgo.MaskImplicitGemm)
        (1): BatchNorm1d(64, eps=0.001, momentum=0.01, affine=True, track_running_stats=True)
        (2): ReLU()
      )
    )
    (conv4): SparseSequential(
      (0): SparseSequential(
        (0): SparseConv3d(64, 64, kernel_size=[3, 3, 3], stride=[2, 2, 2], padding=[0, 1, 1], dilation=[1, 1, 1], output_padding=[0, 0, 0], bias=False, algo=ConvAlgo.MaskImplicitGemm)
        (1): BatchNorm1d(64, eps=0.001, momentum=0.01, affine=True, track_running_stats=True)
        (2): ReLU()
      )
      (1): SparseSequential(
        (0): SubMConv3d(64, 64, kernel_size=[3, 3, 3], stride=[1, 1, 1], padding=[0, 0, 0], dilation=[1, 1, 1], output_padding=[0, 0, 0], bias=False, algo=ConvAlgo.MaskImplicitGemm)
        (1): BatchNorm1d(64, eps=0.001, momentum=0.01, affine=True, track_running_stats=True)
        (2): ReLU()
      )
      (2): SparseSequential(
        (0): SubMConv3d(64, 64, kernel_size=[3, 3, 3], stride=[1, 1, 1], padding=[0, 0, 0], dilation=[1, 1, 1], output_padding=[0, 0, 0], bias=False, algo=ConvAlgo.MaskImplicitGemm)
        (1): BatchNorm1d(64, eps=0.001, momentum=0.01, affine=True, track_running_stats=True)
        (2): ReLU()
      )
    )
    (conv_out): SparseSequential(
      (0): SparseConv3d(64, 128, kernel_size=[3, 1, 1], stride=[2, 1, 1], padding=[0, 0, 0], dilation=[1, 1, 1], output_padding=[0, 0, 0], bias=False, algo=ConvAlgo.MaskImplicitGemm)
      (1): BatchNorm1d(128, eps=0.001, momentum=0.01, affine=True, track_running_stats=True)
      (2): ReLU()
    )
  )
  (map_to_bev_module): HeightCompression()
  (pfe): None
  (backbone_2d): BaseBEVBackbone(
    (blocks): ModuleList(
      (0): Sequential(
        (0): ZeroPad2d((1, 1, 1, 1))
        (1): Conv2d(256, 128, kernel_size=(3, 3), stride=(1, 1), bias=False)
        (2): BatchNorm2d(128, eps=0.001, momentum=0.01, affine=True, track_running_stats=True)
        (3): ReLU()
        (4): Conv2d(128, 128, kernel_size=(3, 3), stride=(1, 1), padding=(1, 1), bias=False)
        (5): BatchNorm2d(128, eps=0.001, momentum=0.01, affine=True, track_running_stats=True)
        (6): ReLU()
        (7): Conv2d(128, 128, kernel_size=(3, 3), stride=(1, 1), padding=(1, 1), bias=False)
        (8): BatchNorm2d(128, eps=0.001, momentum=0.01, affine=True, track_running_stats=True)
        (9): ReLU()
        (10): Conv2d(128, 128, kernel_size=(3, 3), stride=(1, 1), padding=(1, 1), bias=False)
        (11): BatchNorm2d(128, eps=0.001, momentum=0.01, affine=True, track_running_stats=True)
        (12): ReLU()
        (13): Conv2d(128, 128, kernel_size=(3, 3), stride=(1, 1), padding=(1, 1), bias=False)
        (14): BatchNorm2d(128, eps=0.001, momentum=0.01, affine=True, track_running_stats=True)
        (15): ReLU()
        (16): Conv2d(128, 128, kernel_size=(3, 3), stride=(1, 1), padding=(1, 1), bias=False)
        (17): BatchNorm2d(128, eps=0.001, momentum=0.01, affine=True, track_running_stats=True)
        (18): ReLU()
      )
      (1): Sequential(
        (0): ZeroPad2d((1, 1, 1, 1))
        (1): Conv2d(128, 256, kernel_size=(3, 3), stride=(2, 2), bias=False)
        (2): BatchNorm2d(256, eps=0.001, momentum=0.01, affine=True, track_running_stats=True)
        (3): ReLU()
        (4): Conv2d(256, 256, kernel_size=(3, 3), stride=(1, 1), padding=(1, 1), bias=False)
        (5): BatchNorm2d(256, eps=0.001, momentum=0.01, affine=True, track_running_stats=True)
        (6): ReLU()
        (7): Conv2d(256, 256, kernel_size=(3, 3), stride=(1, 1), padding=(1, 1), bias=False)
        (8): BatchNorm2d(256, eps=0.001, momentum=0.01, affine=True, track_running_stats=True)
        (9): ReLU()
        (10): Conv2d(256, 256, kernel_size=(3, 3), stride=(1, 1), padding=(1, 1), bias=False)
        (11): BatchNorm2d(256, eps=0.001, momentum=0.01, affine=True, track_running_stats=True)
        (12): ReLU()
        (13): Conv2d(256, 256, kernel_size=(3, 3), stride=(1, 1), padding=(1, 1), bias=False)
        (14): BatchNorm2d(256, eps=0.001, momentum=0.01, affine=True, track_running_stats=True)
        (15): ReLU()
        (16): Conv2d(256, 256, kernel_size=(3, 3), stride=(1, 1), padding=(1, 1), bias=False)
        (17): BatchNorm2d(256, eps=0.001, momentum=0.01, affine=True, track_running_stats=True)
        (18): ReLU()
      )
    )
    (deblocks): ModuleList(
      (0): Sequential(
        (0): ConvTranspose2d(128, 256, kernel_size=(1, 1), stride=(1, 1), bias=False)
        (1): BatchNorm2d(256, eps=0.001, momentum=0.01, affine=True, track_running_stats=True)
        (2): ReLU()
      )
      (1): Sequential(
        (0): ConvTranspose2d(256, 256, kernel_size=(2, 2), stride=(2, 2), bias=False)
        (1): BatchNorm2d(256, eps=0.001, momentum=0.01, affine=True, track_running_stats=True)
        (2): ReLU()
      )
    )
  )
  (dense_head): AnchorHeadSingle(
    (cls_loss_func): SigmoidFocalClassificationLoss()
    (reg_loss_func): WeightedSmoothL1Loss()
    (dir_loss_func): WeightedCrossEntropyLoss()
    (conv_cls): Conv2d(512, 18, kernel_size=(1, 1), stride=(1, 1))
    (conv_box): Conv2d(512, 42, kernel_size=(1, 1), stride=(1, 1))
    (conv_dir_cls): Conv2d(512, 12, kernel_size=(1, 1), stride=(1, 1))
  )
  (point_head): None
  (roi_head): None
)
2026-08-10 21:58:32,099   INFO  **********************Start training OpenPCDet/tools/cfgs/models/S/D/S_D_N(unfrozen_backbone_1_94)**********************
2026-08-10 21:58:43,410   INFO  Train:   11/20 ( 55%) [ 266/334 ( 80%)]  Loss: 0.9197 (0.920)  LR: 2.517e-04  Time cost: 00:10/11:53 [00:11/8:57:43]  Acc_iter 277821      Data time: 3.05(3.05)  Forward time: 7.44(7.44)  Batch time: 10.50(10.50)
2026-08-10 21:58:50,476   INFO  Train:   11/20 ( 55%) [ 295/334 ( 88%)]  Loss: 0.9066 (0.997)  LR: 2.536e-04  Time cost: 00:17/00:22 [00:18/29:42]  Acc_iter 277850      Data time: 0.01(0.11)  Forward time: 0.24(0.47)  Batch time: 0.25(0.59)
2026-08-10 21:58:59,124   INFO  Train:   11/20 ( 55%) [ 333/334 (100%)]  Loss: 0.8338 (0.954)  LR: 2.560e-04  Time cost: 00:26/00:00 [00:27/19:19]  Acc_iter 277888      Data time: 0.01(0.06)  Forward time: 0.23(0.33)  Batch time: 0.24(0.39)
2026-08-10 21:59:02,045   INFO  Train:   12/20 ( 60%) [   0/334 (  0%)]  Loss: 0.6243 (0.624)  LR: 2.561e-04  Time cost: 00:02/11:22 [00:29/1:42:19]  Acc_iter 277889      Data time: 1.72(1.72)  Forward time: 0.29(0.29)  Batch time: 2.01(2.01)
2026-08-10 21:59:04,708   INFO  Train:   12/20 ( 60%) [  11/334 (  3%)]  Loss: 0.9746 (0.799)  LR: 2.568e-04  Time cost: 00:04/02:06 [00:32/19:34]  Acc_iter 277900      Data time: 0.01(0.16)  Forward time: 0.21(0.23)  Batch time: 0.23(0.39)
2026-08-10 21:59:15,928   INFO  Train:   12/20 ( 60%) [  61/334 ( 18%)]  Loss: 0.9977 (0.863)  LR: 2.598e-04  Time cost: 00:15/01:10 [00:43/12:36]  Acc_iter 277950      Data time: 0.01(0.04)  Forward time: 0.20(0.22)  Batch time: 0.22(0.26)
2026-08-10 21:59:16,383   INFO  a1e06a0b30c0                Mon Aug 10 21:59:16 2026  580.173.02
[0] NVIDIA GeForce RTX 3070 | 59°C,  86 % |  7063 /  8192 MB | root(6322M)

2026-08-10 21:59:27,692   INFO  Train:   12/20 ( 60%) [ 111/334 ( 33%)]  Loss: 0.6835 (0.855)  LR: 2.628e-04  Time cost: 00:27/00:55 [00:55/11:55]  Acc_iter 278000      Data time: 0.01(0.03)  Forward time: 0.21(0.22)  Batch time: 0.22(0.25)
2026-08-10 21:59:39,205   INFO  Train:   12/20 ( 60%) [ 161/334 ( 48%)]  Loss: 1.005 (0.850)  LR: 2.656e-04  Time cost: 00:39/00:41 [01:07/11:28]  Acc_iter 278050      Data time: 0.01(0.03)  Forward time: 0.22(0.22)  Batch time: 0.23(0.24)
2026-08-10 21:59:51,270   INFO  Train:   12/20 ( 60%) [ 211/334 ( 63%)]  Loss: 0.6101 (0.855)  LR: 2.684e-04  Time cost: 00:51/00:29 [01:19/11:15]  Acc_iter 278100      Data time: 0.01(0.02)  Forward time: 0.21(0.22)  Batch time: 0.22(0.24)
2026-08-10 21:59:51,749   INFO  a1e06a0b30c0                Mon Aug 10 21:59:51 2026  580.173.02
[0] NVIDIA GeForce RTX 3070 | 58°C,  81 % |  7063 /  8192 MB | root(6322M)

2026-08-10 22:00:02,970   INFO  Train:   12/20 ( 60%) [ 261/334 ( 78%)]  Loss: 0.5267 (0.849)  LR: 2.710e-04  Time cost: 01:02/00:17 [01:30/10:59]  Acc_iter 278150      Data time: 0.01(0.02)  Forward time: 0.20(0.22)  Batch time: 0.21(0.24)
2026-08-10 22:00:14,084   INFO  Train:   12/20 ( 60%) [ 311/334 ( 93%)]  Loss: 0.7534 (0.848)  LR: 2.736e-04  Time cost: 01:14/00:05 [01:41/10:39]  Acc_iter 278200      Data time: 0.01(0.02)  Forward time: 0.22(0.22)  Batch time: 0.23(0.24)
2026-08-10 22:00:18,913   INFO  Train:   12/20 ( 60%) [ 333/334 (100%)]  Loss: 0.9028 (0.847)  LR: 2.747e-04  Time cost: 01:18/00:00 [01:46/10:31]  Acc_iter 278222      Data time: 0.01(0.02)  Forward time: 0.11(0.22)  Batch time: 0.12(0.24)
2026-08-10 22:00:21,869   INFO  Train:   13/20 ( 65%) [   0/334 (  0%)]  Loss: 0.6836 (0.684)  LR: 2.747e-04  Time cost: 00:02/11:26 [01:49/1:31:29]  Acc_iter 278223      Data time: 1.67(1.67)  Forward time: 0.37(0.37)  Batch time: 2.04(2.04)
2026-08-10 22:00:28,099   INFO  Train:   13/20 ( 65%) [  27/334 (  8%)]  Loss: 0.9537 (0.853)  LR: 2.760e-04  Time cost: 00:08/01:30 [01:55/13:02]  Acc_iter 278250      Data time: 0.01(0.07)  Forward time: 0.23(0.22)  Batch time: 0.24(0.30)
2026-08-10 22:00:28,627   INFO  a1e06a0b30c0                Mon Aug 10 22:00:28 2026  580.173.02
[0] NVIDIA GeForce RTX 3070 | 63°C,  78 % |  7063 /  8192 MB | root(6322M)

2026-08-10 22:00:39,984   INFO  Train:   13/20 ( 65%) [  77/334 ( 23%)]  Loss: 0.8577 (0.809)  LR: 2.784e-04  Time cost: 00:20/01:06 [02:07/11:11]  Acc_iter 278300      Data time: 0.01(0.04)  Forward time: 0.21(0.22)  Batch time: 0.22(0.26)
2026-08-10 22:00:52,466   INFO  Train:   13/20 ( 65%) [ 127/334 ( 38%)]  Loss: 1.072 (0.809)  LR: 2.806e-04  Time cost: 00:32/00:52 [02:20/10:49]  Acc_iter 278350      Data time: 0.01(0.03)  Forward time: 0.27(0.23)  Batch time: 0.28(0.26)
2026-08-10 22:01:04,227   INFO  Train:   13/20 ( 65%) [ 177/334 ( 53%)]  Loss: 0.8081 (0.795)  LR: 2.827e-04  Time cost: 00:44/00:39 [02:32/10:22]  Acc_iter 278400      Data time: 0.01(0.02)  Forward time: 0.21(0.22)  Batch time: 0.22(0.25)
2026-08-10 22:01:04,697   INFO  a1e06a0b30c0                Mon Aug 10 22:01:04 2026  580.173.02
[0] NVIDIA GeForce RTX 3070 | 59°C,  96 % |  7062 /  8192 MB | root(6322M)

2026-08-10 22:01:15,826   INFO  Train:   13/20 ( 65%) [ 227/334 ( 68%)]  Loss: 0.3714 (0.791)  LR: 2.847e-04  Time cost: 00:56/00:26 [02:43/10:00]  Acc_iter 278450      Data time: 0.01(0.02)  Forward time: 0.20(0.22)  Batch time: 0.21(0.25)
2026-08-10 22:01:26,962   INFO  Train:   13/20 ( 65%) [ 277/334 ( 83%)]  Loss: 0.7911 (0.800)  LR: 2.866e-04  Time cost: 01:07/00:13 [02:54/09:38]  Acc_iter 278500      Data time: 0.01(0.02)  Forward time: 0.20(0.22)  Batch time: 0.22(0.24)
2026-08-10 22:01:38,212   INFO  Train:   13/20 ( 65%) [ 327/334 ( 98%)]  Loss: 0.7496 (0.802)  LR: 2.883e-04  Time cost: 01:18/00:01 [03:06/09:20]  Acc_iter 278550      Data time: 0.01(0.02)  Forward time: 0.20(0.22)  Batch time: 0.21(0.24)
2026-08-10 22:01:38,659   INFO  a1e06a0b30c0                Mon Aug 10 22:01:38 2026  580.173.02
[0] NVIDIA GeForce RTX 3070 | 60°C,  97 % |  7058 /  8192 MB | root(6322M)

2026-08-10 22:01:39,883   INFO  Train:   13/20 ( 65%) [ 333/334 (100%)]  Loss: 0.4609 (0.802)  LR: 2.885e-04  Time cost: 01:20/00:00 [03:07/09:20]  Acc_iter 278556      Data time: 0.01(0.02)  Forward time: 0.13(0.22)  Batch time: 0.15(0.24)
2026-08-10 22:01:42,961   INFO  Train:   14/20 ( 70%) [   0/334 (  0%)]  Loss: 0.3534 (0.353)  LR: 2.886e-04  Time cost: 00:02/11:42 [03:10/1:21:57]  Acc_iter 278557      Data time: 1.80(1.80)  Forward time: 0.30(0.30)  Batch time: 2.09(2.09)
2026-08-10 22:01:52,968   INFO  Train:   14/20 ( 70%) [  43/334 ( 13%)]  Loss: 1.102 (0.776)  LR: 2.900e-04  Time cost: 00:12/01:20 [03:20/10:31]  Acc_iter 278600      Data time: 0.01(0.05)  Forward time: 0.20(0.22)  Batch time: 0.22(0.28)
2026-08-10 22:02:04,681   INFO  Train:   14/20 ( 70%) [  93/334 ( 28%)]  Loss: 1.075 (0.790)  LR: 2.915e-04  Time cost: 00:23/01:01 [03:32/09:28]  Acc_iter 278650      Data time: 0.01(0.03)  Forward time: 0.21(0.22)  Batch time: 0.22(0.25)
2026-08-10 22:02:15,744   INFO  Train:   14/20 ( 70%) [ 143/334 ( 43%)]  Loss: 1.091 (0.809)  LR: 2.929e-04  Time cost: 00:34/00:46 [03:43/08:51]  Acc_iter 278700      Data time: 0.01(0.02)  Forward time: 0.21(0.22)  Batch time: 0.22(0.24)
2026-08-10 22:02:16,192   INFO  a1e06a0b30c0                Mon Aug 10 22:02:16 2026  580.173.02
[0] NVIDIA GeForce RTX 3070 | 59°C,   9 % |  7058 /  8192 MB | root(6322M)

2026-08-10 22:02:27,262   INFO  Train:   14/20 ( 70%) [ 193/334 ( 58%)]  Loss: 0.6420 (0.806)  LR: 2.942e-04  Time cost: 00:46/00:33 [03:55/08:33]  Acc_iter 278750      Data time: 0.01(0.02)  Forward time: 0.22(0.22)  Batch time: 0.23(0.24)
2026-08-10 22:02:38,523   INFO  Train:   14/20 ( 70%) [ 243/334 ( 73%)]  Loss: 0.5389 (0.801)  LR: 2.953e-04  Time cost: 00:57/00:21 [04:06/08:15]  Acc_iter 278800      Data time: 0.01(0.02)  Forward time: 0.20(0.21)  Batch time: 0.22(0.24)
2026-08-10 22:02:49,781   INFO  Train:   14/20 ( 70%) [ 293/334 ( 88%)]  Loss: 0.4189 (0.794)  LR: 2.964e-04  Time cost: 01:08/00:09 [04:17/07:59]  Acc_iter 278850      Data time: 0.01(0.02)  Forward time: 0.22(0.21)  Batch time: 0.23(0.23)
2026-08-10 22:02:50,375   INFO  a1e06a0b30c0                Mon Aug 10 22:02:50 2026  580.173.02
[0] NVIDIA GeForce RTX 3070 | 60°C,  15 % |  7057 /  8192 MB | root(6322M)

2026-08-10 22:02:59,490   INFO  Train:   14/20 ( 70%) [ 333/334 (100%)]  Loss: 0.3909 (0.787)  LR: 2.971e-04  Time cost: 01:18/00:00 [04:27/07:52]  Acc_iter 278890      Data time: 0.01(0.02)  Forward time: 0.11(0.21)  Batch time: 0.12(0.24)
2026-08-10 22:03:03,657   INFO  Train:   15/20 ( 75%) [   0/334 (  0%)]  Loss: 0.7045 (0.704)  LR: 2.971e-04  Time cost: 00:02/13:50 [04:31/1:23:05]  Acc_iter 278891      Data time: 2.14(2.14)  Forward time: 0.34(0.34)  Batch time: 2.48(2.48)
2026-08-10 22:03:05,865   INFO  Train:   15/20 ( 75%) [   9/334 (  3%)]  Loss: 0.9466 (0.762)  LR: 2.973e-04  Time cost: 00:04/02:32 [04:33/15:36]  Acc_iter 278900      Data time: 0.01(0.23)  Forward time: 0.22(0.24)  Batch time: 0.23(0.47)
2026-08-10 22:03:17,095   INFO  Train:   15/20 ( 75%) [  59/334 ( 18%)]  Loss: 0.6707 (0.751)  LR: 2.980e-04  Time cost: 00:15/01:12 [04:44/08:36]  Acc_iter 278950      Data time: 0.01(0.05)  Forward time: 0.20(0.22)  Batch time: 0.22(0.27)
2026-08-10 22:03:28,175   INFO  Train:   15/20 ( 75%) [ 109/334 ( 33%)]  Loss: 0.7693 (0.736)  LR: 2.987e-04  Time cost: 00:27/00:55 [04:56/07:45]  Acc_iter 279000      Data time: 0.01(0.03)  Forward time: 0.21(0.21)  Batch time: 0.22(0.25)
2026-08-10 22:03:28,663   INFO  a1e06a0b30c0                Mon Aug 10 22:03:28 2026  580.173.02
[0] NVIDIA GeForce RTX 3070 | 59°C,  95 % |  7044 /  8192 MB | root(6322M)

2026-08-10 22:03:39,802   INFO  Train:   15/20 ( 75%) [ 159/334 ( 48%)]  Loss: 0.6929 (0.746)  LR: 2.992e-04  Time cost: 00:38/00:42 [05:07/07:25]  Acc_iter 279050      Data time: 0.01(0.03)  Forward time: 0.22(0.21)  Batch time: 0.23(0.24)
2026-08-10 22:03:50,991   INFO  Train:   15/20 ( 75%) [ 209/334 ( 63%)]  Loss: 0.7631 (0.746)  LR: 2.996e-04  Time cost: 00:49/00:29 [05:18/07:05]  Acc_iter 279100      Data time: 0.01(0.02)  Forward time: 0.21(0.21)  Batch time: 0.22(0.24)
2026-08-10 22:04:02,947   INFO  Train:   15/20 ( 75%) [ 259/334 ( 78%)]  Loss: 0.6987 (0.746)  LR: 2.999e-04  Time cost: 01:01/00:17 [05:30/06:54]  Acc_iter 279150      Data time: 0.01(0.02)  Forward time: 0.21(0.22)  Batch time: 0.23(0.24)
2026-08-10 22:04:03,535   INFO  a1e06a0b30c0                Mon Aug 10 22:04:03 2026  580.173.02
[0] NVIDIA GeForce RTX 3070 | 64°C,  93 % |  7044 /  8192 MB | root(6322M)

2026-08-10 22:04:15,208   INFO  Train:   15/20 ( 75%) [ 309/334 ( 93%)]  Loss: 0.9344 (0.744)  LR: 3.000e-04  Time cost: 01:14/00:05 [05:43/06:44]  Acc_iter 279200      Data time: 0.01(0.02)  Forward time: 0.22(0.22)  Batch time: 0.23(0.24)
2026-08-10 22:04:20,378   INFO  Train:   15/20 ( 75%) [ 333/334 (100%)]  Loss: 1.000 (0.746)  LR: 3.000e-04  Time cost: 01:19/00:00 [05:48/06:36]  Acc_iter 279224      Data time: 0.01(0.02)  Forward time: 0.11(0.22)  Batch time: 0.13(0.24)
2026-08-10 22:04:23,452   INFO  Train:   16/20 ( 80%) [   0/334 (  0%)]  Loss: 0.8025 (0.803)  LR: 3.000e-04  Time cost: 00:02/11:39 [05:51/58:18]  Acc_iter 279225      Data time: 1.77(1.77)  Forward time: 0.31(0.31)  Batch time: 2.09(2.09)
2026-08-10 22:04:29,043   INFO  Train:   16/20 ( 80%) [  25/334 (  7%)]  Loss: 0.5703 (0.717)  LR: 3.000e-04  Time cost: 00:07/01:31 [05:56/08:06]  Acc_iter 279250      Data time: 0.01(0.08)  Forward time: 0.20(0.22)  Batch time: 0.21(0.30)
2026-08-10 22:04:40,254   INFO  Train:   16/20 ( 80%) [  75/334 ( 22%)]  Loss: 0.6847 (0.742)  LR: 2.999e-04  Time cost: 00:18/01:04 [06:08/06:36]  Acc_iter 279300      Data time: 0.01(0.04)  Forward time: 0.20(0.21)  Batch time: 0.21(0.25)
2026-08-10 22:04:40,701   INFO  a1e06a0b30c0                Mon Aug 10 22:04:40 2026  580.173.02
[0] NVIDIA GeForce RTX 3070 | 59°C,  76 % |  7044 /  8192 MB | root(6322M)

2026-08-10 22:04:52,035   INFO  Train:   16/20 ( 80%) [ 125/334 ( 37%)]  Loss: 0.4919 (0.734)  LR: 2.996e-04  Time cost: 00:30/00:50 [06:19/06:16]  Acc_iter 279350      Data time: 0.01(0.03)  Forward time: 0.20(0.21)  Batch time: 0.22(0.24)
2026-08-10 22:05:03,670   INFO  Train:   16/20 ( 80%) [ 175/334 ( 52%)]  Loss: 0.8228 (0.737)  LR: 2.992e-04  Time cost: 00:42/00:38 [06:31/05:59]  Acc_iter 279400      Data time: 0.01(0.02)  Forward time: 0.22(0.22)  Batch time: 0.23(0.24)
2026-08-10 22:05:15,535   INFO  Train:   16/20 ( 80%) [ 225/334 ( 67%)]  Loss: 0.5442 (0.733)  LR: 2.987e-04  Time cost: 00:54/00:26 [06:43/05:46]  Acc_iter 279450      Data time: 0.01(0.02)  Forward time: 0.20(0.22)  Batch time: 0.22(0.24)
2026-08-10 22:05:16,043   INFO  a1e06a0b30c0                Mon Aug 10 22:05:16 2026  580.173.02
[0] NVIDIA GeForce RTX 3070 | 64°C,  87 % |  7045 /  8192 MB | root(6322M)

2026-08-10 22:05:27,166   INFO  Train:   16/20 ( 80%) [ 275/334 ( 82%)]  Loss: 0.3808 (0.729)  LR: 2.980e-04  Time cost: 01:05/00:14 [06:55/05:32]  Acc_iter 279500      Data time: 0.01(0.02)  Forward time: 0.22(0.22)  Batch time: 0.23(0.24)
2026-08-10 22:05:38,376   INFO  Train:   16/20 ( 80%) [ 325/334 ( 97%)]  Loss: 0.5438 (0.726)  LR: 2.973e-04  Time cost: 01:17/00:02 [07:06/05:17]  Acc_iter 279550      Data time: 0.01(0.02)  Forward time: 0.20(0.22)  Batch time: 0.21(0.24)
2026-08-10 22:05:40,022   INFO  Train:   16/20 ( 80%) [ 333/334 (100%)]  Loss: 0.5150 (0.729)  LR: 2.971e-04  Time cost: 01:18/00:00 [07:07/05:14]  Acc_iter 279558      Data time: 0.01(0.02)  Forward time: 0.11(0.22)  Batch time: 0.12(0.24)
2026-08-10 22:05:43,285   INFO  Train:   17/20 ( 85%) [   0/334 (  0%)]  Loss: 0.7263 (0.726)  LR: 2.971e-04  Time cost: 00:02/12:32 [07:11/50:08]  Acc_iter 279559      Data time: 1.91(1.91)  Forward time: 0.33(0.33)  Batch time: 2.24(2.24)
2026-08-10 22:05:52,640   INFO  Train:   17/20 ( 85%) [  41/334 ( 12%)]  Loss: 0.9331 (0.715)  LR: 2.964e-04  Time cost: 00:11/01:20 [07:20/05:57]  Acc_iter 279600      Data time: 0.01(0.06)  Forward time: 0.21(0.22)  Batch time: 0.22(0.28)
2026-08-10 22:05:53,107   INFO  a1e06a0b30c0                Mon Aug 10 22:05:53 2026  580.173.02
[0] NVIDIA GeForce RTX 3070 | 63°C,  88 % |  7044 /  8192 MB | root(6322M)

2026-08-10 22:06:04,539   INFO  Train:   17/20 ( 85%) [  91/334 ( 27%)]  Loss: 0.4362 (0.695)  LR: 2.953e-04  Time cost: 00:23/01:02 [07:32/05:18]  Acc_iter 279650      Data time: 0.01(0.04)  Forward time: 0.20(0.22)  Batch time: 0.21(0.26)
2026-08-10 22:06:16,494   INFO  Train:   17/20 ( 85%) [ 141/334 ( 42%)]  Loss: 1.004 (0.718)  LR: 2.942e-04  Time cost: 00:35/00:48 [07:44/04:58]  Acc_iter 279700      Data time: 0.01(0.03)  Forward time: 0.25(0.22)  Batch time: 0.26(0.25)
2026-08-10 22:06:27,677   INFO  Train:   17/20 ( 85%) [ 191/334 ( 57%)]  Loss: 0.3629 (0.708)  LR: 2.929e-04  Time cost: 00:46/00:34 [07:55/04:38]  Acc_iter 279750      Data time: 0.01(0.02)  Forward time: 0.22(0.22)  Batch time: 0.23(0.24)
2026-08-10 22:06:28,160   INFO  a1e06a0b30c0                Mon Aug 10 22:06:28 2026  580.173.02
[0] NVIDIA GeForce RTX 3070 | 65°C,   7 % |  7045 /  8192 MB | root(6322M)

2026-08-10 22:06:39,257   INFO  Train:   17/20 ( 85%) [ 241/334 ( 72%)]  Loss: 0.6461 (0.705)  LR: 2.915e-04  Time cost: 00:58/00:22 [08:07/04:23]  Acc_iter 279800      Data time: 0.01(0.02)  Forward time: 0.20(0.22)  Batch time: 0.21(0.24)
2026-08-10 22:06:50,324   INFO  Train:   17/20 ( 85%) [ 291/334 ( 87%)]  Loss: 0.8708 (0.707)  LR: 2.900e-04  Time cost: 01:09/00:10 [08:18/04:07]  Acc_iter 279850      Data time: 0.01(0.02)  Forward time: 0.21(0.22)  Batch time: 0.23(0.24)
2026-08-10 22:06:59,598   INFO  Train:   17/20 ( 85%) [ 333/334 (100%)]  Loss: 1.008 (0.707)  LR: 2.886e-04  Time cost: 01:18/00:00 [08:27/03:55]  Acc_iter 279892      Data time: 0.01(0.02)  Forward time: 0.11(0.21)  Batch time: 0.12(0.24)
2026-08-10 22:07:02,468   INFO  Train:   18/20 ( 90%) [   0/334 (  0%)]  Loss: 0.5939 (0.594)  LR: 2.886e-04  Time cost: 00:01/10:39 [08:30/31:59]  Acc_iter 279893      Data time: 1.61(1.61)  Forward time: 0.29(0.29)  Batch time: 1.91(1.91)
2026-08-10 22:07:04,133   INFO  Train:   18/20 ( 90%) [   7/334 (  2%)]  Loss: 1.124 (0.708)  LR: 2.883e-04  Time cost: 00:03/02:26 [08:32/07:25]  Acc_iter 279900      Data time: 0.01(0.21)  Forward time: 0.25(0.23)  Batch time: 0.26(0.45)
2026-08-10 22:07:04,683   INFO  a1e06a0b30c0                Mon Aug 10 22:07:04 2026  580.173.02
[0] NVIDIA GeForce RTX 3070 | 58°C,  69 % |  7157 /  8192 MB | root(6322M)

2026-08-10 22:07:16,117   INFO  Train:   18/20 ( 90%) [  57/334 ( 17%)]  Loss: 0.7534 (0.683)  LR: 2.866e-04  Time cost: 00:15/01:14 [08:44/04:13]  Acc_iter 279950      Data time: 0.01(0.05)  Forward time: 0.23(0.22)  Batch time: 0.24(0.27)
2026-08-10 22:07:27,164   INFO  Train:   18/20 ( 90%) [ 107/334 ( 32%)]  Loss: 0.6962 (0.696)  LR: 2.847e-04  Time cost: 00:26/00:55 [08:55/03:40]  Acc_iter 280000      Data time: 0.01(0.03)  Forward time: 0.20(0.21)  Batch time: 0.21(0.25)
2026-08-10 22:07:37,656   INFO  Train:   18/20 ( 90%) [ 157/334 ( 47%)]  Loss: 0.4471 (0.696)  LR: 2.827e-04  Time cost: 00:37/00:41 [09:05/03:18]  Acc_iter 280050      Data time: 0.01(0.03)  Forward time: 0.19(0.21)  Batch time: 0.21(0.23)
2026-08-10 22:07:38,060   INFO  a1e06a0b30c0                Mon Aug 10 22:07:38 2026  580.173.02
[0] NVIDIA GeForce RTX 3070 | 66°C,  93 % |  7019 /  8192 MB | root(6322M)

2026-08-10 22:07:48,777   INFO  Train:   18/20 ( 90%) [ 207/334 ( 62%)]  Loss: 0.6891 (0.704)  LR: 2.806e-04  Time cost: 00:48/00:29 [09:16/03:04]  Acc_iter 280100      Data time: 0.01(0.02)  Forward time: 0.19(0.21)  Batch time: 0.21(0.23)
2026-08-10 22:07:59,545   INFO  Train:   18/20 ( 90%) [ 257/334 ( 77%)]  Loss: 1.295 (0.698)  LR: 2.784e-04  Time cost: 00:58/00:17 [09:27/02:50]  Acc_iter 280150      Data time: 0.01(0.02)  Forward time: 0.20(0.21)  Batch time: 0.21(0.23)
2026-08-10 22:08:10,416   INFO  Train:   18/20 ( 90%) [ 307/334 ( 92%)]  Loss: 0.5579 (0.693)  LR: 2.760e-04  Time cost: 01:09/00:06 [09:38/02:37]  Acc_iter 280200      Data time: 0.01(0.02)  Forward time: 0.21(0.21)  Batch time: 0.22(0.23)
2026-08-10 22:08:10,872   INFO  a1e06a0b30c0                Mon Aug 10 22:08:10 2026  580.173.02
[0] NVIDIA GeForce RTX 3070 | 63°C, 100 % |  6773 /  8192 MB | root(6322M)

2026-08-10 22:08:16,447   INFO  Train:   18/20 ( 90%) [ 333/334 (100%)]  Loss: 0.8519 (0.687)  LR: 2.748e-04  Time cost: 01:15/00:00 [09:44/02:32]  Acc_iter 280226      Data time: 0.01(0.02)  Forward time: 0.10(0.21)  Batch time: 0.11(0.23)
2026-08-10 22:08:18,987   INFO  Train:   19/20 ( 95%) [   0/334 (  0%)]  Loss: 0.7291 (0.729)  LR: 2.747e-04  Time cost: 00:01/09:35 [09:46/19:10]  Acc_iter 280227      Data time: 1.46(1.46)  Forward time: 0.26(0.26)  Batch time: 1.72(1.72)
2026-08-10 22:08:23,854   INFO  Train:   19/20 ( 95%) [  23/334 (  7%)]  Loss: 0.3913 (0.660)  LR: 2.736e-04  Time cost: 00:06/01:25 [09:51/02:57]  Acc_iter 280250      Data time: 0.01(0.07)  Forward time: 0.21(0.20)  Batch time: 0.22(0.27)
2026-08-10 22:08:34,351   INFO  Train:   19/20 ( 95%) [  73/334 ( 22%)]  Loss: 0.5406 (0.669)  LR: 2.710e-04  Time cost: 00:17/01:00 [10:02/02:17]  Acc_iter 280300      Data time: 0.01(0.03)  Forward time: 0.20(0.20)  Batch time: 0.21(0.23)
2026-08-10 22:08:44,943   INFO  Train:   19/20 ( 95%) [ 123/334 ( 37%)]  Loss: 0.8095 (0.672)  LR: 2.684e-04  Time cost: 00:27/00:47 [10:12/02:01]  Acc_iter 280350      Data time: 0.01(0.02)  Forward time: 0.20(0.20)  Batch time: 0.21(0.22)
2026-08-10 22:08:45,349   INFO  a1e06a0b30c0                Mon Aug 10 22:08:45 2026  580.173.02
[0] NVIDIA GeForce RTX 3070 | 65°C,  77 % |  6773 /  8192 MB | root(6322M)

2026-08-10 22:08:56,028   INFO  Train:   19/20 ( 95%) [ 173/334 ( 52%)]  Loss: 0.5845 (0.676)  LR: 2.656e-04  Time cost: 00:38/00:35 [10:23/01:50]  Acc_iter 280400      Data time: 0.01(0.02)  Forward time: 0.22(0.20)  Batch time: 0.23(0.22)
2026-08-10 22:09:06,844   INFO  Train:   19/20 ( 95%) [ 223/334 ( 67%)]  Loss: 0.5386 (0.668)  LR: 2.628e-04  Time cost: 00:49/00:24 [10:34/01:38]  Acc_iter 280450      Data time: 0.01(0.02)  Forward time: 0.20(0.20)  Batch time: 0.21(0.22)
2026-08-10 22:09:17,643   INFO  Train:   19/20 ( 95%) [ 273/334 ( 82%)]  Loss: 0.8074 (0.669)  LR: 2.598e-04  Time cost: 01:00/00:13 [10:45/01:27]  Acc_iter 280500      Data time: 0.01(0.02)  Forward time: 0.21(0.20)  Batch time: 0.23(0.22)
2026-08-10 22:09:18,059   INFO  a1e06a0b30c0                Mon Aug 10 22:09:18 2026  580.173.02
[0] NVIDIA GeForce RTX 3070 | 67°C, 100 % |  6774 /  8192 MB | root(6322M)

2026-08-10 22:09:28,573   INFO  Train:   19/20 ( 95%) [ 323/334 ( 97%)]  Loss: 0.8986 (0.670)  LR: 2.568e-04  Time cost: 01:11/00:02 [10:56/01:15]  Acc_iter 280550      Data time: 0.01(0.02)  Forward time: 0.19(0.20)  Batch time: 0.21(0.22)
2026-08-10 22:09:30,548   INFO  Train:   19/20 ( 95%) [ 333/334 (100%)]  Loss: 0.3313 (0.670)  LR: 2.561e-04  Time cost: 01:13/00:00 [10:58/01:13]  Acc_iter 280560      Data time: 0.01(0.02)  Forward time: 0.10(0.20)  Batch time: 0.11(0.22)
2026-08-10 22:09:32,832   INFO  Train:   20/20 (100%) [   0/334 (  0%)]  Loss: 0.2651 (0.265)  LR: 2.561e-04  Time cost: 00:01/08:29 [11:00/08:29]  Acc_iter 280561      Data time: 1.19(1.19)  Forward time: 0.32(0.32)  Batch time: 1.51(1.51)
2026-08-10 22:09:41,204   INFO  Train:   20/20 (100%) [  39/334 ( 12%)]  Loss: 0.9083 (0.657)  LR: 2.536e-04  Time cost: 00:09/01:13 [11:09/01:13]  Acc_iter 280600      Data time: 0.01(0.04)  Forward time: 0.20(0.21)  Batch time: 0.21(0.25)
2026-08-10 22:09:51,793   INFO  Train:   20/20 (100%) [  89/334 ( 27%)]  Loss: 0.5901 (0.645)  LR: 2.504e-04  Time cost: 00:20/00:55 [11:19/00:55]  Acc_iter 280650      Data time: 0.01(0.02)  Forward time: 0.19(0.20)  Batch time: 0.21(0.23)
2026-08-10 22:09:52,211   INFO  a1e06a0b30c0                Mon Aug 10 22:09:52 2026  580.173.02
[0] NVIDIA GeForce RTX 3070 | 61°C,   0 % |  6773 /  8192 MB | root(6322M)

2026-08-10 22:10:03,059   INFO  Train:   20/20 (100%) [ 139/334 ( 42%)]  Loss: 0.8214 (0.658)  LR: 2.471e-04  Time cost: 00:31/00:44 [11:30/00:44]  Acc_iter 280700      Data time: 0.01(0.02)  Forward time: 0.21(0.20)  Batch time: 0.23(0.23)
2026-08-10 22:10:14,132   INFO  Train:   20/20 (100%) [ 189/334 ( 57%)]  Loss: 0.3664 (0.656)  LR: 2.437e-04  Time cost: 00:42/00:32 [11:42/00:32]  Acc_iter 280750      Data time: 0.01(0.02)  Forward time: 0.20(0.21)  Batch time: 0.21(0.23)
2026-08-10 22:10:24,715   INFO  Train:   20/20 (100%) [ 239/334 ( 72%)]  Loss: 0.6719 (0.654)  LR: 2.402e-04  Time cost: 00:53/00:21 [11:52/00:21]  Acc_iter 280800      Data time: 0.01(0.02)  Forward time: 0.20(0.20)  Batch time: 0.21(0.22)
2026-08-10 22:10:25,156   INFO  a1e06a0b30c0                Mon Aug 10 22:10:25 2026  580.173.02
[0] NVIDIA GeForce RTX 3070 | 68°C,  93 % |  6773 /  8192 MB | root(6322M)

2026-08-10 22:10:35,724   INFO  Train:   20/20 (100%) [ 289/334 ( 87%)]  Loss: 0.7566 (0.658)  LR: 2.366e-04  Time cost: 01:04/00:09 [12:03/00:09]  Acc_iter 280850      Data time: 0.01(0.02)  Forward time: 0.19(0.20)  Batch time: 0.21(0.22)
2026-08-10 22:10:44,872   INFO  Train:   20/20 (100%) [ 333/334 (100%)]  Loss: 0.1719 (0.656)  LR: 2.334e-04  Time cost: 01:13/00:00 [12:12/00:00]  Acc_iter 280894      Data time: 0.01(0.02)  Forward time: 0.10(0.20)  Batch time: 0.11(0.22)
2026-08-10 22:10:45,244   INFO  **********************End training OpenPCDet/tools/cfgs/models/S/D/S_D_N(unfrozen_backbone_1_94)**********************



2026-08-10 22:10:45,244   INFO  **********************Start evaluation OpenPCDet/tools/cfgs/models/S/D/S_D_N(unfrozen_backbone_1_94)**********************
2026-08-10 22:10:45,245   INFO  Loading NuScenes dataset
2026-08-10 22:10:45,247   INFO  Total samples for NuScenes dataset: 81
2026-08-10 22:10:45,249   INFO  ==> Loading parameters from checkpoint /OpenPCDet/output/OpenPCDet/tools/cfgs/models/S/D/S_D_N/unfrozen_backbone_1_94/ckpt/checkpoint_epoch_20.pth to GPU
2026-08-10 22:10:45,280   INFO  ==> Checkpoint trained from version: pcdet+0.6.0+233f849+pyd75e03f
2026-08-10 22:10:45,284   INFO  ==> Done (loaded 163/163)
2026-08-10 22:10:45,285   INFO  *************** EPOCH 20 EVALUATION *****************
2026-08-10 22:10:50,753   INFO  *************** Performance of EPOCH 20 *****************
2026-08-10 22:10:50,753   INFO  Generate label finished(sec_per_example: 0.0675 second).
2026-08-10 22:10:50,753   INFO  recall_roi_0.3: 0.000000
2026-08-10 22:10:50,753   INFO  recall_rcnn_0.3: 0.597932
2026-08-10 22:10:50,753   INFO  recall_roi_0.5: 0.000000
2026-08-10 22:10:50,753   INFO  recall_rcnn_0.5: 0.473236
2026-08-10 22:10:50,753   INFO  recall_roi_0.7: 0.000000
2026-08-10 22:10:50,753   INFO  recall_rcnn_0.7: 0.230839
2026-08-10 22:10:50,753   INFO  Average predicted number of objects(81 samples): 29.593
2026-08-10 22:10:51,862   INFO  The predictions of NuScenes have been saved to /OpenPCDet/output/OpenPCDet/tools/cfgs/models/S/D/S_D_N/unfrozen_backbone_1_94/eval/eval_with_train/epoch_20/val/final_result/data/results_nusc.json
2026-08-10 22:10:53,414   INFO  ----------------Nuscene detection_cvpr_2019 results-----------------
***car (car) error@trans, scale, orient, vel, attr | AP@0.5, 1.0, 2.0, 4.0
0.18, 0.16, 0.21, 0.50, 0.17 | 50.26, 55.79, 58.22, 59.32 | mean AP: 0.5589873056791652
***pedestrian (pedestrian) error@trans, scale, orient, vel, attr | AP@0.5, 1.0, 2.0, 4.0
0.13, 0.31, 1.30, 0.86, 0.79 | 65.73, 66.72, 68.15, 72.61 | mean AP: 0.6830246540530367
***bicycle (bicycle) error@trans, scale, orient, vel, attr | AP@0.5, 1.0, 2.0, 4.0
1.00, 1.00, 1.00, 1.00, 1.00 | 0.00, 0.00, 0.00, 0.00 | mean AP: 0.0
--------------average performance-------------
trans_err:	 0.8301
scale_err:	 0.8464
orient_err:	 0.9455
vel_err:	 0.9204
attr_err:	 0.8699
mAP:	 0.1242
NDS:	 0.1209

2026-08-10 22:10:53,414   INFO  Result is saved to /OpenPCDet/output/OpenPCDet/tools/cfgs/models/S/D/S_D_N/unfrozen_backbone_1_94/eval/eval_with_train/epoch_20/val
2026-08-10 22:10:53,414   INFO  ****************Evaluation done.*****************
2026-08-10 22:10:53,416   INFO  Epoch 20 has been evaluated
2026-08-10 22:11:23,446   INFO  **********************End evaluation OpenPCDet/tools/cfgs/models/S/D/S_D_N(unfrozen_backbone_1_94)**********************
