2026-08-09 17:57:18,368   INFO  **********************Start logging**********************
2026-08-09 17:57:18,369   INFO  CUDA_VISIBLE_DEVICES=ALL
2026-08-09 17:57:18,369   INFO  Training with a single process
2026-08-09 17:57:18,369   INFO  cfg_file         /OpenPCDet/tools/cfgs/models/S/D/S_D_N.yaml
2026-08-09 17:57:18,369   INFO  batch_size       2
2026-08-09 17:57:18,369   INFO  epochs           10
2026-08-09 17:57:18,369   INFO  workers          6
2026-08-09 17:57:18,369   INFO  extra_tag        unfrozen_backbone_1_94
2026-08-09 17:57:18,369   INFO  ckpt             None
2026-08-09 17:57:18,369   INFO  pretrained_model /OpenPCDet/pcdet/models/pth/second_7862.pth
2026-08-09 17:57:18,369   INFO  launcher         none
2026-08-09 17:57:18,369   INFO  tcp_port         18888
2026-08-09 17:57:18,369   INFO  sync_bn          False
2026-08-09 17:57:18,369   INFO  fix_random_seed  False
2026-08-09 17:57:18,369   INFO  ckpt_save_interval 1
2026-08-09 17:57:18,369   INFO  local_rank       None
2026-08-09 17:57:18,369   INFO  max_ckpt_save_num 100
2026-08-09 17:57:18,369   INFO  merge_all_iters_to_one_epoch False
2026-08-09 17:57:18,369   INFO  set_cfgs         None
2026-08-09 17:57:18,369   INFO  max_waiting_mins 0
2026-08-09 17:57:18,369   INFO  start_epoch      0
2026-08-09 17:57:18,369   INFO  num_epochs_to_eval 0
2026-08-09 17:57:18,369   INFO  save_to_file     False
2026-08-09 17:57:18,369   INFO  use_tqdm_to_record False
2026-08-09 17:57:18,369   INFO  logger_iter_interval 50
2026-08-09 17:57:18,369   INFO  ckpt_save_time_interval 300
2026-08-09 17:57:18,369   INFO  wo_gpu_stat      False
2026-08-09 17:57:18,369   INFO  use_amp          False
2026-08-09 17:57:18,369   INFO  freeze_backbone  False
2026-08-09 17:57:18,369   INFO  freeze_bn        False
2026-08-09 17:57:18,369   INFO  cfg.ROOT_DIR: /OpenPCDet
2026-08-09 17:57:18,369   INFO  cfg.LOCAL_RANK: 0
2026-08-09 17:57:18,369   INFO  cfg.CLASS_NAMES: ['car', 'pedestrian', 'bicycle']
2026-08-09 17:57:18,369   INFO  ----------- DATA_CONFIG -----------
2026-08-09 17:57:18,369   INFO  cfg.DATA_CONFIG.DATASET: NuScenesDataset
2026-08-09 17:57:18,370   INFO  cfg.DATA_CONFIG.DATA_PATH: ../datasets/nuscenes
2026-08-09 17:57:18,370   INFO  cfg.DATA_CONFIG.VERSION: v1.0-trainval
2026-08-09 17:57:18,370   INFO  cfg.DATA_CONFIG.MAX_SWEEPS: 1
2026-08-09 17:57:18,370   INFO  cfg.DATA_CONFIG.PRED_VELOCITY: False
2026-08-09 17:57:18,370   INFO  cfg.DATA_CONFIG.SET_NAN_VELOCITY_TO_ZEROS: True
2026-08-09 17:57:18,370   INFO  cfg.DATA_CONFIG.FILTER_MIN_POINTS_IN_GT: 1
2026-08-09 17:57:18,370   INFO  ----------- MAP_CLASS_TO_KITTI -----------
2026-08-09 17:57:18,370   INFO  cfg.DATA_CONFIG.MAP_CLASS_TO_KITTI.car: Car
2026-08-09 17:57:18,370   INFO  cfg.DATA_CONFIG.MAP_CLASS_TO_KITTI.pedestrian: Pedestrian
2026-08-09 17:57:18,370   INFO  cfg.DATA_CONFIG.MAP_CLASS_TO_KITTI.bicycle: Cyclist
2026-08-09 17:57:18,370   INFO  ----------- DATA_SPLIT -----------
2026-08-09 17:57:18,370   INFO  cfg.DATA_CONFIG.DATA_SPLIT.train: train
2026-08-09 17:57:18,370   INFO  cfg.DATA_CONFIG.DATA_SPLIT.test: val
2026-08-09 17:57:18,370   INFO  ----------- INFO_PATH -----------
2026-08-09 17:57:18,370   INFO  cfg.DATA_CONFIG.INFO_PATH.train: ['nuscenes_infos_1sweeps_train.pkl']
2026-08-09 17:57:18,370   INFO  cfg.DATA_CONFIG.INFO_PATH.test: ['nuscenes_infos_1sweeps_val.pkl']
2026-08-09 17:57:18,370   INFO  cfg.DATA_CONFIG.POINT_CLOUD_RANGE: [-51.2, -51.2, -3.0, 51.2, 51.2, 1.0]
2026-08-09 17:57:18,370   INFO  cfg.DATA_CONFIG.BALANCED_RESAMPLING: True
2026-08-09 17:57:18,370   INFO  ----------- DATA_AUGMENTOR -----------
2026-08-09 17:57:18,370   INFO  cfg.DATA_CONFIG.DATA_AUGMENTOR.DISABLE_AUG_LIST: ['gt_sampling']
2026-08-09 17:57:18,370   INFO  cfg.DATA_CONFIG.DATA_AUGMENTOR.AUG_CONFIG_LIST: [{'NAME': 'gt_sampling', 'DB_INFO_PATH': ['nuscenes_dbinfos_1sweeps_withvelo.pkl'], 'PREPARE': {'filter_by_min_points': ['car:5', 'bicycle:5', 'pedestrian:5']}, 'SAMPLE_GROUPS': ['car:2', 'bicycle:6', 'pedestrian:2'], 'NUM_POINT_FEATURES': 4, 'DATABASE_WITH_FAKELIDAR': False, 'REMOVE_EXTRA_WIDTH': [0.0, 0.0, 0.0], 'LIMIT_WHOLE_SCENE': True}, {'NAME': 'random_world_flip', 'ALONG_AXIS_LIST': ['x', 'y']}, {'NAME': 'random_world_rotation', 'WORLD_ROT_ANGLE': [-0.3925, 0.3925]}, {'NAME': 'random_world_scaling', 'WORLD_SCALE_RANGE': [0.95, 1.05]}]
2026-08-09 17:57:18,370   INFO  ----------- POINT_FEATURE_ENCODING -----------
2026-08-09 17:57:18,370   INFO  cfg.DATA_CONFIG.POINT_FEATURE_ENCODING.encoding_type: absolute_coordinates_encoding
2026-08-09 17:57:18,370   INFO  cfg.DATA_CONFIG.POINT_FEATURE_ENCODING.used_feature_list: ['x', 'y', 'z', 'intensity']
2026-08-09 17:57:18,370   INFO  cfg.DATA_CONFIG.POINT_FEATURE_ENCODING.src_feature_list: ['x', 'y', 'z', 'intensity']
2026-08-09 17:57:18,370   INFO  cfg.DATA_CONFIG.DATA_PROCESSOR: [{'NAME': 'mask_points_and_boxes_outside_range', 'REMOVE_OUTSIDE_BOXES': True}, {'NAME': 'shuffle_points', 'SHUFFLE_ENABLED': {'train': True, 'test': True}}, {'NAME': 'transform_points_to_voxels', 'VOXEL_SIZE': [0.05, 0.05, 0.1], 'MAX_POINTS_PER_VOXEL': 45, 'MAX_NUMBER_OF_VOXELS': {'train': 60000, 'test': 60000}}]
2026-08-09 17:57:18,370   INFO  cfg.DATA_CONFIG._BASE_CONFIG_: cfgs/dataset_configs/nuscenes_dataset.yaml
2026-08-09 17:57:18,370   INFO  cfg.DATA_CONFIG.VOXEL_SIZE: [0.05, 0.05, 0.05]
2026-08-09 17:57:18,370   INFO  ----------- MODEL -----------
2026-08-09 17:57:18,370   INFO  cfg.MODEL.NAME: SECONDNet
2026-08-09 17:57:18,370   INFO  ----------- VFE -----------
2026-08-09 17:57:18,370   INFO  cfg.MODEL.VFE.NAME: MeanVFE
2026-08-09 17:57:18,370   INFO  ----------- BACKBONE_3D -----------
2026-08-09 17:57:18,370   INFO  cfg.MODEL.BACKBONE_3D.NAME: VoxelBackBone8x
2026-08-09 17:57:18,371   INFO  ----------- MAP_TO_BEV -----------
2026-08-09 17:57:18,371   INFO  cfg.MODEL.MAP_TO_BEV.NAME: HeightCompression
2026-08-09 17:57:18,371   INFO  cfg.MODEL.MAP_TO_BEV.NUM_BEV_FEATURES: 256
2026-08-09 17:57:18,371   INFO  ----------- BACKBONE_2D -----------
2026-08-09 17:57:18,371   INFO  cfg.MODEL.BACKBONE_2D.NAME: BaseBEVBackbone
2026-08-09 17:57:18,371   INFO  cfg.MODEL.BACKBONE_2D.LAYER_NUMS: [5, 5]
2026-08-09 17:57:18,371   INFO  cfg.MODEL.BACKBONE_2D.LAYER_STRIDES: [1, 2]
2026-08-09 17:57:18,371   INFO  cfg.MODEL.BACKBONE_2D.NUM_FILTERS: [128, 256]
2026-08-09 17:57:18,371   INFO  cfg.MODEL.BACKBONE_2D.UPSAMPLE_STRIDES: [1, 2]
2026-08-09 17:57:18,371   INFO  cfg.MODEL.BACKBONE_2D.NUM_UPSAMPLE_FILTERS: [256, 256]
2026-08-09 17:57:18,371   INFO  ----------- DENSE_HEAD -----------
2026-08-09 17:57:18,371   INFO  cfg.MODEL.DENSE_HEAD.NAME: AnchorHeadSingle
2026-08-09 17:57:18,371   INFO  cfg.MODEL.DENSE_HEAD.CLASS_AGNOSTIC: False
2026-08-09 17:57:18,371   INFO  cfg.MODEL.DENSE_HEAD.USE_DIRECTION_CLASSIFIER: True
2026-08-09 17:57:18,371   INFO  cfg.MODEL.DENSE_HEAD.DIR_OFFSET: 0.78539
2026-08-09 17:57:18,371   INFO  cfg.MODEL.DENSE_HEAD.DIR_LIMIT_OFFSET: 0.0
2026-08-09 17:57:18,371   INFO  cfg.MODEL.DENSE_HEAD.NUM_DIR_BINS: 2
2026-08-09 17:57:18,371   INFO  cfg.MODEL.DENSE_HEAD.ANCHOR_GENERATOR_CONFIG: [{'class_name': 'car', 'anchor_sizes': [[3.9, 1.6, 1.56]], 'anchor_rotations': [0, 1.57], 'anchor_bottom_heights': [-1.78], 'align_center': False, 'feature_map_stride': 8, 'matched_threshold': 0.6, 'unmatched_threshold': 0.45}, {'class_name': 'pedestrian', 'anchor_sizes': [[0.8, 0.6, 1.73]], 'anchor_rotations': [0, 1.57], 'anchor_bottom_heights': [-0.6], 'align_center': False, 'feature_map_stride': 8, 'matched_threshold': 0.5, 'unmatched_threshold': 0.35}, {'class_name': 'bicycle', 'anchor_sizes': [[1.76, 0.6, 1.73]], 'anchor_rotations': [0, 1.57], 'anchor_bottom_heights': [-0.6], 'align_center': False, 'feature_map_stride': 8, 'matched_threshold': 0.5, 'unmatched_threshold': 0.35}]
2026-08-09 17:57:18,371   INFO  ----------- TARGET_ASSIGNER_CONFIG -----------
2026-08-09 17:57:18,371   INFO  cfg.MODEL.DENSE_HEAD.TARGET_ASSIGNER_CONFIG.NAME: AxisAlignedTargetAssigner
2026-08-09 17:57:18,371   INFO  cfg.MODEL.DENSE_HEAD.TARGET_ASSIGNER_CONFIG.POS_FRACTION: -1.0
2026-08-09 17:57:18,371   INFO  cfg.MODEL.DENSE_HEAD.TARGET_ASSIGNER_CONFIG.SAMPLE_SIZE: 512
2026-08-09 17:57:18,371   INFO  cfg.MODEL.DENSE_HEAD.TARGET_ASSIGNER_CONFIG.NORM_BY_NUM_EXAMPLES: False
2026-08-09 17:57:18,371   INFO  cfg.MODEL.DENSE_HEAD.TARGET_ASSIGNER_CONFIG.MATCH_HEIGHT: False
2026-08-09 17:57:18,371   INFO  cfg.MODEL.DENSE_HEAD.TARGET_ASSIGNER_CONFIG.BOX_CODER: ResidualCoder
2026-08-09 17:57:18,371   INFO  ----------- LOSS_CONFIG -----------
2026-08-09 17:57:18,371   INFO  ----------- LOSS_WEIGHTS -----------
2026-08-09 17:57:18,371   INFO  cfg.MODEL.DENSE_HEAD.LOSS_CONFIG.LOSS_WEIGHTS.cls_weight: 1.0
2026-08-09 17:57:18,371   INFO  cfg.MODEL.DENSE_HEAD.LOSS_CONFIG.LOSS_WEIGHTS.loc_weight: 2.0
2026-08-09 17:57:18,371   INFO  cfg.MODEL.DENSE_HEAD.LOSS_CONFIG.LOSS_WEIGHTS.dir_weight: 0.2
2026-08-09 17:57:18,371   INFO  cfg.MODEL.DENSE_HEAD.LOSS_CONFIG.LOSS_WEIGHTS.code_weights: [1.0, 1.0, 1.0, 1.0, 1.0, 1.0, 1.0]
2026-08-09 17:57:18,371   INFO  ----------- POST_PROCESSING -----------
2026-08-09 17:57:18,371   INFO  cfg.MODEL.POST_PROCESSING.RECALL_THRESH_LIST: [0.3, 0.5, 0.7]
2026-08-09 17:57:18,371   INFO  cfg.MODEL.POST_PROCESSING.SCORE_THRESH: 0.3
2026-08-09 17:57:18,371   INFO  cfg.MODEL.POST_PROCESSING.OUTPUT_RAW_SCORE: False
2026-08-09 17:57:18,372   INFO  cfg.MODEL.POST_PROCESSING.EVAL_METRIC: kitti
2026-08-09 17:57:18,372   INFO  ----------- NMS_CONFIG -----------
2026-08-09 17:57:18,372   INFO  cfg.MODEL.POST_PROCESSING.NMS_CONFIG.MULTI_CLASSES_NMS: False
2026-08-09 17:57:18,372   INFO  cfg.MODEL.POST_PROCESSING.NMS_CONFIG.NMS_TYPE: nms_gpu
2026-08-09 17:57:18,372   INFO  cfg.MODEL.POST_PROCESSING.NMS_CONFIG.NMS_THRESH: 0.005
2026-08-09 17:57:18,372   INFO  cfg.MODEL.POST_PROCESSING.NMS_CONFIG.NMS_PRE_MAXSIZE: 1000
2026-08-09 17:57:18,372   INFO  cfg.MODEL.POST_PROCESSING.NMS_CONFIG.NMS_POST_MAXSIZE: 100
2026-08-09 17:57:18,372   INFO  ----------- OPTIMIZATION -----------
2026-08-09 17:57:18,372   INFO  cfg.OPTIMIZATION.BATCH_SIZE_PER_GPU: 2
2026-08-09 17:57:18,372   INFO  cfg.OPTIMIZATION.NUM_EPOCHS: 10
2026-08-09 17:57:18,372   INFO  cfg.OPTIMIZATION.OPTIMIZER: adam_onecycle
2026-08-09 17:57:18,372   INFO  cfg.OPTIMIZATION.LR: 0.0003
2026-08-09 17:57:18,372   INFO  cfg.OPTIMIZATION.WEIGHT_DECAY: 0.01
2026-08-09 17:57:18,372   INFO  cfg.OPTIMIZATION.MOMENTUM: 0.9
2026-08-09 17:57:18,372   INFO  cfg.OPTIMIZATION.MOMS: [0.95, 0.85]
2026-08-09 17:57:18,372   INFO  cfg.OPTIMIZATION.PCT_START: 0.2
2026-08-09 17:57:18,372   INFO  cfg.OPTIMIZATION.DIV_FACTOR: 10
2026-08-09 17:57:18,372   INFO  cfg.OPTIMIZATION.DECAY_STEP_LIST: [25, 35]
2026-08-09 17:57:18,372   INFO  cfg.OPTIMIZATION.LR_DECAY: 0.1
2026-08-09 17:57:18,372   INFO  cfg.OPTIMIZATION.LR_CLIP: 1e-07
2026-08-09 17:57:18,372   INFO  cfg.OPTIMIZATION.LR_WARMUP: False
2026-08-09 17:57:18,372   INFO  cfg.OPTIMIZATION.WARMUP_EPOCH: 1
2026-08-09 17:57:18,372   INFO  cfg.OPTIMIZATION.GRAD_NORM_CLIP: 10
2026-08-09 17:57:18,372   INFO  cfg.TAG: S_D_N
2026-08-09 17:57:18,372   INFO  cfg.EXP_GROUP_PATH: OpenPCDet/tools/cfgs/models/S/D
2026-08-09 17:57:18,377   INFO  ----------- Create dataloader & network & optimizer -----------
2026-08-09 17:57:18,377   INFO  Loading NuScenes dataset
2026-08-09 17:57:18,963   INFO  Total samples for NuScenes dataset: 28130
2026-08-09 17:57:19,366   INFO  Total samples after balanced resampling: 55563
2026-08-09 17:57:20,991   INFO  ==> Loading parameters from checkpoint /OpenPCDet/pcdet/models/pth/second_7862.pth to GPU
2026-08-09 17:57:21,032   INFO  ==> Done (loaded 163/163)
2026-08-09 17:57:21,033   INFO  ==> Loading parameters from checkpoint /OpenPCDet/output/OpenPCDet/tools/cfgs/models/S/D/S_D_N/unfrozen_backbone_1_94/ckpt/checkpoint_epoch_1.pth to GPU
2026-08-09 17:57:21,076   INFO  ==> Loading optimizer parameters from checkpoint /OpenPCDet/output/OpenPCDet/tools/cfgs/models/S/D/S_D_N/unfrozen_backbone_1_94/ckpt/checkpoint_epoch_1.pth to GPU
2026-08-09 17:57:21,088   INFO  ==> Done
2026-08-09 17:57:21,089   INFO  ----------- Model SECONDNet created, param count: 5325576 -----------
2026-08-09 17:57:21,089   INFO  SECONDNet(
  (vfe): MeanVFE()
  (backbone_3d): VoxelBackBone8x(
    (conv_input): SparseSequential(
      (0): SubMConv3d(4, 16, kernel_size=[3, 3, 3], stride=[1, 1, 1], padding=[1, 1, 1], dilation=[1, 1, 1], output_padding=[0, 0, 0], bias=False, algo=ConvAlgo.MaskImplicitGemm)
      (1): BatchNorm1d(16, eps=0.001, momentum=0.01, affine=True, track_running_stats=True)
      (2): ReLU()
    )
    (conv1): SparseSequential(
      (0): SparseSequential(
        (0): SubMConv3d(16, 16, kernel_size=[3, 3, 3], stride=[1, 1, 1], padding=[0, 0, 0], dilation=[1, 1, 1], output_padding=[0, 0, 0], bias=False, algo=ConvAlgo.MaskImplicitGemm)
        (1): BatchNorm1d(16, eps=0.001, momentum=0.01, affine=True, track_running_stats=True)
        (2): ReLU()
      )
    )
    (conv2): SparseSequential(
      (0): SparseSequential(
        (0): SparseConv3d(16, 32, kernel_size=[3, 3, 3], stride=[2, 2, 2], padding=[1, 1, 1], dilation=[1, 1, 1], output_padding=[0, 0, 0], bias=False, algo=ConvAlgo.MaskImplicitGemm)
        (1): BatchNorm1d(32, eps=0.001, momentum=0.01, affine=True, track_running_stats=True)
        (2): ReLU()
      )
      (1): SparseSequential(
        (0): SubMConv3d(32, 32, kernel_size=[3, 3, 3], stride=[1, 1, 1], padding=[0, 0, 0], dilation=[1, 1, 1], output_padding=[0, 0, 0], bias=False, algo=ConvAlgo.MaskImplicitGemm)
        (1): BatchNorm1d(32, eps=0.001, momentum=0.01, affine=True, track_running_stats=True)
        (2): ReLU()
      )
      (2): SparseSequential(
        (0): SubMConv3d(32, 32, kernel_size=[3, 3, 3], stride=[1, 1, 1], padding=[0, 0, 0], dilation=[1, 1, 1], output_padding=[0, 0, 0], bias=False, algo=ConvAlgo.MaskImplicitGemm)
        (1): BatchNorm1d(32, eps=0.001, momentum=0.01, affine=True, track_running_stats=True)
        (2): ReLU()
      )
    )
    (conv3): SparseSequential(
      (0): SparseSequential(
        (0): SparseConv3d(32, 64, kernel_size=[3, 3, 3], stride=[2, 2, 2], padding=[1, 1, 1], dilation=[1, 1, 1], output_padding=[0, 0, 0], bias=False, algo=ConvAlgo.MaskImplicitGemm)
        (1): BatchNorm1d(64, eps=0.001, momentum=0.01, affine=True, track_running_stats=True)
        (2): ReLU()
      )
      (1): SparseSequential(
        (0): SubMConv3d(64, 64, kernel_size=[3, 3, 3], stride=[1, 1, 1], padding=[0, 0, 0], dilation=[1, 1, 1], output_padding=[0, 0, 0], bias=False, algo=ConvAlgo.MaskImplicitGemm)
        (1): BatchNorm1d(64, eps=0.001, momentum=0.01, affine=True, track_running_stats=True)
        (2): ReLU()
      )
      (2): SparseSequential(
        (0): SubMConv3d(64, 64, kernel_size=[3, 3, 3], stride=[1, 1, 1], padding=[0, 0, 0], dilation=[1, 1, 1], output_padding=[0, 0, 0], bias=False, algo=ConvAlgo.MaskImplicitGemm)
        (1): BatchNorm1d(64, eps=0.001, momentum=0.01, affine=True, track_running_stats=True)
        (2): ReLU()
      )
    )
    (conv4): SparseSequential(
      (0): SparseSequential(
        (0): SparseConv3d(64, 64, kernel_size=[3, 3, 3], stride=[2, 2, 2], padding=[0, 1, 1], dilation=[1, 1, 1], output_padding=[0, 0, 0], bias=False, algo=ConvAlgo.MaskImplicitGemm)
        (1): BatchNorm1d(64, eps=0.001, momentum=0.01, affine=True, track_running_stats=True)
        (2): ReLU()
      )
      (1): SparseSequential(
        (0): SubMConv3d(64, 64, kernel_size=[3, 3, 3], stride=[1, 1, 1], padding=[0, 0, 0], dilation=[1, 1, 1], output_padding=[0, 0, 0], bias=False, algo=ConvAlgo.MaskImplicitGemm)
        (1): BatchNorm1d(64, eps=0.001, momentum=0.01, affine=True, track_running_stats=True)
        (2): ReLU()
      )
      (2): SparseSequential(
        (0): SubMConv3d(64, 64, kernel_size=[3, 3, 3], stride=[1, 1, 1], padding=[0, 0, 0], dilation=[1, 1, 1], output_padding=[0, 0, 0], bias=False, algo=ConvAlgo.MaskImplicitGemm)
        (1): BatchNorm1d(64, eps=0.001, momentum=0.01, affine=True, track_running_stats=True)
        (2): ReLU()
      )
    )
    (conv_out): SparseSequential(
      (0): SparseConv3d(64, 128, kernel_size=[3, 1, 1], stride=[2, 1, 1], padding=[0, 0, 0], dilation=[1, 1, 1], output_padding=[0, 0, 0], bias=False, algo=ConvAlgo.MaskImplicitGemm)
      (1): BatchNorm1d(128, eps=0.001, momentum=0.01, affine=True, track_running_stats=True)
      (2): ReLU()
    )
  )
  (map_to_bev_module): HeightCompression()
  (pfe): None
  (backbone_2d): BaseBEVBackbone(
    (blocks): ModuleList(
      (0): Sequential(
        (0): ZeroPad2d((1, 1, 1, 1))
        (1): Conv2d(256, 128, kernel_size=(3, 3), stride=(1, 1), bias=False)
        (2): BatchNorm2d(128, eps=0.001, momentum=0.01, affine=True, track_running_stats=True)
        (3): ReLU()
        (4): Conv2d(128, 128, kernel_size=(3, 3), stride=(1, 1), padding=(1, 1), bias=False)
        (5): BatchNorm2d(128, eps=0.001, momentum=0.01, affine=True, track_running_stats=True)
        (6): ReLU()
        (7): Conv2d(128, 128, kernel_size=(3, 3), stride=(1, 1), padding=(1, 1), bias=False)
        (8): BatchNorm2d(128, eps=0.001, momentum=0.01, affine=True, track_running_stats=True)
        (9): ReLU()
        (10): Conv2d(128, 128, kernel_size=(3, 3), stride=(1, 1), padding=(1, 1), bias=False)
        (11): BatchNorm2d(128, eps=0.001, momentum=0.01, affine=True, track_running_stats=True)
        (12): ReLU()
        (13): Conv2d(128, 128, kernel_size=(3, 3), stride=(1, 1), padding=(1, 1), bias=False)
        (14): BatchNorm2d(128, eps=0.001, momentum=0.01, affine=True, track_running_stats=True)
        (15): ReLU()
        (16): Conv2d(128, 128, kernel_size=(3, 3), stride=(1, 1), padding=(1, 1), bias=False)
        (17): BatchNorm2d(128, eps=0.001, momentum=0.01, affine=True, track_running_stats=True)
        (18): ReLU()
      )
      (1): Sequential(
        (0): ZeroPad2d((1, 1, 1, 1))
        (1): Conv2d(128, 256, kernel_size=(3, 3), stride=(2, 2), bias=False)
        (2): BatchNorm2d(256, eps=0.001, momentum=0.01, affine=True, track_running_stats=True)
        (3): ReLU()
        (4): Conv2d(256, 256, kernel_size=(3, 3), stride=(1, 1), padding=(1, 1), bias=False)
        (5): BatchNorm2d(256, eps=0.001, momentum=0.01, affine=True, track_running_stats=True)
        (6): ReLU()
        (7): Conv2d(256, 256, kernel_size=(3, 3), stride=(1, 1), padding=(1, 1), bias=False)
        (8): BatchNorm2d(256, eps=0.001, momentum=0.01, affine=True, track_running_stats=True)
        (9): ReLU()
        (10): Conv2d(256, 256, kernel_size=(3, 3), stride=(1, 1), padding=(1, 1), bias=False)
        (11): BatchNorm2d(256, eps=0.001, momentum=0.01, affine=True, track_running_stats=True)
        (12): ReLU()
        (13): Conv2d(256, 256, kernel_size=(3, 3), stride=(1, 1), padding=(1, 1), bias=False)
        (14): BatchNorm2d(256, eps=0.001, momentum=0.01, affine=True, track_running_stats=True)
        (15): ReLU()
        (16): Conv2d(256, 256, kernel_size=(3, 3), stride=(1, 1), padding=(1, 1), bias=False)
        (17): BatchNorm2d(256, eps=0.001, momentum=0.01, affine=True, track_running_stats=True)
        (18): ReLU()
      )
    )
    (deblocks): ModuleList(
      (0): Sequential(
        (0): ConvTranspose2d(128, 256, kernel_size=(1, 1), stride=(1, 1), bias=False)
        (1): BatchNorm2d(256, eps=0.001, momentum=0.01, affine=True, track_running_stats=True)
        (2): ReLU()
      )
      (1): Sequential(
        (0): ConvTranspose2d(256, 256, kernel_size=(2, 2), stride=(2, 2), bias=False)
        (1): BatchNorm2d(256, eps=0.001, momentum=0.01, affine=True, track_running_stats=True)
        (2): ReLU()
      )
    )
  )
  (dense_head): AnchorHeadSingle(
    (cls_loss_func): SigmoidFocalClassificationLoss()
    (reg_loss_func): WeightedSmoothL1Loss()
    (dir_loss_func): WeightedCrossEntropyLoss()
    (conv_cls): Conv2d(512, 18, kernel_size=(1, 1), stride=(1, 1))
    (conv_box): Conv2d(512, 42, kernel_size=(1, 1), stride=(1, 1))
    (conv_dir_cls): Conv2d(512, 12, kernel_size=(1, 1), stride=(1, 1))
  )
  (point_head): None
  (roi_head): None
)
2026-08-09 17:57:21,090   INFO  **********************Start training OpenPCDet/tools/cfgs/models/S/D/S_D_N(unfrozen_backbone_1_94)**********************
2026-08-09 17:57:30,975   INFO  Train:    2/10 ( 20%) [   0/27782 (  0%)]  Loss: 1.177 (1.18)  LR: 1.650e-04  Time cost: 00:08/68:53:15 [00:09/619:59:22]  Acc_iter 27783       Data time: 2.76(2.76)  Forward time: 6.17(6.17)  Batch time: 8.93(8.93)
2026-08-09 17:57:34,970   INFO  Train:    2/10 ( 20%) [  17/27782 (  0%)]  Loss: 1.014 (1.08)  LR: 1.651e-04  Time cost: 00:12/5:32:10 [00:13/49:51:15]  Acc_iter 27800       Data time: 0.01(0.16)  Forward time: 0.23(0.55)  Batch time: 0.24(0.72)
2026-08-09 17:57:46,611   INFO  Train:    2/10 ( 20%) [  67/27782 (  0%)]  Loss: 0.9700 (1.14)  LR: 1.655e-04  Time cost: 00:24/2:46:50 [00:25/25:04:50]  Acc_iter 27850       Data time: 0.01(0.05)  Forward time: 0.21(0.31)  Batch time: 0.22(0.36)
2026-08-09 17:57:57,482   INFO  Train:    2/10 ( 20%) [ 117/27782 (  0%)]  Loss: 1.304 (1.17)  LR: 1.659e-04  Time cost: 00:35/2:18:27 [00:36/20:50:46]  Acc_iter 27900       Data time: 0.01(0.04)  Forward time: 0.20(0.26)  Batch time: 0.22(0.30)
2026-08-09 17:57:57,899   INFO  a1e06a0b30c0                Sun Aug  9 17:57:57 2026  580.173.02
[0] NVIDIA GeForce RTX 3070 | 62°C,  65 % |  7022 /  8192 MB | root(6288M)

2026-08-09 17:58:08,890   INFO  Train:    2/10 ( 20%) [ 167/27782 (  1%)]  Loss: 1.113 (1.19)  LR: 1.663e-04  Time cost: 00:46/2:08:19 [00:47/19:21:07]  Acc_iter 27950       Data time: 0.01(0.03)  Forward time: 0.20(0.25)  Batch time: 0.21(0.28)
2026-08-09 17:58:19,999   INFO  Train:    2/10 ( 20%) [ 217/27782 (  1%)]  Loss: 1.044 (1.18)  LR: 1.667e-04  Time cost: 00:57/2:02:07 [00:58/18:26:49]  Acc_iter 28000       Data time: 0.01(0.03)  Forward time: 0.22(0.24)  Batch time: 0.23(0.27)
2026-08-09 17:58:31,251   INFO  Train:    2/10 ( 20%) [ 267/27782 (  1%)]  Loss: 0.8710 (1.17)  LR: 1.670e-04  Time cost: 01:09/1:58:24 [01:10/17:54:55]  Acc_iter 28050       Data time: 0.01(0.02)  Forward time: 0.21(0.23)  Batch time: 0.22(0.26)
2026-08-09 17:58:31,709   INFO  a1e06a0b30c0                Sun Aug  9 17:58:31 2026  580.173.02
[0] NVIDIA GeForce RTX 3070 | 61°C,   4 % |  7018 /  8192 MB | root(6288M)

2026-08-09 17:58:43,550   INFO  Train:    2/10 ( 20%) [ 317/27782 (  1%)]  Loss: 0.6009 (1.18)  LR: 1.674e-04  Time cost: 01:21/1:57:19 [01:22/17:46:41]  Acc_iter 28100       Data time: 0.01(0.02)  Forward time: 0.20(0.23)  Batch time: 0.21(0.26)
2026-08-09 17:58:54,376   INFO  Train:    2/10 ( 20%) [ 367/27782 (  1%)]  Loss: 1.718 (1.16)  LR: 1.678e-04  Time cost: 01:32/1:54:38 [01:33/17:23:59]  Acc_iter 28150       Data time: 0.01(0.02)  Forward time: 0.22(0.23)  Batch time: 0.23(0.25)
2026-08-09 17:59:05,287   INFO  Train:    2/10 ( 20%) [ 417/27782 (  2%)]  Loss: 1.472 (1.17)  LR: 1.682e-04  Time cost: 01:43/1:52:38 [01:44/17:07:31]  Acc_iter 28200       Data time: 0.03(0.02)  Forward time: 0.21(0.23)  Batch time: 0.25(0.25)
2026-08-09 17:59:05,684   INFO  a1e06a0b30c0                Sun Aug  9 17:59:05 2026  580.173.02
[0] NVIDIA GeForce RTX 3070 | 69°C,  90 % |  7021 /  8192 MB | root(6288M)

2026-08-09 17:59:16,764   INFO  Train:    2/10 ( 20%) [ 467/27782 (  2%)]  Loss: 2.003 (1.17)  LR: 1.686e-04  Time cost: 01:54/1:51:35 [01:55/16:59:34]  Acc_iter 28250       Data time: 0.01(0.02)  Forward time: 0.21(0.22)  Batch time: 0.23(0.25)
2026-08-09 17:59:28,073   INFO  Train:    2/10 ( 20%) [ 517/27782 (  2%)]  Loss: 1.901 (1.16)  LR: 1.689e-04  Time cost: 02:06/1:50:33 [02:06/16:51:45]  Acc_iter 28300       Data time: 0.01(0.02)  Forward time: 0.22(0.22)  Batch time: 0.23(0.24)
2026-08-09 17:59:39,739   INFO  Train:    2/10 ( 20%) [ 567/27782 (  2%)]  Loss: 0.9761 (1.16)  LR: 1.693e-04  Time cost: 02:17/1:49:57 [02:18/16:47:54]  Acc_iter 28350       Data time: 0.01(0.02)  Forward time: 0.23(0.22)  Batch time: 0.24(0.24)
2026-08-09 17:59:40,195   INFO  a1e06a0b30c0                Sun Aug  9 17:59:40 2026  580.173.02
[0] NVIDIA GeForce RTX 3070 | 69°C, 100 % |  7021 /  8192 MB | root(6288M)

2026-08-09 17:59:51,266   INFO  Train:    2/10 ( 20%) [ 617/27782 (  2%)]  Loss: 1.005 (1.16)  LR: 1.697e-04  Time cost: 02:29/1:49:19 [02:30/16:43:42]  Acc_iter 28400       Data time: 0.01(0.02)  Forward time: 0.20(0.22)  Batch time: 0.21(0.24)
2026-08-09 18:00:02,410   INFO  Train:    2/10 ( 20%) [ 667/27782 (  2%)]  Loss: 0.9081 (1.16)  LR: 1.701e-04  Time cost: 02:40/1:48:29 [02:41/16:37:44]  Acc_iter 28450       Data time: 0.01(0.02)  Forward time: 0.20(0.22)  Batch time: 0.21(0.24)
2026-08-09 18:00:13,382   INFO  Train:    2/10 ( 20%) [ 717/27782 (  3%)]  Loss: 1.309 (1.16)  LR: 1.705e-04  Time cost: 02:51/1:47:38 [02:52/16:31:34]  Acc_iter 28500       Data time: 0.01(0.02)  Forward time: 0.22(0.22)  Batch time: 0.24(0.24)
2026-08-09 18:00:13,915   INFO  a1e06a0b30c0                Sun Aug  9 18:00:13 2026  580.173.02
[0] NVIDIA GeForce RTX 3070 | 65°C,  12 % |  7020 /  8192 MB | root(6288M)

2026-08-09 18:00:24,994   INFO  Train:    2/10 ( 20%) [ 767/27782 (  3%)]  Loss: 1.123 (1.16)  LR: 1.709e-04  Time cost: 03:02/1:47:15 [03:03/16:29:38]  Acc_iter 28550       Data time: 0.01(0.02)  Forward time: 0.20(0.22)  Batch time: 0.22(0.24)
2026-08-09 18:00:36,834   INFO  Train:    2/10 ( 20%) [ 817/27782 (  3%)]  Loss: 1.340 (1.17)  LR: 1.712e-04  Time cost: 03:14/1:47:00 [03:15/16:29:05]  Acc_iter 28600       Data time: 0.01(0.02)  Forward time: 0.25(0.22)  Batch time: 0.26(0.24)
2026-08-09 18:00:47,927   INFO  Train:    2/10 ( 20%) [ 867/27782 (  3%)]  Loss: 1.814 (1.16)  LR: 1.716e-04  Time cost: 03:25/1:46:23 [03:26/16:25:00]  Acc_iter 28650       Data time: 0.01(0.02)  Forward time: 0.21(0.22)  Batch time: 0.22(0.24)
2026-08-09 18:00:48,326   INFO  a1e06a0b30c0                Sun Aug  9 18:00:48 2026  580.173.02
[0] NVIDIA GeForce RTX 3070 | 66°C,  89 % |  7021 /  8192 MB | root(6288M)

2026-08-09 18:00:59,219   INFO  Train:    2/10 ( 20%) [ 917/27782 (  3%)]  Loss: 0.7672 (1.16)  LR: 1.720e-04  Time cost: 03:37/1:45:55 [03:38/16:22:14]  Acc_iter 28700       Data time: 0.01(0.02)  Forward time: 0.20(0.22)  Batch time: 0.22(0.24)
2026-08-09 18:01:10,092   INFO  Train:    2/10 ( 20%) [ 967/27782 (  3%)]  Loss: 0.8579 (1.16)  LR: 1.724e-04  Time cost: 03:48/1:45:17 [03:49/16:17:56]  Acc_iter 28750       Data time: 0.01(0.02)  Forward time: 0.23(0.22)  Batch time: 0.24(0.24)
2026-08-09 18:01:21,111   INFO  Train:    2/10 ( 20%) [1017/27782 (  4%)]  Loss: 1.230 (1.16)  LR: 1.728e-04  Time cost: 03:59/1:44:45 [04:00/16:14:38]  Acc_iter 28800       Data time: 0.01(0.02)  Forward time: 0.21(0.22)  Batch time: 0.22(0.23)
2026-08-09 18:01:21,592   INFO  a1e06a0b30c0                Sun Aug  9 18:01:21 2026  580.173.02
[0] NVIDIA GeForce RTX 3070 | 70°C,  82 % |  7020 /  8192 MB | root(6288M)

2026-08-09 18:01:33,260   INFO  Train:    2/10 ( 20%) [1067/27782 (  4%)]  Loss: 0.8626 (1.16)  LR: 1.731e-04  Time cost: 04:11/1:44:43 [04:12/16:16:02]  Acc_iter 28850       Data time: 0.01(0.02)  Forward time: 0.22(0.22)  Batch time: 0.24(0.24)
2026-08-09 18:01:44,434   INFO  Train:    2/10 ( 20%) [1117/27782 (  4%)]  Loss: 1.495 (1.16)  LR: 1.735e-04  Time cost: 04:22/1:44:18 [04:23/16:13:39]  Acc_iter 28900       Data time: 0.01(0.02)  Forward time: 0.20(0.22)  Batch time: 0.21(0.23)
2026-08-09 18:01:55,227   INFO  Train:    2/10 ( 20%) [1167/27782 (  4%)]  Loss: 1.507 (1.15)  LR: 1.739e-04  Time cost: 04:33/1:43:44 [04:34/16:10:07]  Acc_iter 28950       Data time: 0.01(0.02)  Forward time: 0.21(0.22)  Batch time: 0.22(0.23)
2026-08-09 18:01:55,663   INFO  a1e06a0b30c0                Sun Aug  9 18:01:55 2026  580.173.02
[0] NVIDIA GeForce RTX 3070 | 70°C, 100 % |  7016 /  8192 MB | root(6288M)

2026-08-09 18:02:06,643   INFO  Train:    2/10 ( 20%) [1217/27782 (  4%)]  Loss: 0.8546 (1.15)  LR: 1.743e-04  Time cost: 04:44/1:43:27 [04:45/16:08:58]  Acc_iter 29000       Data time: 0.01(0.02)  Forward time: 0.20(0.22)  Batch time: 0.21(0.23)
2026-08-09 18:02:17,841   INFO  Train:    2/10 ( 20%) [1267/27782 (  5%)]  Loss: 0.8278 (1.15)  LR: 1.747e-04  Time cost: 04:55/1:43:05 [04:56/16:07:11]  Acc_iter 29050       Data time: 0.01(0.02)  Forward time: 0.21(0.22)  Batch time: 0.22(0.23)
2026-08-09 18:02:22,331   INFO  Save latest model to /OpenPCDet/output/OpenPCDet/tools/cfgs/models/S/D/S_D_N/unfrozen_backbone_1_94/ckpt/latest_model
2026-08-09 18:02:29,633   INFO  Train:    2/10 ( 20%) [1317/27782 (  5%)]  Loss: 1.246 (1.15)  LR: 1.750e-04  Time cost: 05:07/1:42:56 [05:08/16:07:24]  Acc_iter 29100       Data time: 0.01(0.02)  Forward time: 0.24(0.22)  Batch time: 0.25(0.23)
2026-08-09 18:02:30,095   INFO  a1e06a0b30c0                Sun Aug  9 18:02:30 2026  580.173.02
[0] NVIDIA GeForce RTX 3070 | 68°C,  64 % |  7017 /  8192 MB | root(6288M)

2026-08-09 18:02:41,426   INFO  Train:    2/10 ( 20%) [1367/27782 (  5%)]  Loss: 1.494 (1.15)  LR: 1.754e-04  Time cost: 05:19/1:42:46 [05:20/16:07:35]  Acc_iter 29150       Data time: 0.01(0.02)  Forward time: 0.20(0.22)  Batch time: 0.21(0.23)
2026-08-09 18:02:52,309   INFO  Train:    2/10 ( 20%) [1417/27782 (  5%)]  Loss: 0.9624 (1.15)  LR: 1.758e-04  Time cost: 05:30/1:42:20 [05:31/16:05:05]  Acc_iter 29200       Data time: 0.01(0.02)  Forward time: 0.20(0.22)  Batch time: 0.21(0.23)
2026-08-09 18:03:03,345   INFO  Train:    2/10 ( 20%) [1467/27782 (  5%)]  Loss: 0.7810 (1.15)  LR: 1.762e-04  Time cost: 05:41/1:41:57 [05:42/16:03:10]  Acc_iter 29250       Data time: 0.01(0.02)  Forward time: 0.21(0.22)  Batch time: 0.22(0.23)
2026-08-09 18:03:03,739   INFO  a1e06a0b30c0                Sun Aug  9 18:03:03 2026  580.173.02
[0] NVIDIA GeForce RTX 3070 | 64°C,   4 % |  7016 /  8192 MB | root(6288M)

2026-08-09 18:03:14,868   INFO  Train:    2/10 ( 20%) [1517/27782 (  5%)]  Loss: 0.8987 (1.15)  LR: 1.766e-04  Time cost: 05:52/1:41:44 [05:53/16:02:42]  Acc_iter 29300       Data time: 0.01(0.02)  Forward time: 0.23(0.22)  Batch time: 0.24(0.23)
2026-08-09 18:03:26,373   INFO  Train:    2/10 ( 20%) [1567/27782 (  6%)]  Loss: 1.078 (1.15)  LR: 1.769e-04  Time cost: 06:04/1:41:31 [06:05/16:02:12]  Acc_iter 29350       Data time: 0.01(0.02)  Forward time: 0.23(0.22)  Batch time: 0.24(0.23)
2026-08-09 18:03:37,776   INFO  Train:    2/10 ( 20%) [1617/27782 (  6%)]  Loss: 1.262 (1.15)  LR: 1.773e-04  Time cost: 06:15/1:41:15 [06:16/16:01:27]  Acc_iter 29400       Data time: 0.01(0.02)  Forward time: 0.21(0.22)  Batch time: 0.22(0.23)
2026-08-09 18:03:38,189   INFO  a1e06a0b30c0                Sun Aug  9 18:03:38 2026  580.173.02
[0] NVIDIA GeForce RTX 3070 | 71°C,  93 % |  7016 /  8192 MB | root(6288M)

2026-08-09 18:03:49,196   INFO  Train:    2/10 ( 20%) [1667/27782 (  6%)]  Loss: 1.128 (1.15)  LR: 1.777e-04  Time cost: 06:27/1:41:01 [06:28/16:00:47]  Acc_iter 29450       Data time: 0.03(0.02)  Forward time: 0.22(0.22)  Batch time: 0.25(0.23)
2026-08-09 18:04:00,171   INFO  Train:    2/10 ( 20%) [1717/27782 (  6%)]  Loss: 0.8143 (1.15)  LR: 1.781e-04  Time cost: 06:38/1:40:40 [06:39/15:59:04]  Acc_iter 29500       Data time: 0.01(0.02)  Forward time: 0.22(0.22)  Batch time: 0.23(0.23)
2026-08-09 18:04:11,200   INFO  Train:    2/10 ( 20%) [1767/27782 (  6%)]  Loss: 1.218 (1.15)  LR: 1.785e-04  Time cost: 06:49/1:40:20 [06:50/15:57:34]  Acc_iter 29550       Data time: 0.01(0.02)  Forward time: 0.21(0.21)  Batch time: 0.22(0.23)
2026-08-09 18:04:11,647   INFO  a1e06a0b30c0                Sun Aug  9 18:04:11 2026  580.173.02
[0] NVIDIA GeForce RTX 3070 | 71°C,  93 % |  7021 /  8192 MB | root(6288M)

2026-08-09 18:04:23,113   INFO  Train:    2/10 ( 20%) [1817/27782 (  7%)]  Loss: 1.648 (1.15)  LR: 1.788e-04  Time cost: 07:01/1:40:13 [07:02/15:58:10]  Acc_iter 29600       Data time: 0.01(0.02)  Forward time: 0.25(0.21)  Batch time: 0.27(0.23)
2026-08-09 18:04:34,722   INFO  Train:    2/10 ( 20%) [1867/27782 (  7%)]  Loss: 0.8732 (1.15)  LR: 1.792e-04  Time cost: 07:12/1:40:02 [07:13/15:58:02]  Acc_iter 29650       Data time: 0.01(0.02)  Forward time: 0.20(0.22)  Batch time: 0.21(0.23)
2026-08-09 18:04:45,590   INFO  Train:    2/10 ( 20%) [1917/27782 (  7%)]  Loss: 1.064 (1.15)  LR: 1.796e-04  Time cost: 07:23/1:39:41 [07:24/15:56:18]  Acc_iter 29700       Data time: 0.01(0.02)  Forward time: 0.20(0.21)  Batch time: 0.21(0.23)
2026-08-09 18:04:46,001   INFO  a1e06a0b30c0                Sun Aug  9 18:04:45 2026  580.173.02
[0] NVIDIA GeForce RTX 3070 | 71°C,  99 % |  7020 /  8192 MB | root(6288M)

2026-08-09 18:04:57,078   INFO  Train:    2/10 ( 20%) [1967/27782 (  7%)]  Loss: 1.657 (1.15)  LR: 1.800e-04  Time cost: 07:35/1:39:28 [07:35/15:55:57]  Acc_iter 29750       Data time: 0.01(0.02)  Forward time: 0.21(0.21)  Batch time: 0.23(0.23)
2026-08-09 18:05:08,215   INFO  Train:    2/10 ( 20%) [2017/27782 (  7%)]  Loss: 1.645 (1.15)  LR: 1.804e-04  Time cost: 07:46/1:39:11 [07:47/15:54:53]  Acc_iter 29800       Data time: 0.01(0.02)  Forward time: 0.21(0.21)  Batch time: 0.22(0.23)
2026-08-09 18:05:19,471   INFO  Train:    2/10 ( 20%) [2067/27782 (  7%)]  Loss: 0.9714 (1.15)  LR: 1.807e-04  Time cost: 07:57/1:38:56 [07:58/15:54:06]  Acc_iter 29850       Data time: 0.01(0.02)  Forward time: 0.20(0.21)  Batch time: 0.21(0.23)
2026-08-09 18:05:19,878   INFO  a1e06a0b30c0                Sun Aug  9 18:05:19 2026  580.173.02
[0] NVIDIA GeForce RTX 3070 | 70°C,   7 % |  7020 /  8192 MB | root(6288M)

2026-08-09 18:05:31,938   INFO  Train:    2/10 ( 20%) [2117/27782 (  8%)]  Loss: 1.287 (1.15)  LR: 1.811e-04  Time cost: 08:09/1:38:56 [08:10/15:55:43]  Acc_iter 29900       Data time: 0.01(0.02)  Forward time: 0.21(0.21)  Batch time: 0.22(0.23)
2026-08-09 18:05:42,907   INFO  Train:    2/10 ( 20%) [2167/27782 (  8%)]  Loss: 0.7187 (1.15)  LR: 1.815e-04  Time cost: 08:20/1:38:37 [08:21/15:54:23]  Acc_iter 29950       Data time: 0.01(0.02)  Forward time: 0.21(0.21)  Batch time: 0.22(0.23)
2026-08-09 18:05:53,990   INFO  Train:    2/10 ( 20%) [2217/27782 (  8%)]  Loss: 0.9904 (1.15)  LR: 1.819e-04  Time cost: 08:31/1:38:20 [08:32/15:53:20]  Acc_iter 30000       Data time: 0.01(0.02)  Forward time: 0.21(0.21)  Batch time: 0.22(0.23)
2026-08-09 18:05:54,399   INFO  a1e06a0b30c0                Sun Aug  9 18:05:54 2026  580.173.02
[0] NVIDIA GeForce RTX 3070 | 67°C,  91 % |  7020 /  8192 MB | root(6288M)

2026-08-09 18:06:05,527   INFO  Train:    2/10 ( 20%) [2267/27782 (  8%)]  Loss: 0.9789 (1.15)  LR: 1.823e-04  Time cost: 08:43/1:38:09 [08:44/15:53:08]  Acc_iter 30050       Data time: 0.01(0.02)  Forward time: 0.20(0.21)  Batch time: 0.21(0.23)
2026-08-09 18:06:16,835   INFO  Train:    2/10 ( 20%) [2317/27782 (  8%)]  Loss: 1.022 (1.15)  LR: 1.826e-04  Time cost: 08:54/1:37:55 [08:55/15:52:31]  Acc_iter 30100       Data time: 0.01(0.02)  Forward time: 0.23(0.21)  Batch time: 0.25(0.23)
2026-08-09 18:06:28,455   INFO  Train:    2/10 ( 20%) [2367/27782 (  9%)]  Loss: 0.8453 (1.15)  LR: 1.830e-04  Time cost: 09:06/1:37:44 [09:07/15:52:29]  Acc_iter 30150       Data time: 0.01(0.02)  Forward time: 0.20(0.21)  Batch time: 0.21(0.23)
2026-08-09 18:06:28,920   INFO  a1e06a0b30c0                Sun Aug  9 18:06:28 2026  580.173.02
[0] NVIDIA GeForce RTX 3070 | 66°C,   7 % |  7020 /  8192 MB | root(6288M)

2026-08-09 18:06:39,953   INFO  Train:    2/10 ( 20%) [2417/27782 (  9%)]  Loss: 1.397 (1.15)  LR: 1.834e-04  Time cost: 09:17/1:37:32 [09:18/15:52:13]  Acc_iter 30200       Data time: 0.01(0.02)  Forward time: 0.20(0.21)  Batch time: 0.22(0.23)
2026-08-09 18:06:51,009   INFO  Train:    2/10 ( 20%) [2467/27782 (  9%)]  Loss: 0.9036 (1.15)  LR: 1.838e-04  Time cost: 09:28/1:37:15 [09:29/15:51:13]  Acc_iter 30250       Data time: 0.01(0.02)  Forward time: 0.21(0.21)  Batch time: 0.22(0.23)
2026-08-09 18:07:02,118   INFO  Train:    2/10 ( 20%) [2517/27782 (  9%)]  Loss: 1.120 (1.15)  LR: 1.841e-04  Time cost: 09:40/1:37:00 [09:41/15:50:21]  Acc_iter 30300       Data time: 0.01(0.02)  Forward time: 0.23(0.21)  Batch time: 0.25(0.23)
2026-08-09 18:07:02,588   INFO  a1e06a0b30c0                Sun Aug  9 18:07:02 2026  580.173.02
[0] NVIDIA GeForce RTX 3070 | 71°C,  74 % |  7001 /  8192 MB | root(6288M)

2026-08-09 18:07:13,846   INFO  Train:    2/10 ( 20%) [2567/27782 (  9%)]  Loss: 0.9970 (1.15)  LR: 1.845e-04  Time cost: 09:51/1:36:50 [09:52/15:50:29]  Acc_iter 30350       Data time: 0.01(0.02)  Forward time: 0.22(0.21)  Batch time: 0.24(0.23)
2026-08-09 18:07:22,211   INFO  Save latest model to /OpenPCDet/output/OpenPCDet/tools/cfgs/models/S/D/S_D_N/unfrozen_backbone_1_94/ckpt/latest_model
2026-08-09 18:07:25,880   INFO  Train:    2/10 ( 20%) [2617/27782 (  9%)]  Loss: 1.017 (1.15)  LR: 1.849e-04  Time cost: 10:03/1:36:44 [10:04/15:51:06]  Acc_iter 30400       Data time: 0.01(0.02)  Forward time: 0.23(0.21)  Batch time: 0.24(0.23)
2026-08-09 18:07:36,908   INFO  Train:    2/10 ( 20%) [2667/27782 ( 10%)]  Loss: 0.7176 (1.15)  LR: 1.853e-04  Time cost: 10:14/1:36:27 [10:15/15:50:08]  Acc_iter 30450       Data time: 0.01(0.02)  Forward time: 0.20(0.21)  Batch time: 0.21(0.23)
2026-08-09 18:07:37,303   INFO  a1e06a0b30c0                Sun Aug  9 18:07:37 2026  580.173.02
[0] NVIDIA GeForce RTX 3070 | 65°C,  83 % |  7009 /  8192 MB | root(6288M)

2026-08-09 18:07:48,367   INFO  Train:    2/10 ( 20%) [2717/27782 ( 10%)]  Loss: 0.7630 (1.15)  LR: 1.857e-04  Time cost: 10:26/1:36:15 [10:27/15:49:50]  Acc_iter 30500       Data time: 0.01(0.02)  Forward time: 0.20(0.21)  Batch time: 0.22(0.23)
2026-08-09 18:07:59,351   INFO  Train:    2/10 ( 20%) [2767/27782 ( 10%)]  Loss: 1.037 (1.15)  LR: 1.860e-04  Time cost: 10:37/1:35:59 [10:38/15:48:51]  Acc_iter 30550       Data time: 0.02(0.02)  Forward time: 0.23(0.21)  Batch time: 0.24(0.23)
2026-08-09 18:08:10,607   INFO  Train:    2/10 ( 20%) [2817/27782 ( 10%)]  Loss: 1.403 (1.15)  LR: 1.864e-04  Time cost: 10:48/1:35:45 [10:49/15:48:17]  Acc_iter 30600       Data time: 0.01(0.02)  Forward time: 0.23(0.21)  Batch time: 0.24(0.23)
2026-08-09 18:08:11,137   INFO  a1e06a0b30c0                Sun Aug  9 18:08:11 2026  580.173.02
[0] NVIDIA GeForce RTX 3070 | 70°C,  77 % |  7006 /  8192 MB | root(6288M)

2026-08-09 18:08:23,087   INFO  Train:    2/10 ( 20%) [2867/27782 ( 10%)]  Loss: 1.204 (1.15)  LR: 1.868e-04  Time cost: 11:01/1:35:42 [11:01/15:49:29]  Acc_iter 30650       Data time: 0.01(0.02)  Forward time: 0.23(0.21)  Batch time: 0.24(0.23)
2026-08-09 18:08:34,355   INFO  Train:    2/10 ( 20%) [2917/27782 ( 10%)]  Loss: 0.8112 (1.15)  LR: 1.872e-04  Time cost: 11:12/1:35:28 [11:13/15:48:56]  Acc_iter 30700       Data time: 0.03(0.02)  Forward time: 0.22(0.21)  Batch time: 0.25(0.23)
2026-08-09 18:08:45,285   INFO  Train:    2/10 ( 20%) [2967/27782 ( 11%)]  Loss: 0.9782 (1.15)  LR: 1.875e-04  Time cost: 11:23/1:35:12 [11:24/15:47:55]  Acc_iter 30750       Data time: 0.01(0.02)  Forward time: 0.22(0.21)  Batch time: 0.23(0.23)
2026-08-09 18:08:45,746   INFO  a1e06a0b30c0                Sun Aug  9 18:08:45 2026  580.173.02
[0] NVIDIA GeForce RTX 3070 | 64°C,   5 % |  7005 /  8192 MB | root(6288M)

2026-08-09 18:08:56,972   INFO  Train:    2/10 ( 20%) [3017/27782 ( 11%)]  Loss: 1.240 (1.15)  LR: 1.879e-04  Time cost: 11:34/1:35:02 [11:35/15:47:58]  Acc_iter 30800       Data time: 0.01(0.02)  Forward time: 0.23(0.21)  Batch time: 0.24(0.23)
2026-08-09 18:09:08,225   INFO  Train:    2/10 ( 20%) [3067/27782 ( 11%)]  Loss: 1.138 (1.15)  LR: 1.883e-04  Time cost: 11:46/1:34:48 [11:47/15:47:26]  Acc_iter 30850       Data time: 0.01(0.02)  Forward time: 0.22(0.21)  Batch time: 0.23(0.23)
2026-08-09 18:09:20,054   INFO  Train:    2/10 ( 20%) [3117/27782 ( 11%)]  Loss: 0.5989 (1.15)  LR: 1.887e-04  Time cost: 11:58/1:34:39 [11:58/15:47:40]  Acc_iter 30900       Data time: 0.01(0.02)  Forward time: 0.22(0.21)  Batch time: 0.24(0.23)
2026-08-09 18:09:20,535   INFO  a1e06a0b30c0                Sun Aug  9 18:09:20 2026  580.173.02
[0] NVIDIA GeForce RTX 3070 | 69°C,  87 % |  7014 /  8192 MB | root(6288M)

2026-08-09 18:09:31,870   INFO  Train:    2/10 ( 20%) [3167/27782 ( 11%)]  Loss: 1.014 (1.15)  LR: 1.890e-04  Time cost: 12:09/1:34:30 [12:10/15:47:52]  Acc_iter 30950       Data time: 0.01(0.02)  Forward time: 0.20(0.21)  Batch time: 0.21(0.23)
2026-08-09 18:09:42,812   INFO  Train:    2/10 ( 20%) [3217/27782 ( 12%)]  Loss: 1.062 (1.15)  LR: 1.894e-04  Time cost: 12:20/1:34:14 [12:21/15:46:56]  Acc_iter 31000       Data time: 0.01(0.02)  Forward time: 0.21(0.21)  Batch time: 0.22(0.23)
2026-08-09 18:09:53,876   INFO  Train:    2/10 ( 20%) [3267/27782 ( 12%)]  Loss: 0.8537 (1.15)  LR: 1.898e-04  Time cost: 12:31/1:33:59 [12:32/15:46:11]  Acc_iter 31050       Data time: 0.01(0.02)  Forward time: 0.20(0.21)  Batch time: 0.21(0.23)
2026-08-09 18:09:54,271   INFO  a1e06a0b30c0                Sun Aug  9 18:09:54 2026  580.173.02
[0] NVIDIA GeForce RTX 3070 | 65°C,  84 % |  7011 /  8192 MB | root(6288M)

2026-08-09 18:10:05,548   INFO  Train:    2/10 ( 20%) [3317/27782 ( 12%)]  Loss: 0.7933 (1.15)  LR: 1.902e-04  Time cost: 12:43/1:33:49 [12:44/15:46:12]  Acc_iter 31100       Data time: 0.01(0.02)  Forward time: 0.20(0.21)  Batch time: 0.21(0.23)
2026-08-09 18:10:17,360   INFO  Train:    2/10 ( 20%) [3367/27782 ( 12%)]  Loss: 0.8381 (1.15)  LR: 1.905e-04  Time cost: 12:55/1:33:40 [12:56/15:46:23]  Acc_iter 31150       Data time: 0.01(0.02)  Forward time: 0.23(0.21)  Batch time: 0.24(0.23)
2026-08-09 18:10:28,669   INFO  Train:    2/10 ( 20%) [3417/27782 ( 12%)]  Loss: 1.295 (1.15)  LR: 1.909e-04  Time cost: 13:06/1:33:27 [13:07/15:45:57]  Acc_iter 31200       Data time: 0.01(0.02)  Forward time: 0.22(0.21)  Batch time: 0.23(0.23)
2026-08-09 18:10:29,105   INFO  a1e06a0b30c0                Sun Aug  9 18:10:29 2026  580.173.02
[0] NVIDIA GeForce RTX 3070 | 70°C,  93 % |  7011 /  8192 MB | root(6288M)

2026-08-09 18:10:39,971   INFO  Train:    2/10 ( 20%) [3467/27782 ( 12%)]  Loss: 1.051 (1.15)  LR: 1.913e-04  Time cost: 13:17/1:33:14 [13:18/15:45:31]  Acc_iter 31250       Data time: 0.01(0.02)  Forward time: 0.20(0.21)  Batch time: 0.21(0.23)
2026-08-09 18:10:50,936   INFO  Train:    2/10 ( 20%) [3517/27782 ( 13%)]  Loss: 0.6745 (1.15)  LR: 1.917e-04  Time cost: 13:28/1:32:59 [13:29/15:44:42]  Acc_iter 31300       Data time: 0.01(0.02)  Forward time: 0.20(0.21)  Batch time: 0.21(0.23)
2026-08-09 18:11:02,358   INFO  Train:    2/10 ( 20%) [3567/27782 ( 13%)]  Loss: 0.8184 (1.15)  LR: 1.920e-04  Time cost: 13:40/1:32:47 [13:41/15:44:25]  Acc_iter 31350       Data time: 0.01(0.02)  Forward time: 0.21(0.21)  Batch time: 0.22(0.23)
2026-08-09 18:11:02,758   INFO  a1e06a0b30c0                Sun Aug  9 18:11:02 2026  580.173.02
[0] NVIDIA GeForce RTX 3070 | 64°C,   4 % |  7010 /  8192 MB | root(6288M)

2026-08-09 18:11:14,263   INFO  Train:    2/10 ( 20%) [3617/27782 ( 13%)]  Loss: 0.9646 (1.15)  LR: 1.924e-04  Time cost: 13:52/1:32:38 [13:53/15:44:41]  Acc_iter 31400       Data time: 0.01(0.02)  Forward time: 0.21(0.21)  Batch time: 0.23(0.23)
2026-08-09 18:11:25,829   INFO  Train:    2/10 ( 20%) [3667/27782 ( 13%)]  Loss: 0.8535 (1.15)  LR: 1.928e-04  Time cost: 14:03/1:32:27 [14:04/15:44:34]  Acc_iter 31450       Data time: 0.01(0.02)  Forward time: 0.23(0.21)  Batch time: 0.24(0.23)
2026-08-09 18:11:36,744   INFO  Train:    2/10 ( 20%) [3717/27782 ( 13%)]  Loss: 0.9109 (1.15)  LR: 1.932e-04  Time cost: 14:14/1:32:12 [14:15/15:43:44]  Acc_iter 31500       Data time: 0.01(0.02)  Forward time: 0.20(0.21)  Batch time: 0.21(0.23)
2026-08-09 18:11:37,174   INFO  a1e06a0b30c0                Sun Aug  9 18:11:37 2026  580.173.02
[0] NVIDIA GeForce RTX 3070 | 70°C,  90 % |  7009 /  8192 MB | root(6288M)

2026-08-09 18:11:48,269   INFO  Train:    2/10 ( 20%) [3767/27782 ( 14%)]  Loss: 1.013 (1.15)  LR: 1.935e-04  Time cost: 14:26/1:32:00 [14:27/15:43:34]  Acc_iter 31550       Data time: 0.01(0.02)  Forward time: 0.22(0.21)  Batch time: 0.23(0.23)
2026-08-09 18:11:59,372   INFO  Train:    2/10 ( 20%) [3817/27782 ( 14%)]  Loss: 0.9706 (1.15)  LR: 1.939e-04  Time cost: 14:37/1:31:46 [14:38/15:42:58]  Acc_iter 31600       Data time: 0.01(0.02)  Forward time: 0.23(0.21)  Batch time: 0.24(0.23)
2026-08-09 18:12:10,912   INFO  Train:    2/10 ( 20%) [3867/27782 ( 14%)]  Loss: 0.6071 (1.15)  LR: 1.943e-04  Time cost: 14:48/1:31:35 [14:49/15:42:49]  Acc_iter 31650       Data time: 0.01(0.02)  Forward time: 0.24(0.21)  Batch time: 0.25(0.23)
2026-08-09 18:12:11,388   INFO  a1e06a0b30c0                Sun Aug  9 18:12:11 2026  580.173.02
[0] NVIDIA GeForce RTX 3070 | 64°C,  70 % |  7006 /  8192 MB | root(6288M)

2026-08-09 18:12:22,227   INFO  Save latest model to /OpenPCDet/output/OpenPCDet/tools/cfgs/models/S/D/S_D_N/unfrozen_backbone_1_94/ckpt/latest_model
2026-08-09 18:12:23,100   INFO  Train:    2/10 ( 20%) [3917/27782 ( 14%)]  Loss: 1.057 (1.15)  LR: 1.947e-04  Time cost: 15:01/1:31:28 [15:02/15:43:22]  Acc_iter 31700       Data time: 0.01(0.02)  Forward time: 0.20(0.21)  Batch time: 0.22(0.23)
2026-08-09 18:12:34,162   INFO  Train:    2/10 ( 20%) [3967/27782 ( 14%)]  Loss: 0.8392 (1.15)  LR: 1.950e-04  Time cost: 15:12/1:31:14 [15:13/15:42:43]  Acc_iter 31750       Data time: 0.01(0.02)  Forward time: 0.20(0.21)  Batch time: 0.21(0.23)
2026-08-09 18:12:45,208   INFO  Train:    2/10 ( 20%) [4017/27782 ( 14%)]  Loss: 0.6289 (1.15)  LR: 1.954e-04  Time cost: 15:23/1:31:00 [15:24/15:42:04]  Acc_iter 31800       Data time: 0.01(0.02)  Forward time: 0.21(0.21)  Batch time: 0.22(0.23)
2026-08-09 18:12:45,670   INFO  a1e06a0b30c0                Sun Aug  9 18:12:45 2026  580.173.02
[0] NVIDIA GeForce RTX 3070 | 71°C, 100 % |  7013 /  8192 MB | root(6288M)

2026-08-09 18:12:56,823   INFO  Train:    2/10 ( 20%) [4067/27782 ( 15%)]  Loss: 0.6866 (1.15)  LR: 1.958e-04  Time cost: 15:34/1:30:49 [15:35/15:42:00]  Acc_iter 31850       Data time: 0.01(0.02)  Forward time: 0.21(0.21)  Batch time: 0.23(0.23)
2026-08-09 18:13:08,346   INFO  Train:    2/10 ( 20%) [4117/27782 ( 15%)]  Loss: 1.128 (1.15)  LR: 1.961e-04  Time cost: 15:46/1:30:38 [15:47/15:41:51]  Acc_iter 31900       Data time: 0.01(0.02)  Forward time: 0.24(0.21)  Batch time: 0.25(0.23)
2026-08-09 18:13:19,946   INFO  Train:    2/10 ( 20%) [4167/27782 ( 15%)]  Loss: 2.066 (1.15)  LR: 1.965e-04  Time cost: 15:57/1:30:27 [15:58/15:41:46]  Acc_iter 31950       Data time: 0.03(0.02)  Forward time: 0.23(0.21)  Batch time: 0.26(0.23)
2026-08-09 18:13:20,356   INFO  a1e06a0b30c0                Sun Aug  9 18:13:20 2026  580.173.02
[0] NVIDIA GeForce RTX 3070 | 66°C,  84 % |  7009 /  8192 MB | root(6288M)

2026-08-09 18:13:31,357   INFO  Train:    2/10 ( 20%) [4217/27782 ( 15%)]  Loss: 0.8689 (1.15)  LR: 1.969e-04  Time cost: 16:09/1:30:15 [16:10/15:41:30]  Acc_iter 32000       Data time: 0.01(0.02)  Forward time: 0.20(0.21)  Batch time: 0.21(0.23)
2026-08-09 18:13:42,382   INFO  Train:    2/10 ( 20%) [4267/27782 ( 15%)]  Loss: 0.9011 (1.15)  LR: 1.973e-04  Time cost: 16:20/1:30:01 [16:21/15:40:52]  Acc_iter 32050       Data time: 0.01(0.02)  Forward time: 0.24(0.21)  Batch time: 0.25(0.23)
2026-08-09 18:13:53,518   INFO  Train:    2/10 ( 20%) [4317/27782 ( 16%)]  Loss: 0.9882 (1.15)  LR: 1.976e-04  Time cost: 16:31/1:29:47 [16:32/15:40:20]  Acc_iter 32100       Data time: 0.01(0.02)  Forward time: 0.21(0.21)  Batch time: 0.22(0.23)
2026-08-09 18:13:53,922   INFO  a1e06a0b30c0                Sun Aug  9 18:13:53 2026  580.173.02
[0] NVIDIA GeForce RTX 3070 | 72°C,   7 % |  7010 /  8192 MB | root(6288M)

2026-08-09 18:14:05,340   INFO  Train:    2/10 ( 20%) [4367/27782 ( 16%)]  Loss: 1.125 (1.15)  LR: 1.980e-04  Time cost: 16:43/1:29:38 [16:44/15:40:28]  Acc_iter 32150       Data time: 0.01(0.02)  Forward time: 0.23(0.21)  Batch time: 0.24(0.23)
2026-08-09 18:14:16,963   INFO  Train:    2/10 ( 20%) [4417/27782 ( 16%)]  Loss: 1.257 (1.15)  LR: 1.984e-04  Time cost: 16:54/1:29:27 [16:55/15:40:24]  Acc_iter 32200       Data time: 0.01(0.02)  Forward time: 0.20(0.21)  Batch time: 0.21(0.23)
2026-08-09 18:14:27,926   INFO  Train:    2/10 ( 20%) [4467/27782 ( 16%)]  Loss: 1.834 (1.15)  LR: 1.987e-04  Time cost: 17:05/1:29:13 [17:06/15:39:44]  Acc_iter 32250       Data time: 0.01(0.02)  Forward time: 0.21(0.21)  Batch time: 0.22(0.23)
2026-08-09 18:14:28,335   INFO  a1e06a0b30c0                Sun Aug  9 18:14:28 2026  580.173.02
[0] NVIDIA GeForce RTX 3070 | 68°C,  89 % |  7008 /  8192 MB | root(6288M)

2026-08-09 18:14:39,446   INFO  Train:    2/10 ( 20%) [4517/27782 ( 16%)]  Loss: 1.522 (1.15)  LR: 1.991e-04  Time cost: 17:17/1:29:01 [17:18/15:39:35]  Acc_iter 32300       Data time: 0.01(0.02)  Forward time: 0.20(0.21)  Batch time: 0.21(0.23)
2026-08-09 18:14:50,577   INFO  Train:    2/10 ( 20%) [4567/27782 ( 16%)]  Loss: 0.8837 (1.15)  LR: 1.995e-04  Time cost: 17:28/1:28:48 [17:29/15:39:04]  Acc_iter 32350       Data time: 0.01(0.02)  Forward time: 0.20(0.21)  Batch time: 0.21(0.23)
2026-08-09 18:15:02,124   INFO  Train:    2/10 ( 20%) [4617/27782 ( 17%)]  Loss: 1.020 (1.15)  LR: 1.998e-04  Time cost: 17:40/1:28:37 [17:41/15:38:57]  Acc_iter 32400       Data time: 0.01(0.02)  Forward time: 0.20(0.21)  Batch time: 0.21(0.23)
2026-08-09 18:15:02,616   INFO  a1e06a0b30c0                Sun Aug  9 18:15:02 2026  580.173.02
[0] NVIDIA GeForce RTX 3070 | 72°C,  68 % |  7009 /  8192 MB | root(6288M)

2026-08-09 18:15:14,299   INFO  Train:    2/10 ( 20%) [4667/27782 ( 17%)]  Loss: 1.772 (1.15)  LR: 2.002e-04  Time cost: 17:52/1:28:29 [17:53/15:39:22]  Acc_iter 32450       Data time: 0.01(0.02)  Forward time: 0.21(0.21)  Batch time: 0.22(0.23)
2026-08-09 18:15:25,528   INFO  Train:    2/10 ( 20%) [4717/27782 ( 17%)]  Loss: 0.6601 (1.15)  LR: 2.006e-04  Time cost: 18:03/1:28:16 [18:04/15:38:57]  Acc_iter 32500       Data time: 0.01(0.02)  Forward time: 0.20(0.21)  Batch time: 0.21(0.23)
