2026-07-24 19:25:45,420   INFO  **********************Start logging**********************
2026-07-24 19:25:45,421   INFO  CUDA_VISIBLE_DEVICES=ALL
2026-07-24 19:25:45,421   INFO  Training with a single process
2026-07-24 19:25:45,421   INFO  cfg_file         /OpenPCDet/tools/cfgs/models/S/D/S_D_N.yaml
2026-07-24 19:25:45,421   INFO  batch_size       4
2026-07-24 19:25:45,421   INFO  epochs           40
2026-07-24 19:25:45,421   INFO  workers          4
2026-07-24 19:25:45,421   INFO  extra_tag        frozen_backbone_1_9
2026-07-24 19:25:45,421   INFO  ckpt             None
2026-07-24 19:25:45,421   INFO  pretrained_model /OpenPCDet/pcdet/models/pth/S_7862.pth
2026-07-24 19:25:45,421   INFO  launcher         none
2026-07-24 19:25:45,421   INFO  tcp_port         18888
2026-07-24 19:25:45,421   INFO  sync_bn          False
2026-07-24 19:25:45,421   INFO  fix_random_seed  False
2026-07-24 19:25:45,421   INFO  ckpt_save_interval 1
2026-07-24 19:25:45,421   INFO  local_rank       None
2026-07-24 19:25:45,421   INFO  max_ckpt_save_num 30
2026-07-24 19:25:45,421   INFO  merge_all_iters_to_one_epoch False
2026-07-24 19:25:45,421   INFO  set_cfgs         None
2026-07-24 19:25:45,421   INFO  max_waiting_mins 0
2026-07-24 19:25:45,421   INFO  start_epoch      0
2026-07-24 19:25:45,421   INFO  num_epochs_to_eval 0
2026-07-24 19:25:45,421   INFO  save_to_file     False
2026-07-24 19:25:45,421   INFO  use_tqdm_to_record False
2026-07-24 19:25:45,421   INFO  logger_iter_interval 50
2026-07-24 19:25:45,421   INFO  ckpt_save_time_interval 300
2026-07-24 19:25:45,421   INFO  wo_gpu_stat      False
2026-07-24 19:25:45,421   INFO  use_amp          False
2026-07-24 19:25:45,421   INFO  freeze_backbone  True
2026-07-24 19:25:45,421   INFO  freeze_bn        False
2026-07-24 19:25:45,421   INFO  cfg.ROOT_DIR: /OpenPCDet
2026-07-24 19:25:45,421   INFO  cfg.LOCAL_RANK: 0
2026-07-24 19:25:45,421   INFO  cfg.CLASS_NAMES: ['car', 'pedestrian', 'bicycle']
2026-07-24 19:25:45,421   INFO  ----------- MAP_CLASS_TO_KITTI -----------
2026-07-24 19:25:45,422   INFO  cfg.MAP_CLASS_TO_KITTI.car: Car
2026-07-24 19:25:45,422   INFO  cfg.MAP_CLASS_TO_KITTI.pedestrian: Pedestrian
2026-07-24 19:25:45,422   INFO  cfg.MAP_CLASS_TO_KITTI.bicycle: Cyclist
2026-07-24 19:25:45,422   INFO  ----------- DATA_CONFIG -----------
2026-07-24 19:25:45,422   INFO  cfg.DATA_CONFIG.DATASET: NuScenesDataset
2026-07-24 19:25:45,422   INFO  cfg.DATA_CONFIG.DATA_PATH: ../datasets/nuscenes
2026-07-24 19:25:45,422   INFO  cfg.DATA_CONFIG.VERSION: v1.0-trainval
2026-07-24 19:25:45,422   INFO  cfg.DATA_CONFIG.MAX_SWEEPS: 1
2026-07-24 19:25:45,422   INFO  cfg.DATA_CONFIG.PRED_VELOCITY: False
2026-07-24 19:25:45,422   INFO  cfg.DATA_CONFIG.SET_NAN_VELOCITY_TO_ZEROS: True
2026-07-24 19:25:45,422   INFO  cfg.DATA_CONFIG.FILTER_MIN_POINTS_IN_GT: 1
2026-07-24 19:25:45,422   INFO  ----------- MAP_CLASS_TO_KITTI -----------
2026-07-24 19:25:45,422   INFO  cfg.DATA_CONFIG.MAP_CLASS_TO_KITTI.car: Car
2026-07-24 19:25:45,422   INFO  cfg.DATA_CONFIG.MAP_CLASS_TO_KITTI.pedestrian: Pedestrian
2026-07-24 19:25:45,422   INFO  cfg.DATA_CONFIG.MAP_CLASS_TO_KITTI.bicycle: Cyclist
2026-07-24 19:25:45,422   INFO  ----------- DATA_SPLIT -----------
2026-07-24 19:25:45,422   INFO  cfg.DATA_CONFIG.DATA_SPLIT.train: train
2026-07-24 19:25:45,422   INFO  cfg.DATA_CONFIG.DATA_SPLIT.test: val
2026-07-24 19:25:45,422   INFO  ----------- INFO_PATH -----------
2026-07-24 19:25:45,422   INFO  cfg.DATA_CONFIG.INFO_PATH.train: ['nuscenes_infos_1sweeps_train.pkl']
2026-07-24 19:25:45,422   INFO  cfg.DATA_CONFIG.INFO_PATH.test: ['nuscenes_infos_1sweeps_val.pkl']
2026-07-24 19:25:45,422   INFO  cfg.DATA_CONFIG.POINT_CLOUD_RANGE: [-51.2, -51.2, -5.0, 51.2, 51.2, 3.0]
2026-07-24 19:25:45,422   INFO  cfg.DATA_CONFIG.BALANCED_RESAMPLING: True
2026-07-24 19:25:45,422   INFO  ----------- DATA_AUGMENTOR -----------
2026-07-24 19:25:45,422   INFO  cfg.DATA_CONFIG.DATA_AUGMENTOR.DISABLE_AUG_LIST: ['placeholder']
2026-07-24 19:25:45,422   INFO  cfg.DATA_CONFIG.DATA_AUGMENTOR.AUG_CONFIG_LIST: [{'NAME': 'gt_sampling', 'DB_INFO_PATH': ['nuscenes_dbinfos_1sweeps_withvelo.pkl'], 'PREPARE': {'filter_by_min_points': ['car:5', 'bicycle:5', 'pedestrian:5']}, 'SAMPLE_GROUPS': ['car:2', 'bicycle:6', 'pedestrian:2'], 'NUM_POINT_FEATURES': 4, 'DATABASE_WITH_FAKELIDAR': False, 'REMOVE_EXTRA_WIDTH': [0.0, 0.0, 0.0], 'LIMIT_WHOLE_SCENE': True}, {'NAME': 'random_world_flip', 'ALONG_AXIS_LIST': ['x', 'y']}, {'NAME': 'random_world_rotation', 'WORLD_ROT_ANGLE': [-0.3925, 0.3925]}, {'NAME': 'random_world_scaling', 'WORLD_SCALE_RANGE': [0.95, 1.05]}]
2026-07-24 19:25:45,422   INFO  ----------- POINT_FEATURE_ENCODING -----------
2026-07-24 19:25:45,422   INFO  cfg.DATA_CONFIG.POINT_FEATURE_ENCODING.encoding_type: absolute_coordinates_encoding
2026-07-24 19:25:45,422   INFO  cfg.DATA_CONFIG.POINT_FEATURE_ENCODING.used_feature_list: ['x', 'y', 'z', 'intensity']
2026-07-24 19:25:45,422   INFO  cfg.DATA_CONFIG.POINT_FEATURE_ENCODING.src_feature_list: ['x', 'y', 'z', 'intensity']
2026-07-24 19:25:45,422   INFO  cfg.DATA_CONFIG.DATA_PROCESSOR: [{'NAME': 'mask_points_and_boxes_outside_range', 'REMOVE_OUTSIDE_BOXES': True}, {'NAME': 'shuffle_points', 'SHUFFLE_ENABLED': {'train': True, 'test': True}}, {'NAME': 'transform_points_to_voxels', 'VOXEL_SIZE': [0.1, 0.1, 0.2], 'MAX_POINTS_PER_VOXEL': 45, 'MAX_NUMBER_OF_VOXELS': {'train': 60000, 'test': 60000}}]
2026-07-24 19:25:45,422   INFO  cfg.DATA_CONFIG._BASE_CONFIG_: cfgs/dataset_configs/nuscenes_dataset.yaml
2026-07-24 19:25:45,422   INFO  cfg.DATA_CONFIG.VOXEL_SIZE: [0.1, 0.1, 0.2]
2026-07-24 19:25:45,422   INFO  cfg.DATA_CONFIG.MAX_POINTS_PER_VOXEL: 45
2026-07-24 19:25:45,423   INFO  ----------- MODEL -----------
2026-07-24 19:25:45,423   INFO  cfg.MODEL.NAME: SECONDNet
2026-07-24 19:25:45,423   INFO  ----------- VFE -----------
2026-07-24 19:25:45,423   INFO  cfg.MODEL.VFE.NAME: MeanVFE
2026-07-24 19:25:45,423   INFO  ----------- BACKBONE_3D -----------
2026-07-24 19:25:45,423   INFO  cfg.MODEL.BACKBONE_3D.NAME: VoxelBackBone8x
2026-07-24 19:25:45,423   INFO  ----------- MAP_TO_BEV -----------
2026-07-24 19:25:45,423   INFO  cfg.MODEL.MAP_TO_BEV.NAME: HeightCompression
2026-07-24 19:25:45,423   INFO  cfg.MODEL.MAP_TO_BEV.NUM_BEV_FEATURES: 256
2026-07-24 19:25:45,423   INFO  ----------- BACKBONE_2D -----------
2026-07-24 19:25:45,423   INFO  cfg.MODEL.BACKBONE_2D.NAME: BaseBEVBackbone
2026-07-24 19:25:45,423   INFO  cfg.MODEL.BACKBONE_2D.LAYER_NUMS: [5, 5]
2026-07-24 19:25:45,423   INFO  cfg.MODEL.BACKBONE_2D.LAYER_STRIDES: [1, 2]
2026-07-24 19:25:45,423   INFO  cfg.MODEL.BACKBONE_2D.NUM_FILTERS: [128, 256]
2026-07-24 19:25:45,423   INFO  cfg.MODEL.BACKBONE_2D.UPSAMPLE_STRIDES: [1, 2]
2026-07-24 19:25:45,423   INFO  cfg.MODEL.BACKBONE_2D.NUM_UPSAMPLE_FILTERS: [256, 256]
2026-07-24 19:25:45,423   INFO  ----------- DENSE_HEAD -----------
2026-07-24 19:25:45,423   INFO  cfg.MODEL.DENSE_HEAD.NAME: AnchorHeadSingle
2026-07-24 19:25:45,423   INFO  cfg.MODEL.DENSE_HEAD.CLASS_AGNOSTIC: False
2026-07-24 19:25:45,423   INFO  cfg.MODEL.DENSE_HEAD.USE_DIRECTION_CLASSIFIER: True
2026-07-24 19:25:45,423   INFO  cfg.MODEL.DENSE_HEAD.DIR_OFFSET: 0.78539
2026-07-24 19:25:45,423   INFO  cfg.MODEL.DENSE_HEAD.DIR_LIMIT_OFFSET: 0.0
2026-07-24 19:25:45,423   INFO  cfg.MODEL.DENSE_HEAD.NUM_DIR_BINS: 2
2026-07-24 19:25:45,423   INFO  cfg.MODEL.DENSE_HEAD.ANCHOR_GENERATOR_CONFIG: [{'class_name': 'Car', 'anchor_sizes': [[3.9, 1.6, 1.56]], 'anchor_rotations': [0, 1.57], 'anchor_bottom_heights': [-1.78], 'align_center': False, 'feature_map_stride': 8, 'matched_threshold': 0.6, 'unmatched_threshold': 0.45}, {'class_name': 'Pedestrian', 'anchor_sizes': [[0.8, 0.6, 1.73]], 'anchor_rotations': [0, 1.57], 'anchor_bottom_heights': [-0.6], 'align_center': False, 'feature_map_stride': 8, 'matched_threshold': 0.5, 'unmatched_threshold': 0.35}, {'class_name': 'Cyclist', 'anchor_sizes': [[1.76, 0.6, 1.73]], 'anchor_rotations': [0, 1.57], 'anchor_bottom_heights': [-0.6], 'align_center': False, 'feature_map_stride': 8, 'matched_threshold': 0.5, 'unmatched_threshold': 0.35}]
2026-07-24 19:25:45,423   INFO  ----------- TARGET_ASSIGNER_CONFIG -----------
2026-07-24 19:25:45,423   INFO  cfg.MODEL.DENSE_HEAD.TARGET_ASSIGNER_CONFIG.NAME: AxisAlignedTargetAssigner
2026-07-24 19:25:45,423   INFO  cfg.MODEL.DENSE_HEAD.TARGET_ASSIGNER_CONFIG.POS_FRACTION: -1.0
2026-07-24 19:25:45,423   INFO  cfg.MODEL.DENSE_HEAD.TARGET_ASSIGNER_CONFIG.SAMPLE_SIZE: 512
2026-07-24 19:25:45,423   INFO  cfg.MODEL.DENSE_HEAD.TARGET_ASSIGNER_CONFIG.NORM_BY_NUM_EXAMPLES: False
2026-07-24 19:25:45,423   INFO  cfg.MODEL.DENSE_HEAD.TARGET_ASSIGNER_CONFIG.MATCH_HEIGHT: False
2026-07-24 19:25:45,423   INFO  cfg.MODEL.DENSE_HEAD.TARGET_ASSIGNER_CONFIG.BOX_CODER: ResidualCoder
2026-07-24 19:25:45,423   INFO  ----------- LOSS_CONFIG -----------
2026-07-24 19:25:45,423   INFO  ----------- LOSS_WEIGHTS -----------
2026-07-24 19:25:45,423   INFO  cfg.MODEL.DENSE_HEAD.LOSS_CONFIG.LOSS_WEIGHTS.cls_weight: 1.0
2026-07-24 19:25:45,424   INFO  cfg.MODEL.DENSE_HEAD.LOSS_CONFIG.LOSS_WEIGHTS.loc_weight: 2.0
2026-07-24 19:25:45,424   INFO  cfg.MODEL.DENSE_HEAD.LOSS_CONFIG.LOSS_WEIGHTS.dir_weight: 0.2
2026-07-24 19:25:45,424   INFO  cfg.MODEL.DENSE_HEAD.LOSS_CONFIG.LOSS_WEIGHTS.code_weights: [1.0, 1.0, 1.0, 1.0, 1.0, 1.0, 1.0]
2026-07-24 19:25:45,424   INFO  ----------- POST_PROCESSING -----------
2026-07-24 19:25:45,424   INFO  cfg.MODEL.POST_PROCESSING.RECALL_THRESH_LIST: [0.3, 0.5, 0.7]
2026-07-24 19:25:45,424   INFO  cfg.MODEL.POST_PROCESSING.SCORE_THRESH: 0.1
2026-07-24 19:25:45,424   INFO  cfg.MODEL.POST_PROCESSING.OUTPUT_RAW_SCORE: False
2026-07-24 19:25:45,424   INFO  cfg.MODEL.POST_PROCESSING.EVAL_METRIC: kitti
2026-07-24 19:25:45,424   INFO  ----------- NMS_CONFIG -----------
2026-07-24 19:25:45,424   INFO  cfg.MODEL.POST_PROCESSING.NMS_CONFIG.MULTI_CLASSES_NMS: False
2026-07-24 19:25:45,424   INFO  cfg.MODEL.POST_PROCESSING.NMS_CONFIG.NMS_TYPE: nms_gpu
2026-07-24 19:25:45,424   INFO  cfg.MODEL.POST_PROCESSING.NMS_CONFIG.NMS_THRESH: 0.2
2026-07-24 19:25:45,424   INFO  cfg.MODEL.POST_PROCESSING.NMS_CONFIG.NMS_PRE_MAXSIZE: 1000
2026-07-24 19:25:45,424   INFO  cfg.MODEL.POST_PROCESSING.NMS_CONFIG.NMS_POST_MAXSIZE: 83
2026-07-24 19:25:45,424   INFO  ----------- OPTIMIZATION -----------
2026-07-24 19:25:45,424   INFO  cfg.OPTIMIZATION.BATCH_SIZE_PER_GPU: 4
2026-07-24 19:25:45,424   INFO  cfg.OPTIMIZATION.NUM_EPOCHS: 40
2026-07-24 19:25:45,424   INFO  cfg.OPTIMIZATION.OPTIMIZER: adam_onecycle
2026-07-24 19:25:45,424   INFO  cfg.OPTIMIZATION.LR: 0.0003
2026-07-24 19:25:45,424   INFO  cfg.OPTIMIZATION.WEIGHT_DECAY: 0.01
2026-07-24 19:25:45,424   INFO  cfg.OPTIMIZATION.MOMENTUM: 0.9
2026-07-24 19:25:45,424   INFO  cfg.OPTIMIZATION.MOMS: [0.95, 0.85]
2026-07-24 19:25:45,424   INFO  cfg.OPTIMIZATION.PCT_START: 0.2
2026-07-24 19:25:45,424   INFO  cfg.OPTIMIZATION.DIV_FACTOR: 10
2026-07-24 19:25:45,424   INFO  cfg.OPTIMIZATION.DECAY_STEP_LIST: [25, 35]
2026-07-24 19:25:45,424   INFO  cfg.OPTIMIZATION.LR_DECAY: 0.1
2026-07-24 19:25:45,424   INFO  cfg.OPTIMIZATION.LR_CLIP: 1e-07
2026-07-24 19:25:45,424   INFO  cfg.OPTIMIZATION.LR_WARMUP: False
2026-07-24 19:25:45,424   INFO  cfg.OPTIMIZATION.WARMUP_EPOCH: 1
2026-07-24 19:25:45,424   INFO  cfg.OPTIMIZATION.GRAD_NORM_CLIP: 10
2026-07-24 19:25:45,424   INFO  cfg.TAG: S_D_N
2026-07-24 19:25:45,424   INFO  cfg.EXP_GROUP_PATH: OpenPCDet/tools/cfgs/models/S/D
2026-07-24 19:25:45,427   INFO  ----------- Create dataloader & network & optimizer -----------
2026-07-24 19:25:47,552   INFO  Database filter by min points car: 339949 => 197404
2026-07-24 19:25:47,558   INFO  Database filter by min points bicycle: 8185 => 4216
2026-07-24 19:25:47,573   INFO  Database filter by min points pedestrian: 161928 => 68643
2026-07-24 19:25:47,776   INFO  Loading NuScenes dataset
2026-07-24 19:25:48,364   INFO  Total samples for NuScenes dataset: 28130
2026-07-24 19:25:48,580   INFO  Total samples after balanced resampling: 55563
2026-07-24 19:25:50,107   INFO  Freezing 3D and 2D backbone parameters...
