2026-05-12 20:11:01,336   INFO  **********************Start logging**********************
2026-05-12 20:11:01,336   INFO  CUDA_VISIBLE_DEVICES=ALL
2026-05-12 20:11:01,336   INFO  Training with a single process
2026-05-12 20:11:01,336   INFO  cfg_file         /OpenPCDet/tools/cfgs/custom_models/pointpillar/default/pointpillar_nuscenes.yaml
2026-05-12 20:11:01,336   INFO  batch_size       4
2026-05-12 20:11:01,336   INFO  epochs           40
2026-05-12 20:11:01,336   INFO  workers          4
2026-05-12 20:11:01,336   INFO  extra_tag        frozen_backbone_1
2026-05-12 20:11:01,336   INFO  ckpt             None
2026-05-12 20:11:01,336   INFO  pretrained_model /OpenPCDet/pcdet/models/pth/pointpillar_7728.pth
2026-05-12 20:11:01,336   INFO  launcher         none
2026-05-12 20:11:01,336   INFO  tcp_port         18888
2026-05-12 20:11:01,336   INFO  sync_bn          False
2026-05-12 20:11:01,336   INFO  fix_random_seed  False
2026-05-12 20:11:01,336   INFO  ckpt_save_interval 1
2026-05-12 20:11:01,336   INFO  local_rank       None
2026-05-12 20:11:01,336   INFO  max_ckpt_save_num 30
2026-05-12 20:11:01,336   INFO  merge_all_iters_to_one_epoch False
2026-05-12 20:11:01,336   INFO  set_cfgs         None
2026-05-12 20:11:01,336   INFO  max_waiting_mins 0
2026-05-12 20:11:01,336   INFO  start_epoch      0
2026-05-12 20:11:01,336   INFO  num_epochs_to_eval 0
2026-05-12 20:11:01,336   INFO  save_to_file     False
2026-05-12 20:11:01,336   INFO  use_tqdm_to_record False
2026-05-12 20:11:01,336   INFO  logger_iter_interval 50
2026-05-12 20:11:01,336   INFO  ckpt_save_time_interval 300
2026-05-12 20:11:01,336   INFO  wo_gpu_stat      False
2026-05-12 20:11:01,336   INFO  use_amp          False
2026-05-12 20:11:01,336   INFO  freeze_backbone  True
2026-05-12 20:11:01,336   INFO  freeze_bn        False
2026-05-12 20:11:01,336   INFO  cfg.ROOT_DIR: /OpenPCDet
2026-05-12 20:11:01,336   INFO  cfg.LOCAL_RANK: 0
2026-05-12 20:11:01,336   INFO  cfg.CLASS_NAMES: ['car', 'pedestrian', 'bicycle']
2026-05-12 20:11:01,336   INFO  ----------- DATA_CONFIG -----------
2026-05-12 20:11:01,336   INFO  cfg.DATA_CONFIG.DATASET: NuScenesDataset
2026-05-12 20:11:01,336   INFO  cfg.DATA_CONFIG.DATA_PATH: /OpenPCDet/datasets/nuscenes
2026-05-12 20:11:01,337   INFO  cfg.DATA_CONFIG.VERSION: v1.0-mini
2026-05-12 20:11:01,337   INFO  cfg.DATA_CONFIG.MAX_SWEEPS: 1
2026-05-12 20:11:01,337   INFO  cfg.DATA_CONFIG.PRED_VELOCITY: False
2026-05-12 20:11:01,337   INFO  cfg.DATA_CONFIG.SET_NAN_VELOCITY_TO_ZEROS: True
2026-05-12 20:11:01,337   INFO  cfg.DATA_CONFIG.FILTER_MIN_POINTS_IN_GT: 1
2026-05-12 20:11:01,337   INFO  ----------- MAP_CLASS_TO_KITTI -----------
2026-05-12 20:11:01,337   INFO  cfg.DATA_CONFIG.MAP_CLASS_TO_KITTI.car: Car
2026-05-12 20:11:01,337   INFO  cfg.DATA_CONFIG.MAP_CLASS_TO_KITTI.pedestrian: Pedestrian
2026-05-12 20:11:01,337   INFO  cfg.DATA_CONFIG.MAP_CLASS_TO_KITTI.bicycle: Cyclist
2026-05-12 20:11:01,337   INFO  ----------- DATA_SPLIT -----------
2026-05-12 20:11:01,337   INFO  cfg.DATA_CONFIG.DATA_SPLIT.train: train
2026-05-12 20:11:01,337   INFO  cfg.DATA_CONFIG.DATA_SPLIT.test: test
2026-05-12 20:11:01,337   INFO  ----------- INFO_PATH -----------
2026-05-12 20:11:01,337   INFO  cfg.DATA_CONFIG.INFO_PATH.train: ['nuscenes_infos_10sweeps_train.pkl']
2026-05-12 20:11:01,337   INFO  cfg.DATA_CONFIG.INFO_PATH.test: ['nuscenes_infos_10sweeps_val.pkl']
2026-05-12 20:11:01,337   INFO  cfg.DATA_CONFIG.POINT_CLOUD_RANGE: [-51.2, -32.0, -3.0, 51.2, 32.0, 1.0]
2026-05-12 20:11:01,337   INFO  cfg.DATA_CONFIG.BALANCED_RESAMPLING: True
2026-05-12 20:11:01,337   INFO  ----------- DATA_AUGMENTOR -----------
2026-05-12 20:11:01,337   INFO  cfg.DATA_CONFIG.DATA_AUGMENTOR.DISABLE_AUG_LIST: ['placeholder']
2026-05-12 20:11:01,337   INFO  cfg.DATA_CONFIG.DATA_AUGMENTOR.AUG_CONFIG_LIST: [{'NAME': 'gt_sampling', 'DB_INFO_PATH': ['nuscenes_dbinfos_10sweeps_withvelo.pkl'], 'PREPARE': {'filter_by_min_points': ['car:5', 'truck:5', 'construction_vehicle:5', 'bus:5', 'trailer:5', 'barrier:5', 'motorcycle:5', 'bicycle:5', 'pedestrian:5', 'traffic_cone:5']}, 'SAMPLE_GROUPS': ['car:2', 'truck:3', 'construction_vehicle:7', 'bus:4', 'trailer:6', 'barrier:2', 'motorcycle:6', 'bicycle:6', 'pedestrian:2', 'traffic_cone:2'], 'NUM_POINT_FEATURES': 5, 'DATABASE_WITH_FAKELIDAR': False, 'REMOVE_EXTRA_WIDTH': [0.0, 0.0, 0.0], 'LIMIT_WHOLE_SCENE': True}, {'NAME': 'random_world_flip', 'ALONG_AXIS_LIST': ['x', 'y']}, {'NAME': 'random_world_rotation', 'WORLD_ROT_ANGLE': [-0.3925, 0.3925]}, {'NAME': 'random_world_scaling', 'WORLD_SCALE_RANGE': [0.95, 1.05]}]
2026-05-12 20:11:01,337   INFO  ----------- POINT_FEATURE_ENCODING -----------
2026-05-12 20:11:01,337   INFO  cfg.DATA_CONFIG.POINT_FEATURE_ENCODING.encoding_type: absolute_coordinates_encoding
2026-05-12 20:11:01,337   INFO  cfg.DATA_CONFIG.POINT_FEATURE_ENCODING.used_feature_list: ['x', 'y', 'z', 'intensity']
2026-05-12 20:11:01,337   INFO  cfg.DATA_CONFIG.POINT_FEATURE_ENCODING.src_feature_list: ['x', 'y', 'z', 'intensity', 'timestamp']
2026-05-12 20:11:01,337   INFO  cfg.DATA_CONFIG.DATA_PROCESSOR: [{'NAME': 'transform_points_to_voxels', 'VOXEL_SIZE': [0.16, 0.16, 4.0], 'MAX_POINTS_PER_VOXEL': 100, 'MAX_NUMBER_OF_VOXELS': {'train': 40000, 'test': 40000}}]
2026-05-12 20:11:01,337   INFO  cfg.DATA_CONFIG._BASE_CONFIG_: cfgs/dataset_configs/nuscenes_dataset.yaml
2026-05-12 20:11:01,337   INFO  ----------- MODEL -----------
2026-05-12 20:11:01,337   INFO  cfg.MODEL.NAME: PointPillar
2026-05-12 20:11:01,337   INFO  ----------- VFE -----------
2026-05-12 20:11:01,337   INFO  cfg.MODEL.VFE.NAME: PillarVFE
2026-05-12 20:11:01,337   INFO  cfg.MODEL.VFE.WITH_DISTANCE: False
2026-05-12 20:11:01,337   INFO  cfg.MODEL.VFE.USE_ABSLOTE_XYZ: True
2026-05-12 20:11:01,337   INFO  cfg.MODEL.VFE.USE_NORM: True
2026-05-12 20:11:01,337   INFO  cfg.MODEL.VFE.NUM_FILTERS: [64]
2026-05-12 20:11:01,337   INFO  ----------- MAP_TO_BEV -----------
2026-05-12 20:11:01,337   INFO  cfg.MODEL.MAP_TO_BEV.NAME: PointPillarScatter
2026-05-12 20:11:01,337   INFO  cfg.MODEL.MAP_TO_BEV.NUM_BEV_FEATURES: 64
2026-05-12 20:11:01,337   INFO  ----------- BACKBONE_2D -----------
2026-05-12 20:11:01,337   INFO  cfg.MODEL.BACKBONE_2D.NAME: BaseBEVBackbone
2026-05-12 20:11:01,338   INFO  cfg.MODEL.BACKBONE_2D.LAYER_NUMS: [3, 5, 5]
2026-05-12 20:11:01,338   INFO  cfg.MODEL.BACKBONE_2D.LAYER_STRIDES: [2, 2, 2]
2026-05-12 20:11:01,338   INFO  cfg.MODEL.BACKBONE_2D.NUM_FILTERS: [64, 128, 256]
2026-05-12 20:11:01,338   INFO  cfg.MODEL.BACKBONE_2D.UPSAMPLE_STRIDES: [1, 2, 4]
2026-05-12 20:11:01,338   INFO  cfg.MODEL.BACKBONE_2D.NUM_UPSAMPLE_FILTERS: [128, 128, 128]
2026-05-12 20:11:01,338   INFO  ----------- DENSE_HEAD -----------
2026-05-12 20:11:01,338   INFO  cfg.MODEL.DENSE_HEAD.NAME: AnchorHeadSingle
2026-05-12 20:11:01,338   INFO  cfg.MODEL.DENSE_HEAD.CLASS_AGNOSTIC: False
2026-05-12 20:11:01,338   INFO  cfg.MODEL.DENSE_HEAD.USE_DIRECTION_CLASSIFIER: True
2026-05-12 20:11:01,338   INFO  cfg.MODEL.DENSE_HEAD.DIR_OFFSET: 0.78539
2026-05-12 20:11:01,338   INFO  cfg.MODEL.DENSE_HEAD.DIR_LIMIT_OFFSET: 0.0
2026-05-12 20:11:01,338   INFO  cfg.MODEL.DENSE_HEAD.NUM_DIR_BINS: 2
2026-05-12 20:11:01,338   INFO  cfg.MODEL.DENSE_HEAD.ANCHOR_GENERATOR_CONFIG: [{'class_name': 'car', 'anchor_sizes': [[3.9, 1.6, 1.56]], 'anchor_rotations': [0, 1.57], 'anchor_bottom_heights': [-1.78], 'align_center': False, 'feature_map_stride': 2, 'matched_threshold': 0.6, 'unmatched_threshold': 0.45}, {'class_name': 'pedestrian', 'anchor_sizes': [[0.8, 0.6, 1.73]], 'anchor_rotations': [0, 1.57], 'anchor_bottom_heights': [-0.6], 'align_center': False, 'feature_map_stride': 2, 'matched_threshold': 0.5, 'unmatched_threshold': 0.35}, {'class_name': 'bicycle', 'anchor_sizes': [[1.76, 0.6, 1.73]], 'anchor_rotations': [0, 1.57], 'anchor_bottom_heights': [-0.6], 'align_center': False, 'feature_map_stride': 2, 'matched_threshold': 0.5, 'unmatched_threshold': 0.35}]
2026-05-12 20:11:01,338   INFO  ----------- TARGET_ASSIGNER_CONFIG -----------
2026-05-12 20:11:01,338   INFO  cfg.MODEL.DENSE_HEAD.TARGET_ASSIGNER_CONFIG.NAME: AxisAlignedTargetAssigner
2026-05-12 20:11:01,338   INFO  cfg.MODEL.DENSE_HEAD.TARGET_ASSIGNER_CONFIG.POS_FRACTION: -1.0
2026-05-12 20:11:01,338   INFO  cfg.MODEL.DENSE_HEAD.TARGET_ASSIGNER_CONFIG.SAMPLE_SIZE: 512
2026-05-12 20:11:01,338   INFO  cfg.MODEL.DENSE_HEAD.TARGET_ASSIGNER_CONFIG.NORM_BY_NUM_EXAMPLES: False
2026-05-12 20:11:01,338   INFO  cfg.MODEL.DENSE_HEAD.TARGET_ASSIGNER_CONFIG.MATCH_HEIGHT: False
2026-05-12 20:11:01,338   INFO  cfg.MODEL.DENSE_HEAD.TARGET_ASSIGNER_CONFIG.BOX_CODER: ResidualCoder
2026-05-12 20:11:01,338   INFO  ----------- LOSS_CONFIG -----------
2026-05-12 20:11:01,338   INFO  ----------- LOSS_WEIGHTS -----------
2026-05-12 20:11:01,338   INFO  cfg.MODEL.DENSE_HEAD.LOSS_CONFIG.LOSS_WEIGHTS.cls_weight: 1.0
2026-05-12 20:11:01,338   INFO  cfg.MODEL.DENSE_HEAD.LOSS_CONFIG.LOSS_WEIGHTS.loc_weight: 2.0
2026-05-12 20:11:01,338   INFO  cfg.MODEL.DENSE_HEAD.LOSS_CONFIG.LOSS_WEIGHTS.dir_weight: 0.2
2026-05-12 20:11:01,338   INFO  cfg.MODEL.DENSE_HEAD.LOSS_CONFIG.LOSS_WEIGHTS.code_weights: [1.0, 1.0, 1.0, 1.0, 1.0, 1.0, 1.0]
2026-05-12 20:11:01,338   INFO  ----------- POST_PROCESSING -----------
2026-05-12 20:11:01,338   INFO  cfg.MODEL.POST_PROCESSING.RECALL_THRESH_LIST: [0.3, 0.5, 0.7]
2026-05-12 20:11:01,338   INFO  cfg.MODEL.POST_PROCESSING.SCORE_THRESH: 0.1
2026-05-12 20:11:01,338   INFO  cfg.MODEL.POST_PROCESSING.OUTPUT_RAW_SCORE: False
2026-05-12 20:11:01,338   INFO  cfg.MODEL.POST_PROCESSING.EVAL_METRIC: kitti
2026-05-12 20:11:01,338   INFO  ----------- NMS_CONFIG -----------
2026-05-12 20:11:01,338   INFO  cfg.MODEL.POST_PROCESSING.NMS_CONFIG.MULTI_CLASSES_NMS: False
2026-05-12 20:11:01,338   INFO  cfg.MODEL.POST_PROCESSING.NMS_CONFIG.NMS_TYPE: nms_gpu
2026-05-12 20:11:01,338   INFO  cfg.MODEL.POST_PROCESSING.NMS_CONFIG.NMS_THRESH: 0.01
2026-05-12 20:11:01,338   INFO  cfg.MODEL.POST_PROCESSING.NMS_CONFIG.NMS_PRE_MAXSIZE: 4096
2026-05-12 20:11:01,338   INFO  cfg.MODEL.POST_PROCESSING.NMS_CONFIG.NMS_POST_MAXSIZE: 500
2026-05-12 20:11:01,338   INFO  ----------- OPTIMIZATION -----------
2026-05-12 20:11:01,338   INFO  cfg.OPTIMIZATION.BATCH_SIZE_PER_GPU: 4
2026-05-12 20:11:01,338   INFO  cfg.OPTIMIZATION.NUM_EPOCHS: 40
2026-05-12 20:11:01,339   INFO  cfg.OPTIMIZATION.OPTIMIZER: adam_onecycle
2026-05-12 20:11:01,339   INFO  cfg.OPTIMIZATION.LR: 0.0003
2026-05-12 20:11:01,339   INFO  cfg.OPTIMIZATION.WEIGHT_DECAY: 0.01
2026-05-12 20:11:01,339   INFO  cfg.OPTIMIZATION.MOMENTUM: 0.9
2026-05-12 20:11:01,339   INFO  cfg.OPTIMIZATION.MOMS: [0.95, 0.85]
2026-05-12 20:11:01,339   INFO  cfg.OPTIMIZATION.PCT_START: 0.2
2026-05-12 20:11:01,339   INFO  cfg.OPTIMIZATION.DIV_FACTOR: 10
2026-05-12 20:11:01,339   INFO  cfg.OPTIMIZATION.DECAY_STEP_LIST: [25, 35]
2026-05-12 20:11:01,339   INFO  cfg.OPTIMIZATION.LR_DECAY: 0.1
2026-05-12 20:11:01,339   INFO  cfg.OPTIMIZATION.LR_CLIP: 1e-07
2026-05-12 20:11:01,339   INFO  cfg.OPTIMIZATION.LR_WARMUP: False
2026-05-12 20:11:01,339   INFO  cfg.OPTIMIZATION.WARMUP_EPOCH: 1
2026-05-12 20:11:01,339   INFO  cfg.OPTIMIZATION.GRAD_NORM_CLIP: 10
2026-05-12 20:11:01,339   INFO  cfg.TAG: pointpillar_nuscenes
2026-05-12 20:11:01,339   INFO  cfg.EXP_GROUP_PATH: OpenPCDet/tools/cfgs/custom_models/pointpillar/default
2026-05-12 20:11:01,342   INFO  ----------- Create dataloader & network & optimizer -----------
2026-05-12 20:11:01,373   INFO  Database filter by min points car: 4082 => 3303
2026-05-12 20:11:01,374   INFO  Database filter by min points bicycle: 147 => 136
2026-05-12 20:11:01,374   INFO  Database filter by min points pedestrian: 3068 => 2799
2026-05-12 20:11:01,376   INFO  Loading NuScenes dataset
2026-05-12 20:11:01,394   INFO  Total samples for NuScenes dataset: 323
2026-05-12 20:11:01,397   INFO  Total samples after balanced resampling: 667
2026-05-12 20:11:02,486   INFO  Freezing 3D and 2D backbone parameters...
2026-05-12 20:11:02,487   INFO  ==> Loading parameters from checkpoint /OpenPCDet/pcdet/models/pth/pointpillar_7728.pth to GPU
2026-05-12 20:11:02,507   INFO  ==> Done (loaded 127/127)
2026-05-12 20:11:02,508   INFO  ----------- Model PointPillar created, param count: 4834888 -----------
2026-05-12 20:11:02,508   INFO  PointPillar(
  (vfe): PillarVFE(
    (pfn_layers): ModuleList(
      (0): PFNLayer(
        (linear): Linear(in_features=10, out_features=64, bias=False)
        (norm): BatchNorm1d(64, eps=0.001, momentum=0.01, affine=True, track_running_stats=True)
      )
    )
  )
  (backbone_3d): None
  (map_to_bev_module): PointPillarScatter()
  (pfe): None
  (backbone_2d): BaseBEVBackbone(
    (blocks): ModuleList(
      (0): Sequential(
        (0): ZeroPad2d((1, 1, 1, 1))
        (1): Conv2d(64, 64, kernel_size=(3, 3), stride=(2, 2), bias=False)
        (2): BatchNorm2d(64, eps=0.001, momentum=0.01, affine=True, track_running_stats=True)
        (3): ReLU()
        (4): Conv2d(64, 64, kernel_size=(3, 3), stride=(1, 1), padding=(1, 1), bias=False)
        (5): BatchNorm2d(64, eps=0.001, momentum=0.01, affine=True, track_running_stats=True)
        (6): ReLU()
        (7): Conv2d(64, 64, kernel_size=(3, 3), stride=(1, 1), padding=(1, 1), bias=False)
        (8): BatchNorm2d(64, eps=0.001, momentum=0.01, affine=True, track_running_stats=True)
        (9): ReLU()
        (10): Conv2d(64, 64, kernel_size=(3, 3), stride=(1, 1), padding=(1, 1), bias=False)
        (11): BatchNorm2d(64, eps=0.001, momentum=0.01, affine=True, track_running_stats=True)
        (12): ReLU()
      )
      (1): Sequential(
        (0): ZeroPad2d((1, 1, 1, 1))
        (1): Conv2d(64, 128, kernel_size=(3, 3), stride=(2, 2), bias=False)
        (2): BatchNorm2d(128, eps=0.001, momentum=0.01, affine=True, track_running_stats=True)
        (3): ReLU()
        (4): Conv2d(128, 128, kernel_size=(3, 3), stride=(1, 1), padding=(1, 1), bias=False)
        (5): BatchNorm2d(128, eps=0.001, momentum=0.01, affine=True, track_running_stats=True)
        (6): ReLU()
        (7): Conv2d(128, 128, kernel_size=(3, 3), stride=(1, 1), padding=(1, 1), bias=False)
        (8): BatchNorm2d(128, eps=0.001, momentum=0.01, affine=True, track_running_stats=True)
        (9): ReLU()
        (10): Conv2d(128, 128, kernel_size=(3, 3), stride=(1, 1), padding=(1, 1), bias=False)
        (11): BatchNorm2d(128, eps=0.001, momentum=0.01, affine=True, track_running_stats=True)
        (12): ReLU()
        (13): Conv2d(128, 128, kernel_size=(3, 3), stride=(1, 1), padding=(1, 1), bias=False)
        (14): BatchNorm2d(128, eps=0.001, momentum=0.01, affine=True, track_running_stats=True)
        (15): ReLU()
        (16): Conv2d(128, 128, kernel_size=(3, 3), stride=(1, 1), padding=(1, 1), bias=False)
        (17): BatchNorm2d(128, eps=0.001, momentum=0.01, affine=True, track_running_stats=True)
        (18): ReLU()
      )
      (2): Sequential(
        (0): ZeroPad2d((1, 1, 1, 1))
        (1): Conv2d(128, 256, kernel_size=(3, 3), stride=(2, 2), bias=False)
        (2): BatchNorm2d(256, eps=0.001, momentum=0.01, affine=True, track_running_stats=True)
        (3): ReLU()
        (4): Conv2d(256, 256, kernel_size=(3, 3), stride=(1, 1), padding=(1, 1), bias=False)
        (5): BatchNorm2d(256, eps=0.001, momentum=0.01, affine=True, track_running_stats=True)
        (6): ReLU()
        (7): Conv2d(256, 256, kernel_size=(3, 3), stride=(1, 1), padding=(1, 1), bias=False)
        (8): BatchNorm2d(256, eps=0.001, momentum=0.01, affine=True, track_running_stats=True)
        (9): ReLU()
        (10): Conv2d(256, 256, kernel_size=(3, 3), stride=(1, 1), padding=(1, 1), bias=False)
        (11): BatchNorm2d(256, eps=0.001, momentum=0.01, affine=True, track_running_stats=True)
        (12): ReLU()
        (13): Conv2d(256, 256, kernel_size=(3, 3), stride=(1, 1), padding=(1, 1), bias=False)
        (14): BatchNorm2d(256, eps=0.001, momentum=0.01, affine=True, track_running_stats=True)
        (15): ReLU()
        (16): Conv2d(256, 256, kernel_size=(3, 3), stride=(1, 1), padding=(1, 1), bias=False)
        (17): BatchNorm2d(256, eps=0.001, momentum=0.01, affine=True, track_running_stats=True)
        (18): ReLU()
      )
    )
    (deblocks): ModuleList(
      (0): Sequential(
        (0): ConvTranspose2d(64, 128, kernel_size=(1, 1), stride=(1, 1), bias=False)
        (1): BatchNorm2d(128, eps=0.001, momentum=0.01, affine=True, track_running_stats=True)
        (2): ReLU()
      )
      (1): Sequential(
        (0): ConvTranspose2d(128, 128, kernel_size=(2, 2), stride=(2, 2), bias=False)
        (1): BatchNorm2d(128, eps=0.001, momentum=0.01, affine=True, track_running_stats=True)
        (2): ReLU()
      )
      (2): Sequential(
        (0): ConvTranspose2d(256, 128, kernel_size=(4, 4), stride=(4, 4), bias=False)
        (1): BatchNorm2d(128, eps=0.001, momentum=0.01, affine=True, track_running_stats=True)
        (2): ReLU()
      )
    )
  )
  (dense_head): AnchorHeadSingle(
    (cls_loss_func): SigmoidFocalClassificationLoss()
    (reg_loss_func): WeightedSmoothL1Loss()
    (dir_loss_func): WeightedCrossEntropyLoss()
    (conv_cls): Conv2d(384, 18, kernel_size=(1, 1), stride=(1, 1))
    (conv_box): Conv2d(384, 42, kernel_size=(1, 1), stride=(1, 1))
    (conv_dir_cls): Conv2d(384, 12, kernel_size=(1, 1), stride=(1, 1))
  )
  (point_head): None
  (roi_head): None
)
2026-05-12 20:11:02,508   INFO  **********************Start training OpenPCDet/tools/cfgs/custom_models/pointpillar/default/pointpillar_nuscenes(frozen_backbone_1)**********************
2026-05-12 20:11:06,378   INFO  Train:    1/40 (  2%) [   0/167 (  0%)]  Loss: 3.444 (3.44)  LR: 3.000e-05  Time cost: 00:03/09:24 [00:03/6:16:15]  Acc_iter 1           Data time: 1.32(1.32)  Forward time: 2.05(2.05)  Batch time: 3.37(3.37)
2026-05-12 20:11:15,008   INFO  Train:    1/40 (  2%) [  49/167 ( 29%)]  Loss: 3.459 (3.52)  LR: 3.090e-05  Time cost: 00:12/00:28 [00:12/26:32]  Acc_iter 50          Data time: 0.02(0.05)  Forward time: 0.18(0.19)  Batch time: 0.20(0.24)
2026-05-12 20:11:23,636   INFO  Train:    1/40 (  2%) [  99/167 ( 59%)]  Loss: 3.164 (3.49)  LR: 3.364e-05  Time cost: 00:20/00:14 [00:21/22:38]  Acc_iter 100         Data time: 0.02(0.03)  Forward time: 0.20(0.17)  Batch time: 0.22(0.21)
2026-05-12 20:11:32,279   INFO  Train:    1/40 (  2%) [ 149/167 ( 89%)]  Loss: 3.101 (3.43)  LR: 3.820e-05  Time cost: 00:29/00:03 [00:29/21:14]  Acc_iter 150         Data time: 0.03(0.03)  Forward time: 0.13(0.17)  Batch time: 0.16(0.20)
2026-05-12 20:11:32,621   INFO  a1e06a0b30c0                Tue May 12 20:11:32 2026  580.142
[0] NVIDIA GeForce RTX 3070 | 54°C,  68 % |  7516 /  8192 MB | root(6620M)

2026-05-12 20:11:35,188   INFO  Train:    1/40 (  2%) [ 166/167 ( 99%)]  Loss: 3.076 (3.41)  LR: 4.016e-05  Time cost: 00:32/00:00 [00:32/20:55]  Acc_iter 167         Data time: 0.02(0.03)  Forward time: 0.09(0.16)  Batch time: 0.11(0.19)
2026-05-12 20:11:36,214   INFO  Train:    2/40 (  5%) [   0/167 (  0%)]  Loss: 3.066 (3.07)  LR: 4.028e-05  Time cost: 00:00/02:05 [00:33/1:21:41]  Acc_iter 168         Data time: 0.46(0.46)  Forward time: 0.29(0.29)  Batch time: 0.75(0.75)
2026-05-12 20:11:41,994   INFO  Train:    2/40 (  5%) [  32/167 ( 19%)]  Loss: 3.187 (3.26)  LR: 4.451e-05  Time cost: 00:06/00:26 [00:39/21:23]  Acc_iter 200         Data time: 0.02(0.03)  Forward time: 0.16(0.16)  Batch time: 0.18(0.20)
2026-05-12 20:11:50,723   INFO  Train:    2/40 (  5%) [  82/167 ( 49%)]  Loss: 3.013 (3.22)  LR: 5.249e-05  Time cost: 00:15/00:15 [00:48/19:42]  Acc_iter 250         Data time: 0.02(0.02)  Forward time: 0.14(0.16)  Batch time: 0.16(0.18)
2026-05-12 20:11:59,457   INFO  Train:    2/40 (  5%) [ 132/167 ( 79%)]  Loss: 3.222 (3.17)  LR: 6.202e-05  Time cost: 00:23/00:06 [00:56/19:11]  Acc_iter 300         Data time: 0.02(0.02)  Forward time: 0.16(0.16)  Batch time: 0.18(0.18)
2026-05-12 20:11:59,794   INFO  a1e06a0b30c0                Tue May 12 20:11:59 2026  580.142
[0] NVIDIA GeForce RTX 3070 | 54°C,  89 % |  7518 /  8192 MB | root(6620M)

2026-05-12 20:12:05,447   INFO  Train:    2/40 (  5%) [ 166/167 ( 99%)]  Loss: 2.830 (3.16)  LR: 6.932e-05  Time cost: 00:29/00:00 [01:02/18:59]  Acc_iter 334         Data time: 0.02(0.02)  Forward time: 0.09(0.16)  Batch time: 0.11(0.18)
2026-05-12 20:12:06,773   INFO  Train:    3/40 (  8%) [   0/167 (  0%)]  Loss: 2.918 (2.92)  LR: 6.954e-05  Time cost: 00:01/02:49 [01:04/1:47:20]  Acc_iter 335         Data time: 0.68(0.68)  Forward time: 0.31(0.31)  Batch time: 0.99(0.99)
2026-05-12 20:12:09,587   INFO  Train:    3/40 (  8%) [  15/167 (  9%)]  Loss: 3.257 (3.14)  LR: 7.297e-05  Time cost: 00:03/00:36 [01:07/25:15]  Acc_iter 350         Data time: 0.02(0.06)  Forward time: 0.12(0.18)  Batch time: 0.14(0.24)
2026-05-12 20:12:18,709   INFO  Train:    3/40 (  8%) [  65/167 ( 39%)]  Loss: 3.282 (3.10)  LR: 8.519e-05  Time cost: 00:12/00:20 [01:16/20:32]  Acc_iter 400         Data time: 0.02(0.03)  Forward time: 0.16(0.17)  Batch time: 0.18(0.20)
2026-05-12 20:12:28,011   INFO  Train:    3/40 (  8%) [ 115/167 ( 69%)]  Loss: 3.136 (3.07)  LR: 9.851e-05  Time cost: 00:22/00:09 [01:25/19:55]  Acc_iter 450         Data time: 0.02(0.03)  Forward time: 0.19(0.17)  Batch time: 0.21(0.19)
2026-05-12 20:12:28,350   INFO  a1e06a0b30c0                Tue May 12 20:12:28 2026  580.142
[0] NVIDIA GeForce RTX 3070 | 52°C,  69 % |  6014 /  8192 MB | root(5110M)

2026-05-12 20:12:36,824   INFO  Train:    3/40 (  8%) [ 165/167 ( 99%)]  Loss: 2.982 (3.05)  LR: 1.128e-04  Time cost: 00:31/00:00 [01:34/19:16]  Acc_iter 500         Data time: 0.02(0.03)  Forward time: 0.12(0.16)  Batch time: 0.14(0.19)
2026-05-12 20:12:36,930   INFO  Train:    3/40 (  8%) [ 166/167 ( 99%)]  Loss: 2.675 (3.05)  LR: 1.130e-04  Time cost: 00:31/00:00 [01:34/19:13]  Acc_iter 501         Data time: 0.02(0.03)  Forward time: 0.09(0.16)  Batch time: 0.11(0.19)
2026-05-12 20:12:38,115   INFO  Train:    4/40 ( 10%) [   0/167 (  0%)]  Loss: 3.052 (3.05)  LR: 1.133e-04  Time cost: 00:00/02:25 [01:35/1:29:32]  Acc_iter 502         Data time: 0.49(0.49)  Forward time: 0.37(0.37)  Batch time: 0.87(0.87)
2026-05-12 20:12:47,563   INFO  Train:    4/40 ( 10%) [  48/167 ( 29%)]  Loss: 3.038 (2.99)  LR: 1.277e-04  Time cost: 00:10/00:25 [01:45/21:30]  Acc_iter 550         Data time: 0.02(0.03)  Forward time: 0.18(0.18)  Batch time: 0.20(0.21)
2026-05-12 20:12:56,847   INFO  Train:    4/40 ( 10%) [  98/167 ( 59%)]  Loss: 3.051 (2.96)  LR: 1.432e-04  Time cost: 00:19/00:13 [01:54/20:04]  Acc_iter 600         Data time: 0.02(0.02)  Forward time: 0.18(0.18)  Batch time: 0.20(0.20)
2026-05-12 20:12:57,196   INFO  a1e06a0b30c0                Tue May 12 20:12:57 2026  580.142
[0] NVIDIA GeForce RTX 3070 | 55°C,  84 % |  7666 /  8192 MB | root(6762M)

2026-05-12 20:13:06,579   INFO  Train:    4/40 ( 10%) [ 148/167 ( 89%)]  Loss: 2.835 (2.95)  LR: 1.590e-04  Time cost: 00:29/00:03 [02:04/19:47]  Acc_iter 650         Data time: 0.02(0.02)  Forward time: 0.18(0.17)  Batch time: 0.21(0.20)
2026-05-12 20:13:09,440   INFO  Train:    4/40 ( 10%) [ 166/167 ( 99%)]  Loss: 2.919 (2.95)  LR: 1.647e-04  Time cost: 00:32/00:00 [02:06/19:19]  Acc_iter 668         Data time: 0.02(0.02)  Forward time: 0.09(0.17)  Batch time: 0.11(0.19)
2026-05-12 20:13:10,891   INFO  Train:    5/40 ( 12%) [   0/167 (  0%)]  Loss: 2.886 (2.89)  LR: 1.650e-04  Time cost: 00:01/03:09 [02:08/1:53:37]  Acc_iter 669         Data time: 0.78(0.78)  Forward time: 0.33(0.33)  Batch time: 1.11(1.11)
2026-05-12 20:13:16,749   INFO  Train:    5/40 ( 12%) [  31/167 ( 19%)]  Loss: 2.882 (2.89)  LR: 1.748e-04  Time cost: 00:06/00:29 [02:14/21:47]  Acc_iter 700         Data time: 0.02(0.04)  Forward time: 0.14(0.18)  Batch time: 0.16(0.22)
2026-05-12 20:13:25,827   INFO  Train:    5/40 ( 12%) [  81/167 ( 49%)]  Loss: 3.084 (2.87)  LR: 1.906e-04  Time cost: 00:16/00:16 [02:23/19:22]  Acc_iter 750         Data time: 0.02(0.03)  Forward time: 0.17(0.17)  Batch time: 0.19(0.20)
2026-05-12 20:13:26,168   INFO  a1e06a0b30c0                Tue May 12 20:13:26 2026  580.142
[0] NVIDIA GeForce RTX 3070 | 54°C,  50 % |  7666 /  8192 MB | root(6762M)

2026-05-12 20:13:35,161   INFO  Train:    5/40 ( 12%) [ 131/167 ( 78%)]  Loss: 3.021 (2.86)  LR: 2.059e-04  Time cost: 00:25/00:06 [02:32/18:51]  Acc_iter 800         Data time: 0.01(0.03)  Forward time: 0.16(0.17)  Batch time: 0.17(0.19)
2026-05-12 20:13:40,881   INFO  Train:    5/40 ( 12%) [ 166/167 ( 99%)]  Loss: 3.195 (2.86)  LR: 2.164e-04  Time cost: 00:31/00:00 [02:38/18:09]  Acc_iter 835         Data time: 0.03(0.02)  Forward time: 0.09(0.16)  Batch time: 0.11(0.19)
2026-05-12 20:13:42,068   INFO  Train:    6/40 ( 15%) [   0/167 (  0%)]  Loss: 3.025 (3.02)  LR: 2.167e-04  Time cost: 00:00/02:25 [02:39/1:24:42]  Acc_iter 836         Data time: 0.59(0.59)  Forward time: 0.27(0.27)  Batch time: 0.85(0.85)
2026-05-12 20:13:44,698   INFO  Train:    6/40 ( 15%) [  14/167 (  8%)]  Loss: 2.794 (2.83)  LR: 2.207e-04  Time cost: 00:03/00:35 [02:42/22:40]  Acc_iter 850         Data time: 0.02(0.06)  Forward time: 0.16(0.18)  Batch time: 0.18(0.23)
2026-05-12 20:13:54,623   INFO  Train:    6/40 ( 15%) [  64/167 ( 38%)]  Loss: 2.997 (2.77)  LR: 2.348e-04  Time cost: 00:13/00:21 [02:52/19:53]  Acc_iter 900         Data time: 0.02(0.03)  Forward time: 0.17(0.18)  Batch time: 0.19(0.21)
2026-05-12 20:13:54,964   INFO  a1e06a0b30c0                Tue May 12 20:13:54 2026  580.142
[0] NVIDIA GeForce RTX 3070 | 53°C,  45 % |  7664 /  8192 MB | root(6762M)

2026-05-12 20:14:04,953   INFO  Train:    6/40 ( 15%) [ 114/167 ( 68%)]  Loss: 2.819 (2.77)  LR: 2.479e-04  Time cost: 00:23/00:10 [03:02/19:43]  Acc_iter 950         Data time: 0.02(0.03)  Forward time: 0.14(0.18)  Batch time: 0.16(0.21)
2026-05-12 20:14:14,364   INFO  Train:    6/40 ( 15%) [ 164/167 ( 98%)]  Loss: 2.582 (2.76)  LR: 2.598e-04  Time cost: 00:33/00:00 [03:11/19:01]  Acc_iter 1000        Data time: 0.02(0.02)  Forward time: 0.11(0.18)  Batch time: 0.13(0.20)
2026-05-12 20:14:14,601   INFO  Train:    6/40 ( 15%) [ 166/167 ( 99%)]  Loss: 2.714 (2.76)  LR: 2.602e-04  Time cost: 00:33/00:00 [03:12/18:55]  Acc_iter 1002        Data time: 0.02(0.02)  Forward time: 0.08(0.18)  Batch time: 0.10(0.20)
2026-05-12 20:14:15,813   INFO  Train:    7/40 ( 18%) [   0/167 (  0%)]  Loss: 2.736 (2.74)  LR: 2.605e-04  Time cost: 00:00/02:25 [03:13/1:22:13]  Acc_iter 1003        Data time: 0.42(0.42)  Forward time: 0.43(0.43)  Batch time: 0.85(0.85)
2026-05-12 20:14:24,846   INFO  Train:    7/40 ( 18%) [  47/167 ( 28%)]  Loss: 2.872 (2.74)  LR: 2.704e-04  Time cost: 00:09/00:24 [03:22/19:21]  Acc_iter 1050        Data time: 0.00(0.03)  Forward time: 0.14(0.18)  Batch time: 0.14(0.21)
2026-05-12 20:14:25,182   INFO  a1e06a0b30c0                Tue May 12 20:14:25 2026  580.142
[0] NVIDIA GeForce RTX 3070 | 55°C,  81 % |  7664 /  8192 MB | root(6762M)

2026-05-12 20:14:34,043   INFO  Train:    7/40 ( 18%) [  97/167 ( 58%)]  Loss: 2.563 (2.72)  LR: 2.796e-04  Time cost: 00:19/00:13 [03:31/18:07]  Acc_iter 1100        Data time: 0.02(0.03)  Forward time: 0.20(0.17)  Batch time: 0.22(0.19)
2026-05-12 20:14:43,242   INFO  Train:    7/40 ( 18%) [ 147/167 ( 88%)]  Loss: 2.673 (2.72)  LR: 2.872e-04  Time cost: 00:28/00:03 [03:40/17:37]  Acc_iter 1150        Data time: 0.02(0.02)  Forward time: 0.16(0.17)  Batch time: 0.17(0.19)
2026-05-12 20:14:46,236   INFO  Train:    7/40 ( 18%) [ 166/167 ( 99%)]  Loss: 2.705 (2.71)  LR: 2.896e-04  Time cost: 00:31/00:00 [03:43/17:12]  Acc_iter 1169        Data time: 0.02(0.02)  Forward time: 0.09(0.16)  Batch time: 0.11(0.19)
2026-05-12 20:14:47,613   INFO  Train:    8/40 ( 20%) [   0/167 (  0%)]  Loss: 2.628 (2.63)  LR: 2.897e-04  Time cost: 00:01/02:53 [03:45/1:35:18]  Acc_iter 1170        Data time: 0.69(0.69)  Forward time: 0.34(0.34)  Batch time: 1.03(1.03)
2026-05-12 20:14:53,144   INFO  Train:    8/40 ( 20%) [  30/167 ( 18%)]  Loss: 2.620 (2.68)  LR: 2.931e-04  Time cost: 00:06/00:29 [03:50/19:21]  Acc_iter 1200        Data time: 0.02(0.04)  Forward time: 0.15(0.17)  Batch time: 0.17(0.21)
2026-05-12 20:14:53,493   INFO  a1e06a0b30c0                Tue May 12 20:14:53 2026  580.142
[0] NVIDIA GeForce RTX 3070 | 54°C,  76 % |  7664 /  8192 MB | root(6762M)

2026-05-12 20:15:02,673   INFO  Train:    8/40 ( 20%) [  80/167 ( 48%)]  Loss: 2.332 (2.66)  LR: 2.972e-04  Time cost: 00:16/00:17 [04:00/17:59]  Acc_iter 1250        Data time: 0.02(0.03)  Forward time: 0.17(0.17)  Batch time: 0.19(0.20)
2026-05-12 20:15:11,900   INFO  Train:    8/40 ( 20%) [ 130/167 ( 78%)]  Loss: 2.523 (2.64)  LR: 2.995e-04  Time cost: 00:25/00:07 [04:09/17:20]  Acc_iter 1300        Data time: 0.02(0.03)  Forward time: 0.16(0.17)  Batch time: 0.18(0.19)
2026-05-12 20:15:17,879   INFO  Train:    8/40 ( 20%) [ 166/167 ( 99%)]  Loss: 2.506 (2.63)  LR: 3.000e-04  Time cost: 00:31/00:00 [04:15/16:41]  Acc_iter 1336        Data time: 0.02(0.02)  Forward time: 0.08(0.16)  Batch time: 0.10(0.19)
2026-05-12 20:15:19,084   INFO  Train:    9/40 ( 22%) [   0/167 (  0%)]  Loss: 2.422 (2.42)  LR: 3.000e-04  Time cost: 00:00/02:25 [04:16/1:17:43]  Acc_iter 1337        Data time: 0.52(0.52)  Forward time: 0.34(0.34)  Batch time: 0.85(0.85)
2026-05-12 20:15:21,642   INFO  Train:    9/40 ( 22%) [  13/167 (  8%)]  Loss: 2.814 (2.61)  LR: 3.000e-04  Time cost: 00:03/00:37 [04:19/21:46]  Acc_iter 1350        Data time: 0.02(0.05)  Forward time: 0.14(0.19)  Batch time: 0.16(0.24)
2026-05-12 20:15:21,986   INFO  a1e06a0b30c0                Tue May 12 20:15:21 2026  580.142
[0] NVIDIA GeForce RTX 3070 | 54°C,  28 % |  7673 /  8192 MB | root(6762M)

2026-05-12 20:15:31,422   INFO  Train:    9/40 ( 22%) [  63/167 ( 38%)]  Loss: 2.587 (2.60)  LR: 2.999e-04  Time cost: 00:13/00:21 [04:28/18:10]  Acc_iter 1400        Data time: 0.00(0.03)  Forward time: 0.16(0.17)  Batch time: 0.16(0.21)
2026-05-12 20:15:40,947   INFO  Train:    9/40 ( 22%) [ 113/167 ( 68%)]  Loss: 2.575 (2.59)  LR: 2.997e-04  Time cost: 00:22/00:10 [04:38/17:23]  Acc_iter 1450        Data time: 0.02(0.03)  Forward time: 0.20(0.17)  Batch time: 0.21(0.20)
2026-05-12 20:15:50,698   INFO  Train:    9/40 ( 22%) [ 163/167 ( 98%)]  Loss: 2.573 (2.59)  LR: 2.993e-04  Time cost: 00:32/00:00 [04:48/17:06]  Acc_iter 1500        Data time: 0.02(0.02)  Forward time: 0.12(0.17)  Batch time: 0.14(0.20)
2026-05-12 20:15:51,037   INFO  a1e06a0b30c0                Tue May 12 20:15:51 2026  580.142
[0] NVIDIA GeForce RTX 3070 | 54°C,  86 % |  7663 /  8192 MB | root(6762M)

2026-05-12 20:15:51,424   INFO  Train:    9/40 ( 22%) [ 166/167 ( 99%)]  Loss: 2.511 (2.59)  LR: 2.993e-04  Time cost: 00:33/00:00 [04:48/17:09]  Acc_iter 1503        Data time: 0.02(0.03)  Forward time: 0.09(0.17)  Batch time: 0.11(0.20)
2026-05-12 20:15:52,608   INFO  Train:   10/40 ( 25%) [   0/167 (  0%)]  Loss: 2.475 (2.48)  LR: 2.993e-04  Time cost: 00:00/02:22 [04:50/1:13:39]  Acc_iter 1504        Data time: 0.56(0.56)  Forward time: 0.27(0.27)  Batch time: 0.83(0.83)
2026-05-12 20:16:01,094   INFO  Train:   10/40 ( 25%) [  46/167 ( 28%)]  Loss: 2.637 (2.59)  LR: 2.988e-04  Time cost: 00:09/00:24 [04:58/16:59]  Acc_iter 1550        Data time: 0.03(0.03)  Forward time: 0.14(0.17)  Batch time: 0.16(0.20)
2026-05-12 20:16:10,144   INFO  Train:   10/40 ( 25%) [  96/167 ( 57%)]  Loss: 2.416 (2.56)  LR: 2.982e-04  Time cost: 00:18/00:13 [05:07/16:03]  Acc_iter 1600        Data time: 0.02(0.03)  Forward time: 0.18(0.16)  Batch time: 0.20(0.19)
2026-05-12 20:16:19,799   INFO  Train:   10/40 ( 25%) [ 146/167 ( 87%)]  Loss: 2.320 (2.55)  LR: 2.975e-04  Time cost: 00:28/00:04 [05:17/15:59]  Acc_iter 1650        Data time: 0.02(0.02)  Forward time: 0.15(0.17)  Batch time: 0.17(0.19)
2026-05-12 20:16:20,150   INFO  a1e06a0b30c0                Tue May 12 20:16:20 2026  580.142
[0] NVIDIA GeForce RTX 3070 | 54°C,  66 % |  7660 /  8192 MB | root(6762M)

2026-05-12 20:16:23,491   INFO  Train:   10/40 ( 25%) [ 166/167 ( 99%)]  Loss: 2.384 (2.55)  LR: 2.971e-04  Time cost: 00:31/00:00 [05:20/15:52]  Acc_iter 1670        Data time: 0.02(0.02)  Forward time: 0.09(0.17)  Batch time: 0.11(0.19)
2026-05-12 20:16:24,784   INFO  Train:   11/40 ( 28%) [   0/167 (  0%)]  Loss: 2.363 (2.36)  LR: 2.971e-04  Time cost: 00:00/02:40 [05:22/1:20:20]  Acc_iter 1671        Data time: 0.67(0.67)  Forward time: 0.29(0.29)  Batch time: 0.96(0.96)
2026-05-12 20:16:29,992   INFO  Train:   11/40 ( 28%) [  29/167 ( 17%)]  Loss: 2.771 (2.57)  LR: 2.966e-04  Time cost: 00:06/00:28 [05:27/17:04]  Acc_iter 1700        Data time: 0.02(0.04)  Forward time: 0.14(0.17)  Batch time: 0.16(0.21)
2026-05-12 20:16:38,916   INFO  Train:   11/40 ( 28%) [  79/167 ( 47%)]  Loss: 2.877 (2.53)  LR: 2.956e-04  Time cost: 00:15/00:16 [05:36/15:30]  Acc_iter 1750        Data time: 0.01(0.03)  Forward time: 0.20(0.16)  Batch time: 0.21(0.19)
2026-05-12 20:16:47,845   INFO  Train:   11/40 ( 28%) [ 129/167 ( 77%)]  Loss: 2.392 (2.51)  LR: 2.945e-04  Time cost: 00:24/00:07 [05:45/15:01]  Acc_iter 1800        Data time: 0.03(0.02)  Forward time: 0.16(0.16)  Batch time: 0.19(0.18)
2026-05-12 20:16:48,193   INFO  a1e06a0b30c0                Tue May 12 20:16:48 2026  580.142
[0] NVIDIA GeForce RTX 3070 | 54°C,  57 % |  7660 /  8192 MB | root(6762M)

2026-05-12 20:16:54,438   INFO  Train:   11/40 ( 28%) [ 166/167 ( 99%)]  Loss: 2.399 (2.51)  LR: 2.936e-04  Time cost: 00:30/00:00 [05:51/14:48]  Acc_iter 1837        Data time: 0.02(0.02)  Forward time: 0.09(0.16)  Batch time: 0.11(0.18)
2026-05-12 20:16:55,722   INFO  Train:   12/40 ( 30%) [   0/167 (  0%)]  Loss: 2.457 (2.46)  LR: 2.935e-04  Time cost: 00:00/02:40 [05:53/1:17:24]  Acc_iter 1838        Data time: 0.66(0.66)  Forward time: 0.29(0.29)  Batch time: 0.95(0.95)
2026-05-12 20:16:57,934   INFO  Train:   12/40 ( 30%) [  12/167 (  7%)]  Loss: 2.519 (2.53)  LR: 2.932e-04  Time cost: 00:03/00:37 [05:55/19:38]  Acc_iter 1850        Data time: 0.02(0.07)  Forward time: 0.20(0.17)  Batch time: 0.22(0.24)
2026-05-12 20:17:07,495   INFO  Train:   12/40 ( 30%) [  62/167 ( 37%)]  Loss: 2.503 (2.45)  LR: 2.919e-04  Time cost: 00:12/00:21 [06:04/16:06]  Acc_iter 1900        Data time: 0.02(0.03)  Forward time: 0.15(0.17)  Batch time: 0.17(0.20)
2026-05-12 20:17:17,197   INFO  Train:   12/40 ( 30%) [ 112/167 ( 67%)]  Loss: 2.251 (2.46)  LR: 2.904e-04  Time cost: 00:22/00:10 [06:14/15:39]  Acc_iter 1950        Data time: 0.02(0.03)  Forward time: 0.15(0.17)  Batch time: 0.17(0.20)
2026-05-12 20:17:17,544   INFO  a1e06a0b30c0                Tue May 12 20:17:17 2026  580.142
[0] NVIDIA GeForce RTX 3070 | 54°C,  52 % |  7660 /  8192 MB | root(6762M)

2026-05-12 20:17:27,067   INFO  Train:   12/40 ( 30%) [ 162/167 ( 97%)]  Loss: 2.531 (2.46)  LR: 2.888e-04  Time cost: 00:32/00:00 [06:24/15:27]  Acc_iter 2000        Data time: 0.02(0.03)  Forward time: 0.11(0.17)  Batch time: 0.13(0.20)
2026-05-12 20:17:27,585   INFO  Train:   12/40 ( 30%) [ 166/167 ( 99%)]  Loss: 2.408 (2.46)  LR: 2.886e-04  Time cost: 00:32/00:00 [06:25/15:19]  Acc_iter 2004        Data time: 0.02(0.03)  Forward time: 0.09(0.17)  Batch time: 0.11(0.20)
2026-05-12 20:17:28,974   INFO  Train:   13/40 ( 32%) [   0/167 (  0%)]  Loss: 2.539 (2.54)  LR: 2.886e-04  Time cost: 00:01/02:53 [06:26/1:20:46]  Acc_iter 2005        Data time: 0.70(0.70)  Forward time: 0.32(0.32)  Batch time: 1.02(1.02)
2026-05-12 20:17:37,595   INFO  Train:   13/40 ( 32%) [  45/167 ( 27%)]  Loss: 2.265 (2.46)  LR: 2.870e-04  Time cost: 00:09/00:25 [06:35/16:12]  Acc_iter 2050        Data time: 0.02(0.03)  Forward time: 0.15(0.18)  Batch time: 0.17(0.21)
2026-05-12 20:17:46,757   INFO  Train:   13/40 ( 32%) [  95/167 ( 57%)]  Loss: 2.288 (2.45)  LR: 2.852e-04  Time cost: 00:18/00:14 [06:44/14:58]  Acc_iter 2100        Data time: 0.02(0.03)  Forward time: 0.16(0.17)  Batch time: 0.18(0.20)
2026-05-12 20:17:47,102   INFO  a1e06a0b30c0                Tue May 12 20:17:47 2026  580.142
[0] NVIDIA GeForce RTX 3070 | 55°C,  87 % |  7659 /  8192 MB | root(6762M)

2026-05-12 20:17:56,589   INFO  Train:   13/40 ( 32%) [ 145/167 ( 87%)]  Loss: 2.604 (2.46)  LR: 2.832e-04  Time cost: 00:28/00:04 [06:54/14:49]  Acc_iter 2150        Data time: 0.03(0.03)  Forward time: 0.17(0.17)  Batch time: 0.19(0.20)
2026-05-12 20:17:59,824   INFO  Train:   13/40 ( 32%) [ 166/167 ( 99%)]  Loss: 2.476 (2.45)  LR: 2.823e-04  Time cost: 00:31/00:00 [06:57/14:21]  Acc_iter 2171        Data time: 0.02(0.03)  Forward time: 0.09(0.17)  Batch time: 0.11(0.19)
2026-05-12 20:18:00,999   INFO  Train:   14/40 ( 35%) [   0/167 (  0%)]  Loss: 2.488 (2.49)  LR: 2.823e-04  Time cost: 00:00/02:19 [06:58/1:02:53]  Acc_iter 2172        Data time: 0.62(0.62)  Forward time: 0.19(0.19)  Batch time: 0.82(0.82)
2026-05-12 20:18:06,135   INFO  Train:   14/40 ( 35%) [  28/167 ( 17%)]  Loss: 2.499 (2.46)  LR: 2.811e-04  Time cost: 00:05/00:28 [07:03/15:22]  Acc_iter 2200        Data time: 0.02(0.04)  Forward time: 0.16(0.17)  Batch time: 0.18(0.21)
2026-05-12 20:18:14,795   INFO  Train:   14/40 ( 35%) [  78/167 ( 47%)]  Loss: 2.378 (2.45)  LR: 2.789e-04  Time cost: 00:14/00:16 [07:12/13:40]  Acc_iter 2250        Data time: 0.02(0.03)  Forward time: 0.15(0.16)  Batch time: 0.17(0.18)
2026-05-12 20:18:15,147   INFO  a1e06a0b30c0                Tue May 12 20:18:15 2026  580.142
[0] NVIDIA GeForce RTX 3070 | 54°C,  52 % |  7661 /  8192 MB | root(6762M)

2026-05-12 20:18:23,700   INFO  Train:   14/40 ( 35%) [ 128/167 ( 77%)]  Loss: 2.830 (2.44)  LR: 2.766e-04  Time cost: 00:23/00:07 [07:21/13:19]  Acc_iter 2300        Data time: 0.02(0.03)  Forward time: 0.17(0.16)  Batch time: 0.19(0.18)
2026-05-12 20:18:30,084   INFO  Train:   14/40 ( 35%) [ 166/167 ( 99%)]  Loss: 2.714 (2.43)  LR: 2.748e-04  Time cost: 00:29/00:00 [07:27/12:58]  Acc_iter 2338        Data time: 0.02(0.02)  Forward time: 0.09(0.15)  Batch time: 0.11(0.18)
2026-05-12 20:18:31,372   INFO  Train:   15/40 ( 38%) [   0/167 (  0%)]  Loss: 2.373 (2.37)  LR: 2.747e-04  Time cost: 00:00/02:36 [07:28/1:07:41]  Acc_iter 2339        Data time: 0.62(0.62)  Forward time: 0.31(0.31)  Batch time: 0.93(0.93)
2026-05-12 20:18:33,604   INFO  Train:   15/40 ( 38%) [  11/167 (  7%)]  Loss: 2.426 (2.45)  LR: 2.742e-04  Time cost: 00:03/00:41 [07:31/19:02]  Acc_iter 2350        Data time: 0.02(0.07)  Forward time: 0.12(0.19)  Batch time: 0.14(0.26)
2026-05-12 20:18:42,760   INFO  Train:   15/40 ( 38%) [  61/167 ( 37%)]  Loss: 2.344 (2.45)  LR: 2.717e-04  Time cost: 00:12/00:21 [07:40/14:10]  Acc_iter 2400        Data time: 0.02(0.03)  Forward time: 0.21(0.17)  Batch time: 0.23(0.20)
2026-05-12 20:18:43,117   INFO  a1e06a0b30c0                Tue May 12 20:18:43 2026  580.142
[0] NVIDIA GeForce RTX 3070 | 55°C,  39 % |  5267 /  8192 MB | root(4368M)

2026-05-12 20:18:52,186   INFO  Train:   15/40 ( 38%) [ 111/167 ( 66%)]  Loss: 2.226 (2.43)  LR: 2.690e-04  Time cost: 00:21/00:10 [07:49/13:41]  Acc_iter 2450        Data time: 0.02(0.03)  Forward time: 0.13(0.17)  Batch time: 0.15(0.19)
2026-05-12 20:19:01,222   INFO  Train:   15/40 ( 38%) [ 161/167 ( 96%)]  Loss: 2.654 (2.42)  LR: 2.663e-04  Time cost: 00:30/00:01 [07:58/13:14]  Acc_iter 2500        Data time: 0.02(0.02)  Forward time: 0.11(0.17)  Batch time: 0.13(0.19)
2026-05-12 20:19:01,881   INFO  Train:   15/40 ( 38%) [ 166/167 ( 99%)]  Loss: 2.435 (2.42)  LR: 2.660e-04  Time cost: 00:31/00:00 [07:59/13:06]  Acc_iter 2505        Data time: 0.02(0.02)  Forward time: 0.09(0.16)  Batch time: 0.10(0.19)
2026-05-12 20:19:03,236   INFO  Train:   16/40 ( 40%) [   0/167 (  0%)]  Loss: 2.558 (2.56)  LR: 2.660e-04  Time cost: 00:01/02:50 [08:00/1:10:53]  Acc_iter 2506        Data time: 0.70(0.70)  Forward time: 0.30(0.30)  Batch time: 1.00(1.00)
2026-05-12 20:19:11,453   INFO  Train:   16/40 ( 40%) [  44/167 ( 26%)]  Loss: 2.450 (2.40)  LR: 2.635e-04  Time cost: 00:09/00:25 [08:08/14:07]  Acc_iter 2550        Data time: 0.02(0.03)  Forward time: 0.16(0.17)  Batch time: 0.18(0.20)
2026-05-12 20:19:11,812   INFO  a1e06a0b30c0                Tue May 12 20:19:11 2026  580.142
[0] NVIDIA GeForce RTX 3070 | 55°C,  63 % |  6035 /  8192 MB | root(5140M)

2026-05-12 20:19:21,271   INFO  Train:   16/40 ( 40%) [  94/167 ( 56%)]  Loss: 2.280 (2.38)  LR: 2.605e-04  Time cost: 00:19/00:14 [08:18/13:38]  Acc_iter 2600        Data time: 0.02(0.03)  Forward time: 0.16(0.17)  Batch time: 0.18(0.20)
2026-05-12 20:19:30,442   INFO  Train:   16/40 ( 40%) [ 144/167 ( 86%)]  Loss: 2.464 (2.38)  LR: 2.575e-04  Time cost: 00:28/00:04 [08:27/13:04]  Acc_iter 2650        Data time: 0.02(0.03)  Forward time: 0.16(0.17)  Batch time: 0.18(0.19)
2026-05-12 20:19:33,885   INFO  Train:   16/40 ( 40%) [ 166/167 ( 99%)]  Loss: 2.282 (2.39)  LR: 2.561e-04  Time cost: 00:31/00:00 [08:31/12:40]  Acc_iter 2672        Data time: 0.02(0.03)  Forward time: 0.09(0.16)  Batch time: 0.11(0.19)
2026-05-12 20:19:35,164   INFO  Train:   17/40 ( 42%) [   0/167 (  0%)]  Loss: 2.382 (2.38)  LR: 2.561e-04  Time cost: 00:00/02:39 [08:32/1:03:55]  Acc_iter 2673        Data time: 0.63(0.63)  Forward time: 0.31(0.31)  Batch time: 0.94(0.94)
2026-05-12 20:19:40,277   INFO  Train:   17/40 ( 42%) [  27/167 ( 16%)]  Loss: 2.543 (2.44)  LR: 2.544e-04  Time cost: 00:06/00:30 [08:37/14:23]  Acc_iter 2700        Data time: 0.02(0.04)  Forward time: 0.15(0.18)  Batch time: 0.17(0.22)
2026-05-12 20:19:40,623   INFO  a1e06a0b30c0                Tue May 12 20:19:40 2026  580.142
[0] NVIDIA GeForce RTX 3070 | 55°C,  34 % |  6035 /  8192 MB | root(5140M)

2026-05-12 20:19:49,330   INFO  Train:   17/40 ( 42%) [  77/167 ( 46%)]  Loss: 2.150 (2.40)  LR: 2.512e-04  Time cost: 00:15/00:17 [08:46/12:42]  Acc_iter 2750        Data time: 0.00(0.03)  Forward time: 0.15(0.16)  Batch time: 0.15(0.19)
2026-05-12 20:19:57,898   INFO  Train:   17/40 ( 42%) [ 127/167 ( 76%)]  Loss: 2.199 (2.39)  LR: 2.479e-04  Time cost: 00:23/00:07 [08:55/11:58]  Acc_iter 2800        Data time: 0.02(0.03)  Forward time: 0.13(0.16)  Batch time: 0.15(0.18)
2026-05-12 20:20:04,138   INFO  Train:   17/40 ( 42%) [ 166/167 ( 99%)]  Loss: 2.210 (2.39)  LR: 2.452e-04  Time cost: 00:29/00:00 [09:01/11:28]  Acc_iter 2839        Data time: 0.02(0.02)  Forward time: 0.09(0.15)  Batch time: 0.11(0.18)
2026-05-12 20:20:05,366   INFO  Train:   18/40 ( 45%) [   0/167 (  0%)]  Loss: 2.607 (2.61)  LR: 2.452e-04  Time cost: 00:00/02:28 [09:02/56:59]  Acc_iter 2840        Data time: 0.57(0.57)  Forward time: 0.30(0.30)  Batch time: 0.87(0.87)
2026-05-12 20:20:07,333   INFO  Train:   18/40 ( 45%) [  10/167 (  6%)]  Loss: 2.091 (2.32)  LR: 2.445e-04  Time cost: 00:02/00:40 [09:04/16:34]  Acc_iter 2850        Data time: 0.02(0.07)  Forward time: 0.18(0.19)  Batch time: 0.21(0.26)
2026-05-12 20:20:07,686   INFO  a1e06a0b30c0                Tue May 12 20:20:07 2026  580.142
[0] NVIDIA GeForce RTX 3070 | 55°C,  83 % |  6035 /  8192 MB | root(5140M)

2026-05-12 20:20:16,727   INFO  Train:   18/40 ( 45%) [  60/167 ( 36%)]  Loss: 2.352 (2.38)  LR: 2.410e-04  Time cost: 00:12/00:21 [09:14/12:39]  Acc_iter 2900        Data time: 0.02(0.03)  Forward time: 0.12(0.17)  Batch time: 0.14(0.20)
2026-05-12 20:20:25,683   INFO  Train:   18/40 ( 45%) [ 110/167 ( 66%)]  Loss: 2.422 (2.37)  LR: 2.375e-04  Time cost: 00:21/00:10 [09:23/11:52]  Acc_iter 2950        Data time: 0.02(0.03)  Forward time: 0.17(0.16)  Batch time: 0.19(0.19)
2026-05-12 20:20:35,062   INFO  Train:   18/40 ( 45%) [ 160/167 ( 96%)]  Loss: 2.244 (2.36)  LR: 2.338e-04  Time cost: 00:30/00:01 [09:32/11:39]  Acc_iter 3000        Data time: 0.02(0.02)  Forward time: 0.11(0.17)  Batch time: 0.13(0.19)
2026-05-12 20:20:35,422   INFO  a1e06a0b30c0                Tue May 12 20:20:35 2026  580.142
[0] NVIDIA GeForce RTX 3070 | 52°C,  77 % |  6030 /  8192 MB | root(5140M)

2026-05-12 20:20:36,212   INFO  Train:   18/40 ( 45%) [ 166/167 ( 99%)]  Loss: 2.451 (2.36)  LR: 2.334e-04  Time cost: 00:31/00:00 [09:33/11:38]  Acc_iter 3006        Data time: 0.02(0.03)  Forward time: 0.09(0.16)  Batch time: 0.11(0.19)
2026-05-12 20:20:37,401   INFO  Train:   19/40 ( 48%) [   0/167 (  0%)]  Loss: 2.212 (2.21)  LR: 2.333e-04  Time cost: 00:00/02:19 [09:34/51:14]  Acc_iter 3007        Data time: 0.45(0.45)  Forward time: 0.38(0.38)  Batch time: 0.83(0.83)
2026-05-12 20:20:45,184   INFO  Train:   19/40 ( 48%) [  43/167 ( 26%)]  Loss: 2.338 (2.36)  LR: 2.302e-04  Time cost: 00:08/00:24 [09:42/11:51]  Acc_iter 3050        Data time: 0.03(0.03)  Forward time: 0.15(0.17)  Batch time: 0.18(0.20)
2026-05-12 20:20:54,476   INFO  Train:   19/40 ( 48%) [  93/167 ( 56%)]  Loss: 2.192 (2.37)  LR: 2.264e-04  Time cost: 00:17/00:14 [09:51/11:22]  Acc_iter 3100        Data time: 0.03(0.02)  Forward time: 0.17(0.17)  Batch time: 0.19(0.19)
2026-05-12 20:21:04,016   INFO  Train:   19/40 ( 48%) [ 143/167 ( 86%)]  Loss: 2.432 (2.37)  LR: 2.226e-04  Time cost: 00:27/00:04 [10:01/11:13]  Acc_iter 3150        Data time: 0.02(0.02)  Forward time: 0.22(0.17)  Batch time: 0.24(0.19)
2026-05-12 20:21:04,376   INFO  a1e06a0b30c0                Tue May 12 20:21:04 2026  580.142
[0] NVIDIA GeForce RTX 3070 | 52°C,  81 % |  6023 /  8192 MB | root(5140M)

2026-05-12 20:21:08,225   INFO  Train:   19/40 ( 48%) [ 166/167 ( 99%)]  Loss: 2.251 (2.37)  LR: 2.208e-04  Time cost: 00:31/00:00 [10:05/11:05]  Acc_iter 3173        Data time: 0.02(0.02)  Forward time: 0.09(0.16)  Batch time: 0.11(0.19)
2026-05-12 20:21:09,692   INFO  Train:   20/40 ( 50%) [   0/167 (  0%)]  Loss: 2.379 (2.38)  LR: 2.207e-04  Time cost: 00:01/03:04 [10:07/1:04:26]  Acc_iter 3174        Data time: 0.78(0.78)  Forward time: 0.30(0.30)  Batch time: 1.08(1.08)
2026-05-12 20:21:14,547   INFO  Train:   20/40 ( 50%) [  26/167 ( 16%)]  Loss: 2.312 (2.35)  LR: 2.187e-04  Time cost: 00:05/00:31 [10:12/12:48]  Acc_iter 3200        Data time: 0.02(0.05)  Forward time: 0.20(0.17)  Batch time: 0.22(0.22)
2026-05-12 20:21:23,504   INFO  Train:   20/40 ( 50%) [  76/167 ( 46%)]  Loss: 2.522 (2.35)  LR: 2.147e-04  Time cost: 00:14/00:17 [10:20/11:04]  Acc_iter 3250        Data time: 0.02(0.03)  Forward time: 0.16(0.17)  Batch time: 0.18(0.19)
2026-05-12 20:21:32,460   INFO  Train:   20/40 ( 50%) [ 126/167 ( 75%)]  Loss: 2.327 (2.35)  LR: 2.107e-04  Time cost: 00:23/00:07 [10:29/10:35]  Acc_iter 3300        Data time: 0.02(0.02)  Forward time: 0.21(0.16)  Batch time: 0.23(0.19)
2026-05-12 20:21:32,820   INFO  a1e06a0b30c0                Tue May 12 20:21:32 2026  580.142
[0] NVIDIA GeForce RTX 3070 | 55°C,  70 % |  6027 /  8192 MB | root(5140M)

2026-05-12 20:21:39,749   INFO  Train:   20/40 ( 50%) [ 166/167 ( 99%)]  Loss: 2.226 (2.35)  LR: 2.075e-04  Time cost: 00:31/00:00 [10:37/10:23]  Acc_iter 3340        Data time: 0.02(0.03)  Forward time: 0.09(0.16)  Batch time: 0.11(0.19)
2026-05-12 20:21:40,976   INFO  Train:   21/40 ( 52%) [   0/167 (  0%)]  Loss: 2.221 (2.22)  LR: 2.074e-04  Time cost: 00:00/02:24 [10:38/48:19]  Acc_iter 3341        Data time: 0.49(0.49)  Forward time: 0.38(0.38)  Batch time: 0.87(0.87)
2026-05-12 20:21:42,916   INFO  Train:   21/40 ( 52%) [   9/167 (  5%)]  Loss: 2.378 (2.29)  LR: 2.067e-04  Time cost: 00:02/00:44 [10:40/15:35]  Acc_iter 3350        Data time: 0.02(0.07)  Forward time: 0.15(0.21)  Batch time: 0.17(0.28)
2026-05-12 20:21:52,192   INFO  Train:   21/40 ( 52%) [  59/167 ( 35%)]  Loss: 2.546 (2.34)  LR: 2.026e-04  Time cost: 00:12/00:21 [10:49/11:00]  Acc_iter 3400        Data time: 0.02(0.03)  Forward time: 0.20(0.17)  Batch time: 0.22(0.20)
2026-05-12 20:22:02,242   INFO  Train:   21/40 ( 52%) [ 109/167 ( 65%)]  Loss: 2.406 (2.35)  LR: 1.984e-04  Time cost: 00:22/00:11 [10:59/10:50]  Acc_iter 3450        Data time: 0.01(0.02)  Forward time: 0.23(0.18)  Batch time: 0.24(0.20)
2026-05-12 20:22:02,599   INFO  a1e06a0b30c0                Tue May 12 20:22:02 2026  580.142
[0] NVIDIA GeForce RTX 3070 | 53°C,  84 % |  6032 /  8192 MB | root(5140M)

2026-05-12 20:22:12,676   INFO  Train:   21/40 ( 52%) [ 159/167 ( 95%)]  Loss: 2.057 (2.34)  LR: 1.942e-04  Time cost: 00:32/00:01 [11:10/10:47]  Acc_iter 3500        Data time: 0.02(0.02)  Forward time: 0.12(0.18)  Batch time: 0.14(0.20)
2026-05-12 20:22:13,583   INFO  Train:   21/40 ( 52%) [ 166/167 ( 99%)]  Loss: 2.302 (2.35)  LR: 1.936e-04  Time cost: 00:33/00:00 [11:11/10:36]  Acc_iter 3507        Data time: 0.02(0.02)  Forward time: 0.09(0.18)  Batch time: 0.11(0.20)
2026-05-12 20:22:15,007   INFO  Train:   22/40 ( 55%) [   0/167 (  0%)]  Loss: 2.367 (2.37)  LR: 1.935e-04  Time cost: 00:01/02:56 [11:12/56:02]  Acc_iter 3508        Data time: 0.74(0.74)  Forward time: 0.31(0.31)  Batch time: 1.05(1.05)
2026-05-12 20:22:22,782   INFO  Train:   22/40 ( 55%) [  42/167 ( 25%)]  Loss: 2.320 (2.38)  LR: 1.900e-04  Time cost: 00:08/00:25 [11:20/10:43]  Acc_iter 3550        Data time: 0.02(0.04)  Forward time: 0.16(0.17)  Batch time: 0.18(0.20)
2026-05-12 20:22:32,317   INFO  Train:   22/40 ( 55%) [  92/167 ( 55%)]  Loss: 2.192 (2.33)  LR: 1.857e-04  Time cost: 00:18/00:14 [11:29/10:08]  Acc_iter 3600        Data time: 0.00(0.03)  Forward time: 0.16(0.17)  Batch time: 0.17(0.20)
2026-05-12 20:22:32,671   INFO  a1e06a0b30c0                Tue May 12 20:22:32 2026  580.142
[0] NVIDIA GeForce RTX 3070 | 54°C,  76 % |  6032 /  8192 MB | root(5140M)

2026-05-12 20:22:42,346   INFO  Train:   22/40 ( 55%) [ 142/167 ( 85%)]  Loss: 2.352 (2.34)  LR: 1.814e-04  Time cost: 00:28/00:04 [11:39/10:01]  Acc_iter 3650        Data time: 0.02(0.03)  Forward time: 0.19(0.17)  Batch time: 0.21(0.20)
2026-05-12 20:22:46,390   INFO  Train:   22/40 ( 55%) [ 166/167 ( 99%)]  Loss: 2.001 (2.34)  LR: 1.794e-04  Time cost: 00:32/00:00 [11:43/09:44]  Acc_iter 3674        Data time: 0.02(0.02)  Forward time: 0.09(0.17)  Batch time: 0.11(0.19)
2026-05-12 20:22:47,675   INFO  Train:   23/40 ( 58%) [   0/167 (  0%)]  Loss: 2.485 (2.48)  LR: 1.793e-04  Time cost: 00:00/02:34 [11:45/46:19]  Acc_iter 3675        Data time: 0.68(0.68)  Forward time: 0.25(0.25)  Batch time: 0.92(0.92)
2026-05-12 20:22:52,535   INFO  Train:   23/40 ( 58%) [  25/167 ( 15%)]  Loss: 2.105 (2.35)  LR: 1.771e-04  Time cost: 00:05/00:31 [11:50/11:03]  Acc_iter 3700        Data time: 0.02(0.04)  Forward time: 0.11(0.18)  Batch time: 0.13(0.22)
2026-05-12 20:23:01,679   INFO  Train:   23/40 ( 58%) [  75/167 ( 45%)]  Loss: 2.396 (2.32)  LR: 1.728e-04  Time cost: 00:14/00:18 [11:59/09:35]  Acc_iter 3750        Data time: 0.02(0.03)  Forward time: 0.16(0.17)  Batch time: 0.18(0.20)
2026-05-12 20:23:02,038   INFO  a1e06a0b30c0                Tue May 12 20:23:02 2026  580.142
[0] NVIDIA GeForce RTX 3070 | 54°C,  31 % |  6033 /  8192 MB | root(5140M)

2026-05-12 20:23:11,022   INFO  Train:   23/40 ( 58%) [ 125/167 ( 75%)]  Loss: 2.419 (2.32)  LR: 1.684e-04  Time cost: 00:24/00:08 [12:08/09:14]  Acc_iter 3800        Data time: 0.02(0.03)  Forward time: 0.16(0.17)  Batch time: 0.18(0.19)
2026-05-12 20:23:18,037   INFO  Train:   23/40 ( 58%) [ 166/167 ( 99%)]  Loss: 2.593 (2.33)  LR: 1.648e-04  Time cost: 00:31/00:00 [12:15/08:52]  Acc_iter 3841        Data time: 0.02(0.02)  Forward time: 0.08(0.16)  Batch time: 0.10(0.19)
2026-05-12 20:23:19,463   INFO  Train:   24/40 ( 60%) [   0/167 (  0%)]  Loss: 2.485 (2.49)  LR: 1.647e-04  Time cost: 00:01/02:57 [12:16/50:14]  Acc_iter 3842        Data time: 0.75(0.75)  Forward time: 0.29(0.29)  Batch time: 1.04(1.04)
2026-05-12 20:23:20,984   INFO  Train:   24/40 ( 60%) [   8/167 (  5%)]  Loss: 2.234 (2.38)  LR: 1.640e-04  Time cost: 00:02/00:45 [12:18/13:32]  Acc_iter 3850        Data time: 0.02(0.10)  Forward time: 0.13(0.18)  Batch time: 0.15(0.28)
2026-05-12 20:23:29,626   INFO  Train:   24/40 ( 60%) [  58/167 ( 35%)]  Loss: 2.506 (2.33)  LR: 1.596e-04  Time cost: 00:11/00:20 [12:27/08:49]  Acc_iter 3900        Data time: 0.02(0.03)  Forward time: 0.16(0.16)  Batch time: 0.18(0.19)
2026-05-12 20:23:29,992   INFO  a1e06a0b30c0                Tue May 12 20:23:29 2026  580.142
[0] NVIDIA GeForce RTX 3070 | 53°C,   6 % |  6032 /  8192 MB | root(5140M)

2026-05-12 20:23:38,853   INFO  Train:   24/40 ( 60%) [ 108/167 ( 65%)]  Loss: 2.219 (2.33)  LR: 1.552e-04  Time cost: 00:20/00:11 [12:36/08:32]  Acc_iter 3950        Data time: 0.00(0.03)  Forward time: 0.18(0.16)  Batch time: 0.18(0.19)
2026-05-12 20:23:47,722   INFO  Train:   24/40 ( 60%) [ 158/167 ( 95%)]  Loss: 2.238 (2.32)  LR: 1.508e-04  Time cost: 00:29/00:01 [12:45/08:14]  Acc_iter 4000        Data time: 0.03(0.03)  Forward time: 0.14(0.16)  Batch time: 0.17(0.18)
2026-05-12 20:23:48,776   INFO  Train:   24/40 ( 60%) [ 166/167 ( 99%)]  Loss: 2.161 (2.32)  LR: 1.501e-04  Time cost: 00:30/00:00 [12:46/08:06]  Acc_iter 4008        Data time: 0.02(0.03)  Forward time: 0.09(0.16)  Batch time: 0.11(0.18)
2026-05-12 20:23:50,060   INFO  Train:   25/40 ( 62%) [   0/167 (  0%)]  Loss: 2.471 (2.47)  LR: 1.500e-04  Time cost: 00:00/02:34 [12:47/41:06]  Acc_iter 4009        Data time: 0.60(0.60)  Forward time: 0.32(0.32)  Batch time: 0.92(0.92)
2026-05-12 20:23:57,758   INFO  Train:   25/40 ( 62%) [  41/167 ( 25%)]  Loss: 2.560 (2.34)  LR: 1.464e-04  Time cost: 00:08/00:25 [12:55/09:00]  Acc_iter 4050        Data time: 0.02(0.03)  Forward time: 0.17(0.17)  Batch time: 0.19(0.20)
2026-05-12 20:23:58,124   INFO  a1e06a0b30c0                Tue May 12 20:23:58 2026  580.142
[0] NVIDIA GeForce RTX 3070 | 54°C,  45 % |  6033 /  8192 MB | root(5140M)

2026-05-12 20:24:07,301   INFO  Train:   25/40 ( 62%) [  91/167 ( 54%)]  Loss: 2.489 (2.35)  LR: 1.420e-04  Time cost: 00:18/00:15 [13:04/08:29]  Acc_iter 4100        Data time: 0.02(0.03)  Forward time: 0.19(0.17)  Batch time: 0.21(0.20)
2026-05-12 20:24:16,258   INFO  Train:   25/40 ( 62%) [ 141/167 ( 84%)]  Loss: 2.219 (2.34)  LR: 1.376e-04  Time cost: 00:27/00:04 [13:13/08:03]  Acc_iter 4150        Data time: 0.03(0.02)  Forward time: 0.12(0.17)  Batch time: 0.15(0.19)
2026-05-12 20:24:20,188   INFO  Train:   25/40 ( 62%) [ 166/167 ( 99%)]  Loss: 2.310 (2.33)  LR: 1.354e-04  Time cost: 00:31/00:00 [13:17/07:45]  Acc_iter 4175        Data time: 0.02(0.02)  Forward time: 0.08(0.16)  Batch time: 0.10(0.19)
2026-05-12 20:24:21,534   INFO  Train:   26/40 ( 65%) [   0/167 (  0%)]  Loss: 2.337 (2.34)  LR: 1.353e-04  Time cost: 00:00/02:43 [13:19/40:51]  Acc_iter 4176        Data time: 0.57(0.57)  Forward time: 0.37(0.37)  Batch time: 0.94(0.94)
2026-05-12 20:24:26,087   INFO  Train:   26/40 ( 65%) [  24/167 ( 14%)]  Loss: 2.194 (2.24)  LR: 1.332e-04  Time cost: 00:05/00:31 [13:23/09:08]  Acc_iter 4200        Data time: 0.02(0.04)  Forward time: 0.16(0.18)  Batch time: 0.18(0.22)
2026-05-12 20:24:26,451   INFO  a1e06a0b30c0                Tue May 12 20:24:26 2026  580.142
[0] NVIDIA GeForce RTX 3070 | 52°C,  75 % |  6038 /  8192 MB | root(5140M)

2026-05-12 20:24:35,727   INFO  Train:   26/40 ( 65%) [  74/167 ( 44%)]  Loss: 2.518 (2.30)  LR: 1.288e-04  Time cost: 00:15/00:18 [13:33/08:11]  Acc_iter 4250        Data time: 0.03(0.03)  Forward time: 0.20(0.17)  Batch time: 0.23(0.20)
2026-05-12 20:24:45,713   INFO  Train:   26/40 ( 65%) [ 124/167 ( 74%)]  Loss: 2.255 (2.29)  LR: 1.245e-04  Time cost: 00:25/00:08 [13:43/07:59]  Acc_iter 4300        Data time: 0.02(0.03)  Forward time: 0.21(0.18)  Batch time: 0.23(0.20)
2026-05-12 20:24:53,568   INFO  Train:   26/40 ( 65%) [ 166/167 ( 99%)]  Loss: 2.318 (2.30)  LR: 1.208e-04  Time cost: 00:33/00:00 [13:51/07:42]  Acc_iter 4342        Data time: 0.02(0.02)  Forward time: 0.09(0.17)  Batch time: 0.11(0.20)
2026-05-12 20:24:54,740   INFO  Train:   27/40 ( 68%) [   0/167 (  0%)]  Loss: 2.318 (2.32)  LR: 1.207e-04  Time cost: 00:00/02:15 [13:52/31:41]  Acc_iter 4343        Data time: 0.49(0.49)  Forward time: 0.31(0.31)  Batch time: 0.80(0.80)
2026-05-12 20:24:56,274   INFO  Train:   27/40 ( 68%) [   7/167 (  4%)]  Loss: 2.407 (2.32)  LR: 1.201e-04  Time cost: 00:02/00:46 [13:53/11:24]  Acc_iter 4350        Data time: 0.02(0.08)  Forward time: 0.16(0.21)  Batch time: 0.18(0.29)
2026-05-12 20:24:56,636   INFO  a1e06a0b30c0                Tue May 12 20:24:56 2026  580.142
[0] NVIDIA GeForce RTX 3070 | 54°C,  48 % |  6033 /  8192 MB | root(5140M)

2026-05-12 20:25:05,714   INFO  Train:   27/40 ( 68%) [  57/167 ( 34%)]  Loss: 2.049 (2.32)  LR: 1.158e-04  Time cost: 00:11/00:22 [14:03/07:43]  Acc_iter 4400        Data time: 0.01(0.03)  Forward time: 0.15(0.17)  Batch time: 0.16(0.20)
2026-05-12 20:25:14,836   INFO  Train:   27/40 ( 68%) [ 107/167 ( 64%)]  Loss: 2.252 (2.31)  LR: 1.115e-04  Time cost: 00:20/00:11 [14:12/07:11]  Acc_iter 4450        Data time: 0.02(0.03)  Forward time: 0.17(0.17)  Batch time: 0.18(0.19)
2026-05-12 20:25:23,875   INFO  Train:   27/40 ( 68%) [ 157/167 ( 94%)]  Loss: 2.452 (2.31)  LR: 1.073e-04  Time cost: 00:29/00:01 [14:21/06:53]  Acc_iter 4500        Data time: 0.03(0.02)  Forward time: 0.16(0.17)  Batch time: 0.19(0.19)
2026-05-12 20:25:24,232   INFO  a1e06a0b30c0                Tue May 12 20:25:24 2026  580.142
[0] NVIDIA GeForce RTX 3070 | 54°C,  56 % |  6032 /  8192 MB | root(5140M)

2026-05-12 20:25:25,476   INFO  Train:   27/40 ( 68%) [ 166/167 ( 99%)]  Loss: 2.303 (2.31)  LR: 1.065e-04  Time cost: 00:31/00:00 [14:22/06:50]  Acc_iter 4509        Data time: 0.02(0.03)  Forward time: 0.09(0.16)  Batch time: 0.11(0.19)
2026-05-12 20:25:26,913   INFO  Train:   28/40 ( 70%) [   0/167 (  0%)]  Loss: 2.099 (2.10)  LR: 1.065e-04  Time cost: 00:01/02:58 [14:24/38:39]  Acc_iter 4510        Data time: 0.80(0.80)  Forward time: 0.26(0.26)  Batch time: 1.05(1.05)
2026-05-12 20:25:34,238   INFO  Train:   28/40 ( 70%) [  40/167 ( 24%)]  Loss: 2.118 (2.29)  LR: 1.031e-04  Time cost: 00:08/00:26 [14:31/07:16]  Acc_iter 4550        Data time: 0.02(0.04)  Forward time: 0.19(0.17)  Batch time: 0.21(0.20)
2026-05-12 20:25:43,370   INFO  Train:   28/40 ( 70%) [  90/167 ( 54%)]  Loss: 2.028 (2.29)  LR: 9.893e-05  Time cost: 00:17/00:14 [14:40/06:40]  Acc_iter 4600        Data time: 0.02(0.03)  Forward time: 0.15(0.16)  Batch time: 0.17(0.19)
2026-05-12 20:25:52,338   INFO  Train:   28/40 ( 70%) [ 140/167 ( 84%)]  Loss: 2.153 (2.30)  LR: 9.481e-05  Time cost: 00:26/00:05 [14:49/06:21]  Acc_iter 4650        Data time: 0.02(0.03)  Forward time: 0.13(0.16)  Batch time: 0.14(0.19)
2026-05-12 20:25:52,696   INFO  a1e06a0b30c0                Tue May 12 20:25:52 2026  580.142
[0] NVIDIA GeForce RTX 3070 | 54°C,  60 % |  6033 /  8192 MB | root(5140M)

2026-05-12 20:25:56,893   INFO  Train:   28/40 ( 70%) [ 166/167 ( 99%)]  Loss: 2.400 (2.30)  LR: 9.268e-05  Time cost: 00:31/00:00 [14:54/06:12]  Acc_iter 4676        Data time: 0.02(0.03)  Forward time: 0.09(0.16)  Batch time: 0.11(0.19)
2026-05-12 20:25:58,125   INFO  Train:   29/40 ( 72%) [   0/167 (  0%)]  Loss: 2.661 (2.66)  LR: 9.260e-05  Time cost: 00:00/02:25 [14:55/29:10]  Acc_iter 4677        Data time: 0.47(0.47)  Forward time: 0.39(0.39)  Batch time: 0.86(0.86)
2026-05-12 20:26:02,639   INFO  Train:   29/40 ( 72%) [  23/167 ( 14%)]  Loss: 2.204 (2.30)  LR: 9.073e-05  Time cost: 00:05/00:32 [15:00/07:24]  Acc_iter 4700        Data time: 0.02(0.03)  Forward time: 0.17(0.19)  Batch time: 0.19(0.22)
2026-05-12 20:26:11,832   INFO  Train:   29/40 ( 72%) [  73/167 ( 44%)]  Loss: 2.712 (2.32)  LR: 8.671e-05  Time cost: 00:14/00:18 [15:09/06:20]  Acc_iter 4750        Data time: 0.02(0.02)  Forward time: 0.17(0.17)  Batch time: 0.19(0.20)
2026-05-12 20:26:21,139   INFO  Train:   29/40 ( 72%) [ 123/167 ( 74%)]  Loss: 2.569 (2.31)  LR: 8.274e-05  Time cost: 00:23/00:08 [15:18/06:02]  Acc_iter 4800        Data time: 0.02(0.02)  Forward time: 0.17(0.17)  Batch time: 0.19(0.19)
2026-05-12 20:26:21,498   INFO  a1e06a0b30c0                Tue May 12 20:26:21 2026  580.142
[0] NVIDIA GeForce RTX 3070 | 53°C,  57 % |  6028 /  8192 MB | root(5140M)

2026-05-12 20:26:29,018   INFO  Train:   29/40 ( 72%) [ 166/167 ( 99%)]  Loss: 2.304 (2.31)  LR: 7.937e-05  Time cost: 00:31/00:00 [15:26/05:49]  Acc_iter 4843        Data time: 0.02(0.02)  Forward time: 0.08(0.17)  Batch time: 0.10(0.19)
2026-05-12 20:26:30,434   INFO  Train:   30/40 ( 75%) [   0/167 (  0%)]  Loss: 2.200 (2.20)  LR: 7.929e-05  Time cost: 00:01/02:56 [15:27/32:25]  Acc_iter 4844        Data time: 0.72(0.72)  Forward time: 0.32(0.32)  Batch time: 1.04(1.04)
2026-05-12 20:26:31,632   INFO  Train:   30/40 ( 75%) [   6/167 (  4%)]  Loss: 2.189 (2.30)  LR: 7.883e-05  Time cost: 00:02/00:51 [15:29/09:50]  Acc_iter 4850        Data time: 0.02(0.12)  Forward time: 0.15(0.20)  Batch time: 0.17(0.32)
2026-05-12 20:26:40,787   INFO  Train:   30/40 ( 75%) [  56/167 ( 34%)]  Loss: 2.060 (2.30)  LR: 7.498e-05  Time cost: 00:11/00:22 [15:38/05:56]  Acc_iter 4900        Data time: 0.02(0.03)  Forward time: 0.16(0.17)  Batch time: 0.18(0.20)
2026-05-12 20:26:49,894   INFO  Train:   30/40 ( 75%) [ 106/167 ( 63%)]  Loss: 2.745 (2.31)  LR: 7.119e-05  Time cost: 00:20/00:11 [15:47/05:31]  Acc_iter 4950        Data time: 0.02(0.02)  Forward time: 0.15(0.17)  Batch time: 0.17(0.19)
2026-05-12 20:26:50,256   INFO  a1e06a0b30c0                Tue May 12 20:26:50 2026  580.142
[0] NVIDIA GeForce RTX 3070 | 54°C,  43 % |  6029 /  8192 MB | root(5140M)

2026-05-12 20:26:59,289   INFO  Train:   30/40 ( 75%) [ 156/167 ( 93%)]  Loss: 2.158 (2.31)  LR: 6.748e-05  Time cost: 00:29/00:02 [15:56/05:20]  Acc_iter 5000        Data time: 0.02(0.02)  Forward time: 0.17(0.17)  Batch time: 0.19(0.19)
2026-05-12 20:27:00,702   INFO  Train:   30/40 ( 75%) [ 166/167 ( 99%)]  Loss: 2.511 (2.30)  LR: 6.674e-05  Time cost: 00:31/00:00 [15:58/05:13]  Acc_iter 5010        Data time: 0.02(0.02)  Forward time: 0.09(0.16)  Batch time: 0.11(0.19)
2026-05-12 20:27:01,987   INFO  Train:   31/40 ( 78%) [   0/167 (  0%)]  Loss: 2.301 (2.30)  LR: 6.667e-05  Time cost: 00:00/02:35 [15:59/25:50]  Acc_iter 5011        Data time: 0.68(0.68)  Forward time: 0.23(0.23)  Batch time: 0.91(0.91)
2026-05-12 20:27:09,698   INFO  Train:   31/40 ( 78%) [  39/167 ( 23%)]  Loss: 2.474 (2.30)  LR: 6.383e-05  Time cost: 00:08/00:27 [16:07/05:52]  Acc_iter 5050        Data time: 0.02(0.04)  Forward time: 0.19(0.18)  Batch time: 0.21(0.22)
2026-05-12 20:27:19,378   INFO  Train:   31/40 ( 78%) [  89/167 ( 53%)]  Loss: 2.275 (2.31)  LR: 6.026e-05  Time cost: 00:18/00:15 [16:16/05:21]  Acc_iter 5100        Data time: 0.03(0.03)  Forward time: 0.18(0.18)  Batch time: 0.21(0.20)
2026-05-12 20:27:19,744   INFO  a1e06a0b30c0                Tue May 12 20:27:19 2026  580.142
[0] NVIDIA GeForce RTX 3070 | 53°C,  50 % |  6028 /  8192 MB | root(5140M)

2026-05-12 20:27:29,530   INFO  Train:   31/40 ( 78%) [ 139/167 ( 83%)]  Loss: 2.221 (2.30)  LR: 5.676e-05  Time cost: 00:28/00:05 [16:27/05:11]  Acc_iter 5150        Data time: 0.02(0.03)  Forward time: 0.15(0.18)  Batch time: 0.17(0.20)
2026-05-12 20:27:34,377   INFO  Train:   31/40 ( 78%) [ 166/167 ( 99%)]  Loss: 2.452 (2.30)  LR: 5.491e-05  Time cost: 00:33/00:00 [16:31/05:00]  Acc_iter 5177        Data time: 0.02(0.03)  Forward time: 0.09(0.17)  Batch time: 0.11(0.20)
2026-05-12 20:27:35,674   INFO  Train:   32/40 ( 80%) [   0/167 (  0%)]  Loss: 2.094 (2.09)  LR: 5.484e-05  Time cost: 00:00/02:35 [16:33/23:23]  Acc_iter 5178        Data time: 0.59(0.59)  Forward time: 0.32(0.32)  Batch time: 0.91(0.91)
2026-05-12 20:27:39,971   INFO  Train:   32/40 ( 80%) [  22/167 ( 13%)]  Loss: 2.113 (2.29)  LR: 5.335e-05  Time cost: 00:05/00:32 [16:37/05:36]  Acc_iter 5200        Data time: 0.02(0.04)  Forward time: 0.16(0.18)  Batch time: 0.18(0.23)
2026-05-12 20:27:48,948   INFO  Train:   32/40 ( 80%) [  72/167 ( 43%)]  Loss: 2.373 (2.32)  LR: 5.002e-05  Time cost: 00:14/00:18 [16:46/04:38]  Acc_iter 5250        Data time: 0.02(0.03)  Forward time: 0.14(0.17)  Batch time: 0.16(0.19)
2026-05-12 20:27:49,322   INFO  a1e06a0b30c0                Tue May 12 20:27:49 2026  580.142
[0] NVIDIA GeForce RTX 3070 | 55°C,  70 % |  6033 /  8192 MB | root(5140M)

2026-05-12 20:27:58,466   INFO  Train:   32/40 ( 80%) [ 122/167 ( 73%)]  Loss: 2.147 (2.30)  LR: 4.678e-05  Time cost: 00:23/00:08 [16:55/04:26]  Acc_iter 5300        Data time: 0.02(0.03)  Forward time: 0.14(0.17)  Batch time: 0.16(0.19)
2026-05-12 20:28:06,074   INFO  Train:   32/40 ( 80%) [ 166/167 ( 99%)]  Loss: 2.009 (2.30)  LR: 4.400e-05  Time cost: 00:31/00:00 [17:03/04:10]  Acc_iter 5344        Data time: 0.02(0.02)  Forward time: 0.09(0.16)  Batch time: 0.11(0.19)
2026-05-12 20:28:07,446   INFO  Train:   33/40 ( 82%) [   0/167 (  0%)]  Loss: 2.381 (2.38)  LR: 4.394e-05  Time cost: 00:01/02:48 [17:04/22:26]  Acc_iter 5345        Data time: 0.70(0.70)  Forward time: 0.31(0.31)  Batch time: 1.01(1.01)
2026-05-12 20:28:08,528   INFO  Train:   33/40 ( 82%) [   5/167 (  3%)]  Loss: 2.311 (2.22)  LR: 4.363e-05  Time cost: 00:02/00:56 [17:06/07:43]  Acc_iter 5350        Data time: 0.02(0.13)  Forward time: 0.13(0.22)  Batch time: 0.15(0.35)
2026-05-12 20:28:17,719   INFO  Train:   33/40 ( 82%) [  55/167 ( 33%)]  Loss: 2.408 (2.29)  LR: 4.056e-05  Time cost: 00:11/00:22 [17:15/04:18]  Acc_iter 5400        Data time: 0.03(0.03)  Forward time: 0.15(0.17)  Batch time: 0.18(0.20)
2026-05-12 20:28:18,078   INFO  a1e06a0b30c0                Tue May 12 20:28:18 2026  580.142
[0] NVIDIA GeForce RTX 3070 | 53°C,  40 % |  6032 /  8192 MB | root(5140M)

2026-05-12 20:28:27,176   INFO  Train:   33/40 ( 82%) [ 105/167 ( 63%)]  Loss: 2.463 (2.29)  LR: 3.760e-05  Time cost: 00:20/00:12 [17:24/04:00]  Acc_iter 5450        Data time: 0.01(0.03)  Forward time: 0.20(0.16)  Batch time: 0.20(0.20)
2026-05-12 20:28:36,972   INFO  Train:   33/40 ( 82%) [ 155/167 ( 93%)]  Loss: 2.356 (2.30)  LR: 3.473e-05  Time cost: 00:30/00:02 [17:34/03:51]  Acc_iter 5500        Data time: 0.02(0.03)  Forward time: 0.17(0.17)  Batch time: 0.19(0.20)
2026-05-12 20:28:38,554   INFO  Train:   33/40 ( 82%) [ 166/167 ( 99%)]  Loss: 2.494 (2.30)  LR: 3.411e-05  Time cost: 00:32/00:00 [17:36/03:45]  Acc_iter 5511        Data time: 0.02(0.03)  Forward time: 0.10(0.17)  Batch time: 0.12(0.19)
2026-05-12 20:28:39,886   INFO  Train:   34/40 ( 85%) [   0/167 (  0%)]  Loss: 2.269 (2.27)  LR: 3.405e-05  Time cost: 00:00/02:41 [17:37/18:51]  Acc_iter 5512        Data time: 0.62(0.62)  Forward time: 0.33(0.33)  Batch time: 0.95(0.95)
2026-05-12 20:28:46,907   INFO  Train:   34/40 ( 85%) [  38/167 ( 23%)]  Loss: 2.123 (2.33)  LR: 3.195e-05  Time cost: 00:07/00:26 [17:44/03:51]  Acc_iter 5550        Data time: 0.03(0.03)  Forward time: 0.13(0.17)  Batch time: 0.16(0.20)
2026-05-12 20:28:47,278   INFO  a1e06a0b30c0                Tue May 12 20:28:47 2026  580.142
[0] NVIDIA GeForce RTX 3070 | 54°C,  70 % |  6032 /  8192 MB | root(5140M)

2026-05-12 20:28:56,074   INFO  Train:   34/40 ( 85%) [  88/167 ( 53%)]  Loss: 2.280 (2.31)  LR: 2.929e-05  Time cost: 00:17/00:15 [17:53/03:28]  Acc_iter 5600        Data time: 0.02(0.03)  Forward time: 0.18(0.16)  Batch time: 0.19(0.19)
2026-05-12 20:29:04,907   INFO  Train:   34/40 ( 85%) [ 138/167 ( 83%)]  Loss: 2.506 (2.31)  LR: 2.672e-05  Time cost: 00:25/00:05 [18:02/03:12]  Acc_iter 5650        Data time: 0.02(0.03)  Forward time: 0.14(0.16)  Batch time: 0.16(0.19)
2026-05-12 20:29:09,680   INFO  Train:   34/40 ( 85%) [ 166/167 ( 99%)]  Loss: 2.060 (2.30)  LR: 2.533e-05  Time cost: 00:30/00:00 [18:07/03:04]  Acc_iter 5678        Data time: 0.02(0.03)  Forward time: 0.08(0.16)  Batch time: 0.10(0.18)
2026-05-12 20:29:11,179   INFO  Train:   35/40 ( 88%) [   0/167 (  0%)]  Loss: 2.310 (2.31)  LR: 2.528e-05  Time cost: 00:01/03:09 [18:08/18:56]  Acc_iter 5679        Data time: 0.81(0.81)  Forward time: 0.31(0.31)  Batch time: 1.12(1.12)
2026-05-12 20:29:15,092   INFO  Train:   35/40 ( 88%) [  21/167 ( 13%)]  Loss: 2.791 (2.30)  LR: 2.426e-05  Time cost: 00:05/00:33 [18:12/03:45]  Acc_iter 5700        Data time: 0.02(0.06)  Forward time: 0.17(0.17)  Batch time: 0.19(0.23)
2026-05-12 20:29:15,451   INFO  a1e06a0b30c0                Tue May 12 20:29:15 2026  580.142
[0] NVIDIA GeForce RTX 3070 | 52°C,  53 % |  6032 /  8192 MB | root(5140M)

2026-05-12 20:29:24,587   INFO  Train:   35/40 ( 88%) [  71/167 ( 43%)]  Loss: 2.173 (2.29)  LR: 2.191e-05  Time cost: 00:14/00:19 [18:22/03:08]  Acc_iter 5750        Data time: 0.02(0.03)  Forward time: 0.20(0.17)  Batch time: 0.22(0.20)
2026-05-12 20:29:33,809   INFO  Train:   35/40 ( 88%) [ 121/167 ( 72%)]  Loss: 2.448 (2.30)  LR: 1.967e-05  Time cost: 00:23/00:08 [18:31/02:51]  Acc_iter 5800        Data time: 0.02(0.03)  Forward time: 0.14(0.17)  Batch time: 0.16(0.19)
2026-05-12 20:29:41,813   INFO  Train:   35/40 ( 88%) [ 166/167 ( 99%)]  Loss: 2.124 (2.30)  LR: 1.776e-05  Time cost: 00:31/00:00 [18:39/02:39]  Acc_iter 5845        Data time: 0.02(0.03)  Forward time: 0.09(0.17)  Batch time: 0.11(0.19)
2026-05-12 20:29:42,992   INFO  Train:   36/40 ( 90%) [   0/167 (  0%)]  Loss: 2.261 (2.26)  LR: 1.771e-05  Time cost: 00:00/02:16 [18:40/11:20]  Acc_iter 5846        Data time: 0.48(0.48)  Forward time: 0.32(0.32)  Batch time: 0.80(0.80)
2026-05-12 20:29:43,980   INFO  Train:   36/40 ( 90%) [   4/167 (  2%)]  Loss: 2.244 (2.39)  LR: 1.755e-05  Time cost: 00:01/00:58 [18:41/04:59]  Acc_iter 5850        Data time: 0.02(0.11)  Forward time: 0.19(0.24)  Batch time: 0.21(0.36)
2026-05-12 20:29:44,350   INFO  a1e06a0b30c0                Tue May 12 20:29:44 2026  580.142
[0] NVIDIA GeForce RTX 3070 | 53°C,  37 % |  6032 /  8192 MB | root(5140M)

2026-05-12 20:29:53,916   INFO  Train:   36/40 ( 90%) [  54/167 ( 32%)]  Loss: 2.263 (2.30)  LR: 1.554e-05  Time cost: 00:11/00:24 [18:51/02:46]  Acc_iter 5900        Data time: 0.01(0.03)  Forward time: 0.20(0.18)  Batch time: 0.21(0.21)
2026-05-12 20:30:03,591   INFO  Train:   36/40 ( 90%) [ 104/167 ( 62%)]  Loss: 2.302 (2.32)  LR: 1.364e-05  Time cost: 00:21/00:12 [19:01/02:29]  Acc_iter 5950        Data time: 0.02(0.03)  Forward time: 0.12(0.18)  Batch time: 0.14(0.20)
2026-05-12 20:30:13,400   INFO  Train:   36/40 ( 90%) [ 154/167 ( 92%)]  Loss: 2.192 (2.31)  LR: 1.186e-05  Time cost: 00:31/00:02 [19:10/02:17]  Acc_iter 6000        Data time: 0.02(0.02)  Forward time: 0.13(0.18)  Batch time: 0.15(0.20)
2026-05-12 20:30:13,791   INFO  a1e06a0b30c0                Tue May 12 20:30:13 2026  580.142
[0] NVIDIA GeForce RTX 3070 | 53°C,  87 % |  6032 /  8192 MB | root(5140M)

2026-05-12 20:30:15,613   INFO  Train:   36/40 ( 90%) [ 166/167 ( 99%)]  Loss: 2.295 (2.31)  LR: 1.145e-05  Time cost: 00:33/00:00 [19:13/02:13]  Acc_iter 6012        Data time: 0.02(0.03)  Forward time: 0.09(0.17)  Batch time: 0.11(0.20)
2026-05-12 20:30:17,121   INFO  Train:   37/40 ( 92%) [   0/167 (  0%)]  Loss: 2.574 (2.57)  LR: 1.142e-05  Time cost: 00:01/03:10 [19:14/12:43]  Acc_iter 6013        Data time: 0.79(0.79)  Forward time: 0.33(0.33)  Batch time: 1.12(1.12)
2026-05-12 20:30:23,903   INFO  Train:   37/40 ( 92%) [  37/167 ( 22%)]  Loss: 2.533 (2.30)  LR: 1.021e-05  Time cost: 00:07/00:27 [19:21/02:11]  Acc_iter 6050        Data time: 0.02(0.04)  Forward time: 0.20(0.17)  Batch time: 0.22(0.21)
2026-05-12 20:30:33,017   INFO  Train:   37/40 ( 92%) [  87/167 ( 52%)]  Loss: 2.188 (2.30)  LR: 8.668e-06  Time cost: 00:17/00:15 [19:30/01:52]  Acc_iter 6100        Data time: 0.02(0.03)  Forward time: 0.16(0.17)  Batch time: 0.18(0.19)
2026-05-12 20:30:42,070   INFO  Train:   37/40 ( 92%) [ 137/167 ( 82%)]  Loss: 2.553 (2.31)  LR: 7.252e-06  Time cost: 00:26/00:05 [19:39/01:40]  Acc_iter 6150        Data time: 0.00(0.02)  Forward time: 0.18(0.16)  Batch time: 0.18(0.19)
2026-05-12 20:30:42,429   INFO  a1e06a0b30c0                Tue May 12 20:30:42 2026  580.142
[0] NVIDIA GeForce RTX 3070 | 52°C,  42 % |  6028 /  8192 MB | root(5140M)

2026-05-12 20:30:47,208   INFO  Train:   37/40 ( 92%) [ 166/167 ( 99%)]  Loss: 2.514 (2.30)  LR: 6.488e-06  Time cost: 00:31/00:00 [19:44/01:33]  Acc_iter 6179        Data time: 0.02(0.03)  Forward time: 0.08(0.16)  Batch time: 0.10(0.19)
2026-05-12 20:30:48,628   INFO  Train:   38/40 ( 95%) [   0/167 (  0%)]  Loss: 2.235 (2.23)  LR: 6.462e-06  Time cost: 00:01/02:54 [19:46/08:42]  Acc_iter 6180        Data time: 0.73(0.73)  Forward time: 0.31(0.31)  Batch time: 1.04(1.04)
2026-05-12 20:30:52,421   INFO  Train:   38/40 ( 95%) [  20/167 ( 12%)]  Loss: 2.263 (2.30)  LR: 5.960e-06  Time cost: 00:04/00:33 [19:49/01:50]  Acc_iter 6200        Data time: 0.02(0.05)  Forward time: 0.15(0.18)  Batch time: 0.17(0.23)
2026-05-12 20:31:01,642   INFO  Train:   38/40 ( 95%) [  70/167 ( 42%)]  Loss: 2.244 (2.31)  LR: 4.792e-06  Time cost: 00:14/00:19 [19:59/01:25]  Acc_iter 6250        Data time: 0.03(0.03)  Forward time: 0.14(0.17)  Batch time: 0.16(0.20)
2026-05-12 20:31:10,719   INFO  Train:   38/40 ( 95%) [ 120/167 ( 72%)]  Loss: 2.484 (2.30)  LR: 3.750e-06  Time cost: 00:23/00:08 [20:08/01:12]  Acc_iter 6300        Data time: 0.02(0.02)  Forward time: 0.17(0.17)  Batch time: 0.19(0.19)
2026-05-12 20:31:11,079   INFO  a1e06a0b30c0                Tue May 12 20:31:11 2026  580.142
[0] NVIDIA GeForce RTX 3070 | 54°C,  26 % |  6031 /  8192 MB | root(5140M)

2026-05-12 20:31:19,086   INFO  Train:   38/40 ( 95%) [ 166/167 ( 99%)]  Loss: 2.390 (2.30)  LR: 2.902e-06  Time cost: 00:31/00:00 [20:16/01:03]  Acc_iter 6346        Data time: 0.02(0.02)  Forward time: 0.08(0.16)  Batch time: 0.10(0.19)
2026-05-12 20:31:20,419   INFO  Train:   39/40 ( 98%) [   0/167 (  0%)]  Loss: 2.609 (2.61)  LR: 2.885e-06  Time cost: 00:00/02:41 [20:17/05:23]  Acc_iter 6347        Data time: 0.68(0.68)  Forward time: 0.28(0.28)  Batch time: 0.95(0.95)
2026-05-12 20:31:21,064   INFO  Train:   39/40 ( 98%) [   3/167 (  2%)]  Loss: 2.082 (2.29)  LR: 2.834e-06  Time cost: 00:01/01:06 [20:18/02:13]  Acc_iter 6350        Data time: 0.02(0.18)  Forward time: 0.15(0.21)  Batch time: 0.18(0.40)
2026-05-12 20:31:30,440   INFO  Train:   39/40 ( 98%) [  53/167 ( 32%)]  Loss: 2.488 (2.28)  LR: 2.045e-06  Time cost: 00:10/00:23 [20:27/00:57]  Acc_iter 6400        Data time: 0.02(0.03)  Forward time: 0.14(0.17)  Batch time: 0.16(0.20)
2026-05-12 20:31:39,836   INFO  Train:   39/40 ( 98%) [ 103/167 ( 62%)]  Loss: 2.276 (2.28)  LR: 1.384e-06  Time cost: 00:20/00:12 [20:37/00:45]  Acc_iter 6450        Data time: 0.02(0.03)  Forward time: 0.17(0.17)  Batch time: 0.19(0.20)
2026-05-12 20:31:40,203   INFO  a1e06a0b30c0                Tue May 12 20:31:40 2026  580.142
[0] NVIDIA GeForce RTX 3070 | 55°C,  52 % |  6030 /  8192 MB | root(5140M)

2026-05-12 20:31:49,569   INFO  Train:   39/40 ( 98%) [ 153/167 ( 92%)]  Loss: 2.399 (2.30)  LR: 8.513e-07  Time cost: 00:30/00:02 [20:47/00:35]  Acc_iter 6500        Data time: 0.02(0.03)  Forward time: 0.16(0.17)  Batch time: 0.18(0.20)
2026-05-12 20:31:51,610   INFO  Train:   39/40 ( 98%) [ 166/167 ( 99%)]  Loss: 2.224 (2.30)  LR: 7.340e-07  Time cost: 00:32/00:00 [20:49/00:32]  Acc_iter 6513        Data time: 0.02(0.03)  Forward time: 0.09(0.17)  Batch time: 0.11(0.19)
2026-05-12 20:31:52,950   INFO  Train:   40/40 (100%) [   0/167 (  0%)]  Loss: 2.341 (2.34)  LR: 7.253e-07  Time cost: 00:00/02:42 [20:50/02:42]  Acc_iter 6514        Data time: 0.62(0.62)  Forward time: 0.33(0.33)  Batch time: 0.96(0.96)
2026-05-12 20:32:00,023   INFO  Train:   40/40 (100%) [  36/167 ( 22%)]  Loss: 2.368 (2.32)  LR: 4.476e-07  Time cost: 00:08/00:28 [20:57/00:28]  Acc_iter 6550        Data time: 0.02(0.04)  Forward time: 0.16(0.18)  Batch time: 0.18(0.22)
2026-05-12 20:32:08,728   INFO  Train:   40/40 (100%) [  86/167 ( 51%)]  Loss: 2.220 (2.29)  LR: 1.730e-07  Time cost: 00:16/00:15 [21:06/00:15]  Acc_iter 6600        Data time: 0.02(0.03)  Forward time: 0.16(0.17)  Batch time: 0.18(0.19)
2026-05-12 20:32:09,095   INFO  a1e06a0b30c0                Tue May 12 20:32:09 2026  580.142
[0] NVIDIA GeForce RTX 3070 | 53°C,  36 % |  6032 /  8192 MB | root(5140M)

2026-05-12 20:32:17,715   INFO  Train:   40/40 (100%) [ 136/167 ( 81%)]  Loss: 2.678 (2.30)  LR: 2.791e-08  Time cost: 00:25/00:05 [21:15/00:05]  Acc_iter 6650        Data time: 0.01(0.03)  Forward time: 0.15(0.16)  Batch time: 0.16(0.19)
2026-05-12 20:32:22,636   INFO  Train:   40/40 (100%) [ 166/167 ( 99%)]  Loss: 1.956 (2.29)  LR: 3.026e-09  Time cost: 00:30/00:00 [21:20/00:00]  Acc_iter 6680        Data time: 0.02(0.03)  Forward time: 0.09(0.16)  Batch time: 0.11(0.18)
2026-05-12 20:32:22,804   INFO  **********************End training OpenPCDet/tools/cfgs/custom_models/pointpillar/default/pointpillar_nuscenes(frozen_backbone_1)**********************



2026-05-12 20:32:22,804   INFO  **********************Start evaluation OpenPCDet/tools/cfgs/custom_models/pointpillar/default/pointpillar_nuscenes(frozen_backbone_1)**********************
2026-05-12 20:32:22,805   INFO  Loading NuScenes dataset
2026-05-12 20:32:22,809   INFO  Total samples for NuScenes dataset: 81
2026-05-12 20:32:22,810   INFO  ==> Loading parameters from checkpoint /OpenPCDet/output/OpenPCDet/tools/cfgs/custom_models/pointpillar/default/pointpillar_nuscenes/frozen_backbone_1/ckpt/checkpoint_epoch_40.pth to GPU
2026-05-12 20:32:22,824   INFO  ==> Checkpoint trained from version: pcdet+0.6.0+233f849+py43f4d32
2026-05-12 20:32:22,827   INFO  ==> Done (loaded 127/127)
2026-05-12 20:32:22,828   INFO  *************** EPOCH 40 EVALUATION *****************
2026-05-12 20:32:26,320   INFO  *************** Performance of EPOCH 40 *****************
2026-05-12 20:32:26,320   INFO  Generate label finished(sec_per_example: 0.0431 second).
2026-05-12 20:32:26,320   INFO  recall_roi_0.3: 0.000000
2026-05-12 20:32:26,320   INFO  recall_rcnn_0.3: 0.078467
2026-05-12 20:32:26,320   INFO  recall_roi_0.5: 0.000000
2026-05-12 20:32:26,321   INFO  recall_rcnn_0.5: 0.020985
2026-05-12 20:32:26,321   INFO  recall_roi_0.7: 0.000000
2026-05-12 20:32:26,321   INFO  recall_rcnn_0.7: 0.001825
2026-05-12 20:32:26,321   INFO  Average predicted number of objects(81 samples): 118.420
2026-05-12 20:32:28,123   INFO  The predictions of NuScenes have been saved to /OpenPCDet/output/OpenPCDet/tools/cfgs/custom_models/pointpillar/default/pointpillar_nuscenes/frozen_backbone_1/eval/eval_with_train/epoch_40/test/final_result/data/results_nusc.json
2026-05-12 20:32:30,529   INFO  ----------------Nuscene detection_cvpr_2019 results-----------------
***car error@trans, scale, orient, vel, attr | AP@0.5, 1.0, 2.0, 4.0
1.09, 0.22, 1.51, 0.52, 0.20 | 0.00, 0.00, 0.22, 2.39 | mean AP: 0.00652398320268126
***pedestrian error@trans, scale, orient, vel, attr | AP@0.5, 1.0, 2.0, 4.0
0.54, 0.32, 1.53, 0.83, 0.80 | 0.01, 0.04, 0.73, 4.16 | mean AP: 0.012342843377320391
***bicycle error@trans, scale, orient, vel, attr | AP@0.5, 1.0, 2.0, 4.0
1.32, 0.38, 2.17, 0.01, 0.00 | 0.00, 0.00, 0.00, 0.00 | mean AP: 0.0
--------------average performance-------------
trans_err:	 0.9940
scale_err:	 0.7920
orient_err:	 1.2452
vel_err:	 0.7943
attr_err:	 0.7489
mAP:	 0.0019
NDS:	 0.0680

2026-05-12 20:32:30,530   INFO  Result is saved to /OpenPCDet/output/OpenPCDet/tools/cfgs/custom_models/pointpillar/default/pointpillar_nuscenes/frozen_backbone_1/eval/eval_with_train/epoch_40/test
2026-05-12 20:32:30,530   INFO  ****************Evaluation done.*****************
2026-05-12 20:32:30,531   INFO  Epoch 40 has been evaluated
2026-05-12 20:33:00,548   INFO  **********************End evaluation OpenPCDet/tools/cfgs/custom_models/pointpillar/default/pointpillar_nuscenes(frozen_backbone_1)**********************
