2026-05-06 05:10:04,054   INFO  **********************Start logging**********************
2026-05-06 05:10:04,054   INFO  CUDA_VISIBLE_DEVICES=ALL
2026-05-06 05:10:04,054   INFO  Training with a single process
2026-05-06 05:10:04,054   INFO  cfg_file         /OpenPCDet/tools/cfgs/kitti_models/pointpillar_nuscenes_TENT.yaml
2026-05-06 05:10:04,054   INFO  batch_size       4
2026-05-06 05:10:04,054   INFO  epochs           80
2026-05-06 05:10:04,054   INFO  workers          4
2026-05-06 05:10:04,054   INFO  extra_tag        default
2026-05-06 05:10:04,054   INFO  ckpt             None
2026-05-06 05:10:04,054   INFO  pretrained_model /OpenPCDet/pcdet/models/pth/pointpillar_7728.pth
2026-05-06 05:10:04,054   INFO  launcher         none
2026-05-06 05:10:04,054   INFO  tcp_port         18888
2026-05-06 05:10:04,054   INFO  sync_bn          False
2026-05-06 05:10:04,054   INFO  fix_random_seed  False
2026-05-06 05:10:04,054   INFO  ckpt_save_interval 1
2026-05-06 05:10:04,054   INFO  local_rank       None
2026-05-06 05:10:04,054   INFO  max_ckpt_save_num 30
2026-05-06 05:10:04,054   INFO  merge_all_iters_to_one_epoch False
2026-05-06 05:10:04,054   INFO  set_cfgs         None
2026-05-06 05:10:04,054   INFO  max_waiting_mins 0
2026-05-06 05:10:04,054   INFO  start_epoch      0
2026-05-06 05:10:04,054   INFO  num_epochs_to_eval 0
2026-05-06 05:10:04,054   INFO  save_to_file     False
2026-05-06 05:10:04,054   INFO  use_tqdm_to_record False
2026-05-06 05:10:04,054   INFO  logger_iter_interval 50
2026-05-06 05:10:04,054   INFO  ckpt_save_time_interval 300
2026-05-06 05:10:04,055   INFO  wo_gpu_stat      False
2026-05-06 05:10:04,055   INFO  use_amp          False
2026-05-06 05:10:04,055   INFO  cfg.ROOT_DIR: /OpenPCDet
2026-05-06 05:10:04,055   INFO  cfg.LOCAL_RANK: 0
2026-05-06 05:10:04,055   INFO  cfg.CLASS_NAMES: ['car', 'pedestrian', 'bicycle']
2026-05-06 05:10:04,055   INFO  ----------- DATA_CONFIG -----------
2026-05-06 05:10:04,055   INFO  cfg.DATA_CONFIG.DATASET: NuScenesDataset
2026-05-06 05:10:04,055   INFO  cfg.DATA_CONFIG.DATA_PATH: /OpenPCDet/datasets/nuscenes
2026-05-06 05:10:04,055   INFO  cfg.DATA_CONFIG.VERSION: v1.0-mini
2026-05-06 05:10:04,055   INFO  cfg.DATA_CONFIG.MAX_SWEEPS: 1
2026-05-06 05:10:04,055   INFO  cfg.DATA_CONFIG.PRED_VELOCITY: False
2026-05-06 05:10:04,055   INFO  cfg.DATA_CONFIG.SET_NAN_VELOCITY_TO_ZEROS: True
2026-05-06 05:10:04,055   INFO  cfg.DATA_CONFIG.FILTER_MIN_POINTS_IN_GT: 1
2026-05-06 05:10:04,055   INFO  ----------- MAP_CLASS_TO_KITTI -----------
2026-05-06 05:10:04,055   INFO  cfg.DATA_CONFIG.MAP_CLASS_TO_KITTI.car: Car
2026-05-06 05:10:04,055   INFO  cfg.DATA_CONFIG.MAP_CLASS_TO_KITTI.pedestrian: Pedestrian
2026-05-06 05:10:04,055   INFO  cfg.DATA_CONFIG.MAP_CLASS_TO_KITTI.bicycle: Cyclist
2026-05-06 05:10:04,055   INFO  ----------- DATA_SPLIT -----------
2026-05-06 05:10:04,055   INFO  cfg.DATA_CONFIG.DATA_SPLIT.train: train
2026-05-06 05:10:04,055   INFO  cfg.DATA_CONFIG.DATA_SPLIT.test: test
2026-05-06 05:10:04,055   INFO  ----------- INFO_PATH -----------
2026-05-06 05:10:04,055   INFO  cfg.DATA_CONFIG.INFO_PATH.train: ['nuscenes_infos_10sweeps_train.pkl']
2026-05-06 05:10:04,055   INFO  cfg.DATA_CONFIG.INFO_PATH.test: ['nuscenes_infos_10sweeps_val.pkl']
2026-05-06 05:10:04,055   INFO  cfg.DATA_CONFIG.POINT_CLOUD_RANGE: [0, -51.2, -5.0, 51.2, 51.2, 3.0]
2026-05-06 05:10:04,055   INFO  cfg.DATA_CONFIG.BALANCED_RESAMPLING: True
2026-05-06 05:10:04,055   INFO  ----------- DATA_AUGMENTOR -----------
2026-05-06 05:10:04,055   INFO  cfg.DATA_CONFIG.DATA_AUGMENTOR.DISABLE_AUG_LIST: ['placeholder']
2026-05-06 05:10:04,055   INFO  cfg.DATA_CONFIG.DATA_AUGMENTOR.AUG_CONFIG_LIST: [{'NAME': 'gt_sampling', 'DB_INFO_PATH': ['nuscenes_dbinfos_10sweeps_withvelo.pkl'], 'PREPARE': {'filter_by_min_points': ['car:5', 'truck:5', 'construction_vehicle:5', 'bus:5', 'trailer:5', 'barrier:5', 'motorcycle:5', 'bicycle:5', 'pedestrian:5', 'traffic_cone:5']}, 'SAMPLE_GROUPS': ['car:2', 'truck:3', 'construction_vehicle:7', 'bus:4', 'trailer:6', 'barrier:2', 'motorcycle:6', 'bicycle:6', 'pedestrian:2', 'traffic_cone:2'], 'NUM_POINT_FEATURES': 5, 'DATABASE_WITH_FAKELIDAR': False, 'REMOVE_EXTRA_WIDTH': [0.0, 0.0, 0.0], 'LIMIT_WHOLE_SCENE': True}, {'NAME': 'random_world_flip', 'ALONG_AXIS_LIST': ['x', 'y']}, {'NAME': 'random_world_rotation', 'WORLD_ROT_ANGLE': [-0.3925, 0.3925]}, {'NAME': 'random_world_scaling', 'WORLD_SCALE_RANGE': [0.95, 1.05]}]
2026-05-06 05:10:04,055   INFO  ----------- POINT_FEATURE_ENCODING -----------
2026-05-06 05:10:04,055   INFO  cfg.DATA_CONFIG.POINT_FEATURE_ENCODING.encoding_type: absolute_coordinates_encoding
2026-05-06 05:10:04,055   INFO  cfg.DATA_CONFIG.POINT_FEATURE_ENCODING.used_feature_list: ['x', 'y', 'z', 'intensity']
2026-05-06 05:10:04,055   INFO  cfg.DATA_CONFIG.POINT_FEATURE_ENCODING.src_feature_list: ['x', 'y', 'z', 'intensity', 'timestamp']
2026-05-06 05:10:04,055   INFO  cfg.DATA_CONFIG.DATA_PROCESSOR: [{'NAME': 'mask_points_and_boxes_outside_range', 'REMOVE_OUTSIDE_BOXES': True}, {'NAME': 'shuffle_points', 'SHUFFLE_ENABLED': {'train': True, 'test': True}}, {'NAME': 'transform_points_to_voxels', 'VOXEL_SIZE': [0.16, 0.16, 8.0], 'MAX_POINTS_PER_VOXEL': 100, 'MAX_NUMBER_OF_VOXELS': {'train': 40000, 'test': 40000}}]
2026-05-06 05:10:04,055   INFO  cfg.DATA_CONFIG._BASE_CONFIG_: cfgs/dataset_configs/nuscenes_dataset.yaml
2026-05-06 05:10:04,055   INFO  ----------- MODEL -----------
2026-05-06 05:10:04,055   INFO  cfg.MODEL.NAME: PointPillar
2026-05-06 05:10:04,055   INFO  ----------- TENT -----------
2026-05-06 05:10:04,055   INFO  cfg.MODEL.TENT.ENABLED: True
2026-05-06 05:10:04,055   INFO  cfg.MODEL.TENT.LR: 0.0001
2026-05-06 05:10:04,055   INFO  cfg.MODEL.TENT.STEPS: 1
2026-05-06 05:10:04,056   INFO  cfg.MODEL.TENT.EPISODIC: False
2026-05-06 05:10:04,056   INFO  cfg.MODEL.TENT.ADAPT_MODULES: ['backbone_2d']
2026-05-06 05:10:04,056   INFO  cfg.MODEL.TENT.ENTROPY_TOPK: 0
2026-05-06 05:10:04,056   INFO  cfg.MODEL.TENT.ENTROPY_SCORE_THRESH: 0.6
2026-05-06 05:10:04,056   INFO  cfg.MODEL.TENT.ENTROPY_WEIGHT: 0.4
2026-05-06 05:10:04,056   INFO  ----------- VFE -----------
2026-05-06 05:10:04,056   INFO  cfg.MODEL.VFE.NAME: PillarVFE
2026-05-06 05:10:04,056   INFO  cfg.MODEL.VFE.WITH_DISTANCE: False
2026-05-06 05:10:04,056   INFO  cfg.MODEL.VFE.USE_ABSLOTE_XYZ: True
2026-05-06 05:10:04,056   INFO  cfg.MODEL.VFE.USE_NORM: True
2026-05-06 05:10:04,056   INFO  cfg.MODEL.VFE.NUM_FILTERS: [64]
2026-05-06 05:10:04,056   INFO  ----------- MAP_TO_BEV -----------
2026-05-06 05:10:04,056   INFO  cfg.MODEL.MAP_TO_BEV.NAME: PointPillarScatter
2026-05-06 05:10:04,056   INFO  cfg.MODEL.MAP_TO_BEV.NUM_BEV_FEATURES: 64
2026-05-06 05:10:04,056   INFO  ----------- BACKBONE_2D -----------
2026-05-06 05:10:04,056   INFO  cfg.MODEL.BACKBONE_2D.NAME: BaseBEVBackbone
2026-05-06 05:10:04,056   INFO  cfg.MODEL.BACKBONE_2D.LAYER_NUMS: [3, 5, 5]
2026-05-06 05:10:04,056   INFO  cfg.MODEL.BACKBONE_2D.LAYER_STRIDES: [2, 2, 2]
2026-05-06 05:10:04,056   INFO  cfg.MODEL.BACKBONE_2D.NUM_FILTERS: [64, 128, 256]
2026-05-06 05:10:04,056   INFO  cfg.MODEL.BACKBONE_2D.UPSAMPLE_STRIDES: [1, 2, 4]
2026-05-06 05:10:04,056   INFO  cfg.MODEL.BACKBONE_2D.NUM_UPSAMPLE_FILTERS: [128, 128, 128]
2026-05-06 05:10:04,056   INFO  ----------- DENSE_HEAD -----------
2026-05-06 05:10:04,056   INFO  cfg.MODEL.DENSE_HEAD.NAME: AnchorHeadSingle
2026-05-06 05:10:04,056   INFO  cfg.MODEL.DENSE_HEAD.CLASS_AGNOSTIC: False
2026-05-06 05:10:04,056   INFO  cfg.MODEL.DENSE_HEAD.USE_DIRECTION_CLASSIFIER: True
2026-05-06 05:10:04,056   INFO  cfg.MODEL.DENSE_HEAD.DIR_OFFSET: 0.78539
2026-05-06 05:10:04,056   INFO  cfg.MODEL.DENSE_HEAD.DIR_LIMIT_OFFSET: 0.0
2026-05-06 05:10:04,056   INFO  cfg.MODEL.DENSE_HEAD.NUM_DIR_BINS: 2
2026-05-06 05:10:04,056   INFO  cfg.MODEL.DENSE_HEAD.ANCHOR_GENERATOR_CONFIG: [{'class_name': 'Car', 'anchor_sizes': [[3.9, 1.6, 1.56]], 'anchor_rotations': [0, 1.57], 'anchor_bottom_heights': [-1.78], 'align_center': False, 'feature_map_stride': 2, 'matched_threshold': 0.6, 'unmatched_threshold': 0.45}, {'class_name': 'Pedestrian', 'anchor_sizes': [[0.8, 0.6, 1.73]], 'anchor_rotations': [0, 1.57], 'anchor_bottom_heights': [-0.6], 'align_center': False, 'feature_map_stride': 2, 'matched_threshold': 0.5, 'unmatched_threshold': 0.35}, {'class_name': 'Cyclist', 'anchor_sizes': [[1.76, 0.6, 1.73]], 'anchor_rotations': [0, 1.57], 'anchor_bottom_heights': [-0.6], 'align_center': False, 'feature_map_stride': 2, 'matched_threshold': 0.5, 'unmatched_threshold': 0.35}]
2026-05-06 05:10:04,056   INFO  ----------- TARGET_ASSIGNER_CONFIG -----------
2026-05-06 05:10:04,056   INFO  cfg.MODEL.DENSE_HEAD.TARGET_ASSIGNER_CONFIG.NAME: AxisAlignedTargetAssigner
2026-05-06 05:10:04,056   INFO  cfg.MODEL.DENSE_HEAD.TARGET_ASSIGNER_CONFIG.POS_FRACTION: -1.0
2026-05-06 05:10:04,056   INFO  cfg.MODEL.DENSE_HEAD.TARGET_ASSIGNER_CONFIG.SAMPLE_SIZE: 512
2026-05-06 05:10:04,056   INFO  cfg.MODEL.DENSE_HEAD.TARGET_ASSIGNER_CONFIG.NORM_BY_NUM_EXAMPLES: False
2026-05-06 05:10:04,056   INFO  cfg.MODEL.DENSE_HEAD.TARGET_ASSIGNER_CONFIG.MATCH_HEIGHT: False
2026-05-06 05:10:04,056   INFO  cfg.MODEL.DENSE_HEAD.TARGET_ASSIGNER_CONFIG.BOX_CODER: ResidualCoder
2026-05-06 05:10:04,056   INFO  ----------- LOSS_CONFIG -----------
2026-05-06 05:10:04,056   INFO  ----------- LOSS_WEIGHTS -----------
2026-05-06 05:10:04,056   INFO  cfg.MODEL.DENSE_HEAD.LOSS_CONFIG.LOSS_WEIGHTS.cls_weight: 1.0
2026-05-06 05:10:04,056   INFO  cfg.MODEL.DENSE_HEAD.LOSS_CONFIG.LOSS_WEIGHTS.loc_weight: 2.0
2026-05-06 05:10:04,057   INFO  cfg.MODEL.DENSE_HEAD.LOSS_CONFIG.LOSS_WEIGHTS.dir_weight: 0.2
2026-05-06 05:10:04,057   INFO  cfg.MODEL.DENSE_HEAD.LOSS_CONFIG.LOSS_WEIGHTS.code_weights: [1.0, 1.0, 1.0, 1.0, 1.0, 1.0, 1.0]
2026-05-06 05:10:04,057   INFO  ----------- POST_PROCESSING -----------
2026-05-06 05:10:04,057   INFO  cfg.MODEL.POST_PROCESSING.RECALL_THRESH_LIST: [0.3, 0.5, 0.7]
2026-05-06 05:10:04,057   INFO  cfg.MODEL.POST_PROCESSING.SCORE_THRESH: 0.1
2026-05-06 05:10:04,057   INFO  cfg.MODEL.POST_PROCESSING.OUTPUT_RAW_SCORE: False
2026-05-06 05:10:04,057   INFO  cfg.MODEL.POST_PROCESSING.EVAL_METRIC: kitti
2026-05-06 05:10:04,057   INFO  ----------- NMS_CONFIG -----------
2026-05-06 05:10:04,057   INFO  cfg.MODEL.POST_PROCESSING.NMS_CONFIG.MULTI_CLASSES_NMS: False
2026-05-06 05:10:04,057   INFO  cfg.MODEL.POST_PROCESSING.NMS_CONFIG.NMS_TYPE: nms_gpu
2026-05-06 05:10:04,057   INFO  cfg.MODEL.POST_PROCESSING.NMS_CONFIG.NMS_THRESH: 0.01
2026-05-06 05:10:04,057   INFO  cfg.MODEL.POST_PROCESSING.NMS_CONFIG.NMS_PRE_MAXSIZE: 4096
2026-05-06 05:10:04,057   INFO  cfg.MODEL.POST_PROCESSING.NMS_CONFIG.NMS_POST_MAXSIZE: 500
2026-05-06 05:10:04,057   INFO  ----------- OPTIMIZATION -----------
2026-05-06 05:10:04,057   INFO  cfg.OPTIMIZATION.BATCH_SIZE_PER_GPU: 4
2026-05-06 05:10:04,057   INFO  cfg.OPTIMIZATION.NUM_EPOCHS: 80
2026-05-06 05:10:04,057   INFO  cfg.OPTIMIZATION.OPTIMIZER: adam_onecycle
2026-05-06 05:10:04,057   INFO  cfg.OPTIMIZATION.LR: 0.003
2026-05-06 05:10:04,057   INFO  cfg.OPTIMIZATION.WEIGHT_DECAY: 0.01
2026-05-06 05:10:04,057   INFO  cfg.OPTIMIZATION.MOMENTUM: 0.9
2026-05-06 05:10:04,057   INFO  cfg.OPTIMIZATION.MOMS: [0.95, 0.85]
2026-05-06 05:10:04,057   INFO  cfg.OPTIMIZATION.PCT_START: 0.4
2026-05-06 05:10:04,057   INFO  cfg.OPTIMIZATION.DIV_FACTOR: 10
2026-05-06 05:10:04,057   INFO  cfg.OPTIMIZATION.DECAY_STEP_LIST: [35, 45]
2026-05-06 05:10:04,057   INFO  cfg.OPTIMIZATION.LR_DECAY: 0.1
2026-05-06 05:10:04,057   INFO  cfg.OPTIMIZATION.LR_CLIP: 1e-07
2026-05-06 05:10:04,057   INFO  cfg.OPTIMIZATION.LR_WARMUP: False
2026-05-06 05:10:04,057   INFO  cfg.OPTIMIZATION.WARMUP_EPOCH: 1
2026-05-06 05:10:04,057   INFO  cfg.OPTIMIZATION.GRAD_NORM_CLIP: 10
2026-05-06 05:10:04,057   INFO  cfg.TAG: pointpillar_nuscenes_TENT
2026-05-06 05:10:04,057   INFO  cfg.EXP_GROUP_PATH: OpenPCDet/tools/cfgs/kitti_models
2026-05-06 05:10:04,060   INFO  ----------- Create dataloader & network & optimizer -----------
2026-05-06 05:10:04,089   INFO  Database filter by min points car: 4082 => 3303
2026-05-06 05:10:04,089   INFO  Database filter by min points bicycle: 147 => 136
2026-05-06 05:10:04,089   INFO  Database filter by min points pedestrian: 3068 => 2799
2026-05-06 05:10:04,090   INFO  Loading NuScenes dataset
2026-05-06 05:10:04,104   INFO  Total samples for NuScenes dataset: 323
2026-05-06 05:10:04,107   INFO  Total samples after balanced resampling: 667
2026-05-06 05:10:05,312   INFO  ==> Loading parameters from checkpoint /OpenPCDet/pcdet/models/pth/pointpillar_7728.pth to GPU
2026-05-06 05:10:05,327   INFO  ==> Done (loaded 127/127)
2026-05-06 05:10:05,327   INFO  ----------- Model PointPillar created, param count: 4834888 -----------
2026-05-06 05:10:05,327   INFO  PointPillar(
  (vfe): PillarVFE(
    (pfn_layers): ModuleList(
      (0): PFNLayer(
        (linear): Linear(in_features=10, out_features=64, bias=False)
        (norm): BatchNorm1d(64, eps=0.001, momentum=0.01, affine=True, track_running_stats=True)
      )
    )
  )
  (backbone_3d): None
  (map_to_bev_module): PointPillarScatter()
  (pfe): None
  (backbone_2d): BaseBEVBackbone(
    (blocks): ModuleList(
      (0): Sequential(
        (0): ZeroPad2d((1, 1, 1, 1))
        (1): Conv2d(64, 64, kernel_size=(3, 3), stride=(2, 2), bias=False)
        (2): BatchNorm2d(64, eps=0.001, momentum=0.01, affine=True, track_running_stats=True)
        (3): ReLU()
        (4): Conv2d(64, 64, kernel_size=(3, 3), stride=(1, 1), padding=(1, 1), bias=False)
        (5): BatchNorm2d(64, eps=0.001, momentum=0.01, affine=True, track_running_stats=True)
        (6): ReLU()
        (7): Conv2d(64, 64, kernel_size=(3, 3), stride=(1, 1), padding=(1, 1), bias=False)
        (8): BatchNorm2d(64, eps=0.001, momentum=0.01, affine=True, track_running_stats=True)
        (9): ReLU()
        (10): Conv2d(64, 64, kernel_size=(3, 3), stride=(1, 1), padding=(1, 1), bias=False)
        (11): BatchNorm2d(64, eps=0.001, momentum=0.01, affine=True, track_running_stats=True)
        (12): ReLU()
      )
      (1): Sequential(
        (0): ZeroPad2d((1, 1, 1, 1))
        (1): Conv2d(64, 128, kernel_size=(3, 3), stride=(2, 2), bias=False)
        (2): BatchNorm2d(128, eps=0.001, momentum=0.01, affine=True, track_running_stats=True)
        (3): ReLU()
        (4): Conv2d(128, 128, kernel_size=(3, 3), stride=(1, 1), padding=(1, 1), bias=False)
        (5): BatchNorm2d(128, eps=0.001, momentum=0.01, affine=True, track_running_stats=True)
        (6): ReLU()
        (7): Conv2d(128, 128, kernel_size=(3, 3), stride=(1, 1), padding=(1, 1), bias=False)
        (8): BatchNorm2d(128, eps=0.001, momentum=0.01, affine=True, track_running_stats=True)
        (9): ReLU()
        (10): Conv2d(128, 128, kernel_size=(3, 3), stride=(1, 1), padding=(1, 1), bias=False)
        (11): BatchNorm2d(128, eps=0.001, momentum=0.01, affine=True, track_running_stats=True)
        (12): ReLU()
        (13): Conv2d(128, 128, kernel_size=(3, 3), stride=(1, 1), padding=(1, 1), bias=False)
        (14): BatchNorm2d(128, eps=0.001, momentum=0.01, affine=True, track_running_stats=True)
        (15): ReLU()
        (16): Conv2d(128, 128, kernel_size=(3, 3), stride=(1, 1), padding=(1, 1), bias=False)
        (17): BatchNorm2d(128, eps=0.001, momentum=0.01, affine=True, track_running_stats=True)
        (18): ReLU()
      )
      (2): Sequential(
        (0): ZeroPad2d((1, 1, 1, 1))
        (1): Conv2d(128, 256, kernel_size=(3, 3), stride=(2, 2), bias=False)
        (2): BatchNorm2d(256, eps=0.001, momentum=0.01, affine=True, track_running_stats=True)
        (3): ReLU()
        (4): Conv2d(256, 256, kernel_size=(3, 3), stride=(1, 1), padding=(1, 1), bias=False)
        (5): BatchNorm2d(256, eps=0.001, momentum=0.01, affine=True, track_running_stats=True)
        (6): ReLU()
        (7): Conv2d(256, 256, kernel_size=(3, 3), stride=(1, 1), padding=(1, 1), bias=False)
        (8): BatchNorm2d(256, eps=0.001, momentum=0.01, affine=True, track_running_stats=True)
        (9): ReLU()
        (10): Conv2d(256, 256, kernel_size=(3, 3), stride=(1, 1), padding=(1, 1), bias=False)
        (11): BatchNorm2d(256, eps=0.001, momentum=0.01, affine=True, track_running_stats=True)
        (12): ReLU()
        (13): Conv2d(256, 256, kernel_size=(3, 3), stride=(1, 1), padding=(1, 1), bias=False)
        (14): BatchNorm2d(256, eps=0.001, momentum=0.01, affine=True, track_running_stats=True)
        (15): ReLU()
        (16): Conv2d(256, 256, kernel_size=(3, 3), stride=(1, 1), padding=(1, 1), bias=False)
        (17): BatchNorm2d(256, eps=0.001, momentum=0.01, affine=True, track_running_stats=True)
        (18): ReLU()
      )
    )
    (deblocks): ModuleList(
      (0): Sequential(
        (0): ConvTranspose2d(64, 128, kernel_size=(1, 1), stride=(1, 1), bias=False)
        (1): BatchNorm2d(128, eps=0.001, momentum=0.01, affine=True, track_running_stats=True)
        (2): ReLU()
      )
      (1): Sequential(
        (0): ConvTranspose2d(128, 128, kernel_size=(2, 2), stride=(2, 2), bias=False)
        (1): BatchNorm2d(128, eps=0.001, momentum=0.01, affine=True, track_running_stats=True)
        (2): ReLU()
      )
      (2): Sequential(
        (0): ConvTranspose2d(256, 128, kernel_size=(4, 4), stride=(4, 4), bias=False)
        (1): BatchNorm2d(128, eps=0.001, momentum=0.01, affine=True, track_running_stats=True)
        (2): ReLU()
      )
    )
  )
  (dense_head): AnchorHeadSingle(
    (cls_loss_func): SigmoidFocalClassificationLoss()
    (reg_loss_func): WeightedSmoothL1Loss()
    (dir_loss_func): WeightedCrossEntropyLoss()
    (conv_cls): Conv2d(384, 18, kernel_size=(1, 1), stride=(1, 1))
    (conv_box): Conv2d(384, 42, kernel_size=(1, 1), stride=(1, 1))
    (conv_dir_cls): Conv2d(384, 12, kernel_size=(1, 1), stride=(1, 1))
  )
  (point_head): None
  (roi_head): None
)
2026-05-06 05:10:05,328   INFO  **********************Start training OpenPCDet/tools/cfgs/kitti_models/pointpillar_nuscenes_TENT(default)**********************
2026-05-06 05:10:08,649   INFO  Train:    1/80 (  1%) [   0/167 (  0%)]  Loss: 1.187 (1.19)  LR: 3.000e-04  Time cost: 00:02/08:12 [00:03/10:56:43]  Acc_iter 1           Data time: 0.78(0.78)  Forward time: 2.15(2.15)  Batch time: 2.93(2.93)
2026-05-06 05:10:18,660   INFO  Train:    1/80 (  1%) [  49/167 ( 29%)]  Loss: 0.002025 (0.0733)  LR: 3.006e-04  Time cost: 00:12/00:30 [00:13/57:30]  Acc_iter 50          Data time: 0.03(0.04)  Forward time: 0.18(0.22)  Batch time: 0.21(0.26)
2026-05-06 05:10:28,606   INFO  Train:    1/80 (  1%) [  99/167 ( 59%)]  Loss: 0.0008359 (0.0373)  LR: 3.023e-04  Time cost: 00:22/00:15 [00:23/50:37]  Acc_iter 100         Data time: 0.03(0.03)  Forward time: 0.17(0.20)  Batch time: 0.19(0.23)
2026-05-06 05:10:38,963   INFO  Train:    1/80 (  1%) [ 149/167 ( 89%)]  Loss: 0.0005493 (0.0251)  LR: 3.052e-04  Time cost: 00:33/00:03 [00:33/48:49]  Acc_iter 150         Data time: 0.03(0.03)  Forward time: 0.18(0.19)  Batch time: 0.20(0.22)
2026-05-06 05:10:39,072   INFO  
2026-05-06 05:10:42,421   INFO  Train:    1/80 (  1%) [ 166/167 ( 99%)]  Loss: 0.0005089 (0.0227)  LR: 3.064e-04  Time cost: 00:36/00:00 [00:37/48:21]  Acc_iter 167         Data time: 0.02(0.03)  Forward time: 0.13(0.19)  Batch time: 0.15(0.22)
2026-05-06 05:10:43,460   INFO  Train:    2/80 (  2%) [   0/167 (  0%)]  Loss: 0.0007208 (0.000721)  LR: 3.065e-04  Time cost: 00:00/02:04 [00:38/2:43:21]  Acc_iter 168         Data time: 0.44(0.44)  Forward time: 0.29(0.29)  Batch time: 0.73(0.73)
2026-05-06 05:10:50,010   INFO  Train:    2/80 (  2%) [  32/167 ( 19%)]  Loss: 0.0004889 (0.000537)  LR: 3.092e-04  Time cost: 00:07/00:29 [00:44/48:28]  Acc_iter 200         Data time: 0.02(0.04)  Forward time: 0.19(0.18)  Batch time: 0.22(0.22)
2026-05-06 05:11:00,000   INFO  Train:    2/80 (  2%) [  82/167 ( 49%)]  Loss: 0.0003854 (0.000441)  LR: 3.144e-04  Time cost: 00:17/00:17 [00:54/45:30]  Acc_iter 250         Data time: 0.02(0.03)  Forward time: 0.18(0.18)  Batch time: 0.20(0.21)
2026-05-06 05:11:09,895   INFO  Train:    2/80 (  2%) [ 132/167 ( 79%)]  Loss: 0.0001943 (0.000374)  LR: 3.208e-04  Time cost: 00:27/00:07 [01:04/44:28]  Acc_iter 300         Data time: 0.03(0.03)  Forward time: 0.17(0.18)  Batch time: 0.20(0.20)
2026-05-06 05:11:10,004   INFO  
2026-05-06 05:11:16,605   INFO  Train:    2/80 (  2%) [ 166/167 ( 99%)]  Loss: 0.0001902 (0.000338)  LR: 3.258e-04  Time cost: 00:33/00:00 [01:11/44:03]  Acc_iter 334         Data time: 0.02(0.03)  Forward time: 0.13(0.18)  Batch time: 0.15(0.20)
2026-05-06 05:11:17,587   INFO  Train:    3/80 (  4%) [   0/167 (  0%)]  Loss: 0.0002226 (0.000223)  LR: 3.259e-04  Time cost: 00:00/01:53 [01:12/2:27:32]  Acc_iter 335         Data time: 0.40(0.40)  Forward time: 0.28(0.28)  Batch time: 0.68(0.68)
2026-05-06 05:11:20,472   INFO  Train:    3/80 (  4%) [  15/167 (  9%)]  Loss: 0.0001315 (0.000163)  LR: 3.283e-04  Time cost: 00:03/00:33 [01:15/48:18]  Acc_iter 350         Data time: 0.02(0.04)  Forward time: 0.19(0.18)  Batch time: 0.21(0.22)
2026-05-06 05:11:30,343   INFO  Train:    3/80 (  4%) [  65/167 ( 39%)]  Loss: 0.0001144 (0.000135)  LR: 3.370e-04  Time cost: 00:13/00:20 [01:25/43:58]  Acc_iter 400         Data time: 0.03(0.03)  Forward time: 0.17(0.18)  Batch time: 0.20(0.20)
2026-05-06 05:11:40,395   INFO  Train:    3/80 (  4%) [ 115/167 ( 69%)]  Loss: 0.0001011 (0.000118)  LR: 3.468e-04  Time cost: 00:23/00:10 [01:35/43:34]  Acc_iter 450         Data time: 0.02(0.03)  Forward time: 0.17(0.18)  Batch time: 0.19(0.20)
2026-05-06 05:11:40,501   INFO  
2026-05-06 05:11:50,446   INFO  Train:    3/80 (  4%) [ 165/167 ( 99%)]  Loss: 5.370e-05 (0.000101)  LR: 3.577e-04  Time cost: 00:33/00:00 [01:45/43:18]  Acc_iter 500         Data time: 0.03(0.03)  Forward time: 0.17(0.18)  Batch time: 0.19(0.20)
2026-05-06 05:11:50,593   INFO  Train:    3/80 (  4%) [ 166/167 ( 99%)]  Loss: 4.331e-05 (0.000101)  LR: 3.579e-04  Time cost: 00:33/00:00 [01:45/43:13]  Acc_iter 501         Data time: 0.03(0.03)  Forward time: 0.14(0.17)  Batch time: 0.16(0.20)
2026-05-06 05:11:51,482   INFO  Train:    4/80 (  5%) [   0/167 (  0%)]  Loss: 4.263e-05 (4.26e-05)  LR: 3.581e-04  Time cost: 00:00/01:38 [01:46/2:06:06]  Acc_iter 502         Data time: 0.32(0.32)  Forward time: 0.27(0.27)  Batch time: 0.59(0.59)
2026-05-06 05:12:01,133   INFO  Train:    4/80 (  5%) [  48/167 ( 29%)]  Loss: 3.537e-05 (4.21e-05)  LR: 3.697e-04  Time cost: 00:10/00:24 [01:55/44:37]  Acc_iter 550         Data time: 0.02(0.03)  Forward time: 0.18(0.18)  Batch time: 0.20(0.21)
2026-05-06 05:12:11,118   INFO  Train:    4/80 (  5%) [  98/167 ( 59%)]  Loss: 1.924e-05 (3.50e-05)  LR: 3.828e-04  Time cost: 00:20/00:14 [02:05/43:27]  Acc_iter 600         Data time: 0.02(0.03)  Forward time: 0.18(0.18)  Batch time: 0.20(0.20)
2026-05-06 05:12:11,223   INFO  
2026-05-06 05:12:21,230   INFO  Train:    4/80 (  5%) [ 148/167 ( 89%)]  Loss: 1.347e-05 (2.96e-05)  LR: 3.971e-04  Time cost: 00:30/00:03 [02:15/43:07]  Acc_iter 650         Data time: 0.02(0.03)  Forward time: 0.16(0.18)  Batch time: 0.18(0.20)
2026-05-06 05:12:24,691   INFO  Train:    4/80 (  5%) [ 166/167 ( 99%)]  Loss: 1.224e-05 (2.80e-05)  LR: 4.025e-04  Time cost: 00:33/00:00 [02:19/42:48]  Acc_iter 668         Data time: 0.02(0.03)  Forward time: 0.13(0.18)  Batch time: 0.15(0.20)
2026-05-06 05:12:25,565   INFO  Train:    5/80 (  6%) [   0/167 (  0%)]  Loss: 1.084e-05 (1.08e-05)  LR: 4.028e-04  Time cost: 00:00/01:37 [02:20/2:03:05]  Acc_iter 669         Data time: 0.31(0.31)  Forward time: 0.27(0.27)  Batch time: 0.58(0.58)
2026-05-06 05:12:31,781   INFO  Train:    5/80 (  6%) [  31/167 ( 19%)]  Loss: 1.238e-05 (1.27e-05)  LR: 4.124e-04  Time cost: 00:06/00:28 [02:26/44:49]  Acc_iter 700         Data time: 0.02(0.03)  Forward time: 0.18(0.18)  Batch time: 0.20(0.21)
2026-05-06 05:12:41,905   INFO  Train:    5/80 (  6%) [  81/167 ( 49%)]  Loss: 8.467e-06 (1.10e-05)  LR: 4.288e-04  Time cost: 00:16/00:17 [02:36/43:22]  Acc_iter 750         Data time: 0.03(0.03)  Forward time: 0.18(0.18)  Batch time: 0.21(0.21)
2026-05-06 05:12:42,012   INFO  
2026-05-06 05:12:51,902   INFO  Train:    5/80 (  6%) [ 131/167 ( 78%)]  Loss: 4.401e-06 (9.29e-06)  LR: 4.462e-04  Time cost: 00:26/00:07 [02:46/42:41]  Acc_iter 800         Data time: 0.02(0.03)  Forward time: 0.18(0.18)  Batch time: 0.20(0.20)
