2026-04-28 22:45:45,884   INFO  **********************Start logging**********************
2026-04-28 22:45:45,884   INFO  CUDA_VISIBLE_DEVICES=ALL
2026-04-28 22:45:45,884   INFO  Training with a single process
2026-04-28 22:45:45,884   INFO  cfg_file         /OpenPCDet/tools/cfgs/kitti_models/second_erod.yaml
2026-04-28 22:45:45,885   INFO  batch_size       4
2026-04-28 22:45:45,885   INFO  epochs           80
2026-04-28 22:45:45,885   INFO  workers          4
2026-04-28 22:45:45,885   INFO  extra_tag        default
2026-04-28 22:45:45,885   INFO  ckpt             None
2026-04-28 22:45:45,885   INFO  pretrained_model /OpenPCDet/pcdet/models/pth/second_7862.pth
2026-04-28 22:45:45,885   INFO  launcher         none
2026-04-28 22:45:45,885   INFO  tcp_port         18888
2026-04-28 22:45:45,885   INFO  sync_bn          False
2026-04-28 22:45:45,885   INFO  fix_random_seed  False
2026-04-28 22:45:45,885   INFO  ckpt_save_interval 1
2026-04-28 22:45:45,885   INFO  local_rank       None
2026-04-28 22:45:45,885   INFO  max_ckpt_save_num 30
2026-04-28 22:45:45,885   INFO  merge_all_iters_to_one_epoch False
2026-04-28 22:45:45,885   INFO  set_cfgs         None
2026-04-28 22:45:45,885   INFO  max_waiting_mins 0
2026-04-28 22:45:45,885   INFO  start_epoch      0
2026-04-28 22:45:45,885   INFO  num_epochs_to_eval 0
2026-04-28 22:45:45,885   INFO  save_to_file     False
2026-04-28 22:45:45,885   INFO  use_tqdm_to_record False
2026-04-28 22:45:45,885   INFO  logger_iter_interval 50
2026-04-28 22:45:45,885   INFO  ckpt_save_time_interval 300
2026-04-28 22:45:45,885   INFO  wo_gpu_stat      False
2026-04-28 22:45:45,885   INFO  use_amp          False
2026-04-28 22:45:45,885   INFO  cfg.ROOT_DIR: /OpenPCDet
2026-04-28 22:45:45,885   INFO  cfg.LOCAL_RANK: 0
2026-04-28 22:45:45,885   INFO  cfg.CLASS_NAMES: ['Car', 'Pedestrian', 'Cyclist']
2026-04-28 22:45:45,885   INFO  ----------- DATA_CONFIG -----------
2026-04-28 22:45:45,885   INFO  cfg.DATA_CONFIG.DATASET: CustomDataset
2026-04-28 22:45:45,885   INFO  cfg.DATA_CONFIG.DATA_PATH: /OpenPCDet/erod
2026-04-28 22:45:45,885   INFO  cfg.DATA_CONFIG.LABEL_DIR: labels
2026-04-28 22:45:45,885   INFO  cfg.DATA_CONFIG.SWAP_LW: False
2026-04-28 22:45:45,885   INFO  cfg.DATA_CONFIG.SWAP_LW_IF_DY_GT_DX: False
2026-04-28 22:45:45,885   INFO  cfg.DATA_CONFIG.HEADING_IN_DEGREES: None
2026-04-28 22:45:45,886   INFO  cfg.DATA_CONFIG.FILTER_EVAL_OUTSIDE_RANGE: True
2026-04-28 22:45:45,886   INFO  cfg.DATA_CONFIG.POINT_CLOUD_RANGE: [-32.8, -40.0, -3, 4.0, 40.0, 1]
2026-04-28 22:45:45,886   INFO  ----------- MAP_CLASS_TO_KITTI -----------
2026-04-28 22:45:45,886   INFO  cfg.DATA_CONFIG.MAP_CLASS_TO_KITTI.Vehicle: Car
2026-04-28 22:45:45,886   INFO  cfg.DATA_CONFIG.MAP_CLASS_TO_KITTI.Car: Car
2026-04-28 22:45:45,886   INFO  cfg.DATA_CONFIG.MAP_CLASS_TO_KITTI.Pedestrian: Pedestrian
2026-04-28 22:45:45,886   INFO  cfg.DATA_CONFIG.MAP_CLASS_TO_KITTI.Cyclist: Cyclist
2026-04-28 22:45:45,886   INFO  ----------- DATA_SPLIT -----------
2026-04-28 22:45:45,886   INFO  cfg.DATA_CONFIG.DATA_SPLIT.train: train
2026-04-28 22:45:45,886   INFO  cfg.DATA_CONFIG.DATA_SPLIT.test: test
2026-04-28 22:45:45,886   INFO  ----------- INFO_PATH -----------
2026-04-28 22:45:45,886   INFO  cfg.DATA_CONFIG.INFO_PATH.train: ['custom_infos_train.pkl']
2026-04-28 22:45:45,886   INFO  cfg.DATA_CONFIG.INFO_PATH.test: ['custom_infos_test.pkl']
2026-04-28 22:45:45,886   INFO  ----------- POINT_FEATURE_ENCODING -----------
2026-04-28 22:45:45,886   INFO  cfg.DATA_CONFIG.POINT_FEATURE_ENCODING.encoding_type: absolute_coordinates_encoding
2026-04-28 22:45:45,886   INFO  cfg.DATA_CONFIG.POINT_FEATURE_ENCODING.used_feature_list: ['x', 'y', 'z', 'intensity']
2026-04-28 22:45:45,886   INFO  cfg.DATA_CONFIG.POINT_FEATURE_ENCODING.src_feature_list: ['x', 'y', 'z', 'intensity']
2026-04-28 22:45:45,886   INFO  ----------- DATA_AUGMENTOR -----------
2026-04-28 22:45:45,886   INFO  cfg.DATA_CONFIG.DATA_AUGMENTOR.DISABLE_AUG_LIST: ['placeholder']
2026-04-28 22:45:45,886   INFO  cfg.DATA_CONFIG.DATA_AUGMENTOR.AUG_CONFIG_LIST: [{'NAME': 'gt_sampling', 'USE_ROAD_PLANE': False, 'DB_INFO_PATH': ['custom_dbinfos_train.pkl'], 'PREPARE': {'filter_by_min_points': ['Vehicle:5', 'Pedestrian:5', 'Cyclist:5']}, 'SAMPLE_GROUPS': ['Vehicle:20', 'Pedestrian:15', 'Cyclist:15'], 'NUM_POINT_FEATURES': 4, 'DATABASE_WITH_FAKELIDAR': False, 'REMOVE_EXTRA_WIDTH': [0.0, 0.0, 0.0], 'LIMIT_WHOLE_SCENE': True}, {'NAME': 'random_world_flip', 'ALONG_AXIS_LIST': ['x', 'y']}, {'NAME': 'random_world_rotation', 'WORLD_ROT_ANGLE': [-0.78539816, 0.78539816]}, {'NAME': 'random_world_scaling', 'WORLD_SCALE_RANGE': [0.95, 1.05]}]
2026-04-28 22:45:45,886   INFO  cfg.DATA_CONFIG.DATA_PROCESSOR: [{'NAME': 'mask_points_and_boxes_outside_range', 'REMOVE_OUTSIDE_BOXES': True}, {'NAME': 'shuffle_points', 'SHUFFLE_ENABLED': {'train': True, 'test': False}}, {'NAME': 'transform_points_to_voxels', 'VOXEL_SIZE': [0.05, 0.05, 0.1], 'MAX_POINTS_PER_VOXEL': 45, 'MAX_NUMBER_OF_VOXELS': {'train': 16000, 'test': 40000}}]
2026-04-28 22:45:45,886   INFO  cfg.DATA_CONFIG._BASE_CONFIG_: cfgs/dataset_configs/custom_dataset.yaml
2026-04-28 22:45:45,886   INFO  cfg.DATA_CONFIG.VOXEL_SIZE: [0.05, 0.05, 0.1]
2026-04-28 22:45:45,886   INFO  cfg.DATA_CONFIG.MAX_POINTS_PER_VOXEL: 45
2026-04-28 22:45:45,886   INFO  ----------- MODEL -----------
2026-04-28 22:45:45,886   INFO  cfg.MODEL.NAME: SECONDNet
2026-04-28 22:45:45,886   INFO  ----------- VFE -----------
2026-04-28 22:45:45,886   INFO  cfg.MODEL.VFE.NAME: MeanVFE
2026-04-28 22:45:45,886   INFO  ----------- BACKBONE_3D -----------
2026-04-28 22:45:45,886   INFO  cfg.MODEL.BACKBONE_3D.NAME: VoxelBackBone8xSECOND
2026-04-28 22:45:45,886   INFO  ----------- MAP_TO_BEV -----------
2026-04-28 22:45:45,886   INFO  cfg.MODEL.MAP_TO_BEV.NAME: HeightCompression
2026-04-28 22:45:45,886   INFO  cfg.MODEL.MAP_TO_BEV.NUM_BEV_FEATURES: 256
2026-04-28 22:45:45,886   INFO  ----------- BACKBONE_2D -----------
2026-04-28 22:45:45,886   INFO  cfg.MODEL.BACKBONE_2D.NAME: BaseBEVBackbone
2026-04-28 22:45:45,886   INFO  cfg.MODEL.BACKBONE_2D.LAYER_NUMS: [5, 5]
2026-04-28 22:45:45,887   INFO  cfg.MODEL.BACKBONE_2D.LAYER_STRIDES: [1, 2]
2026-04-28 22:45:45,887   INFO  cfg.MODEL.BACKBONE_2D.NUM_FILTERS: [128, 256]
2026-04-28 22:45:45,887   INFO  cfg.MODEL.BACKBONE_2D.UPSAMPLE_STRIDES: [1, 2]
2026-04-28 22:45:45,887   INFO  cfg.MODEL.BACKBONE_2D.NUM_UPSAMPLE_FILTERS: [256, 256]
2026-04-28 22:45:45,887   INFO  ----------- DENSE_HEAD -----------
2026-04-28 22:45:45,887   INFO  cfg.MODEL.DENSE_HEAD.NAME: AnchorHeadSingle
2026-04-28 22:45:45,887   INFO  cfg.MODEL.DENSE_HEAD.CLASS_AGNOSTIC: False
2026-04-28 22:45:45,887   INFO  cfg.MODEL.DENSE_HEAD.USE_DIRECTION_CLASSIFIER: True
2026-04-28 22:45:45,887   INFO  cfg.MODEL.DENSE_HEAD.DIR_OFFSET: 0.78539
2026-04-28 22:45:45,887   INFO  cfg.MODEL.DENSE_HEAD.DIR_LIMIT_OFFSET: 0.0
2026-04-28 22:45:45,887   INFO  cfg.MODEL.DENSE_HEAD.NUM_DIR_BINS: 2
2026-04-28 22:45:45,887   INFO  cfg.MODEL.DENSE_HEAD.ANCHOR_GENERATOR_CONFIG: [{'class_name': 'Car', 'anchor_sizes': [[3.9, 1.6, 1.56]], 'anchor_rotations': [0, 1.57], 'anchor_bottom_heights': [-1.78], 'align_center': False, 'feature_map_stride': 8, 'matched_threshold': 0.6, 'unmatched_threshold': 0.45}, {'class_name': 'Pedestrian', 'anchor_sizes': [[0.8, 0.6, 1.73]], 'anchor_rotations': [0, 1.57], 'anchor_bottom_heights': [-0.6], 'align_center': False, 'feature_map_stride': 8, 'matched_threshold': 0.5, 'unmatched_threshold': 0.35}, {'class_name': 'Cyclist', 'anchor_sizes': [[1.76, 0.6, 1.73]], 'anchor_rotations': [0, 1.57], 'anchor_bottom_heights': [-0.6], 'align_center': False, 'feature_map_stride': 8, 'matched_threshold': 0.5, 'unmatched_threshold': 0.35}]
2026-04-28 22:45:45,887   INFO  ----------- TARGET_ASSIGNER_CONFIG -----------
2026-04-28 22:45:45,887   INFO  cfg.MODEL.DENSE_HEAD.TARGET_ASSIGNER_CONFIG.NAME: AxisAlignedTargetAssigner
2026-04-28 22:45:45,887   INFO  cfg.MODEL.DENSE_HEAD.TARGET_ASSIGNER_CONFIG.POS_FRACTION: -1.0
2026-04-28 22:45:45,887   INFO  cfg.MODEL.DENSE_HEAD.TARGET_ASSIGNER_CONFIG.SAMPLE_SIZE: 512
2026-04-28 22:45:45,887   INFO  cfg.MODEL.DENSE_HEAD.TARGET_ASSIGNER_CONFIG.NORM_BY_NUM_EXAMPLES: False
2026-04-28 22:45:45,887   INFO  cfg.MODEL.DENSE_HEAD.TARGET_ASSIGNER_CONFIG.MATCH_HEIGHT: False
2026-04-28 22:45:45,887   INFO  cfg.MODEL.DENSE_HEAD.TARGET_ASSIGNER_CONFIG.BOX_CODER: ResidualCoder
2026-04-28 22:45:45,887   INFO  ----------- LOSS_CONFIG -----------
2026-04-28 22:45:45,887   INFO  ----------- LOSS_WEIGHTS -----------
2026-04-28 22:45:45,887   INFO  cfg.MODEL.DENSE_HEAD.LOSS_CONFIG.LOSS_WEIGHTS.cls_weight: 1.0
2026-04-28 22:45:45,887   INFO  cfg.MODEL.DENSE_HEAD.LOSS_CONFIG.LOSS_WEIGHTS.loc_weight: 2.0
2026-04-28 22:45:45,887   INFO  cfg.MODEL.DENSE_HEAD.LOSS_CONFIG.LOSS_WEIGHTS.dir_weight: 0.2
2026-04-28 22:45:45,887   INFO  cfg.MODEL.DENSE_HEAD.LOSS_CONFIG.LOSS_WEIGHTS.code_weights: [1.0, 1.0, 1.0, 1.0, 1.0, 1.0, 1.0]
2026-04-28 22:45:45,887   INFO  ----------- POST_PROCESSING -----------
2026-04-28 22:45:45,887   INFO  cfg.MODEL.POST_PROCESSING.RECALL_THRESH_LIST: [0.3, 0.5, 0.7]
2026-04-28 22:45:45,887   INFO  cfg.MODEL.POST_PROCESSING.SCORE_THRESH: 0.17
2026-04-28 22:45:45,887   INFO  cfg.MODEL.POST_PROCESSING.OUTPUT_RAW_SCORE: False
2026-04-28 22:45:45,887   INFO  cfg.MODEL.POST_PROCESSING.EVAL_METRIC: kitti
2026-04-28 22:45:45,887   INFO  ----------- NMS_CONFIG -----------
2026-04-28 22:45:45,887   INFO  cfg.MODEL.POST_PROCESSING.NMS_CONFIG.MULTI_CLASSES_NMS: False
2026-04-28 22:45:45,887   INFO  cfg.MODEL.POST_PROCESSING.NMS_CONFIG.NMS_TYPE: nms_gpu
2026-04-28 22:45:45,887   INFO  cfg.MODEL.POST_PROCESSING.NMS_CONFIG.NMS_THRESH: 0.01
2026-04-28 22:45:45,887   INFO  cfg.MODEL.POST_PROCESSING.NMS_CONFIG.NMS_PRE_MAXSIZE: 4096
2026-04-28 22:45:45,888   INFO  cfg.MODEL.POST_PROCESSING.NMS_CONFIG.NMS_POST_MAXSIZE: 500
2026-04-28 22:45:45,888   INFO  ----------- OPTIMIZATION -----------
2026-04-28 22:45:45,888   INFO  cfg.OPTIMIZATION.BATCH_SIZE_PER_GPU: 4
2026-04-28 22:45:45,888   INFO  cfg.OPTIMIZATION.NUM_EPOCHS: 80
2026-04-28 22:45:45,888   INFO  cfg.OPTIMIZATION.OPTIMIZER: adam_onecycle
2026-04-28 22:45:45,888   INFO  cfg.OPTIMIZATION.LR: 0.003
2026-04-28 22:45:45,888   INFO  cfg.OPTIMIZATION.WEIGHT_DECAY: 0.01
2026-04-28 22:45:45,888   INFO  cfg.OPTIMIZATION.MOMENTUM: 0.9
2026-04-28 22:45:45,888   INFO  cfg.OPTIMIZATION.MOMS: [0.95, 0.85]
2026-04-28 22:45:45,888   INFO  cfg.OPTIMIZATION.PCT_START: 0.4
2026-04-28 22:45:45,888   INFO  cfg.OPTIMIZATION.DIV_FACTOR: 10
2026-04-28 22:45:45,888   INFO  cfg.OPTIMIZATION.DECAY_STEP_LIST: [35, 45]
2026-04-28 22:45:45,888   INFO  cfg.OPTIMIZATION.LR_DECAY: 0.1
2026-04-28 22:45:45,888   INFO  cfg.OPTIMIZATION.LR_CLIP: 1e-07
2026-04-28 22:45:45,888   INFO  cfg.OPTIMIZATION.LR_WARMUP: False
2026-04-28 22:45:45,888   INFO  cfg.OPTIMIZATION.WARMUP_EPOCH: 1
2026-04-28 22:45:45,888   INFO  cfg.OPTIMIZATION.GRAD_NORM_CLIP: 10
2026-04-28 22:45:45,888   INFO  cfg.TAG: second_erod
2026-04-28 22:45:45,888   INFO  cfg.EXP_GROUP_PATH: OpenPCDet/tools/cfgs/kitti_models
2026-04-28 22:45:45,891   INFO  ----------- Create dataloader & network & optimizer -----------
2026-04-28 22:45:45,892   INFO  Database filter by min points Pedestrian: 127 => 109
2026-04-28 22:45:45,892   INFO  Database filter by min points Cyclist: 64 => 47
2026-04-28 22:45:45,893   INFO  Loading Custom dataset.
2026-04-28 22:45:45,894   INFO  Total samples for CUSTOM dataset: 158
2026-04-28 22:45:47,044   INFO  ==> Loading parameters from checkpoint /OpenPCDet/pcdet/models/pth/second_7862.pth to GPU
2026-04-28 22:45:47,065   INFO  ==> Done (loaded 163/163)
2026-04-28 22:45:47,066   INFO  ----------- Model SECONDNet created, param count: 5325576 -----------
2026-04-28 22:45:47,066   INFO  SECONDNet(
  (vfe): MeanVFE()
  (backbone_3d): VoxelBackBone8xSECOND(
    (conv_input): SparseSequential(
      (0): SubMConv3d(4, 16, kernel_size=[3, 3, 3], stride=[1, 1, 1], padding=[1, 1, 1], dilation=[1, 1, 1], output_padding=[0, 0, 0], bias=False, algo=ConvAlgo.MaskImplicitGemm)
      (1): BatchNorm1d(16, eps=0.001, momentum=0.01, affine=True, track_running_stats=True)
      (2): ReLU()
    )
    (conv1): SparseSequential(
      (0): SparseSequential(
        (0): SubMConv3d(16, 16, kernel_size=[3, 3, 3], stride=[1, 1, 1], padding=[0, 0, 0], dilation=[1, 1, 1], output_padding=[0, 0, 0], bias=False, algo=ConvAlgo.MaskImplicitGemm)
        (1): BatchNorm1d(16, eps=0.001, momentum=0.01, affine=True, track_running_stats=True)
        (2): ReLU()
      )
    )
    (conv2): SparseSequential(
      (0): SparseSequential(
        (0): SparseConv3d(16, 32, kernel_size=[3, 3, 3], stride=[2, 2, 2], padding=[1, 1, 1], dilation=[1, 1, 1], output_padding=[0, 0, 0], bias=False, algo=ConvAlgo.MaskImplicitGemm)
        (1): BatchNorm1d(32, eps=0.001, momentum=0.01, affine=True, track_running_stats=True)
        (2): ReLU()
      )
      (1): SparseSequential(
        (0): SubMConv3d(32, 32, kernel_size=[3, 3, 3], stride=[1, 1, 1], padding=[0, 0, 0], dilation=[1, 1, 1], output_padding=[0, 0, 0], bias=False, algo=ConvAlgo.MaskImplicitGemm)
        (1): BatchNorm1d(32, eps=0.001, momentum=0.01, affine=True, track_running_stats=True)
        (2): ReLU()
      )
      (2): SparseSequential(
        (0): SubMConv3d(32, 32, kernel_size=[3, 3, 3], stride=[1, 1, 1], padding=[0, 0, 0], dilation=[1, 1, 1], output_padding=[0, 0, 0], bias=False, algo=ConvAlgo.MaskImplicitGemm)
        (1): BatchNorm1d(32, eps=0.001, momentum=0.01, affine=True, track_running_stats=True)
        (2): ReLU()
      )
    )
    (conv3): SparseSequential(
      (0): SparseSequential(
        (0): SparseConv3d(32, 64, kernel_size=[3, 3, 3], stride=[2, 2, 2], padding=[1, 1, 1], dilation=[1, 1, 1], output_padding=[0, 0, 0], bias=False, algo=ConvAlgo.MaskImplicitGemm)
        (1): BatchNorm1d(64, eps=0.001, momentum=0.01, affine=True, track_running_stats=True)
        (2): ReLU()
      )
      (1): SparseSequential(
        (0): SubMConv3d(64, 64, kernel_size=[3, 3, 3], stride=[1, 1, 1], padding=[0, 0, 0], dilation=[1, 1, 1], output_padding=[0, 0, 0], bias=False, algo=ConvAlgo.MaskImplicitGemm)
        (1): BatchNorm1d(64, eps=0.001, momentum=0.01, affine=True, track_running_stats=True)
        (2): ReLU()
      )
      (2): SparseSequential(
        (0): SubMConv3d(64, 64, kernel_size=[3, 3, 3], stride=[1, 1, 1], padding=[0, 0, 0], dilation=[1, 1, 1], output_padding=[0, 0, 0], bias=False, algo=ConvAlgo.MaskImplicitGemm)
        (1): BatchNorm1d(64, eps=0.001, momentum=0.01, affine=True, track_running_stats=True)
        (2): ReLU()
      )
    )
    (conv4): SparseSequential(
      (0): SparseSequential(
        (0): SparseConv3d(64, 64, kernel_size=[3, 3, 3], stride=[2, 2, 2], padding=[0, 1, 1], dilation=[1, 1, 1], output_padding=[0, 0, 0], bias=False, algo=ConvAlgo.MaskImplicitGemm)
        (1): BatchNorm1d(64, eps=0.001, momentum=0.01, affine=True, track_running_stats=True)
        (2): ReLU()
      )
      (1): SparseSequential(
        (0): SubMConv3d(64, 64, kernel_size=[3, 3, 3], stride=[1, 1, 1], padding=[0, 0, 0], dilation=[1, 1, 1], output_padding=[0, 0, 0], bias=False, algo=ConvAlgo.MaskImplicitGemm)
        (1): BatchNorm1d(64, eps=0.001, momentum=0.01, affine=True, track_running_stats=True)
        (2): ReLU()
      )
      (2): SparseSequential(
        (0): SubMConv3d(64, 64, kernel_size=[3, 3, 3], stride=[1, 1, 1], padding=[0, 0, 0], dilation=[1, 1, 1], output_padding=[0, 0, 0], bias=False, algo=ConvAlgo.MaskImplicitGemm)
        (1): BatchNorm1d(64, eps=0.001, momentum=0.01, affine=True, track_running_stats=True)
        (2): ReLU()
      )
    )
    (conv_out): SparseSequential(
      (0): SparseConv3d(64, 128, kernel_size=[3, 1, 1], stride=[2, 1, 1], padding=[0, 0, 0], dilation=[1, 1, 1], output_padding=[0, 0, 0], bias=False, algo=ConvAlgo.MaskImplicitGemm)
      (1): BatchNorm1d(128, eps=0.001, momentum=0.01, affine=True, track_running_stats=True)
      (2): ReLU()
    )
  )
  (map_to_bev_module): HeightCompression()
  (pfe): None
  (backbone_2d): BaseBEVBackbone(
    (blocks): ModuleList(
      (0): Sequential(
        (0): ZeroPad2d((1, 1, 1, 1))
        (1): Conv2d(256, 128, kernel_size=(3, 3), stride=(1, 1), bias=False)
        (2): BatchNorm2d(128, eps=0.001, momentum=0.01, affine=True, track_running_stats=True)
        (3): ReLU()
        (4): Conv2d(128, 128, kernel_size=(3, 3), stride=(1, 1), padding=(1, 1), bias=False)
        (5): BatchNorm2d(128, eps=0.001, momentum=0.01, affine=True, track_running_stats=True)
        (6): ReLU()
        (7): Conv2d(128, 128, kernel_size=(3, 3), stride=(1, 1), padding=(1, 1), bias=False)
        (8): BatchNorm2d(128, eps=0.001, momentum=0.01, affine=True, track_running_stats=True)
        (9): ReLU()
        (10): Conv2d(128, 128, kernel_size=(3, 3), stride=(1, 1), padding=(1, 1), bias=False)
        (11): BatchNorm2d(128, eps=0.001, momentum=0.01, affine=True, track_running_stats=True)
        (12): ReLU()
        (13): Conv2d(128, 128, kernel_size=(3, 3), stride=(1, 1), padding=(1, 1), bias=False)
        (14): BatchNorm2d(128, eps=0.001, momentum=0.01, affine=True, track_running_stats=True)
        (15): ReLU()
        (16): Conv2d(128, 128, kernel_size=(3, 3), stride=(1, 1), padding=(1, 1), bias=False)
        (17): BatchNorm2d(128, eps=0.001, momentum=0.01, affine=True, track_running_stats=True)
        (18): ReLU()
      )
      (1): Sequential(
        (0): ZeroPad2d((1, 1, 1, 1))
        (1): Conv2d(128, 256, kernel_size=(3, 3), stride=(2, 2), bias=False)
        (2): BatchNorm2d(256, eps=0.001, momentum=0.01, affine=True, track_running_stats=True)
        (3): ReLU()
        (4): Conv2d(256, 256, kernel_size=(3, 3), stride=(1, 1), padding=(1, 1), bias=False)
        (5): BatchNorm2d(256, eps=0.001, momentum=0.01, affine=True, track_running_stats=True)
        (6): ReLU()
        (7): Conv2d(256, 256, kernel_size=(3, 3), stride=(1, 1), padding=(1, 1), bias=False)
        (8): BatchNorm2d(256, eps=0.001, momentum=0.01, affine=True, track_running_stats=True)
        (9): ReLU()
        (10): Conv2d(256, 256, kernel_size=(3, 3), stride=(1, 1), padding=(1, 1), bias=False)
        (11): BatchNorm2d(256, eps=0.001, momentum=0.01, affine=True, track_running_stats=True)
        (12): ReLU()
        (13): Conv2d(256, 256, kernel_size=(3, 3), stride=(1, 1), padding=(1, 1), bias=False)
        (14): BatchNorm2d(256, eps=0.001, momentum=0.01, affine=True, track_running_stats=True)
        (15): ReLU()
        (16): Conv2d(256, 256, kernel_size=(3, 3), stride=(1, 1), padding=(1, 1), bias=False)
        (17): BatchNorm2d(256, eps=0.001, momentum=0.01, affine=True, track_running_stats=True)
        (18): ReLU()
      )
    )
    (deblocks): ModuleList(
      (0): Sequential(
        (0): ConvTranspose2d(128, 256, kernel_size=(1, 1), stride=(1, 1), bias=False)
        (1): BatchNorm2d(256, eps=0.001, momentum=0.01, affine=True, track_running_stats=True)
        (2): ReLU()
      )
      (1): Sequential(
        (0): ConvTranspose2d(256, 256, kernel_size=(2, 2), stride=(2, 2), bias=False)
        (1): BatchNorm2d(256, eps=0.001, momentum=0.01, affine=True, track_running_stats=True)
        (2): ReLU()
      )
    )
  )
  (dense_head): AnchorHeadSingle(
    (cls_loss_func): SigmoidFocalClassificationLoss()
    (reg_loss_func): WeightedSmoothL1Loss()
    (dir_loss_func): WeightedCrossEntropyLoss()
    (conv_cls): Conv2d(512, 18, kernel_size=(1, 1), stride=(1, 1))
    (conv_box): Conv2d(512, 42, kernel_size=(1, 1), stride=(1, 1))
    (conv_dir_cls): Conv2d(512, 12, kernel_size=(1, 1), stride=(1, 1))
  )
  (point_head): None
  (roi_head): None
)
2026-04-28 22:45:47,067   INFO  **********************Start training OpenPCDet/tools/cfgs/kitti_models/second_erod(default)**********************
2026-04-28 22:45:53,321   INFO  Train:    1/80 (  1%) [   0/40 (  0%)]  Loss: 2.932 (2.93)  LR: 3.000e-04  Time cost: 00:05/03:42 [00:06/4:56:29]  Acc_iter 1           Data time: 0.64(0.64)  Forward time: 4.92(4.92)  Batch time: 5.56(5.56)
2026-04-28 22:45:59,537   INFO  Train:    1/80 (  1%) [  39/40 ( 98%)]  Loss: 1.525 (1.85)  LR: 3.062e-04  Time cost: 00:11/00:00 [00:12/15:30]  Acc_iter 40          Data time: 0.01(0.03)  Forward time: 0.08(0.27)  Batch time: 0.09(0.29)
2026-04-28 22:46:00,692   INFO  Train:    2/80 (  2%) [   0/40 (  0%)]  Loss: 1.301 (1.30)  LR: 3.065e-04  Time cost: 00:00/00:30 [00:13/39:49]  Acc_iter 41          Data time: 0.50(0.50)  Forward time: 0.25(0.25)  Batch time: 0.75(0.75)
2026-04-28 22:46:02,146   INFO  Train:    2/80 (  2%) [   9/40 ( 22%)]  Loss: 1.527 (1.49)  LR: 3.098e-04  Time cost: 00:02/00:06 [00:15/11:36]  Acc_iter 50          Data time: 0.01(0.06)  Forward time: 0.16(0.16)  Batch time: 0.17(0.22)
2026-04-28 22:46:06,813   INFO  Train:    2/80 (  2%) [  39/40 ( 98%)]  Loss: 0.7274 (1.34)  LR: 3.253e-04  Time cost: 00:06/00:00 [00:19/08:56]  Acc_iter 80          Data time: 0.01(0.02)  Forward time: 0.08(0.15)  Batch time: 0.09(0.17)
2026-04-28 22:46:07,922   INFO  Train:    3/80 (  4%) [   0/40 (  0%)]  Loss: 1.167 (1.17)  LR: 3.259e-04  Time cost: 00:00/00:26 [00:20/34:30]  Acc_iter 81          Data time: 0.39(0.39)  Forward time: 0.27(0.27)  Batch time: 0.66(0.66)
2026-04-28 22:46:11,008   INFO  Train:    3/80 (  4%) [  19/40 ( 48%)]  Loss: 1.425 (1.20)  LR: 3.397e-04  Time cost: 00:03/00:03 [00:23/09:41]  Acc_iter 100         Data time: 0.01(0.03)  Forward time: 0.15(0.16)  Batch time: 0.16(0.19)
2026-04-28 22:46:14,056   INFO  Train:    3/80 (  4%) [  39/40 ( 98%)]  Loss: 0.7167 (1.17)  LR: 3.572e-04  Time cost: 00:06/00:00 [00:26/08:43]  Acc_iter 120         Data time: 0.01(0.02)  Forward time: 0.07(0.15)  Batch time: 0.08(0.17)
2026-04-28 22:46:15,245   INFO  Train:    4/80 (  5%) [   0/40 (  0%)]  Loss: 1.138 (1.14)  LR: 3.581e-04  Time cost: 00:00/00:29 [00:28/37:54]  Acc_iter 121         Data time: 0.52(0.52)  Forward time: 0.21(0.21)  Batch time: 0.73(0.73)
2026-04-28 22:46:19,832   INFO  Train:    4/80 (  5%) [  29/40 ( 72%)]  Loss: 0.9813 (1.10)  LR: 3.893e-04  Time cost: 00:05/00:01 [00:32/09:01]  Acc_iter 150         Data time: 0.01(0.03)  Forward time: 0.14(0.15)  Batch time: 0.15(0.18)
2026-04-28 22:46:19,997   INFO  
2026-04-28 22:46:21,424   INFO  Train:    4/80 (  5%) [  39/40 ( 98%)]  Loss: 0.8016 (1.08)  LR: 4.015e-04  Time cost: 00:06/00:00 [00:34/08:45]  Acc_iter 160         Data time: 0.01(0.03)  Forward time: 0.08(0.15)  Batch time: 0.09(0.17)
2026-04-28 22:46:22,629   INFO  Train:    5/80 (  6%) [   0/40 (  0%)]  Loss: 1.140 (1.14)  LR: 4.028e-04  Time cost: 00:00/00:30 [00:35/38:36]  Acc_iter 161         Data time: 0.53(0.53)  Forward time: 0.23(0.23)  Batch time: 0.75(0.75)
2026-04-28 22:46:28,647   INFO  Train:    5/80 (  6%) [  39/40 ( 98%)]  Loss: 0.6417 (0.951)  LR: 4.578e-04  Time cost: 00:06/00:00 [00:41/08:28]  Acc_iter 200         Data time: 0.01(0.02)  Forward time: 0.08(0.15)  Batch time: 0.09(0.17)
2026-04-28 22:46:29,855   INFO  Train:    6/80 (  8%) [   0/40 (  0%)]  Loss: 0.7042 (0.704)  LR: 4.594e-04  Time cost: 00:00/00:29 [00:42/36:54]  Acc_iter 201         Data time: 0.48(0.48)  Forward time: 0.25(0.25)  Batch time: 0.73(0.73)
2026-04-28 22:46:36,144   INFO  Train:    6/80 (  8%) [  39/40 ( 98%)]  Loss: 0.6247 (0.911)  LR: 5.257e-04  Time cost: 00:07/00:00 [00:49/08:40]  Acc_iter 240         Data time: 0.01(0.02)  Forward time: 0.08(0.15)  Batch time: 0.09(0.18)
2026-04-28 22:46:37,364   INFO  Train:    7/80 (  9%) [   0/40 (  0%)]  Loss: 0.9942 (0.994)  LR: 5.275e-04  Time cost: 00:00/00:30 [00:50/37:23]  Acc_iter 241         Data time: 0.54(0.54)  Forward time: 0.21(0.21)  Batch time: 0.75(0.75)
2026-04-28 22:46:38,819   INFO  Train:    7/80 (  9%) [   9/40 ( 22%)]  Loss: 0.8306 (0.902)  LR: 5.444e-04  Time cost: 00:02/00:06 [00:51/10:53]  Acc_iter 250         Data time: 0.01(0.06)  Forward time: 0.15(0.16)  Batch time: 0.16(0.22)
2026-04-28 22:46:43,631   INFO  Train:    7/80 (  9%) [  39/40 ( 98%)]  Loss: 1.011 (0.896)  LR: 6.043e-04  Time cost: 00:07/00:00 [00:56/08:33]  Acc_iter 280         Data time: 0.01(0.02)  Forward time: 0.08(0.15)  Batch time: 0.09(0.18)
2026-04-28 22:46:44,898   INFO  Train:    8/80 ( 10%) [   0/40 (  0%)]  Loss: 0.6306 (0.631)  LR: 6.064e-04  Time cost: 00:00/00:31 [00:57/38:00]  Acc_iter 281         Data time: 0.52(0.52)  Forward time: 0.25(0.25)  Batch time: 0.77(0.77)
2026-04-28 22:46:48,185   INFO  Train:    8/80 ( 10%) [  19/40 ( 48%)]  Loss: 0.7813 (0.791)  LR: 6.475e-04  Time cost: 00:04/00:04 [01:01/09:49]  Acc_iter 300         Data time: 0.01(0.04)  Forward time: 0.15(0.17)  Batch time: 0.16(0.20)
2026-04-28 22:46:48,356   INFO  
2026-04-28 22:46:51,443   INFO  Train:    8/80 ( 10%) [  39/40 ( 98%)]  Loss: 0.9642 (0.805)  LR: 6.931e-04  Time cost: 00:07/00:00 [01:04/08:47]  Acc_iter 320         Data time: 0.01(0.03)  Forward time: 0.08(0.16)  Batch time: 0.09(0.18)
2026-04-28 22:46:52,670   INFO  Train:    9/80 ( 11%) [   0/40 (  0%)]  Loss: 0.7049 (0.705)  LR: 6.954e-04  Time cost: 00:00/00:31 [01:05/37:31]  Acc_iter 321         Data time: 0.54(0.54)  Forward time: 0.24(0.24)  Batch time: 0.77(0.77)
2026-04-28 22:46:57,297   INFO  Train:    9/80 ( 11%) [  29/40 ( 72%)]  Loss: 0.5605 (0.796)  LR: 7.657e-04  Time cost: 00:05/00:01 [01:10/08:34]  Acc_iter 350         Data time: 0.01(0.03)  Forward time: 0.15(0.15)  Batch time: 0.16(0.18)
2026-04-28 22:46:58,749   INFO  Train:    9/80 ( 11%) [  39/40 ( 98%)]  Loss: 0.6992 (0.780)  LR: 7.910e-04  Time cost: 00:06/00:00 [01:11/08:07]  Acc_iter 360         Data time: 0.01(0.02)  Forward time: 0.08(0.15)  Batch time: 0.09(0.17)
2026-04-28 22:46:59,938   INFO  Train:   10/80 ( 12%) [   0/40 (  0%)]  Loss: 0.7675 (0.768)  LR: 7.936e-04  Time cost: 00:00/00:28 [01:12/34:17]  Acc_iter 361         Data time: 0.48(0.48)  Forward time: 0.23(0.23)  Batch time: 0.72(0.72)
2026-04-28 22:47:06,025   INFO  Train:   10/80 ( 12%) [  39/40 ( 98%)]  Loss: 0.7306 (0.808)  LR: 8.972e-04  Time cost: 00:06/00:00 [01:18/07:56]  Acc_iter 400         Data time: 0.01(0.02)  Forward time: 0.07(0.15)  Batch time: 0.08(0.17)
2026-04-28 22:47:07,236   INFO  Train:   11/80 ( 14%) [   0/40 (  0%)]  Loss: 0.8757 (0.876)  LR: 9.000e-04  Time cost: 00:00/00:30 [01:20/35:22]  Acc_iter 401         Data time: 0.52(0.52)  Forward time: 0.23(0.23)  Batch time: 0.75(0.75)
2026-04-28 22:47:13,389   INFO  Train:   11/80 ( 14%) [  39/40 ( 98%)]  Loss: 0.9849 (0.709)  LR: 1.011e-03  Time cost: 00:06/00:00 [01:26/07:57]  Acc_iter 440         Data time: 0.01(0.02)  Forward time: 0.08(0.15)  Batch time: 0.09(0.17)
2026-04-28 22:47:14,573   INFO  Train:   12/80 ( 15%) [   0/40 (  0%)]  Loss: 0.6241 (0.624)  LR: 1.014e-03  Time cost: 00:00/00:29 [01:27/33:54]  Acc_iter 441         Data time: 0.40(0.40)  Forward time: 0.33(0.33)  Batch time: 0.73(0.73)
2026-04-28 22:47:16,103   INFO  Train:   12/80 ( 15%) [   9/40 ( 22%)]  Loss: 0.6555 (0.713)  LR: 1.040e-03  Time cost: 00:02/00:07 [01:29/10:23]  Acc_iter 450         Data time: 0.01(0.05)  Forward time: 0.14(0.18)  Batch time: 0.15(0.23)
2026-04-28 22:47:16,259   INFO  
2026-04-28 22:47:20,937   INFO  Train:   12/80 ( 15%) [  39/40 ( 98%)]  Loss: 0.4996 (0.663)  LR: 1.130e-03  Time cost: 00:07/00:00 [01:33/08:03]  Acc_iter 480         Data time: 0.01(0.02)  Forward time: 0.08(0.15)  Batch time: 0.09(0.18)
2026-04-28 22:47:22,175   INFO  Train:   13/80 ( 16%) [   0/40 (  0%)]  Loss: 0.6747 (0.675)  LR: 1.133e-03  Time cost: 00:00/00:30 [01:35/34:32]  Acc_iter 481         Data time: 0.42(0.42)  Forward time: 0.34(0.34)  Batch time: 0.76(0.76)
2026-04-28 22:47:25,367   INFO  Train:   13/80 ( 16%) [  19/40 ( 48%)]  Loss: 0.5539 (0.618)  LR: 1.192e-03  Time cost: 00:03/00:04 [01:38/08:53]  Acc_iter 500         Data time: 0.01(0.03)  Forward time: 0.15(0.17)  Batch time: 0.16(0.20)
2026-04-28 22:47:28,455   INFO  Train:   13/80 ( 16%) [  39/40 ( 98%)]  Loss: 0.5964 (0.604)  LR: 1.255e-03  Time cost: 00:07/00:00 [01:41/07:51]  Acc_iter 520         Data time: 0.01(0.02)  Forward time: 0.08(0.16)  Batch time: 0.08(0.18)
2026-04-28 22:47:29,588   INFO  Train:   14/80 ( 18%) [   0/40 (  0%)]  Loss: 0.5430 (0.543)  LR: 1.258e-03  Time cost: 00:00/00:28 [01:42/31:56]  Acc_iter 521         Data time: 0.42(0.42)  Forward time: 0.28(0.28)  Batch time: 0.71(0.71)
2026-04-28 22:47:34,185   INFO  Train:   14/80 ( 18%) [  29/40 ( 72%)]  Loss: 0.7184 (0.623)  LR: 1.351e-03  Time cost: 00:05/00:01 [01:47/07:49]  Acc_iter 550         Data time: 0.01(0.02)  Forward time: 0.15(0.15)  Batch time: 0.16(0.18)
2026-04-28 22:47:35,645   INFO  Train:   14/80 ( 18%) [  39/40 ( 98%)]  Loss: 0.5691 (0.628)  LR: 1.383e-03  Time cost: 00:06/00:00 [01:48/07:27]  Acc_iter 560         Data time: 0.01(0.02)  Forward time: 0.08(0.15)  Batch time: 0.09(0.17)
2026-04-28 22:47:36,837   INFO  Train:   15/80 ( 19%) [   0/40 (  0%)]  Loss: 0.7630 (0.763)  LR: 1.387e-03  Time cost: 00:00/00:29 [01:49/32:15]  Acc_iter 561         Data time: 0.49(0.49)  Forward time: 0.23(0.23)  Batch time: 0.73(0.73)
2026-04-28 22:47:43,009   INFO  Train:   15/80 ( 19%) [  39/40 ( 98%)]  Loss: 0.5567 (0.606)  LR: 1.514e-03  Time cost: 00:06/00:00 [01:55/07:29]  Acc_iter 600         Data time: 0.01(0.02)  Forward time: 0.08(0.15)  Batch time: 0.09(0.17)
2026-04-28 22:47:43,178   INFO  
2026-04-28 22:47:44,395   INFO  Train:   16/80 ( 20%) [   0/40 (  0%)]  Loss: 0.7594 (0.759)  LR: 1.518e-03  Time cost: 00:00/00:30 [01:57/33:23]  Acc_iter 601         Data time: 0.44(0.44)  Forward time: 0.32(0.32)  Batch time: 0.76(0.76)
2026-04-28 22:47:50,498   INFO  Train:   16/80 ( 20%) [  39/40 ( 98%)]  Loss: 0.5682 (0.604)  LR: 1.647e-03  Time cost: 00:06/00:00 [02:03/07:20]  Acc_iter 640         Data time: 0.01(0.02)  Forward time: 0.08(0.15)  Batch time: 0.09(0.17)
2026-04-28 22:47:51,668   INFO  Train:   17/80 ( 21%) [   0/40 (  0%)]  Loss: 0.5310 (0.531)  LR: 1.650e-03  Time cost: 00:00/00:28 [02:04/30:28]  Acc_iter 641         Data time: 0.51(0.51)  Forward time: 0.20(0.20)  Batch time: 0.71(0.71)
2026-04-28 22:47:53,144   INFO  Train:   17/80 ( 21%) [   9/40 ( 22%)]  Loss: 0.4258 (0.536)  LR: 1.680e-03  Time cost: 00:02/00:06 [02:06/09:18]  Acc_iter 650         Data time: 0.01(0.06)  Forward time: 0.15(0.16)  Batch time: 0.16(0.22)
2026-04-28 22:47:57,742   INFO  Train:   17/80 ( 21%) [  39/40 ( 98%)]  Loss: 0.5257 (0.567)  LR: 1.779e-03  Time cost: 00:06/00:00 [02:10/07:07]  Acc_iter 680         Data time: 0.01(0.02)  Forward time: 0.08(0.15)  Batch time: 0.09(0.17)
2026-04-28 22:47:58,846   INFO  Train:   18/80 ( 22%) [   0/40 (  0%)]  Loss: 0.8145 (0.814)  LR: 1.782e-03  Time cost: 00:00/00:26 [02:11/28:18]  Acc_iter 681         Data time: 0.43(0.43)  Forward time: 0.23(0.23)  Batch time: 0.67(0.67)
2026-04-28 22:48:01,924   INFO  Train:   18/80 ( 22%) [  19/40 ( 48%)]  Loss: 0.5515 (0.589)  LR: 1.845e-03  Time cost: 00:03/00:03 [02:14/07:49]  Acc_iter 700         Data time: 0.01(0.03)  Forward time: 0.14(0.16)  Batch time: 0.15(0.19)
2026-04-28 22:48:04,950   INFO  Train:   18/80 ( 22%) [  39/40 ( 98%)]  Loss: 0.6943 (0.614)  LR: 1.910e-03  Time cost: 00:06/00:00 [02:17/07:00]  Acc_iter 720         Data time: 0.01(0.02)  Forward time: 0.08(0.15)  Batch time: 0.09(0.17)
2026-04-28 22:48:06,070   INFO  Train:   19/80 ( 24%) [   0/40 (  0%)]  Loss: 0.6279 (0.628)  LR: 1.913e-03  Time cost: 00:00/00:26 [02:19/27:43]  Acc_iter 721         Data time: 0.43(0.43)  Forward time: 0.24(0.24)  Batch time: 0.66(0.66)
2026-04-28 22:48:10,819   INFO  Train:   19/80 ( 24%) [  29/40 ( 72%)]  Loss: 0.8807 (0.648)  LR: 2.007e-03  Time cost: 00:05/00:01 [02:23/07:22]  Acc_iter 750         Data time: 0.01(0.02)  Forward time: 0.17(0.16)  Batch time: 0.18(0.18)
2026-04-28 22:48:10,984   INFO  
2026-04-28 22:48:12,422   INFO  Train:   19/80 ( 24%) [  39/40 ( 98%)]  Loss: 0.8449 (0.661)  LR: 2.039e-03  Time cost: 00:07/00:00 [02:25/07:08]  Acc_iter 760         Data time: 0.01(0.02)  Forward time: 0.08(0.15)  Batch time: 0.09(0.18)
2026-04-28 22:48:13,581   INFO  Train:   20/80 ( 25%) [   0/40 (  0%)]  Loss: 0.9085 (0.908)  LR: 2.042e-03  Time cost: 00:00/00:27 [02:26/27:49]  Acc_iter 761         Data time: 0.45(0.45)  Forward time: 0.23(0.23)  Batch time: 0.68(0.68)
2026-04-28 22:48:19,702   INFO  Train:   20/80 ( 25%) [  39/40 ( 98%)]  Loss: 0.6320 (0.690)  LR: 2.164e-03  Time cost: 00:06/00:00 [02:32/06:48]  Acc_iter 800         Data time: 0.01(0.02)  Forward time: 0.08(0.15)  Batch time: 0.09(0.17)
2026-04-28 22:48:20,873   INFO  Train:   21/80 ( 26%) [   0/40 (  0%)]  Loss: 0.5957 (0.596)  LR: 2.167e-03  Time cost: 00:00/00:28 [02:33/28:52]  Acc_iter 801         Data time: 0.50(0.50)  Forward time: 0.22(0.22)  Batch time: 0.71(0.71)
2026-04-28 22:48:26,956   INFO  Train:   21/80 ( 26%) [  39/40 ( 98%)]  Loss: 0.8970 (0.647)  LR: 2.283e-03  Time cost: 00:06/00:00 [02:39/06:41]  Acc_iter 840         Data time: 0.01(0.02)  Forward time: 0.07(0.15)  Batch time: 0.08(0.17)
2026-04-28 22:48:28,117   INFO  Train:   22/80 ( 28%) [   0/40 (  0%)]  Loss: 0.8188 (0.819)  LR: 2.286e-03  Time cost: 00:00/00:28 [02:41/28:07]  Acc_iter 841         Data time: 0.47(0.47)  Forward time: 0.23(0.23)  Batch time: 0.71(0.71)
2026-04-28 22:48:29,630   INFO  Train:   22/80 ( 28%) [   9/40 ( 22%)]  Loss: 0.8277 (0.870)  LR: 2.313e-03  Time cost: 00:02/00:06 [02:42/08:44]  Acc_iter 850         Data time: 0.01(0.06)  Forward time: 0.14(0.17)  Batch time: 0.15(0.22)
2026-04-28 22:48:34,245   INFO  Train:   22/80 ( 28%) [  39/40 ( 98%)]  Loss: 0.4868 (0.760)  LR: 2.397e-03  Time cost: 00:06/00:00 [02:47/06:37]  Acc_iter 880         Data time: 0.01(0.02)  Forward time: 0.07(0.15)  Batch time: 0.08(0.17)
2026-04-28 22:48:35,362   INFO  Train:   23/80 ( 29%) [   0/40 (  0%)]  Loss: 0.5232 (0.523)  LR: 2.400e-03  Time cost: 00:00/00:27 [02:48/26:30]  Acc_iter 881         Data time: 0.44(0.44)  Forward time: 0.24(0.24)  Batch time: 0.68(0.68)
2026-04-28 22:48:38,416   INFO  Train:   23/80 ( 29%) [  19/40 ( 48%)]  Loss: 0.6208 (0.637)  LR: 2.452e-03  Time cost: 00:03/00:03 [02:51/07:10]  Acc_iter 900         Data time: 0.01(0.03)  Forward time: 0.16(0.16)  Batch time: 0.17(0.19)
2026-04-28 22:48:38,575   INFO  
2026-04-28 22:48:41,605   INFO  Train:   23/80 ( 29%) [  39/40 ( 98%)]  Loss: 0.4713 (0.607)  LR: 2.504e-03  Time cost: 00:06/00:00 [02:54/06:35]  Acc_iter 920         Data time: 0.01(0.02)  Forward time: 0.08(0.15)  Batch time: 0.09(0.17)
2026-04-28 22:48:42,763   INFO  Train:   24/80 ( 30%) [   0/40 (  0%)]  Loss: 0.4043 (0.404)  LR: 2.506e-03  Time cost: 00:00/00:28 [02:55/27:17]  Acc_iter 921         Data time: 0.48(0.48)  Forward time: 0.23(0.23)  Batch time: 0.71(0.71)
2026-04-28 22:48:47,410   INFO  Train:   24/80 ( 30%) [  29/40 ( 72%)]  Loss: 0.5611 (0.565)  LR: 2.578e-03  Time cost: 00:05/00:01 [03:00/06:42]  Acc_iter 950         Data time: 0.01(0.03)  Forward time: 0.14(0.15)  Batch time: 0.16(0.18)
2026-04-28 22:48:48,817   INFO  Train:   24/80 ( 30%) [  39/40 ( 98%)]  Loss: 0.4825 (0.570)  LR: 2.602e-03  Time cost: 00:06/00:00 [03:01/06:19]  Acc_iter 960         Data time: 0.01(0.02)  Forward time: 0.08(0.15)  Batch time: 0.09(0.17)
2026-04-28 22:48:49,943   INFO  Train:   25/80 ( 31%) [   0/40 (  0%)]  Loss: 0.3858 (0.386)  LR: 2.605e-03  Time cost: 00:00/00:27 [03:02/25:25]  Acc_iter 961         Data time: 0.46(0.46)  Forward time: 0.22(0.22)  Batch time: 0.67(0.67)
2026-04-28 22:48:55,960   INFO  Train:   25/80 ( 31%) [  39/40 ( 98%)]  Loss: 0.3567 (0.549)  LR: 2.691e-03  Time cost: 00:06/00:00 [03:08/06:08]  Acc_iter 1000        Data time: 0.01(0.02)  Forward time: 0.08(0.15)  Batch time: 0.09(0.17)
2026-04-28 22:48:57,195   INFO  Train:   26/80 ( 32%) [   0/40 (  0%)]  Loss: 0.5620 (0.562)  LR: 2.694e-03  Time cost: 00:00/00:29 [03:10/26:37]  Acc_iter 1001        Data time: 0.49(0.49)  Forward time: 0.23(0.23)  Batch time: 0.72(0.72)
2026-04-28 22:49:03,366   INFO  Train:   26/80 ( 32%) [  39/40 ( 98%)]  Loss: 0.9669 (0.664)  LR: 2.771e-03  Time cost: 00:06/00:00 [03:16/06:12]  Acc_iter 1040        Data time: 0.01(0.02)  Forward time: 0.08(0.15)  Batch time: 0.09(0.17)
2026-04-28 22:49:04,470   INFO  Train:   27/80 ( 34%) [   0/40 (  0%)]  Loss: 0.6572 (0.657)  LR: 2.772e-03  Time cost: 00:00/00:25 [03:17/23:06]  Acc_iter 1041        Data time: 0.37(0.37)  Forward time: 0.27(0.27)  Batch time: 0.64(0.64)
2026-04-28 22:49:05,966   INFO  Train:   27/80 ( 34%) [   9/40 ( 22%)]  Loss: 0.6844 (0.706)  LR: 2.789e-03  Time cost: 00:02/00:06 [03:18/07:39]  Acc_iter 1050        Data time: 0.01(0.05)  Forward time: 0.15(0.17)  Batch time: 0.16(0.21)
2026-04-28 22:49:06,124   INFO  
2026-04-28 22:49:10,703   INFO  Train:   27/80 ( 34%) [  39/40 ( 98%)]  Loss: 0.6726 (0.656)  LR: 2.839e-03  Time cost: 00:06/00:00 [03:23/06:04]  Acc_iter 1080        Data time: 0.01(0.02)  Forward time: 0.08(0.15)  Batch time: 0.09(0.17)
2026-04-28 22:49:11,863   INFO  Train:   28/80 ( 35%) [   0/40 (  0%)]  Loss: 0.7038 (0.704)  LR: 2.841e-03  Time cost: 00:00/00:28 [03:24/25:04]  Acc_iter 1081        Data time: 0.49(0.49)  Forward time: 0.21(0.21)  Batch time: 0.70(0.70)
2026-04-28 22:49:14,889   INFO  Train:   28/80 ( 35%) [  19/40 ( 48%)]  Loss: 0.4435 (0.642)  LR: 2.869e-03  Time cost: 00:03/00:03 [03:27/06:32]  Acc_iter 1100        Data time: 0.01(0.03)  Forward time: 0.15(0.15)  Batch time: 0.16(0.19)
2026-04-28 22:49:17,898   INFO  Train:   28/80 ( 35%) [  39/40 ( 98%)]  Loss: 0.3677 (0.627)  LR: 2.896e-03  Time cost: 00:06/00:00 [03:30/05:50]  Acc_iter 1120        Data time: 0.01(0.02)  Forward time: 0.08(0.15)  Batch time: 0.09(0.17)
2026-04-28 22:49:18,967   INFO  Train:   29/80 ( 36%) [   0/40 (  0%)]  Loss: 0.6926 (0.693)  LR: 2.897e-03  Time cost: 00:00/00:25 [03:31/21:43]  Acc_iter 1121        Data time: 0.37(0.37)  Forward time: 0.26(0.26)  Batch time: 0.63(0.63)
2026-04-28 22:49:23,541   INFO  Train:   29/80 ( 36%) [  29/40 ( 72%)]  Loss: 0.4270 (0.554)  LR: 2.931e-03  Time cost: 00:05/00:01 [03:36/05:55]  Acc_iter 1150        Data time: 0.01(0.02)  Forward time: 0.15(0.15)  Batch time: 0.16(0.17)
2026-04-28 22:49:24,932   INFO  Train:   29/80 ( 36%) [  39/40 ( 98%)]  Loss: 0.7305 (0.568)  LR: 2.941e-03  Time cost: 00:06/00:00 [03:37/05:36]  Acc_iter 1160        Data time: 0.01(0.02)  Forward time: 0.08(0.15)  Batch time: 0.09(0.16)
2026-04-28 22:49:26,101   INFO  Train:   30/80 ( 38%) [   0/40 (  0%)]  Loss: 0.3304 (0.330)  LR: 2.942e-03  Time cost: 00:00/00:29 [03:39/24:49]  Acc_iter 1161        Data time: 0.46(0.46)  Forward time: 0.26(0.26)  Batch time: 0.72(0.72)
2026-04-28 22:49:32,237   INFO  Train:   30/80 ( 38%) [  39/40 ( 98%)]  Loss: 0.2992 (0.544)  LR: 2.973e-03  Time cost: 00:06/00:00 [03:45/05:43]  Acc_iter 1200        Data time: 0.01(0.02)  Forward time: 0.08(0.15)  Batch time: 0.09(0.17)
2026-04-28 22:49:32,371   INFO  
2026-04-28 22:49:33,410   INFO  Train:   31/80 ( 39%) [   0/40 (  0%)]  Loss: 0.5537 (0.554)  LR: 2.974e-03  Time cost: 00:00/00:24 [03:46/20:40]  Acc_iter 1201        Data time: 0.37(0.37)  Forward time: 0.24(0.24)  Batch time: 0.61(0.61)
2026-04-28 22:49:39,172   INFO  Train:   31/80 ( 39%) [  39/40 ( 98%)]  Loss: 0.6761 (0.527)  LR: 2.993e-03  Time cost: 00:06/00:00 [03:52/05:12]  Acc_iter 1240        Data time: 0.01(0.02)  Forward time: 0.07(0.14)  Batch time: 0.08(0.16)
2026-04-28 22:49:40,172   INFO  Train:   32/80 ( 40%) [   0/40 (  0%)]  Loss: 0.7185 (0.719)  LR: 2.993e-03  Time cost: 00:00/00:23 [03:53/19:16]  Acc_iter 1241        Data time: 0.33(0.33)  Forward time: 0.25(0.25)  Batch time: 0.59(0.59)
2026-04-28 22:49:41,534   INFO  Train:   32/80 ( 40%) [   9/40 ( 22%)]  Loss: 0.3541 (0.497)  LR: 2.996e-03  Time cost: 00:01/00:06 [03:54/06:20]  Acc_iter 1250        Data time: 0.01(0.04)  Forward time: 0.15(0.15)  Batch time: 0.15(0.19)
2026-04-28 22:49:45,935   INFO  Train:   32/80 ( 40%) [  39/40 ( 98%)]  Loss: 0.7351 (0.536)  LR: 3.000e-03  Time cost: 00:06/00:00 [03:58/05:05]  Acc_iter 1280        Data time: 0.01(0.02)  Forward time: 0.08(0.14)  Batch time: 0.08(0.16)
2026-04-28 22:49:46,936   INFO  Train:   33/80 ( 41%) [   0/40 (  0%)]  Loss: 0.4936 (0.494)  LR: 3.000e-03  Time cost: 00:00/00:23 [03:59/18:25]  Acc_iter 1281        Data time: 0.36(0.36)  Forward time: 0.20(0.20)  Batch time: 0.57(0.57)
2026-04-28 22:49:49,834   INFO  Train:   33/80 ( 41%) [  19/40 ( 48%)]  Loss: 0.7317 (0.531)  LR: 2.999e-03  Time cost: 00:03/00:03 [04:02/05:30]  Acc_iter 1300        Data time: 0.01(0.03)  Forward time: 0.15(0.15)  Batch time: 0.15(0.17)
2026-04-28 22:49:52,719   INFO  Train:   33/80 ( 41%) [  39/40 ( 98%)]  Loss: 0.4655 (0.519)  LR: 2.997e-03  Time cost: 00:06/00:00 [04:05/04:59]  Acc_iter 1320        Data time: 0.01(0.02)  Forward time: 0.08(0.14)  Batch time: 0.08(0.16)
2026-04-28 22:49:53,747   INFO  Train:   34/80 ( 42%) [   0/40 (  0%)]  Loss: 0.5458 (0.546)  LR: 2.997e-03  Time cost: 00:00/00:25 [04:06/19:41]  Acc_iter 1321        Data time: 0.40(0.40)  Forward time: 0.22(0.22)  Batch time: 0.62(0.62)
2026-04-28 22:49:58,180   INFO  Train:   34/80 ( 42%) [  29/40 ( 72%)]  Loss: 0.4250 (0.497)  LR: 2.990e-03  Time cost: 00:05/00:01 [04:11/05:12]  Acc_iter 1350        Data time: 0.01(0.02)  Forward time: 0.14(0.15)  Batch time: 0.15(0.17)
2026-04-28 22:49:58,322   INFO  
2026-04-28 22:49:59,719   INFO  Train:   34/80 ( 42%) [  39/40 ( 98%)]  Loss: 0.5123 (0.502)  LR: 2.987e-03  Time cost: 00:06/00:00 [04:12/05:03]  Acc_iter 1360        Data time: 0.01(0.02)  Forward time: 0.08(0.14)  Batch time: 0.09(0.16)
2026-04-28 22:50:00,760   INFO  Train:   35/80 ( 44%) [   0/40 (  0%)]  Loss: 0.5706 (0.571)  LR: 2.987e-03  Time cost: 00:00/00:25 [04:13/19:33]  Acc_iter 1361        Data time: 0.43(0.43)  Forward time: 0.20(0.20)  Batch time: 0.63(0.63)
2026-04-28 22:50:06,488   INFO  Train:   35/80 ( 44%) [  39/40 ( 98%)]  Loss: 0.5097 (0.527)  LR: 2.972e-03  Time cost: 00:06/00:00 [04:19/04:46]  Acc_iter 1400        Data time: 0.01(0.02)  Forward time: 0.08(0.14)  Batch time: 0.08(0.16)
2026-04-28 22:50:07,447   INFO  Train:   36/80 ( 45%) [   0/40 (  0%)]  Loss: 0.4737 (0.474)  LR: 2.971e-03  Time cost: 00:00/00:22 [04:20/16:37]  Acc_iter 1401        Data time: 0.32(0.32)  Forward time: 0.23(0.23)  Batch time: 0.55(0.55)
2026-04-28 22:50:13,172   INFO  Train:   36/80 ( 45%) [  39/40 ( 98%)]  Loss: 0.4699 (0.537)  LR: 2.950e-03  Time cost: 00:06/00:00 [04:26/04:36]  Acc_iter 1440        Data time: 0.01(0.02)  Forward time: 0.07(0.14)  Batch time: 0.08(0.16)
2026-04-28 22:50:14,164   INFO  Train:   37/80 ( 46%) [   0/40 (  0%)]  Loss: 0.5159 (0.516)  LR: 2.949e-03  Time cost: 00:00/00:22 [04:27/16:41]  Acc_iter 1441        Data time: 0.33(0.33)  Forward time: 0.23(0.23)  Batch time: 0.56(0.56)
2026-04-28 22:50:15,527   INFO  Train:   37/80 ( 46%) [   9/40 ( 22%)]  Loss: 0.5306 (0.530)  LR: 2.943e-03  Time cost: 00:01/00:05 [04:28/05:38]  Acc_iter 1450        Data time: 0.01(0.04)  Forward time: 0.14(0.15)  Batch time: 0.15(0.19)
2026-04-28 22:50:19,902   INFO  Train:   37/80 ( 46%) [  39/40 ( 98%)]  Loss: 0.6673 (0.474)  LR: 2.921e-03  Time cost: 00:06/00:00 [04:32/04:31]  Acc_iter 1480        Data time: 0.01(0.02)  Forward time: 0.08(0.14)  Batch time: 0.08(0.16)
2026-04-28 22:50:20,919   INFO  Train:   38/80 ( 48%) [   0/40 (  0%)]  Loss: 0.4140 (0.414)  LR: 2.920e-03  Time cost: 00:00/00:24 [04:33/17:35]  Acc_iter 1481        Data time: 0.40(0.40)  Forward time: 0.20(0.20)  Batch time: 0.61(0.61)
2026-04-28 22:50:23,788   INFO  Train:   38/80 ( 48%) [  19/40 ( 48%)]  Loss: 0.4687 (0.438)  LR: 2.905e-03  Time cost: 00:03/00:03 [04:36/04:56]  Acc_iter 1500        Data time: 0.01(0.03)  Forward time: 0.15(0.14)  Batch time: 0.16(0.17)
2026-04-28 22:50:23,925   INFO  
2026-04-28 22:50:26,817   INFO  Train:   38/80 ( 48%) [  39/40 ( 98%)]  Loss: 0.5634 (0.440)  LR: 2.887e-03  Time cost: 00:06/00:00 [04:39/04:33]  Acc_iter 1520        Data time: 0.01(0.02)  Forward time: 0.08(0.14)  Batch time: 0.08(0.16)
2026-04-28 22:50:27,835   INFO  Train:   39/80 ( 49%) [   0/40 (  0%)]  Loss: 0.2858 (0.286)  LR: 2.886e-03  Time cost: 00:00/00:25 [04:40/17:44]  Acc_iter 1521        Data time: 0.41(0.41)  Forward time: 0.22(0.22)  Batch time: 0.63(0.63)
2026-04-28 22:50:32,276   INFO  Train:   39/80 ( 49%) [  29/40 ( 72%)]  Loss: 0.4439 (0.455)  LR: 2.857e-03  Time cost: 00:05/00:01 [04:45/04:39]  Acc_iter 1550        Data time: 0.01(0.02)  Forward time: 0.14(0.15)  Batch time: 0.15(0.17)
2026-04-28 22:50:33,636   INFO  Train:   39/80 ( 49%) [  39/40 ( 98%)]  Loss: 0.5496 (0.458)  LR: 2.846e-03  Time cost: 00:06/00:00 [04:46/04:24]  Acc_iter 1560        Data time: 0.01(0.02)  Forward time: 0.07(0.14)  Batch time: 0.08(0.16)
2026-04-28 22:50:34,622   INFO  Train:   40/80 ( 50%) [   0/40 (  0%)]  Loss: 0.5594 (0.559)  LR: 2.845e-03  Time cost: 00:00/00:23 [04:47/16:08]  Acc_iter 1561        Data time: 0.36(0.36)  Forward time: 0.22(0.22)  Batch time: 0.58(0.58)
2026-04-28 22:50:40,376   INFO  Train:   40/80 ( 50%) [  39/40 ( 98%)]  Loss: 0.3515 (0.426)  LR: 2.800e-03  Time cost: 00:06/00:00 [04:53/04:13]  Acc_iter 1600        Data time: 0.01(0.02)  Forward time: 0.07(0.14)  Batch time: 0.08(0.16)
2026-04-28 22:50:41,385   INFO  Train:   41/80 ( 51%) [   0/40 (  0%)]  Loss: 0.3491 (0.349)  LR: 2.799e-03  Time cost: 00:00/00:23 [04:54/15:52]  Acc_iter 1601        Data time: 0.35(0.35)  Forward time: 0.24(0.24)  Batch time: 0.59(0.59)
2026-04-28 22:50:47,164   INFO  Train:   41/80 ( 51%) [  39/40 ( 98%)]  Loss: 0.3660 (0.435)  LR: 2.749e-03  Time cost: 00:06/00:00 [05:00/04:08]  Acc_iter 1640        Data time: 0.01(0.02)  Forward time: 0.08(0.14)  Batch time: 0.09(0.16)
2026-04-28 22:50:48,156   INFO  Train:   42/80 ( 52%) [   0/40 (  0%)]  Loss: 0.4129 (0.413)  LR: 2.747e-03  Time cost: 00:00/00:23 [05:01/15:06]  Acc_iter 1641        Data time: 0.34(0.34)  Forward time: 0.24(0.24)  Batch time: 0.57(0.57)
2026-04-28 22:50:49,538   INFO  Train:   42/80 ( 52%) [   9/40 ( 22%)]  Loss: 0.7248 (0.463)  LR: 2.735e-03  Time cost: 00:01/00:06 [05:02/05:04]  Acc_iter 1650        Data time: 0.01(0.04)  Forward time: 0.14(0.15)  Batch time: 0.15(0.20)
2026-04-28 22:50:49,687   INFO  
2026-04-28 22:50:54,143   INFO  Train:   42/80 ( 52%) [  39/40 ( 98%)]  Loss: 0.4031 (0.440)  LR: 2.692e-03  Time cost: 00:06/00:00 [05:07/04:09]  Acc_iter 1680        Data time: 0.01(0.02)  Forward time: 0.07(0.14)  Batch time: 0.08(0.16)
2026-04-28 22:50:55,079   INFO  Train:   43/80 ( 54%) [   0/40 (  0%)]  Loss: 0.4646 (0.465)  LR: 2.690e-03  Time cost: 00:00/00:21 [05:08/13:26]  Acc_iter 1681        Data time: 0.30(0.30)  Forward time: 0.22(0.22)  Batch time: 0.52(0.52)
2026-04-28 22:50:57,995   INFO  Train:   43/80 ( 54%) [  19/40 ( 48%)]  Loss: 0.4392 (0.393)  LR: 2.661e-03  Time cost: 00:03/00:03 [05:10/04:18]  Acc_iter 1700        Data time: 0.01(0.02)  Forward time: 0.15(0.15)  Batch time: 0.16(0.17)
2026-04-28 22:51:00,879   INFO  Train:   43/80 ( 54%) [  39/40 ( 98%)]  Loss: 0.5377 (0.399)  LR: 2.629e-03  Time cost: 00:06/00:00 [05:13/03:54]  Acc_iter 1720        Data time: 0.01(0.02)  Forward time: 0.07(0.14)  Batch time: 0.08(0.16)
2026-04-28 22:51:01,850   INFO  Train:   44/80 ( 55%) [   0/40 (  0%)]  Loss: 0.6918 (0.692)  LR: 2.628e-03  Time cost: 00:00/00:22 [05:14/14:03]  Acc_iter 1721        Data time: 0.33(0.33)  Forward time: 0.23(0.23)  Batch time: 0.56(0.56)
2026-04-28 22:51:06,168   INFO  Train:   44/80 ( 55%) [  29/40 ( 72%)]  Loss: 0.1987 (0.436)  LR: 2.580e-03  Time cost: 00:04/00:01 [05:19/03:56]  Acc_iter 1750        Data time: 0.01(0.02)  Forward time: 0.13(0.14)  Batch time: 0.14(0.16)
2026-04-28 22:51:07,525   INFO  Train:   44/80 ( 55%) [  39/40 ( 98%)]  Loss: 0.4950 (0.424)  LR: 2.562e-03  Time cost: 00:06/00:00 [05:20/03:44]  Acc_iter 1760        Data time: 0.01(0.02)  Forward time: 0.08(0.14)  Batch time: 0.08(0.16)
2026-04-28 22:51:08,520   INFO  Train:   45/80 ( 56%) [   0/40 (  0%)]  Loss: 0.4698 (0.470)  LR: 2.561e-03  Time cost: 00:00/00:23 [05:21/14:11]  Acc_iter 1761        Data time: 0.36(0.36)  Forward time: 0.23(0.23)  Batch time: 0.58(0.58)
2026-04-28 22:51:14,213   INFO  Train:   45/80 ( 56%) [  39/40 ( 98%)]  Loss: 0.2310 (0.388)  LR: 2.491e-03  Time cost: 00:06/00:00 [05:27/03:40]  Acc_iter 1800        Data time: 0.01(0.02)  Forward time: 0.08(0.14)  Batch time: 0.09(0.16)
2026-04-28 22:51:14,357   INFO  
2026-04-28 22:51:15,375   INFO  Train:   46/80 ( 58%) [   0/40 (  0%)]  Loss: 0.5145 (0.514)  LR: 2.489e-03  Time cost: 00:00/00:24 [05:28/14:18]  Acc_iter 1801        Data time: 0.41(0.41)  Forward time: 0.19(0.19)  Batch time: 0.60(0.60)
2026-04-28 22:51:21,027   INFO  Train:   46/80 ( 58%) [  39/40 ( 98%)]  Loss: 0.2942 (0.358)  LR: 2.415e-03  Time cost: 00:06/00:00 [05:33/03:33]  Acc_iter 1840        Data time: 0.01(0.02)  Forward time: 0.07(0.14)  Batch time: 0.08(0.16)
2026-04-28 22:51:22,068   INFO  Train:   47/80 ( 59%) [   0/40 (  0%)]  Loss: 0.4006 (0.401)  LR: 2.413e-03  Time cost: 00:00/00:24 [05:35/14:09]  Acc_iter 1841        Data time: 0.45(0.45)  Forward time: 0.17(0.17)  Batch time: 0.62(0.62)
2026-04-28 22:51:23,424   INFO  Train:   47/80 ( 59%) [   9/40 ( 22%)]  Loss: 0.2388 (0.356)  LR: 2.396e-03  Time cost: 00:01/00:06 [05:36/04:27]  Acc_iter 1850        Data time: 0.01(0.05)  Forward time: 0.13(0.14)  Batch time: 0.14(0.20)
2026-04-28 22:51:27,780   INFO  Train:   47/80 ( 59%) [  39/40 ( 98%)]  Loss: 0.3080 (0.337)  LR: 2.335e-03  Time cost: 00:06/00:00 [05:40/03:29]  Acc_iter 1880        Data time: 0.01(0.02)  Forward time: 0.07(0.14)  Batch time: 0.08(0.16)
2026-04-28 22:51:28,800   INFO  Train:   48/80 ( 60%) [   0/40 (  0%)]  Loss: 0.4271 (0.427)  LR: 2.333e-03  Time cost: 00:00/00:24 [05:41/13:13]  Acc_iter 1881        Data time: 0.36(0.36)  Forward time: 0.23(0.23)  Batch time: 0.59(0.59)
2026-04-28 22:51:31,679   INFO  Train:   48/80 ( 60%) [  19/40 ( 48%)]  Loss: 0.3628 (0.351)  LR: 2.294e-03  Time cost: 00:03/00:03 [05:44/03:46]  Acc_iter 1900        Data time: 0.01(0.03)  Forward time: 0.13(0.15)  Batch time: 0.14(0.17)
2026-04-28 22:51:34,542   INFO  Train:   48/80 ( 60%) [  39/40 ( 98%)]  Loss: 0.1637 (0.334)  LR: 2.252e-03  Time cost: 00:06/00:00 [05:47/03:23]  Acc_iter 1920        Data time: 0.01(0.02)  Forward time: 0.07(0.14)  Batch time: 0.08(0.16)
2026-04-28 22:51:35,510   INFO  Train:   49/80 ( 61%) [   0/40 (  0%)]  Loss: 0.2136 (0.214)  LR: 2.250e-03  Time cost: 00:00/00:23 [05:48/12:18]  Acc_iter 1921        Data time: 0.34(0.34)  Forward time: 0.22(0.22)  Batch time: 0.57(0.57)
2026-04-28 22:51:39,923   INFO  Train:   49/80 ( 61%) [  29/40 ( 72%)]  Loss: 0.2321 (0.302)  LR: 2.188e-03  Time cost: 00:04/00:01 [05:52/03:28]  Acc_iter 1950        Data time: 0.01(0.02)  Forward time: 0.15(0.15)  Batch time: 0.15(0.17)
2026-04-28 22:51:40,063   INFO  
2026-04-28 22:51:41,417   INFO  Train:   49/80 ( 61%) [  39/40 ( 98%)]  Loss: 0.2340 (0.320)  LR: 2.166e-03  Time cost: 00:06/00:00 [05:54/03:21]  Acc_iter 1960        Data time: 0.01(0.02)  Forward time: 0.07(0.14)  Batch time: 0.08(0.16)
2026-04-28 22:51:42,451   INFO  Train:   50/80 ( 62%) [   0/40 (  0%)]  Loss: 0.4474 (0.447)  LR: 2.163e-03  Time cost: 00:00/00:25 [05:55/12:57]  Acc_iter 1961        Data time: 0.40(0.40)  Forward time: 0.22(0.22)  Batch time: 0.62(0.62)
2026-04-28 22:51:48,158   INFO  Train:   50/80 ( 62%) [  39/40 ( 98%)]  Loss: 0.2705 (0.311)  LR: 2.076e-03  Time cost: 00:06/00:00 [06:01/03:10]  Acc_iter 2000        Data time: 0.01(0.02)  Forward time: 0.08(0.14)  Batch time: 0.09(0.16)
2026-04-28 22:51:49,107   INFO  Train:   51/80 ( 64%) [   0/40 (  0%)]  Loss: 0.2792 (0.279)  LR: 2.074e-03  Time cost: 00:00/00:21 [06:02/10:39]  Acc_iter 2001        Data time: 0.29(0.29)  Forward time: 0.23(0.23)  Batch time: 0.52(0.52)
2026-04-28 22:51:54,772   INFO  Train:   51/80 ( 64%) [  39/40 ( 98%)]  Loss: 0.4140 (0.309)  LR: 1.984e-03  Time cost: 00:06/00:00 [06:07/02:59]  Acc_iter 2040        Data time: 0.01(0.02)  Forward time: 0.07(0.14)  Batch time: 0.08(0.15)
2026-04-28 22:51:55,777   INFO  Train:   52/80 ( 65%) [   0/40 (  0%)]  Loss: 0.2661 (0.266)  LR: 1.982e-03  Time cost: 00:00/00:24 [06:08/11:36]  Acc_iter 2041        Data time: 0.39(0.39)  Forward time: 0.20(0.20)  Batch time: 0.59(0.59)
2026-04-28 22:51:57,111   INFO  Train:   52/80 ( 65%) [   9/40 ( 22%)]  Loss: 0.4152 (0.272)  LR: 1.961e-03  Time cost: 00:01/00:05 [06:10/03:42]  Acc_iter 2050        Data time: 0.01(0.05)  Forward time: 0.13(0.14)  Batch time: 0.14(0.19)
2026-04-28 22:52:01,415   INFO  Train:   52/80 ( 65%) [  39/40 ( 98%)]  Loss: 0.1870 (0.296)  LR: 1.891e-03  Time cost: 00:06/00:00 [06:14/02:54]  Acc_iter 2080        Data time: 0.01(0.02)  Forward time: 0.07(0.14)  Batch time: 0.08(0.16)
2026-04-28 22:52:02,373   INFO  Train:   53/80 ( 66%) [   0/40 (  0%)]  Loss: 0.2200 (0.220)  LR: 1.888e-03  Time cost: 00:00/00:21 [06:15/10:15]  Acc_iter 2081        Data time: 0.31(0.31)  Forward time: 0.23(0.23)  Batch time: 0.54(0.54)
2026-04-28 22:52:05,257   INFO  Train:   53/80 ( 66%) [  19/40 ( 48%)]  Loss: 0.1832 (0.283)  LR: 1.843e-03  Time cost: 00:03/00:03 [06:18/03:09]  Acc_iter 2100        Data time: 0.01(0.02)  Forward time: 0.13(0.15)  Batch time: 0.14(0.17)
2026-04-28 22:52:05,389   INFO  
2026-04-28 22:52:08,316   INFO  Train:   53/80 ( 66%) [  39/40 ( 98%)]  Loss: 0.3935 (0.291)  LR: 1.795e-03  Time cost: 00:06/00:00 [06:21/02:55]  Acc_iter 2120        Data time: 0.01(0.02)  Forward time: 0.07(0.14)  Batch time: 0.08(0.16)
2026-04-28 22:52:09,373   INFO  Train:   54/80 ( 68%) [   0/40 (  0%)]  Loss: 0.2698 (0.270)  LR: 1.793e-03  Time cost: 00:00/00:26 [06:22/11:44]  Acc_iter 2121        Data time: 0.42(0.42)  Forward time: 0.23(0.23)  Batch time: 0.64(0.64)
2026-04-28 22:52:13,775   INFO  Train:   54/80 ( 68%) [  29/40 ( 72%)]  Loss: 0.1703 (0.276)  LR: 1.723e-03  Time cost: 00:05/00:01 [06:26/02:57]  Acc_iter 2150        Data time: 0.01(0.02)  Forward time: 0.14(0.15)  Batch time: 0.15(0.17)
2026-04-28 22:52:15,119   INFO  Train:   54/80 ( 68%) [  39/40 ( 98%)]  Loss: 0.1055 (0.273)  LR: 1.698e-03  Time cost: 00:06/00:00 [06:28/02:46]  Acc_iter 2160        Data time: 0.01(0.02)  Forward time: 0.07(0.14)  Batch time: 0.08(0.16)
2026-04-28 22:52:16,065   INFO  Train:   55/80 ( 69%) [   0/40 (  0%)]  Loss: 0.3639 (0.364)  LR: 1.696e-03  Time cost: 00:00/00:21 [06:28/09:31]  Acc_iter 2161        Data time: 0.30(0.30)  Forward time: 0.24(0.24)  Batch time: 0.54(0.54)
2026-04-28 22:52:21,777   INFO  Train:   55/80 ( 69%) [  39/40 ( 98%)]  Loss: 0.1847 (0.272)  LR: 1.601e-03  Time cost: 00:06/00:00 [06:34/02:36]  Acc_iter 2200        Data time: 0.01(0.02)  Forward time: 0.07(0.14)  Batch time: 0.08(0.16)
2026-04-28 22:52:22,805   INFO  Train:   56/80 ( 70%) [   0/40 (  0%)]  Loss: 0.3187 (0.319)  LR: 1.598e-03  Time cost: 00:00/00:24 [06:35/10:24]  Acc_iter 2201        Data time: 0.43(0.43)  Forward time: 0.19(0.19)  Batch time: 0.62(0.62)
2026-04-28 22:52:28,528   INFO  Train:   56/80 ( 70%) [  39/40 ( 98%)]  Loss: 0.3050 (0.293)  LR: 1.502e-03  Time cost: 00:06/00:00 [06:41/02:32]  Acc_iter 2240        Data time: 0.01(0.02)  Forward time: 0.08(0.14)  Batch time: 0.08(0.16)
2026-04-28 22:52:29,557   INFO  Train:   57/80 ( 71%) [   0/40 (  0%)]  Loss: 0.1932 (0.193)  LR: 1.500e-03  Time cost: 00:00/00:24 [06:42/09:58]  Acc_iter 2241        Data time: 0.41(0.41)  Forward time: 0.20(0.20)  Batch time: 0.61(0.61)
2026-04-28 22:52:30,911   INFO  Train:   57/80 ( 71%) [   9/40 ( 22%)]  Loss: 0.1457 (0.246)  LR: 1.478e-03  Time cost: 00:01/00:06 [06:43/03:07]  Acc_iter 2250        Data time: 0.01(0.05)  Forward time: 0.14(0.15)  Batch time: 0.15(0.20)
2026-04-28 22:52:31,051   INFO  
2026-04-28 22:52:35,423   INFO  Train:   57/80 ( 71%) [  39/40 ( 98%)]  Loss: 0.1290 (0.262)  LR: 1.404e-03  Time cost: 00:06/00:00 [06:48/02:29]  Acc_iter 2280        Data time: 0.01(0.02)  Forward time: 0.07(0.14)  Batch time: 0.08(0.16)
2026-04-28 22:52:36,427   INFO  Train:   58/80 ( 72%) [   0/40 (  0%)]  Loss: 0.1406 (0.141)  LR: 1.402e-03  Time cost: 00:00/00:23 [06:49/09:11]  Acc_iter 2281        Data time: 0.38(0.38)  Forward time: 0.21(0.21)  Batch time: 0.59(0.59)
2026-04-28 22:52:39,302   INFO  Train:   58/80 ( 72%) [  19/40 ( 48%)]  Loss: 0.2579 (0.270)  LR: 1.355e-03  Time cost: 00:03/00:03 [06:52/02:36]  Acc_iter 2300        Data time: 0.01(0.03)  Forward time: 0.14(0.14)  Batch time: 0.15(0.17)
2026-04-28 22:52:42,152   INFO  Train:   58/80 ( 72%) [  39/40 ( 98%)]  Loss: 0.4050 (0.238)  LR: 1.307e-03  Time cost: 00:06/00:00 [06:55/02:19]  Acc_iter 2320        Data time: 0.01(0.02)  Forward time: 0.07(0.14)  Batch time: 0.08(0.16)
2026-04-28 22:52:43,210   INFO  Train:   59/80 ( 74%) [   0/40 (  0%)]  Loss: 0.2491 (0.249)  LR: 1.304e-03  Time cost: 00:00/00:25 [06:56/09:28]  Acc_iter 2321        Data time: 0.42(0.42)  Forward time: 0.21(0.21)  Batch time: 0.64(0.64)
2026-04-28 22:52:47,467   INFO  Train:   59/80 ( 74%) [  29/40 ( 72%)]  Loss: 0.3355 (0.235)  LR: 1.234e-03  Time cost: 00:04/00:01 [07:00/02:19]  Acc_iter 2350        Data time: 0.01(0.02)  Forward time: 0.14(0.14)  Batch time: 0.14(0.16)
2026-04-28 22:52:48,814   INFO  Train:   59/80 ( 74%) [  39/40 ( 98%)]  Loss: 0.1166 (0.246)  LR: 1.210e-03  Time cost: 00:06/00:00 [07:01/02:11]  Acc_iter 2360        Data time: 0.01(0.02)  Forward time: 0.08(0.14)  Batch time: 0.09(0.16)
2026-04-28 22:52:49,813   INFO  Train:   60/80 ( 75%) [   0/40 (  0%)]  Loss: 0.3035 (0.303)  LR: 1.207e-03  Time cost: 00:00/00:23 [07:02/08:23]  Acc_iter 2361        Data time: 0.38(0.38)  Forward time: 0.21(0.21)  Batch time: 0.59(0.59)
2026-04-28 22:52:55,529   INFO  Train:   60/80 ( 75%) [  39/40 ( 98%)]  Loss: 0.1998 (0.244)  LR: 1.114e-03  Time cost: 00:06/00:00 [07:08/02:06]  Acc_iter 2400        Data time: 0.01(0.02)  Forward time: 0.08(0.14)  Batch time: 0.09(0.16)
2026-04-28 22:52:55,662   INFO  
2026-04-28 22:52:56,659   INFO  Train:   61/80 ( 76%) [   0/40 (  0%)]  Loss: 0.2188 (0.219)  LR: 1.112e-03  Time cost: 00:00/00:24 [07:09/08:07]  Acc_iter 2401        Data time: 0.39(0.39)  Forward time: 0.21(0.21)  Batch time: 0.60(0.60)
2026-04-28 22:53:02,322   INFO  Train:   61/80 ( 76%) [  39/40 ( 98%)]  Loss: 0.1702 (0.207)  LR: 1.020e-03  Time cost: 00:06/00:00 [07:15/01:59]  Acc_iter 2440        Data time: 0.01(0.02)  Forward time: 0.07(0.14)  Batch time: 0.08(0.16)
2026-04-28 22:53:03,316   INFO  Train:   62/80 ( 78%) [   0/40 (  0%)]  Loss: 0.2448 (0.245)  LR: 1.018e-03  Time cost: 00:00/00:23 [07:16/07:31]  Acc_iter 2441        Data time: 0.39(0.39)  Forward time: 0.19(0.19)  Batch time: 0.58(0.58)
2026-04-28 22:53:04,648   INFO  Train:   62/80 ( 78%) [   9/40 ( 22%)]  Loss: 0.1406 (0.217)  LR: 9.970e-04  Time cost: 00:01/00:05 [07:17/02:24]  Acc_iter 2450        Data time: 0.01(0.05)  Forward time: 0.14(0.14)  Batch time: 0.15(0.19)
2026-04-28 22:53:08,986   INFO  Train:   62/80 ( 78%) [  39/40 ( 98%)]  Loss: 0.1953 (0.223)  LR: 9.283e-04  Time cost: 00:06/00:00 [07:21/01:52]  Acc_iter 2480        Data time: 0.01(0.02)  Forward time: 0.07(0.14)  Batch time: 0.08(0.16)
2026-04-28 22:53:10,007   INFO  Train:   63/80 ( 79%) [   0/40 (  0%)]  Loss: 0.1948 (0.195)  LR: 9.260e-04  Time cost: 00:00/00:24 [07:22/07:18]  Acc_iter 2481        Data time: 0.41(0.41)  Forward time: 0.19(0.19)  Batch time: 0.60(0.60)
2026-04-28 22:53:12,818   INFO  Train:   63/80 ( 79%) [  19/40 ( 48%)]  Loss: 0.3405 (0.233)  LR: 8.832e-04  Time cost: 00:03/00:03 [07:25/01:59]  Acc_iter 2500        Data time: 0.01(0.03)  Forward time: 0.14(0.14)  Batch time: 0.14(0.17)
2026-04-28 22:53:15,725   INFO  Train:   63/80 ( 79%) [  39/40 ( 98%)]  Loss: 0.09744 (0.213)  LR: 8.388e-04  Time cost: 00:06/00:00 [07:28/01:47]  Acc_iter 2520        Data time: 0.01(0.02)  Forward time: 0.08(0.14)  Batch time: 0.08(0.16)
2026-04-28 22:53:16,677   INFO  Train:   64/80 ( 80%) [   0/40 (  0%)]  Loss: 0.1985 (0.199)  LR: 8.366e-04  Time cost: 00:00/00:21 [07:29/06:11]  Acc_iter 2521        Data time: 0.31(0.31)  Forward time: 0.23(0.23)  Batch time: 0.54(0.54)
2026-04-28 22:53:21,026   INFO  Train:   64/80 ( 80%) [  29/40 ( 72%)]  Loss: 0.1467 (0.192)  LR: 7.735e-04  Time cost: 00:04/00:01 [07:33/01:46]  Acc_iter 2550        Data time: 0.01(0.02)  Forward time: 0.14(0.14)  Batch time: 0.15(0.16)
2026-04-28 22:53:21,162   INFO  
2026-04-28 22:53:22,534   INFO  Train:   64/80 ( 80%) [  39/40 ( 98%)]  Loss: 0.3755 (0.189)  LR: 7.521e-04  Time cost: 00:06/00:00 [07:35/01:42]  Acc_iter 2560        Data time: 0.01(0.02)  Forward time: 0.07(0.14)  Batch time: 0.08(0.16)
2026-04-28 22:53:23,527   INFO  Train:   65/80 ( 81%) [   0/40 (  0%)]  Loss: 0.2601 (0.260)  LR: 7.500e-04  Time cost: 00:00/00:24 [07:36/06:29]  Acc_iter 2561        Data time: 0.34(0.34)  Forward time: 0.26(0.26)  Batch time: 0.60(0.60)
2026-04-28 22:53:29,161   INFO  Train:   65/80 ( 81%) [  39/40 ( 98%)]  Loss: 0.2660 (0.188)  LR: 6.687e-04  Time cost: 00:06/00:00 [07:42/01:33]  Acc_iter 2600        Data time: 0.01(0.02)  Forward time: 0.08(0.14)  Batch time: 0.08(0.16)
2026-04-28 22:53:30,126   INFO  Train:   66/80 ( 82%) [   0/40 (  0%)]  Loss: 0.1931 (0.193)  LR: 6.667e-04  Time cost: 00:00/00:22 [07:43/05:42]  Acc_iter 2601        Data time: 0.35(0.35)  Forward time: 0.21(0.21)  Batch time: 0.56(0.56)
2026-04-28 22:53:35,827   INFO  Train:   66/80 ( 82%) [  39/40 ( 98%)]  Loss: 0.4481 (0.194)  LR: 5.888e-04  Time cost: 00:06/00:00 [07:48/01:27]  Acc_iter 2640        Data time: 0.01(0.02)  Forward time: 0.07(0.14)  Batch time: 0.08(0.16)
2026-04-28 22:53:36,782   INFO  Train:   67/80 ( 84%) [   0/40 (  0%)]  Loss: 0.2629 (0.263)  LR: 5.869e-04  Time cost: 00:00/00:22 [07:49/05:10]  Acc_iter 2641        Data time: 0.31(0.31)  Forward time: 0.23(0.23)  Batch time: 0.55(0.55)
2026-04-28 22:53:38,128   INFO  Train:   67/80 ( 84%) [   9/40 ( 22%)]  Loss: 0.2024 (0.187)  LR: 5.695e-04  Time cost: 00:01/00:05 [07:51/01:44]  Acc_iter 2650        Data time: 0.01(0.04)  Forward time: 0.14(0.15)  Batch time: 0.15(0.19)
2026-04-28 22:53:42,516   INFO  Train:   67/80 ( 84%) [  39/40 ( 98%)]  Loss: 0.09389 (0.176)  LR: 5.129e-04  Time cost: 00:06/00:00 [07:55/01:21]  Acc_iter 2680        Data time: 0.01(0.02)  Forward time: 0.07(0.14)  Batch time: 0.08(0.16)
2026-04-28 22:53:43,524   INFO  Train:   68/80 ( 85%) [   0/40 (  0%)]  Loss: 0.1468 (0.147)  LR: 5.110e-04  Time cost: 00:00/00:24 [07:56/05:14]  Acc_iter 2681        Data time: 0.37(0.37)  Forward time: 0.22(0.22)  Batch time: 0.60(0.60)
2026-04-28 22:53:46,322   INFO  Train:   68/80 ( 85%) [  19/40 ( 48%)]  Loss: 0.1651 (0.193)  LR: 4.764e-04  Time cost: 00:03/00:03 [07:59/01:25]  Acc_iter 2700        Data time: 0.01(0.03)  Forward time: 0.14(0.14)  Batch time: 0.15(0.17)
2026-04-28 22:53:46,465   INFO  
2026-04-28 22:53:49,284   INFO  Train:   68/80 ( 85%) [  39/40 ( 98%)]  Loss: 0.2667 (0.186)  LR: 4.411e-04  Time cost: 00:06/00:00 [08:02/01:16]  Acc_iter 2720        Data time: 0.01(0.02)  Forward time: 0.07(0.14)  Batch time: 0.08(0.16)
2026-04-28 22:53:50,291   INFO  Train:   69/80 ( 86%) [   0/40 (  0%)]  Loss: 0.2752 (0.275)  LR: 4.394e-04  Time cost: 00:00/00:20 [08:03/04:11]  Acc_iter 2721        Data time: 0.29(0.29)  Forward time: 0.23(0.23)  Batch time: 0.52(0.52)
2026-04-28 22:53:54,642   INFO  Train:   69/80 ( 86%) [  29/40 ( 72%)]  Loss: 0.1277 (0.160)  LR: 3.902e-04  Time cost: 00:04/00:01 [08:07/01:13]  Acc_iter 2750        Data time: 0.01(0.02)  Forward time: 0.14(0.14)  Batch time: 0.15(0.16)
2026-04-28 22:53:55,985   INFO  Train:   69/80 ( 86%) [  39/40 ( 98%)]  Loss: 0.1371 (0.171)  LR: 3.739e-04  Time cost: 00:06/00:00 [08:08/01:08]  Acc_iter 2760        Data time: 0.01(0.02)  Forward time: 0.07(0.14)  Batch time: 0.08(0.16)
2026-04-28 22:53:56,960   INFO  Train:   70/80 ( 88%) [   0/40 (  0%)]  Loss: 0.1389 (0.139)  LR: 3.723e-04  Time cost: 00:00/00:23 [08:09/04:22]  Acc_iter 2761        Data time: 0.36(0.36)  Forward time: 0.23(0.23)  Batch time: 0.59(0.59)
2026-04-28 22:54:02,599   INFO  Train:   70/80 ( 88%) [  39/40 ( 98%)]  Loss: 0.1265 (0.154)  LR: 3.115e-04  Time cost: 00:06/00:00 [08:15/01:02]  Acc_iter 2800        Data time: 0.01(0.02)  Forward time: 0.07(0.14)  Batch time: 0.08(0.16)
2026-04-28 22:54:03,573   INFO  Train:   71/80 ( 89%) [   0/40 (  0%)]  Loss: 0.1393 (0.139)  LR: 3.100e-04  Time cost: 00:00/00:23 [08:16/03:54]  Acc_iter 2801        Data time: 0.38(0.38)  Forward time: 0.20(0.20)  Batch time: 0.58(0.58)
2026-04-28 22:54:09,243   INFO  Train:   71/80 ( 89%) [  39/40 ( 98%)]  Loss: 0.1024 (0.169)  LR: 2.542e-04  Time cost: 00:06/00:00 [08:22/00:56]  Acc_iter 2840        Data time: 0.01(0.02)  Forward time: 0.07(0.14)  Batch time: 0.08(0.16)
2026-04-28 22:54:10,248   INFO  Train:   72/80 ( 90%) [   0/40 (  0%)]  Loss: 0.1613 (0.161)  LR: 2.528e-04  Time cost: 00:00/00:24 [08:23/03:39]  Acc_iter 2841        Data time: 0.40(0.40)  Forward time: 0.20(0.20)  Batch time: 0.60(0.60)
2026-04-28 22:54:11,574   INFO  Train:   72/80 ( 90%) [   9/40 ( 22%)]  Loss: 0.1936 (0.183)  LR: 2.407e-04  Time cost: 00:01/00:05 [08:24/01:07]  Acc_iter 2850        Data time: 0.01(0.05)  Forward time: 0.13(0.14)  Batch time: 0.14(0.19)
2026-04-28 22:54:11,717   INFO  
2026-04-28 22:54:16,078   INFO  Train:   72/80 ( 90%) [  39/40 ( 98%)]  Loss: 0.1582 (0.162)  LR: 2.022e-04  Time cost: 00:06/00:00 [08:29/00:51]  Acc_iter 2880        Data time: 0.01(0.02)  Forward time: 0.07(0.14)  Batch time: 0.08(0.16)
2026-04-28 22:54:17,076   INFO  Train:   73/80 ( 91%) [   0/40 (  0%)]  Loss: 0.08146 (0.0815)  LR: 2.010e-04  Time cost: 00:00/00:22 [08:30/03:03]  Acc_iter 2881        Data time: 0.36(0.36)  Forward time: 0.21(0.21)  Batch time: 0.56(0.56)
2026-04-28 22:54:19,936   INFO  Train:   73/80 ( 91%) [  19/40 ( 48%)]  Loss: 0.1074 (0.153)  LR: 1.783e-04  Time cost: 00:03/00:03 [08:32/00:51]  Acc_iter 2900        Data time: 0.01(0.03)  Forward time: 0.14(0.14)  Batch time: 0.15(0.17)
2026-04-28 22:54:22,875   INFO  Train:   73/80 ( 91%) [  39/40 ( 98%)]  Loss: 0.1402 (0.160)  LR: 1.558e-04  Time cost: 00:06/00:00 [08:35/00:44]  Acc_iter 2920        Data time: 0.01(0.02)  Forward time: 0.07(0.14)  Batch time: 0.08(0.16)
2026-04-28 22:54:23,902   INFO  Train:   74/80 ( 92%) [   0/40 (  0%)]  Loss: 0.1690 (0.169)  LR: 1.547e-04  Time cost: 00:00/00:24 [08:36/02:53]  Acc_iter 2921        Data time: 0.41(0.41)  Forward time: 0.20(0.20)  Batch time: 0.61(0.61)
2026-04-28 22:54:28,176   INFO  Train:   74/80 ( 92%) [  29/40 ( 72%)]  Loss: 0.1362 (0.162)  LR: 1.248e-04  Time cost: 00:04/00:01 [08:41/00:40]  Acc_iter 2950        Data time: 0.01(0.02)  Forward time: 0.13(0.14)  Batch time: 0.14(0.16)
2026-04-28 22:54:29,544   INFO  Train:   74/80 ( 92%) [  39/40 ( 98%)]  Loss: 0.08450 (0.162)  LR: 1.152e-04  Time cost: 00:06/00:00 [08:42/00:37]  Acc_iter 2960        Data time: 0.01(0.02)  Forward time: 0.07(0.14)  Batch time: 0.08(0.16)
2026-04-28 22:54:30,447   INFO  Train:   75/80 ( 94%) [   0/40 (  0%)]  Loss: 0.09301 (0.0930)  LR: 1.142e-04  Time cost: 00:00/00:20 [08:43/02:02]  Acc_iter 2961        Data time: 0.29(0.29)  Forward time: 0.22(0.22)  Batch time: 0.51(0.51)
2026-04-28 22:54:36,229   INFO  Train:   75/80 ( 94%) [  39/40 ( 98%)]  Loss: 0.06826 (0.150)  LR: 8.042e-05  Time cost: 00:06/00:00 [08:49/00:31]  Acc_iter 3000        Data time: 0.01(0.02)  Forward time: 0.07(0.14)  Batch time: 0.08(0.16)
2026-04-28 22:54:36,366   INFO  
2026-04-28 22:54:37,334   INFO  Train:   76/80 ( 95%) [   0/40 (  0%)]  Loss: 0.1512 (0.151)  LR: 7.963e-05  Time cost: 00:00/00:22 [08:50/01:54]  Acc_iter 3001        Data time: 0.38(0.38)  Forward time: 0.19(0.19)  Batch time: 0.56(0.56)
2026-04-28 22:54:43,108   INFO  Train:   76/80 ( 95%) [  39/40 ( 98%)]  Loss: 0.1262 (0.160)  LR: 5.178e-05  Time cost: 00:06/00:00 [08:56/00:25]  Acc_iter 3040        Data time: 0.01(0.02)  Forward time: 0.07(0.14)  Batch time: 0.08(0.16)
2026-04-28 22:54:44,125   INFO  Train:   77/80 ( 96%) [   0/40 (  0%)]  Loss: 0.1425 (0.142)  LR: 5.114e-05  Time cost: 00:00/00:24 [08:57/01:39]  Acc_iter 3041        Data time: 0.37(0.37)  Forward time: 0.25(0.25)  Batch time: 0.62(0.62)
2026-04-28 22:54:45,501   INFO  Train:   77/80 ( 96%) [   9/40 ( 22%)]  Loss: 0.1315 (0.132)  LR: 4.558e-05  Time cost: 00:01/00:06 [08:58/00:30]  Acc_iter 3050        Data time: 0.01(0.05)  Forward time: 0.14(0.15)  Batch time: 0.15(0.20)
2026-04-28 22:54:49,817   INFO  Train:   77/80 ( 96%) [  39/40 ( 98%)]  Loss: 0.3063 (0.157)  LR: 2.933e-05  Time cost: 00:06/00:00 [09:02/00:19]  Acc_iter 3080        Data time: 0.01(0.02)  Forward time: 0.07(0.14)  Batch time: 0.08(0.16)
2026-04-28 22:54:50,808   INFO  Train:   78/80 ( 98%) [   0/40 (  0%)]  Loss: 0.1649 (0.165)  LR: 2.885e-05  Time cost: 00:00/00:23 [09:03/01:10]  Acc_iter 3081        Data time: 0.40(0.40)  Forward time: 0.17(0.17)  Batch time: 0.58(0.58)
2026-04-28 22:54:53,685   INFO  Train:   78/80 ( 98%) [  19/40 ( 48%)]  Loss: 0.1664 (0.131)  LR: 2.047e-05  Time cost: 00:03/00:03 [09:06/00:17]  Acc_iter 3100        Data time: 0.01(0.03)  Forward time: 0.14(0.14)  Batch time: 0.15(0.17)
2026-04-28 22:54:56,575   INFO  Train:   78/80 ( 98%) [  39/40 ( 98%)]  Loss: 0.1248 (0.146)  LR: 1.318e-05  Time cost: 00:06/00:00 [09:09/00:12]  Acc_iter 3120        Data time: 0.01(0.02)  Forward time: 0.08(0.14)  Batch time: 0.08(0.16)
2026-04-28 22:54:57,557   INFO  Train:   79/80 ( 99%) [   0/40 (  0%)]  Loss: 0.2000 (0.200)  LR: 1.286e-05  Time cost: 00:00/00:22 [09:10/00:45]  Acc_iter 3121        Data time: 0.35(0.35)  Forward time: 0.22(0.22)  Batch time: 0.57(0.57)
2026-04-28 22:55:01,923   INFO  Train:   79/80 ( 99%) [  29/40 ( 72%)]  Loss: 0.1647 (0.148)  LR: 5.250e-06  Time cost: 00:04/00:01 [09:14/00:08]  Acc_iter 3150        Data time: 0.01(0.02)  Forward time: 0.13(0.14)  Batch time: 0.14(0.16)
2026-04-28 22:55:02,058   INFO  
2026-04-28 22:55:03,421   INFO  Train:   79/80 ( 99%) [  39/40 ( 98%)]  Loss: 0.1980 (0.148)  LR: 3.404e-06  Time cost: 00:06/00:00 [09:16/00:06]  Acc_iter 3160        Data time: 0.01(0.02)  Forward time: 0.07(0.14)  Batch time: 0.08(0.16)
2026-04-28 22:55:04,406   INFO  Train:   80/80 (100%) [   0/40 (  0%)]  Loss: 0.1740 (0.174)  LR: 3.242e-06  Time cost: 00:00/00:23 [09:17/00:23]  Acc_iter 3161        Data time: 0.38(0.38)  Forward time: 0.20(0.20)  Batch time: 0.58(0.58)
2026-04-28 22:55:10,156   INFO  Train:   80/80 (100%) [  39/40 ( 98%)]  Loss: 0.08692 (0.166)  LR: 3.201e-08  Time cost: 00:06/00:00 [09:23/00:00]  Acc_iter 3200        Data time: 0.01(0.02)  Forward time: 0.07(0.14)  Batch time: 0.08(0.16)
2026-04-28 22:55:10,353   INFO  **********************End training OpenPCDet/tools/cfgs/kitti_models/second_erod(default)**********************



2026-04-28 22:55:10,353   INFO  **********************Start evaluation OpenPCDet/tools/cfgs/kitti_models/second_erod(default)**********************
2026-04-28 22:55:10,354   INFO  Loading Custom dataset.
2026-04-28 22:55:10,354   INFO  Total samples for CUSTOM dataset: 34
2026-04-28 22:55:10,356   INFO  ==> Loading parameters from checkpoint /OpenPCDet/output/OpenPCDet/tools/cfgs/kitti_models/second_erod/default/ckpt/checkpoint_epoch_80.pth to GPU
2026-04-28 22:55:10,387   INFO  ==> Checkpoint trained from version: pcdet+0.6.0+233f849+py34a3729
2026-04-28 22:55:10,391   INFO  ==> Done (loaded 163/163)
2026-04-28 22:55:10,393   INFO  *************** EPOCH 80 EVALUATION *****************
2026-04-28 22:55:11,596   INFO  *************** Performance of EPOCH 80 *****************
2026-04-28 22:55:11,597   INFO  Generate label finished(sec_per_example: 0.0354 second).
2026-04-28 22:55:11,597   INFO  recall_roi_0.3: 0.000000
2026-04-28 22:55:11,597   INFO  recall_rcnn_0.3: 0.866667
2026-04-28 22:55:11,597   INFO  recall_roi_0.5: 0.000000
2026-04-28 22:55:11,597   INFO  recall_rcnn_0.5: 0.830303
2026-04-28 22:55:11,597   INFO  recall_roi_0.7: 0.000000
2026-04-28 22:55:11,597   INFO  recall_rcnn_0.7: 0.575758
2026-04-28 22:55:11,597   INFO  Average predicted number of objects(34 samples): 5.559
2026-04-28 22:55:17,547   INFO  Car AP@0.70, 0.70, 0.70:
bbox AP:81.8182, 81.8182, 81.8182
bev  AP:80.4775, 80.4775, 80.4775
3d   AP:71.0407, 71.0407, 71.0407
aos  AP:49.83, 49.83, 49.83
Car AP_R40@0.70, 0.70, 0.70:
bbox AP:85.0000, 85.0000, 85.0000
bev  AP:83.3434, 83.3434, 83.3434
3d   AP:75.2739, 75.2739, 75.2739
aos  AP:48.13, 48.13, 48.13
Car AP@0.70, 0.50, 0.50:
bbox AP:81.8182, 81.8182, 81.8182
bev  AP:80.4775, 80.4775, 80.4775
3d   AP:80.4775, 80.4775, 80.4775
aos  AP:49.83, 49.83, 49.83
Car AP_R40@0.70, 0.50, 0.50:
bbox AP:85.0000, 85.0000, 85.0000
bev  AP:83.3434, 83.3434, 83.3434
3d   AP:83.3434, 83.3434, 83.3434
aos  AP:48.13, 48.13, 48.13
Pedestrian AP@0.50, 0.50, 0.50:
bbox AP:96.7047, 96.7047, 96.7047
bev  AP:95.3444, 95.3444, 95.3444
3d   AP:93.6068, 93.6068, 93.6068
aos  AP:37.92, 37.92, 37.92
Pedestrian AP_R40@0.50, 0.50, 0.50:
bbox AP:97.2988, 97.2988, 97.2988
bev  AP:95.8287, 95.8287, 95.8287
3d   AP:93.8092, 93.8092, 93.8092
aos  AP:38.08, 38.08, 38.08
Pedestrian AP@0.50, 0.25, 0.25:
bbox AP:96.7047, 96.7047, 96.7047
bev  AP:95.3444, 95.3444, 95.3444
3d   AP:95.3444, 95.3444, 95.3444
aos  AP:37.92, 37.92, 37.92
Pedestrian AP_R40@0.50, 0.25, 0.25:
bbox AP:97.2988, 97.2988, 97.2988
bev  AP:95.8287, 95.8287, 95.8287
3d   AP:95.8287, 95.8287, 95.8287
aos  AP:38.08, 38.08, 38.08
Cyclist AP@0.50, 0.50, 0.50:
bbox AP:81.8182, 81.8182, 81.8182
bev  AP:23.3247, 23.3247, 23.3247
3d   AP:23.3247, 23.3247, 23.3247
aos  AP:60.78, 60.78, 60.78
Cyclist AP_R40@0.50, 0.50, 0.50:
bbox AP:82.4286, 82.4286, 82.4286
bev  AP:20.6853, 20.6853, 20.6853
3d   AP:20.6853, 20.6853, 20.6853
aos  AP:61.21, 61.21, 61.21
Cyclist AP@0.50, 0.25, 0.25:
bbox AP:81.8182, 81.8182, 81.8182
bev  AP:79.6458, 79.6458, 79.6458
3d   AP:79.6458, 79.6458, 79.6458
aos  AP:60.78, 60.78, 60.78
Cyclist AP_R40@0.50, 0.25, 0.25:
bbox AP:82.4286, 82.4286, 82.4286
bev  AP:77.9632, 77.9632, 77.9632
3d   AP:77.9632, 77.9632, 77.9632
aos  AP:61.21, 61.21, 61.21

2026-04-28 22:55:17,547   INFO  Result is saved to /OpenPCDet/output/OpenPCDet/tools/cfgs/kitti_models/second_erod/default/eval/eval_with_train/epoch_80/test
2026-04-28 22:55:17,548   INFO  ****************Evaluation done.*****************
2026-04-28 22:55:17,552   INFO  Epoch 80 has been evaluated
2026-04-28 22:55:47,582   INFO  **********************End evaluation OpenPCDet/tools/cfgs/kitti_models/second_erod(default)**********************
