2026-05-05 16:46:26,297   INFO  **********************Start logging**********************
2026-05-05 16:46:26,297   INFO  CUDA_VISIBLE_DEVICES=ALL
2026-05-05 16:46:26,297   INFO  Training with a single process
2026-05-05 16:46:26,297   INFO  cfg_file         /OpenPCDet/tools/cfgs/kitti_models/second_nuscenes_converted_focal.yaml
2026-05-05 16:46:26,297   INFO  batch_size       4
2026-05-05 16:46:26,297   INFO  epochs           80
2026-05-05 16:46:26,297   INFO  workers          4
2026-05-05 16:46:26,297   INFO  extra_tag        default
2026-05-05 16:46:26,297   INFO  ckpt             None
2026-05-05 16:46:26,297   INFO  pretrained_model None
2026-05-05 16:46:26,297   INFO  launcher         none
2026-05-05 16:46:26,297   INFO  tcp_port         18888
2026-05-05 16:46:26,297   INFO  sync_bn          False
2026-05-05 16:46:26,297   INFO  fix_random_seed  False
2026-05-05 16:46:26,297   INFO  ckpt_save_interval 1
2026-05-05 16:46:26,297   INFO  local_rank       None
2026-05-05 16:46:26,297   INFO  max_ckpt_save_num 30
2026-05-05 16:46:26,297   INFO  merge_all_iters_to_one_epoch False
2026-05-05 16:46:26,297   INFO  set_cfgs         None
2026-05-05 16:46:26,297   INFO  max_waiting_mins 0
2026-05-05 16:46:26,297   INFO  start_epoch      0
2026-05-05 16:46:26,297   INFO  num_epochs_to_eval 0
2026-05-05 16:46:26,298   INFO  save_to_file     False
2026-05-05 16:46:26,298   INFO  use_tqdm_to_record False
2026-05-05 16:46:26,298   INFO  logger_iter_interval 50
2026-05-05 16:46:26,298   INFO  ckpt_save_time_interval 300
2026-05-05 16:46:26,298   INFO  wo_gpu_stat      False
2026-05-05 16:46:26,298   INFO  use_amp          False
2026-05-05 16:46:26,298   INFO  cfg.ROOT_DIR: /OpenPCDet
2026-05-05 16:46:26,298   INFO  cfg.LOCAL_RANK: 0
2026-05-05 16:46:26,298   INFO  cfg.CLASS_NAMES: ['Car', 'Pedestrian', 'Cyclist']
2026-05-05 16:46:26,298   INFO  ----------- DATA_CONFIG -----------
2026-05-05 16:46:26,298   INFO  cfg.DATA_CONFIG.DATASET: KittiDataset
2026-05-05 16:46:26,298   INFO  cfg.DATA_CONFIG.DATA_PATH: /OpenPCDet/datasets_converted/nuscenes/v1.0-trainval_kitti_format
2026-05-05 16:46:26,298   INFO  cfg.DATA_CONFIG.POINT_CLOUD_RANGE: [0, -51.2, -5.0, 51.2, 51.2, 3.0]
2026-05-05 16:46:26,298   INFO  ----------- MAP_CLASS_TO_KITTI -----------
2026-05-05 16:46:26,298   INFO  cfg.DATA_CONFIG.MAP_CLASS_TO_KITTI.car: Car
2026-05-05 16:46:26,298   INFO  cfg.DATA_CONFIG.MAP_CLASS_TO_KITTI.pedestrian: Pedestrian
2026-05-05 16:46:26,298   INFO  cfg.DATA_CONFIG.MAP_CLASS_TO_KITTI.bicycle: Cyclist
2026-05-05 16:46:26,298   INFO  ----------- DATA_SPLIT -----------
2026-05-05 16:46:26,298   INFO  cfg.DATA_CONFIG.DATA_SPLIT.train: train
2026-05-05 16:46:26,298   INFO  cfg.DATA_CONFIG.DATA_SPLIT.test: val
2026-05-05 16:46:26,298   INFO  ----------- INFO_PATH -----------
2026-05-05 16:46:26,298   INFO  cfg.DATA_CONFIG.INFO_PATH.train: ['kitti_infos_train.pkl']
2026-05-05 16:46:26,298   INFO  cfg.DATA_CONFIG.INFO_PATH.test: ['kitti_infos_val.pkl']
2026-05-05 16:46:26,298   INFO  cfg.DATA_CONFIG.GET_ITEM_LIST: ['points']
2026-05-05 16:46:26,298   INFO  cfg.DATA_CONFIG.FOV_POINTS_ONLY: False
2026-05-05 16:46:26,298   INFO  ----------- DATA_AUGMENTOR -----------
2026-05-05 16:46:26,298   INFO  cfg.DATA_CONFIG.DATA_AUGMENTOR.DISABLE_AUG_LIST: ['placeholder']
2026-05-05 16:46:26,298   INFO  cfg.DATA_CONFIG.DATA_AUGMENTOR.AUG_CONFIG_LIST: [{'NAME': 'gt_sampling', 'USE_ROAD_PLANE': False, 'DB_INFO_PATH': ['kitti_dbinfos_train.pkl'], 'PREPARE': {'filter_by_min_points': ['Car:5', 'Pedestrian:5', 'Cyclist:5']}, 'SAMPLE_GROUPS': ['Car:2', 'Pedestrian:2', 'Cyclist:2'], 'NUM_POINT_FEATURES': 4, 'DATABASE_WITH_FAKELIDAR': False, 'REMOVE_EXTRA_WIDTH': [0.0, 0.0, 0.0], 'LIMIT_WHOLE_SCENE': True}, {'NAME': 'random_world_flip', 'ALONG_AXIS_LIST': ['x', 'y']}, {'NAME': 'random_world_rotation', 'WORLD_ROT_ANGLE': [-0.3925, 0.3925]}, {'NAME': 'random_world_scaling', 'WORLD_SCALE_RANGE': [0.95, 1.05]}]
2026-05-05 16:46:26,298   INFO  ----------- POINT_FEATURE_ENCODING -----------
2026-05-05 16:46:26,299   INFO  cfg.DATA_CONFIG.POINT_FEATURE_ENCODING.encoding_type: absolute_coordinates_encoding
2026-05-05 16:46:26,299   INFO  cfg.DATA_CONFIG.POINT_FEATURE_ENCODING.used_feature_list: ['x', 'y', 'z', 'intensity']
2026-05-05 16:46:26,299   INFO  cfg.DATA_CONFIG.POINT_FEATURE_ENCODING.src_feature_list: ['x', 'y', 'z', 'intensity']
2026-05-05 16:46:26,299   INFO  cfg.DATA_CONFIG.DATA_PROCESSOR: [{'NAME': 'mask_points_and_boxes_outside_range', 'REMOVE_OUTSIDE_BOXES': True}, {'NAME': 'shuffle_points', 'SHUFFLE_ENABLED': {'train': True, 'test': False}}, {'NAME': 'transform_points_to_voxels', 'VOXEL_SIZE': [0.1, 0.1, 0.2], 'MAX_POINTS_PER_VOXEL': 100, 'MAX_NUMBER_OF_VOXELS': {'train': 600000, 'test': 60000}}]
2026-05-05 16:46:26,299   INFO  cfg.DATA_CONFIG._BASE_CONFIG_: cfgs/dataset_configs/nuscenes_converted.yaml
2026-05-05 16:46:26,299   INFO  cfg.DATA_CONFIG.SKIPH: True
2026-05-05 16:46:26,299   INFO  ----------- MODEL -----------
2026-05-05 16:46:26,299   INFO  cfg.MODEL.NAME: SECONDNet
2026-05-05 16:46:26,299   INFO  ----------- VFE -----------
2026-05-05 16:46:26,299   INFO  cfg.MODEL.VFE.NAME: MeanVFE
2026-05-05 16:46:26,299   INFO  ----------- BACKBONE_3D -----------
2026-05-05 16:46:26,299   INFO  cfg.MODEL.BACKBONE_3D.NAME: VoxelBackBone8xFocal
2026-05-05 16:46:26,299   INFO  cfg.MODEL.BACKBONE_3D.MASK_MULTI: True
2026-05-05 16:46:26,299   INFO  cfg.MODEL.BACKBONE_3D.ENLARGE_VOXEL_CHANNELS: 64
2026-05-05 16:46:26,299   INFO  ----------- MAP_TO_BEV -----------
2026-05-05 16:46:26,299   INFO  cfg.MODEL.MAP_TO_BEV.NAME: HeightCompression
2026-05-05 16:46:26,299   INFO  cfg.MODEL.MAP_TO_BEV.NUM_BEV_FEATURES: 256
2026-05-05 16:46:26,299   INFO  ----------- BACKBONE_2D -----------
2026-05-05 16:46:26,299   INFO  cfg.MODEL.BACKBONE_2D.NAME: BaseBEVBackbone
2026-05-05 16:46:26,299   INFO  cfg.MODEL.BACKBONE_2D.LAYER_NUMS: [5, 5]
2026-05-05 16:46:26,299   INFO  cfg.MODEL.BACKBONE_2D.LAYER_STRIDES: [1, 2]
2026-05-05 16:46:26,299   INFO  cfg.MODEL.BACKBONE_2D.NUM_FILTERS: [128, 256]
2026-05-05 16:46:26,299   INFO  cfg.MODEL.BACKBONE_2D.UPSAMPLE_STRIDES: [1, 2]
2026-05-05 16:46:26,299   INFO  cfg.MODEL.BACKBONE_2D.NUM_UPSAMPLE_FILTERS: [256, 256]
2026-05-05 16:46:26,299   INFO  ----------- DENSE_HEAD -----------
2026-05-05 16:46:26,299   INFO  cfg.MODEL.DENSE_HEAD.NAME: AnchorHeadSingle
2026-05-05 16:46:26,299   INFO  cfg.MODEL.DENSE_HEAD.CLASS_AGNOSTIC: False
2026-05-05 16:46:26,299   INFO  cfg.MODEL.DENSE_HEAD.USE_DIRECTION_CLASSIFIER: True
2026-05-05 16:46:26,299   INFO  cfg.MODEL.DENSE_HEAD.DIR_OFFSET: 0.78539
2026-05-05 16:46:26,299   INFO  cfg.MODEL.DENSE_HEAD.DIR_LIMIT_OFFSET: 0.0
2026-05-05 16:46:26,299   INFO  cfg.MODEL.DENSE_HEAD.NUM_DIR_BINS: 2
2026-05-05 16:46:26,300   INFO  cfg.MODEL.DENSE_HEAD.ANCHOR_GENERATOR_CONFIG: [{'class_name': 'Car', 'anchor_sizes': [[3.9, 1.6, 1.56]], 'anchor_rotations': [0, 1.57], 'anchor_bottom_heights': [-1.78], 'align_center': False, 'feature_map_stride': 8, 'matched_threshold': 0.6, 'unmatched_threshold': 0.45}, {'class_name': 'Pedestrian', 'anchor_sizes': [[0.8, 0.6, 1.73]], 'anchor_rotations': [0, 1.57], 'anchor_bottom_heights': [-0.6], 'align_center': False, 'feature_map_stride': 8, 'matched_threshold': 0.5, 'unmatched_threshold': 0.35}, {'class_name': 'Cyclist', 'anchor_sizes': [[1.76, 0.6, 1.73]], 'anchor_rotations': [0, 1.57], 'anchor_bottom_heights': [-0.6], 'align_center': False, 'feature_map_stride': 8, 'matched_threshold': 0.5, 'unmatched_threshold': 0.35}]
2026-05-05 16:46:26,300   INFO  ----------- TARGET_ASSIGNER_CONFIG -----------
2026-05-05 16:46:26,300   INFO  cfg.MODEL.DENSE_HEAD.TARGET_ASSIGNER_CONFIG.NAME: AxisAlignedTargetAssigner
2026-05-05 16:46:26,300   INFO  cfg.MODEL.DENSE_HEAD.TARGET_ASSIGNER_CONFIG.POS_FRACTION: -1.0
2026-05-05 16:46:26,300   INFO  cfg.MODEL.DENSE_HEAD.TARGET_ASSIGNER_CONFIG.SAMPLE_SIZE: 512
2026-05-05 16:46:26,300   INFO  cfg.MODEL.DENSE_HEAD.TARGET_ASSIGNER_CONFIG.NORM_BY_NUM_EXAMPLES: False
2026-05-05 16:46:26,300   INFO  cfg.MODEL.DENSE_HEAD.TARGET_ASSIGNER_CONFIG.MATCH_HEIGHT: False
2026-05-05 16:46:26,300   INFO  cfg.MODEL.DENSE_HEAD.TARGET_ASSIGNER_CONFIG.BOX_CODER: ResidualCoder
2026-05-05 16:46:26,300   INFO  ----------- LOSS_CONFIG -----------
2026-05-05 16:46:26,300   INFO  ----------- LOSS_WEIGHTS -----------
2026-05-05 16:46:26,300   INFO  cfg.MODEL.DENSE_HEAD.LOSS_CONFIG.LOSS_WEIGHTS.cls_weight: 1.0
2026-05-05 16:46:26,300   INFO  cfg.MODEL.DENSE_HEAD.LOSS_CONFIG.LOSS_WEIGHTS.loc_weight: 2.0
2026-05-05 16:46:26,300   INFO  cfg.MODEL.DENSE_HEAD.LOSS_CONFIG.LOSS_WEIGHTS.dir_weight: 0.2
2026-05-05 16:46:26,300   INFO  cfg.MODEL.DENSE_HEAD.LOSS_CONFIG.LOSS_WEIGHTS.code_weights: [1.0, 1.0, 1.0, 1.0, 1.0, 1.0, 1.0]
2026-05-05 16:46:26,300   INFO  ----------- POST_PROCESSING -----------
2026-05-05 16:46:26,300   INFO  cfg.MODEL.POST_PROCESSING.RECALL_THRESH_LIST: [0.3, 0.5, 0.7]
2026-05-05 16:46:26,300   INFO  cfg.MODEL.POST_PROCESSING.SCORE_THRESH: 0.1
2026-05-05 16:46:26,300   INFO  cfg.MODEL.POST_PROCESSING.OUTPUT_RAW_SCORE: False
2026-05-05 16:46:26,300   INFO  cfg.MODEL.POST_PROCESSING.EVAL_METRIC: kitti
2026-05-05 16:46:26,300   INFO  ----------- NMS_CONFIG -----------
2026-05-05 16:46:26,300   INFO  cfg.MODEL.POST_PROCESSING.NMS_CONFIG.MULTI_CLASSES_NMS: False
2026-05-05 16:46:26,300   INFO  cfg.MODEL.POST_PROCESSING.NMS_CONFIG.NMS_TYPE: nms_gpu
2026-05-05 16:46:26,300   INFO  cfg.MODEL.POST_PROCESSING.NMS_CONFIG.NMS_THRESH: 0.01
2026-05-05 16:46:26,300   INFO  cfg.MODEL.POST_PROCESSING.NMS_CONFIG.NMS_PRE_MAXSIZE: 4096
2026-05-05 16:46:26,300   INFO  cfg.MODEL.POST_PROCESSING.NMS_CONFIG.NMS_POST_MAXSIZE: 500
2026-05-05 16:46:26,300   INFO  ----------- OPTIMIZATION -----------
2026-05-05 16:46:26,301   INFO  cfg.OPTIMIZATION.BATCH_SIZE_PER_GPU: 4
2026-05-05 16:46:26,301   INFO  cfg.OPTIMIZATION.NUM_EPOCHS: 80
2026-05-05 16:46:26,301   INFO  cfg.OPTIMIZATION.OPTIMIZER: adam_onecycle
2026-05-05 16:46:26,301   INFO  cfg.OPTIMIZATION.LR: 0.003
2026-05-05 16:46:26,301   INFO  cfg.OPTIMIZATION.WEIGHT_DECAY: 0.01
2026-05-05 16:46:26,301   INFO  cfg.OPTIMIZATION.MOMENTUM: 0.9
2026-05-05 16:46:26,301   INFO  cfg.OPTIMIZATION.MOMS: [0.95, 0.85]
2026-05-05 16:46:26,301   INFO  cfg.OPTIMIZATION.PCT_START: 0.4
2026-05-05 16:46:26,301   INFO  cfg.OPTIMIZATION.DIV_FACTOR: 10
2026-05-05 16:46:26,301   INFO  cfg.OPTIMIZATION.DECAY_STEP_LIST: [35, 45]
2026-05-05 16:46:26,301   INFO  cfg.OPTIMIZATION.LR_DECAY: 0.1
2026-05-05 16:46:26,301   INFO  cfg.OPTIMIZATION.LR_CLIP: 1e-07
2026-05-05 16:46:26,301   INFO  cfg.OPTIMIZATION.LR_WARMUP: False
2026-05-05 16:46:26,301   INFO  cfg.OPTIMIZATION.WARMUP_EPOCH: 1
2026-05-05 16:46:26,301   INFO  cfg.OPTIMIZATION.GRAD_NORM_CLIP: 10
2026-05-05 16:46:26,301   INFO  cfg.TAG: second_nuscenes_converted_focal
2026-05-05 16:46:26,301   INFO  cfg.EXP_GROUP_PATH: OpenPCDet/tools/cfgs/kitti_models
2026-05-05 16:46:26,304   INFO  ----------- Create dataloader & network & optimizer -----------
