2026-05-06 00:08:22,090   INFO  **********************Start logging**********************
2026-05-06 00:08:22,090   INFO  CUDA_VISIBLE_DEVICES=ALL
2026-05-06 00:08:22,090   INFO  Training with a single process
2026-05-06 00:08:22,090   INFO  cfg_file         /OpenPCDet/tools/cfgs/kitti_models/pointpillar_nuscenes.yaml
2026-05-06 00:08:22,090   INFO  batch_size       4
2026-05-06 00:08:22,090   INFO  epochs           80
2026-05-06 00:08:22,090   INFO  workers          4
2026-05-06 00:08:22,090   INFO  extra_tag        default
2026-05-06 00:08:22,090   INFO  ckpt             None
2026-05-06 00:08:22,090   INFO  pretrained_model /OpenPCDet/pcdet/models/pth/pointpillar_7728.pth
2026-05-06 00:08:22,090   INFO  launcher         none
2026-05-06 00:08:22,090   INFO  tcp_port         18888
2026-05-06 00:08:22,090   INFO  sync_bn          False
2026-05-06 00:08:22,090   INFO  fix_random_seed  False
2026-05-06 00:08:22,090   INFO  ckpt_save_interval 1
2026-05-06 00:08:22,090   INFO  local_rank       None
2026-05-06 00:08:22,091   INFO  max_ckpt_save_num 30
2026-05-06 00:08:22,091   INFO  merge_all_iters_to_one_epoch False
2026-05-06 00:08:22,091   INFO  set_cfgs         None
2026-05-06 00:08:22,091   INFO  max_waiting_mins 0
2026-05-06 00:08:22,091   INFO  start_epoch      0
2026-05-06 00:08:22,091   INFO  num_epochs_to_eval 0
2026-05-06 00:08:22,091   INFO  save_to_file     False
2026-05-06 00:08:22,091   INFO  use_tqdm_to_record False
2026-05-06 00:08:22,091   INFO  logger_iter_interval 50
2026-05-06 00:08:22,091   INFO  ckpt_save_time_interval 300
2026-05-06 00:08:22,091   INFO  wo_gpu_stat      False
2026-05-06 00:08:22,091   INFO  use_amp          False
2026-05-06 00:08:22,091   INFO  cfg.ROOT_DIR: /OpenPCDet
2026-05-06 00:08:22,091   INFO  cfg.LOCAL_RANK: 0
2026-05-06 00:08:22,091   INFO  cfg.CLASS_NAMES: ['car', 'pedestrian', 'bicycle']
2026-05-06 00:08:22,091   INFO  ----------- DATA_CONFIG -----------
2026-05-06 00:08:22,091   INFO  cfg.DATA_CONFIG.DATASET: NuScenesDataset
2026-05-06 00:08:22,091   INFO  cfg.DATA_CONFIG.DATA_PATH: /OpenPCDet/datasets/nuscenes
2026-05-06 00:08:22,091   INFO  cfg.DATA_CONFIG.VERSION: v1.0-mini
2026-05-06 00:08:22,091   INFO  cfg.DATA_CONFIG.MAX_SWEEPS: 1
2026-05-06 00:08:22,091   INFO  cfg.DATA_CONFIG.PRED_VELOCITY: False
2026-05-06 00:08:22,091   INFO  cfg.DATA_CONFIG.SET_NAN_VELOCITY_TO_ZEROS: True
2026-05-06 00:08:22,091   INFO  cfg.DATA_CONFIG.FILTER_MIN_POINTS_IN_GT: 1
2026-05-06 00:08:22,091   INFO  ----------- MAP_CLASS_TO_KITTI -----------
2026-05-06 00:08:22,091   INFO  cfg.DATA_CONFIG.MAP_CLASS_TO_KITTI.car: Car
2026-05-06 00:08:22,091   INFO  cfg.DATA_CONFIG.MAP_CLASS_TO_KITTI.pedestrian: Pedestrian
2026-05-06 00:08:22,091   INFO  cfg.DATA_CONFIG.MAP_CLASS_TO_KITTI.bicycle: Cyclist
2026-05-06 00:08:22,091   INFO  ----------- DATA_SPLIT -----------
2026-05-06 00:08:22,091   INFO  cfg.DATA_CONFIG.DATA_SPLIT.train: train
2026-05-06 00:08:22,091   INFO  cfg.DATA_CONFIG.DATA_SPLIT.test: test
2026-05-06 00:08:22,091   INFO  ----------- INFO_PATH -----------
2026-05-06 00:08:22,091   INFO  cfg.DATA_CONFIG.INFO_PATH.train: ['nuscenes_infos_10sweeps_train.pkl']
2026-05-06 00:08:22,091   INFO  cfg.DATA_CONFIG.INFO_PATH.test: ['nuscenes_infos_10sweeps_val.pkl']
2026-05-06 00:08:22,091   INFO  cfg.DATA_CONFIG.POINT_CLOUD_RANGE: [0, -51.2, -5.0, 51.2, 51.2, 3.0]
2026-05-06 00:08:22,091   INFO  cfg.DATA_CONFIG.BALANCED_RESAMPLING: True
2026-05-06 00:08:22,091   INFO  ----------- DATA_AUGMENTOR -----------
2026-05-06 00:08:22,091   INFO  cfg.DATA_CONFIG.DATA_AUGMENTOR.DISABLE_AUG_LIST: ['placeholder']
2026-05-06 00:08:22,091   INFO  cfg.DATA_CONFIG.DATA_AUGMENTOR.AUG_CONFIG_LIST: [{'NAME': 'gt_sampling', 'DB_INFO_PATH': ['nuscenes_dbinfos_10sweeps_withvelo.pkl'], 'PREPARE': {'filter_by_min_points': ['car:5', 'truck:5', 'construction_vehicle:5', 'bus:5', 'trailer:5', 'barrier:5', 'motorcycle:5', 'bicycle:5', 'pedestrian:5', 'traffic_cone:5']}, 'SAMPLE_GROUPS': ['car:2', 'truck:3', 'construction_vehicle:7', 'bus:4', 'trailer:6', 'barrier:2', 'motorcycle:6', 'bicycle:6', 'pedestrian:2', 'traffic_cone:2'], 'NUM_POINT_FEATURES': 5, 'DATABASE_WITH_FAKELIDAR': False, 'REMOVE_EXTRA_WIDTH': [0.0, 0.0, 0.0], 'LIMIT_WHOLE_SCENE': True}, {'NAME': 'random_world_flip', 'ALONG_AXIS_LIST': ['x', 'y']}, {'NAME': 'random_world_rotation', 'WORLD_ROT_ANGLE': [-0.3925, 0.3925]}, {'NAME': 'random_world_scaling', 'WORLD_SCALE_RANGE': [0.95, 1.05]}]
2026-05-06 00:08:22,092   INFO  ----------- POINT_FEATURE_ENCODING -----------
2026-05-06 00:08:22,092   INFO  cfg.DATA_CONFIG.POINT_FEATURE_ENCODING.encoding_type: absolute_coordinates_encoding
2026-05-06 00:08:22,092   INFO  cfg.DATA_CONFIG.POINT_FEATURE_ENCODING.used_feature_list: ['x', 'y', 'z', 'intensity']
2026-05-06 00:08:22,092   INFO  cfg.DATA_CONFIG.POINT_FEATURE_ENCODING.src_feature_list: ['x', 'y', 'z', 'intensity', 'timestamp']
2026-05-06 00:08:22,092   INFO  cfg.DATA_CONFIG.DATA_PROCESSOR: [{'NAME': 'mask_points_and_boxes_outside_range', 'REMOVE_OUTSIDE_BOXES': True}, {'NAME': 'shuffle_points', 'SHUFFLE_ENABLED': {'train': True, 'test': True}}, {'NAME': 'transform_points_to_voxels', 'VOXEL_SIZE': [0.16, 0.16, 8.0], 'MAX_POINTS_PER_VOXEL': 100, 'MAX_NUMBER_OF_VOXELS': {'train': 40000, 'test': 40000}}]
2026-05-06 00:08:22,092   INFO  cfg.DATA_CONFIG._BASE_CONFIG_: cfgs/dataset_configs/nuscenes_dataset.yaml
2026-05-06 00:08:22,092   INFO  ----------- MODEL -----------
2026-05-06 00:08:22,092   INFO  cfg.MODEL.NAME: PointPillar
2026-05-06 00:08:22,092   INFO  ----------- VFE -----------
2026-05-06 00:08:22,092   INFO  cfg.MODEL.VFE.NAME: PillarVFE
2026-05-06 00:08:22,092   INFO  cfg.MODEL.VFE.WITH_DISTANCE: False
2026-05-06 00:08:22,092   INFO  cfg.MODEL.VFE.USE_ABSLOTE_XYZ: True
2026-05-06 00:08:22,092   INFO  cfg.MODEL.VFE.USE_NORM: True
2026-05-06 00:08:22,092   INFO  cfg.MODEL.VFE.NUM_FILTERS: [64]
2026-05-06 00:08:22,092   INFO  ----------- MAP_TO_BEV -----------
2026-05-06 00:08:22,092   INFO  cfg.MODEL.MAP_TO_BEV.NAME: PointPillarScatter
2026-05-06 00:08:22,092   INFO  cfg.MODEL.MAP_TO_BEV.NUM_BEV_FEATURES: 64
2026-05-06 00:08:22,092   INFO  ----------- BACKBONE_2D -----------
2026-05-06 00:08:22,092   INFO  cfg.MODEL.BACKBONE_2D.NAME: BaseBEVBackbone
2026-05-06 00:08:22,092   INFO  cfg.MODEL.BACKBONE_2D.LAYER_NUMS: [3, 5, 5]
2026-05-06 00:08:22,092   INFO  cfg.MODEL.BACKBONE_2D.LAYER_STRIDES: [2, 2, 2]
2026-05-06 00:08:22,092   INFO  cfg.MODEL.BACKBONE_2D.NUM_FILTERS: [64, 128, 256]
2026-05-06 00:08:22,092   INFO  cfg.MODEL.BACKBONE_2D.UPSAMPLE_STRIDES: [1, 2, 4]
2026-05-06 00:08:22,092   INFO  cfg.MODEL.BACKBONE_2D.NUM_UPSAMPLE_FILTERS: [128, 128, 128]
2026-05-06 00:08:22,092   INFO  ----------- DENSE_HEAD -----------
2026-05-06 00:08:22,092   INFO  cfg.MODEL.DENSE_HEAD.NAME: AnchorHeadSingle
2026-05-06 00:08:22,092   INFO  cfg.MODEL.DENSE_HEAD.CLASS_AGNOSTIC: False
2026-05-06 00:08:22,092   INFO  cfg.MODEL.DENSE_HEAD.USE_DIRECTION_CLASSIFIER: True
2026-05-06 00:08:22,092   INFO  cfg.MODEL.DENSE_HEAD.DIR_OFFSET: 0.78539
2026-05-06 00:08:22,092   INFO  cfg.MODEL.DENSE_HEAD.DIR_LIMIT_OFFSET: 0.0
2026-05-06 00:08:22,092   INFO  cfg.MODEL.DENSE_HEAD.NUM_DIR_BINS: 2
2026-05-06 00:08:22,092   INFO  cfg.MODEL.DENSE_HEAD.ANCHOR_GENERATOR_CONFIG: [{'class_name': 'Car', 'anchor_sizes': [[3.9, 1.6, 1.56]], 'anchor_rotations': [0, 1.57], 'anchor_bottom_heights': [-1.78], 'align_center': False, 'feature_map_stride': 2, 'matched_threshold': 0.6, 'unmatched_threshold': 0.45}, {'class_name': 'Pedestrian', 'anchor_sizes': [[0.8, 0.6, 1.73]], 'anchor_rotations': [0, 1.57], 'anchor_bottom_heights': [-0.6], 'align_center': False, 'feature_map_stride': 2, 'matched_threshold': 0.5, 'unmatched_threshold': 0.35}, {'class_name': 'Cyclist', 'anchor_sizes': [[1.76, 0.6, 1.73]], 'anchor_rotations': [0, 1.57], 'anchor_bottom_heights': [-0.6], 'align_center': False, 'feature_map_stride': 2, 'matched_threshold': 0.5, 'unmatched_threshold': 0.35}]
2026-05-06 00:08:22,092   INFO  ----------- TARGET_ASSIGNER_CONFIG -----------
2026-05-06 00:08:22,092   INFO  cfg.MODEL.DENSE_HEAD.TARGET_ASSIGNER_CONFIG.NAME: AxisAlignedTargetAssigner
2026-05-06 00:08:22,092   INFO  cfg.MODEL.DENSE_HEAD.TARGET_ASSIGNER_CONFIG.POS_FRACTION: -1.0
2026-05-06 00:08:22,092   INFO  cfg.MODEL.DENSE_HEAD.TARGET_ASSIGNER_CONFIG.SAMPLE_SIZE: 512
2026-05-06 00:08:22,092   INFO  cfg.MODEL.DENSE_HEAD.TARGET_ASSIGNER_CONFIG.NORM_BY_NUM_EXAMPLES: False
2026-05-06 00:08:22,092   INFO  cfg.MODEL.DENSE_HEAD.TARGET_ASSIGNER_CONFIG.MATCH_HEIGHT: False
2026-05-06 00:08:22,092   INFO  cfg.MODEL.DENSE_HEAD.TARGET_ASSIGNER_CONFIG.BOX_CODER: ResidualCoder
2026-05-06 00:08:22,093   INFO  ----------- LOSS_CONFIG -----------
2026-05-06 00:08:22,093   INFO  ----------- LOSS_WEIGHTS -----------
2026-05-06 00:08:22,093   INFO  cfg.MODEL.DENSE_HEAD.LOSS_CONFIG.LOSS_WEIGHTS.cls_weight: 1.0
2026-05-06 00:08:22,093   INFO  cfg.MODEL.DENSE_HEAD.LOSS_CONFIG.LOSS_WEIGHTS.loc_weight: 2.0
2026-05-06 00:08:22,093   INFO  cfg.MODEL.DENSE_HEAD.LOSS_CONFIG.LOSS_WEIGHTS.dir_weight: 0.2
2026-05-06 00:08:22,093   INFO  cfg.MODEL.DENSE_HEAD.LOSS_CONFIG.LOSS_WEIGHTS.code_weights: [1.0, 1.0, 1.0, 1.0, 1.0, 1.0, 1.0]
2026-05-06 00:08:22,093   INFO  ----------- POST_PROCESSING -----------
2026-05-06 00:08:22,093   INFO  cfg.MODEL.POST_PROCESSING.RECALL_THRESH_LIST: [0.3, 0.5, 0.7]
2026-05-06 00:08:22,093   INFO  cfg.MODEL.POST_PROCESSING.SCORE_THRESH: 0.1
2026-05-06 00:08:22,093   INFO  cfg.MODEL.POST_PROCESSING.OUTPUT_RAW_SCORE: False
2026-05-06 00:08:22,093   INFO  cfg.MODEL.POST_PROCESSING.EVAL_METRIC: kitti
2026-05-06 00:08:22,093   INFO  ----------- NMS_CONFIG -----------
2026-05-06 00:08:22,093   INFO  cfg.MODEL.POST_PROCESSING.NMS_CONFIG.MULTI_CLASSES_NMS: False
2026-05-06 00:08:22,093   INFO  cfg.MODEL.POST_PROCESSING.NMS_CONFIG.NMS_TYPE: nms_gpu
2026-05-06 00:08:22,093   INFO  cfg.MODEL.POST_PROCESSING.NMS_CONFIG.NMS_THRESH: 0.01
2026-05-06 00:08:22,093   INFO  cfg.MODEL.POST_PROCESSING.NMS_CONFIG.NMS_PRE_MAXSIZE: 4096
2026-05-06 00:08:22,093   INFO  cfg.MODEL.POST_PROCESSING.NMS_CONFIG.NMS_POST_MAXSIZE: 500
2026-05-06 00:08:22,093   INFO  ----------- OPTIMIZATION -----------
2026-05-06 00:08:22,093   INFO  cfg.OPTIMIZATION.BATCH_SIZE_PER_GPU: 4
2026-05-06 00:08:22,093   INFO  cfg.OPTIMIZATION.NUM_EPOCHS: 80
2026-05-06 00:08:22,093   INFO  cfg.OPTIMIZATION.OPTIMIZER: adam_onecycle
2026-05-06 00:08:22,093   INFO  cfg.OPTIMIZATION.LR: 0.003
2026-05-06 00:08:22,093   INFO  cfg.OPTIMIZATION.WEIGHT_DECAY: 0.01
2026-05-06 00:08:22,093   INFO  cfg.OPTIMIZATION.MOMENTUM: 0.9
2026-05-06 00:08:22,093   INFO  cfg.OPTIMIZATION.MOMS: [0.95, 0.85]
2026-05-06 00:08:22,093   INFO  cfg.OPTIMIZATION.PCT_START: 0.4
2026-05-06 00:08:22,093   INFO  cfg.OPTIMIZATION.DIV_FACTOR: 10
2026-05-06 00:08:22,093   INFO  cfg.OPTIMIZATION.DECAY_STEP_LIST: [35, 45]
2026-05-06 00:08:22,093   INFO  cfg.OPTIMIZATION.LR_DECAY: 0.1
2026-05-06 00:08:22,093   INFO  cfg.OPTIMIZATION.LR_CLIP: 1e-07
2026-05-06 00:08:22,093   INFO  cfg.OPTIMIZATION.LR_WARMUP: False
2026-05-06 00:08:22,093   INFO  cfg.OPTIMIZATION.WARMUP_EPOCH: 1
2026-05-06 00:08:22,093   INFO  cfg.OPTIMIZATION.GRAD_NORM_CLIP: 10
2026-05-06 00:08:22,093   INFO  cfg.TAG: pointpillar_nuscenes
2026-05-06 00:08:22,093   INFO  cfg.EXP_GROUP_PATH: OpenPCDet/tools/cfgs/kitti_models
2026-05-06 00:08:22,096   INFO  ----------- Create dataloader & network & optimizer -----------
2026-05-06 00:08:22,125   INFO  Database filter by min points car: 4082 => 3303
2026-05-06 00:08:22,125   INFO  Database filter by min points bicycle: 147 => 136
2026-05-06 00:08:22,125   INFO  Database filter by min points pedestrian: 3068 => 2799
2026-05-06 00:08:22,127   INFO  Loading NuScenes dataset
2026-05-06 00:08:22,141   INFO  Total samples for NuScenes dataset: 323
2026-05-06 00:08:22,144   INFO  Total samples after balanced resampling: 667
2026-05-06 00:08:23,394   INFO  ==> Loading parameters from checkpoint /OpenPCDet/pcdet/models/pth/pointpillar_7728.pth to GPU
2026-05-06 00:08:23,417   INFO  ==> Done (loaded 127/127)
2026-05-06 00:08:23,418   INFO  ----------- Model PointPillar created, param count: 4834888 -----------
2026-05-06 00:08:23,418   INFO  PointPillar(
  (vfe): PillarVFE(
    (pfn_layers): ModuleList(
      (0): PFNLayer(
        (linear): Linear(in_features=10, out_features=64, bias=False)
        (norm): BatchNorm1d(64, eps=0.001, momentum=0.01, affine=True, track_running_stats=True)
      )
    )
  )
  (backbone_3d): None
  (map_to_bev_module): PointPillarScatter()
  (pfe): None
  (backbone_2d): BaseBEVBackbone(
    (blocks): ModuleList(
      (0): Sequential(
        (0): ZeroPad2d((1, 1, 1, 1))
        (1): Conv2d(64, 64, kernel_size=(3, 3), stride=(2, 2), bias=False)
        (2): BatchNorm2d(64, eps=0.001, momentum=0.01, affine=True, track_running_stats=True)
        (3): ReLU()
        (4): Conv2d(64, 64, kernel_size=(3, 3), stride=(1, 1), padding=(1, 1), bias=False)
        (5): BatchNorm2d(64, eps=0.001, momentum=0.01, affine=True, track_running_stats=True)
        (6): ReLU()
        (7): Conv2d(64, 64, kernel_size=(3, 3), stride=(1, 1), padding=(1, 1), bias=False)
        (8): BatchNorm2d(64, eps=0.001, momentum=0.01, affine=True, track_running_stats=True)
        (9): ReLU()
        (10): Conv2d(64, 64, kernel_size=(3, 3), stride=(1, 1), padding=(1, 1), bias=False)
        (11): BatchNorm2d(64, eps=0.001, momentum=0.01, affine=True, track_running_stats=True)
        (12): ReLU()
      )
      (1): Sequential(
        (0): ZeroPad2d((1, 1, 1, 1))
        (1): Conv2d(64, 128, kernel_size=(3, 3), stride=(2, 2), bias=False)
        (2): BatchNorm2d(128, eps=0.001, momentum=0.01, affine=True, track_running_stats=True)
        (3): ReLU()
        (4): Conv2d(128, 128, kernel_size=(3, 3), stride=(1, 1), padding=(1, 1), bias=False)
        (5): BatchNorm2d(128, eps=0.001, momentum=0.01, affine=True, track_running_stats=True)
        (6): ReLU()
        (7): Conv2d(128, 128, kernel_size=(3, 3), stride=(1, 1), padding=(1, 1), bias=False)
        (8): BatchNorm2d(128, eps=0.001, momentum=0.01, affine=True, track_running_stats=True)
        (9): ReLU()
        (10): Conv2d(128, 128, kernel_size=(3, 3), stride=(1, 1), padding=(1, 1), bias=False)
        (11): BatchNorm2d(128, eps=0.001, momentum=0.01, affine=True, track_running_stats=True)
        (12): ReLU()
        (13): Conv2d(128, 128, kernel_size=(3, 3), stride=(1, 1), padding=(1, 1), bias=False)
        (14): BatchNorm2d(128, eps=0.001, momentum=0.01, affine=True, track_running_stats=True)
        (15): ReLU()
        (16): Conv2d(128, 128, kernel_size=(3, 3), stride=(1, 1), padding=(1, 1), bias=False)
        (17): BatchNorm2d(128, eps=0.001, momentum=0.01, affine=True, track_running_stats=True)
        (18): ReLU()
      )
      (2): Sequential(
        (0): ZeroPad2d((1, 1, 1, 1))
        (1): Conv2d(128, 256, kernel_size=(3, 3), stride=(2, 2), bias=False)
        (2): BatchNorm2d(256, eps=0.001, momentum=0.01, affine=True, track_running_stats=True)
        (3): ReLU()
        (4): Conv2d(256, 256, kernel_size=(3, 3), stride=(1, 1), padding=(1, 1), bias=False)
        (5): BatchNorm2d(256, eps=0.001, momentum=0.01, affine=True, track_running_stats=True)
        (6): ReLU()
        (7): Conv2d(256, 256, kernel_size=(3, 3), stride=(1, 1), padding=(1, 1), bias=False)
        (8): BatchNorm2d(256, eps=0.001, momentum=0.01, affine=True, track_running_stats=True)
        (9): ReLU()
        (10): Conv2d(256, 256, kernel_size=(3, 3), stride=(1, 1), padding=(1, 1), bias=False)
        (11): BatchNorm2d(256, eps=0.001, momentum=0.01, affine=True, track_running_stats=True)
        (12): ReLU()
        (13): Conv2d(256, 256, kernel_size=(3, 3), stride=(1, 1), padding=(1, 1), bias=False)
        (14): BatchNorm2d(256, eps=0.001, momentum=0.01, affine=True, track_running_stats=True)
        (15): ReLU()
        (16): Conv2d(256, 256, kernel_size=(3, 3), stride=(1, 1), padding=(1, 1), bias=False)
        (17): BatchNorm2d(256, eps=0.001, momentum=0.01, affine=True, track_running_stats=True)
        (18): ReLU()
      )
    )
    (deblocks): ModuleList(
      (0): Sequential(
        (0): ConvTranspose2d(64, 128, kernel_size=(1, 1), stride=(1, 1), bias=False)
        (1): BatchNorm2d(128, eps=0.001, momentum=0.01, affine=True, track_running_stats=True)
        (2): ReLU()
      )
      (1): Sequential(
        (0): ConvTranspose2d(128, 128, kernel_size=(2, 2), stride=(2, 2), bias=False)
        (1): BatchNorm2d(128, eps=0.001, momentum=0.01, affine=True, track_running_stats=True)
        (2): ReLU()
      )
      (2): Sequential(
        (0): ConvTranspose2d(256, 128, kernel_size=(4, 4), stride=(4, 4), bias=False)
        (1): BatchNorm2d(128, eps=0.001, momentum=0.01, affine=True, track_running_stats=True)
        (2): ReLU()
      )
    )
  )
  (dense_head): AnchorHeadSingle(
    (cls_loss_func): SigmoidFocalClassificationLoss()
    (reg_loss_func): WeightedSmoothL1Loss()
    (dir_loss_func): WeightedCrossEntropyLoss()
    (conv_cls): Conv2d(384, 18, kernel_size=(1, 1), stride=(1, 1))
    (conv_box): Conv2d(384, 42, kernel_size=(1, 1), stride=(1, 1))
    (conv_dir_cls): Conv2d(384, 12, kernel_size=(1, 1), stride=(1, 1))
  )
  (point_head): None
  (roi_head): None
)
2026-05-06 00:08:23,419   INFO  **********************Start training OpenPCDet/tools/cfgs/kitti_models/pointpillar_nuscenes(default)**********************
2026-05-06 00:08:26,928   INFO  Train:    1/80 (  1%) [   0/167 (  0%)]  Loss: 1.511 (1.51)  LR: 3.000e-04  Time cost: 00:03/09:00 [00:03/12:00:45]  Acc_iter 1           Data time: 0.92(0.92)  Forward time: 2.31(2.31)  Batch time: 3.23(3.23)
2026-05-06 00:08:36,961   INFO  Train:    1/80 (  1%) [  49/167 ( 29%)]  Loss: 0.002335 (0.0626)  LR: 3.006e-04  Time cost: 00:13/00:31 [00:13/58:52]  Acc_iter 50          Data time: 0.02(0.04)  Forward time: 0.17(0.22)  Batch time: 0.19(0.26)
2026-05-06 00:08:46,829   INFO  Train:    1/80 (  1%) [  99/167 ( 59%)]  Loss: 0.001146 (0.0321)  LR: 3.023e-04  Time cost: 00:23/00:15 [00:23/51:08]  Acc_iter 100         Data time: 0.02(0.03)  Forward time: 0.17(0.20)  Batch time: 0.19(0.23)
2026-05-06 00:08:56,966   INFO  Train:    1/80 (  1%) [ 149/167 ( 89%)]  Loss: 0.0005758 (0.0216)  LR: 3.052e-04  Time cost: 00:33/00:03 [00:33/48:50]  Acc_iter 150         Data time: 0.01(0.03)  Forward time: 0.17(0.19)  Batch time: 0.19(0.22)
2026-05-06 00:08:57,071   INFO  
2026-05-06 00:09:00,336   INFO  Train:    1/80 (  1%) [ 166/167 ( 99%)]  Loss: 0.0004859 (0.0195)  LR: 3.064e-04  Time cost: 00:36/00:00 [00:36/48:15]  Acc_iter 167         Data time: 0.02(0.03)  Forward time: 0.13(0.19)  Batch time: 0.15(0.22)
2026-05-06 00:09:01,347   INFO  Train:    2/80 (  2%) [   0/167 (  0%)]  Loss: 0.0007060 (0.000706)  LR: 3.065e-04  Time cost: 00:00/02:05 [00:37/2:44:48]  Acc_iter 168         Data time: 0.48(0.48)  Forward time: 0.26(0.26)  Batch time: 0.74(0.74)
2026-05-06 00:09:07,731   INFO  Train:    2/80 (  2%) [  32/167 ( 19%)]  Loss: 0.0004858 (0.000530)  LR: 3.092e-04  Time cost: 00:07/00:29 [00:44/47:25]  Acc_iter 200         Data time: 0.02(0.04)  Forward time: 0.19(0.18)  Batch time: 0.21(0.22)
2026-05-06 00:09:17,665   INFO  Train:    2/80 (  2%) [  82/167 ( 49%)]  Loss: 0.0004646 (0.000461)  LR: 3.144e-04  Time cost: 00:17/00:17 [00:54/44:56]  Acc_iter 250         Data time: 0.01(0.03)  Forward time: 0.18(0.18)  Batch time: 0.19(0.21)
2026-05-06 00:09:27,874   INFO  Train:    2/80 (  2%) [ 132/167 ( 79%)]  Loss: 0.0002617 (0.000397)  LR: 3.208e-04  Time cost: 00:27/00:07 [01:04/44:38]  Acc_iter 300         Data time: 0.03(0.03)  Forward time: 0.18(0.18)  Batch time: 0.21(0.20)
2026-05-06 00:09:27,974   INFO  
2026-05-06 00:09:34,704   INFO  Train:    2/80 (  2%) [ 166/167 ( 99%)]  Loss: 0.0001641 (0.000359)  LR: 3.258e-04  Time cost: 00:34/00:00 [01:11/44:20]  Acc_iter 334         Data time: 0.02(0.03)  Forward time: 0.13(0.18)  Batch time: 0.14(0.20)
2026-05-06 00:09:35,711   INFO  Train:    3/80 (  4%) [   0/167 (  0%)]  Loss: 0.0001656 (0.000166)  LR: 3.259e-04  Time cost: 00:00/01:57 [01:12/2:32:30]  Acc_iter 335         Data time: 0.42(0.42)  Forward time: 0.28(0.28)  Batch time: 0.70(0.70)
2026-05-06 00:09:38,766   INFO  Train:    3/80 (  4%) [  15/167 (  9%)]  Loss: 0.0001786 (0.000185)  LR: 3.283e-04  Time cost: 00:03/00:35 [01:15/50:55]  Acc_iter 350         Data time: 0.02(0.05)  Forward time: 0.18(0.19)  Batch time: 0.19(0.23)
2026-05-06 00:09:48,886   INFO  Train:    3/80 (  4%) [  65/167 ( 39%)]  Loss: 0.0001236 (0.000152)  LR: 3.370e-04  Time cost: 00:13/00:21 [01:25/45:25]  Acc_iter 400         Data time: 0.02(0.03)  Forward time: 0.18(0.18)  Batch time: 0.20(0.21)
2026-05-06 00:09:58,936   INFO  Train:    3/80 (  4%) [ 115/167 ( 69%)]  Loss: 7.576e-05 (0.000130)  LR: 3.468e-04  Time cost: 00:23/00:10 [01:35/44:23]  Acc_iter 450         Data time: 0.02(0.03)  Forward time: 0.18(0.18)  Batch time: 0.20(0.21)
2026-05-06 00:09:59,032   INFO  
2026-05-06 00:10:08,977   INFO  Train:    3/80 (  4%) [ 165/167 ( 99%)]  Loss: 6.031e-05 (0.000110)  LR: 3.577e-04  Time cost: 00:33/00:00 [01:45/43:51]  Acc_iter 500         Data time: 0.03(0.03)  Forward time: 0.16(0.18)  Batch time: 0.19(0.20)
2026-05-06 00:10:09,121   INFO  Train:    3/80 (  4%) [ 166/167 ( 99%)]  Loss: 5.199e-05 (0.000110)  LR: 3.579e-04  Time cost: 00:34/00:00 [01:45/43:46]  Acc_iter 501         Data time: 0.03(0.03)  Forward time: 0.13(0.18)  Batch time: 0.15(0.20)
2026-05-06 00:10:10,113   INFO  Train:    4/80 (  5%) [   0/167 (  0%)]  Loss: 4.768e-05 (4.77e-05)  LR: 3.581e-04  Time cost: 00:00/01:55 [01:46/2:28:19]  Acc_iter 502         Data time: 0.45(0.45)  Forward time: 0.22(0.22)  Batch time: 0.68(0.68)
2026-05-06 00:10:19,618   INFO  Train:    4/80 (  5%) [  48/167 ( 29%)]  Loss: 2.750e-05 (4.29e-05)  LR: 3.697e-04  Time cost: 00:10/00:24 [01:56/44:26]  Acc_iter 550         Data time: 0.01(0.03)  Forward time: 0.18(0.18)  Batch time: 0.20(0.21)
2026-05-06 00:10:29,621   INFO  Train:    4/80 (  5%) [  98/167 ( 59%)]  Loss: 2.222e-05 (3.71e-05)  LR: 3.828e-04  Time cost: 00:20/00:14 [02:06/43:23]  Acc_iter 600         Data time: 0.02(0.03)  Forward time: 0.18(0.18)  Batch time: 0.20(0.20)
2026-05-06 00:10:29,718   INFO  
2026-05-06 00:10:39,608   INFO  Train:    4/80 (  5%) [ 148/167 ( 89%)]  Loss: 1.744e-05 (3.18e-05)  LR: 3.971e-04  Time cost: 00:30/00:03 [02:16/42:55]  Acc_iter 650         Data time: 0.03(0.03)  Forward time: 0.19(0.18)  Batch time: 0.21(0.20)
2026-05-06 00:10:43,039   INFO  Train:    4/80 (  5%) [ 166/167 ( 99%)]  Loss: 1.685e-05 (3.01e-05)  LR: 4.025e-04  Time cost: 00:33/00:00 [02:19/42:35]  Acc_iter 668         Data time: 0.03(0.03)  Forward time: 0.13(0.18)  Batch time: 0.16(0.20)
2026-05-06 00:10:44,038   INFO  Train:    5/80 (  6%) [   0/167 (  0%)]  Loss: 1.474e-05 (1.47e-05)  LR: 4.028e-04  Time cost: 00:00/01:59 [02:20/2:31:39]  Acc_iter 669         Data time: 0.41(0.41)  Forward time: 0.30(0.30)  Batch time: 0.72(0.72)
2026-05-06 00:10:50,247   INFO  Train:    5/80 (  6%) [  31/167 ( 19%)]  Loss: 1.849e-05 (1.39e-05)  LR: 4.124e-04  Time cost: 00:06/00:29 [02:26/45:40]  Acc_iter 700         Data time: 0.02(0.04)  Forward time: 0.18(0.18)  Batch time: 0.20(0.22)
2026-05-06 00:11:00,247   INFO  Train:    5/80 (  6%) [  81/167 ( 49%)]  Loss: 1.427e-05 (1.18e-05)  LR: 4.288e-04  Time cost: 00:16/00:17 [02:36/43:23]  Acc_iter 750         Data time: 0.02(0.03)  Forward time: 0.18(0.18)  Batch time: 0.20(0.21)
2026-05-06 00:11:00,347   INFO  
2026-05-06 00:11:10,375   INFO  Train:    5/80 (  6%) [ 131/167 ( 78%)]  Loss: 5.691e-06 (9.93e-06)  LR: 4.462e-04  Time cost: 00:27/00:07 [02:46/42:54]  Acc_iter 800         Data time: 0.02(0.03)  Forward time: 0.18(0.18)  Batch time: 0.21(0.20)
2026-05-06 00:11:17,239   INFO  Train:    5/80 (  6%) [ 166/167 ( 99%)]  Loss: 4.224e-06 (8.91e-06)  LR: 4.590e-04  Time cost: 00:33/00:00 [02:53/42:24]  Acc_iter 835         Data time: 0.03(0.03)  Forward time: 0.13(0.18)  Batch time: 0.16(0.20)
2026-05-06 00:11:18,348   INFO  Train:    6/80 (  8%) [   0/167 (  0%)]  Loss: 5.527e-06 (5.53e-06)  LR: 4.594e-04  Time cost: 00:00/02:17 [02:54/2:52:05]  Acc_iter 836         Data time: 0.59(0.59)  Forward time: 0.21(0.21)  Batch time: 0.80(0.80)
2026-05-06 00:11:21,143   INFO  Train:    6/80 (  8%) [  14/167 (  8%)]  Loss: 3.894e-06 (4.55e-06)  LR: 4.647e-04  Time cost: 00:03/00:36 [02:57/50:18]  Acc_iter 850         Data time: 0.02(0.06)  Forward time: 0.17(0.18)  Batch time: 0.19(0.24)
2026-05-06 00:11:31,169   INFO  Train:    6/80 (  8%) [  64/167 ( 38%)]  Loss: 2.443e-06 (3.76e-06)  LR: 4.842e-04  Time cost: 00:13/00:21 [03:07/43:35]  Acc_iter 900         Data time: 0.03(0.03)  Forward time: 0.16(0.18)  Batch time: 0.19(0.21)
2026-05-06 00:11:31,267   INFO  
2026-05-06 00:11:41,236   INFO  Train:    6/80 (  8%) [ 114/167 ( 68%)]  Loss: 2.239e-06 (3.29e-06)  LR: 5.047e-04  Time cost: 00:23/00:10 [03:17/42:38]  Acc_iter 950         Data time: 0.02(0.03)  Forward time: 0.17(0.18)  Batch time: 0.19(0.21)
2026-05-06 00:11:51,158   INFO  Train:    6/80 (  8%) [ 164/167 ( 98%)]  Loss: 1.463e-06 (2.82e-06)  LR: 5.262e-04  Time cost: 00:33/00:00 [03:27/41:59]  Acc_iter 1000        Data time: 0.02(0.03)  Forward time: 0.17(0.18)  Batch time: 0.19(0.20)
2026-05-06 00:11:51,499   INFO  Train:    6/80 (  8%) [ 166/167 ( 99%)]  Loss: 2.749e-06 (2.81e-06)  LR: 5.271e-04  Time cost: 00:33/00:00 [03:28/41:54]  Acc_iter 1002        Data time: 0.02(0.03)  Forward time: 0.13(0.18)  Batch time: 0.15(0.20)
2026-05-06 00:11:52,420   INFO  Train:    7/80 (  9%) [   0/167 (  0%)]  Loss: 1.902e-06 (1.90e-06)  LR: 5.275e-04  Time cost: 00:00/01:45 [03:29/2:10:27]  Acc_iter 1003        Data time: 0.37(0.37)  Forward time: 0.26(0.26)  Batch time: 0.63(0.63)
2026-05-06 00:12:01,673   INFO  Train:    7/80 (  9%) [  47/167 ( 28%)]  Loss: 1.443e-06 (1.32e-06)  LR: 5.487e-04  Time cost: 00:09/00:24 [03:38/42:15]  Acc_iter 1050        Data time: 0.03(0.03)  Forward time: 0.17(0.18)  Batch time: 0.20(0.21)
2026-05-06 00:12:01,771   INFO  
2026-05-06 00:12:11,766   INFO  Train:    7/80 (  9%) [  97/167 ( 58%)]  Loss: 7.725e-07 (1.12e-06)  LR: 5.721e-04  Time cost: 00:19/00:14 [03:48/41:39]  Acc_iter 1100        Data time: 0.02(0.03)  Forward time: 0.18(0.18)  Batch time: 0.21(0.20)
2026-05-06 00:12:21,657   INFO  Train:    7/80 (  9%) [ 147/167 ( 88%)]  Loss: 7.961e-07 (9.84e-07)  LR: 5.964e-04  Time cost: 00:29/00:04 [03:58/41:04]  Acc_iter 1150        Data time: 0.03(0.03)  Forward time: 0.17(0.18)  Batch time: 0.20(0.20)
2026-05-06 00:12:25,306   INFO  Train:    7/80 (  9%) [ 166/167 ( 99%)]  Loss: 4.058e-07 (9.34e-07)  LR: 6.059e-04  Time cost: 00:33/00:00 [04:01/40:47]  Acc_iter 1169        Data time: 0.03(0.03)  Forward time: 0.13(0.17)  Batch time: 0.16(0.20)
2026-05-06 00:12:26,225   INFO  Train:    8/80 ( 10%) [   0/167 (  0%)]  Loss: 5.288e-07 (5.29e-07)  LR: 6.064e-04  Time cost: 00:00/01:42 [04:02/2:04:20]  Acc_iter 1170        Data time: 0.30(0.30)  Forward time: 0.31(0.31)  Batch time: 0.61(0.61)
2026-05-06 00:12:32,267   INFO  Train:    8/80 ( 10%) [  30/167 ( 18%)]  Loss: 4.931e-07 (4.57e-07)  LR: 6.217e-04  Time cost: 00:06/00:29 [04:08/43:30]  Acc_iter 1200        Data time: 0.01(0.03)  Forward time: 0.18(0.18)  Batch time: 0.19(0.21)
2026-05-06 00:12:32,366   INFO  
2026-05-06 00:12:42,362   INFO  Train:    8/80 ( 10%) [  80/167 ( 48%)]  Loss: 2.512e-07 (3.77e-07)  LR: 6.479e-04  Time cost: 00:16/00:17 [04:18/41:44]  Acc_iter 1250        Data time: 0.02(0.03)  Forward time: 0.18(0.18)  Batch time: 0.20(0.21)
2026-05-06 00:12:52,200   INFO  Train:    8/80 ( 10%) [ 130/167 ( 78%)]  Loss: 1.952e-07 (3.27e-07)  LR: 6.749e-04  Time cost: 00:26/00:07 [04:28/40:47]  Acc_iter 1300        Data time: 0.02(0.03)  Forward time: 0.16(0.18)  Batch time: 0.19(0.20)
2026-05-06 00:12:59,277   INFO  Train:    8/80 ( 10%) [ 166/167 ( 99%)]  Loss: 3.265e-07 (2.99e-07)  LR: 6.948e-04  Time cost: 00:33/00:00 [04:35/40:23]  Acc_iter 1336        Data time: 0.03(0.03)  Forward time: 0.13(0.18)  Batch time: 0.16(0.20)
2026-05-06 00:13:00,282   INFO  Train:    9/80 ( 11%) [   0/167 (  0%)]  Loss: 1.492e-07 (1.49e-07)  LR: 6.954e-04  Time cost: 00:00/01:59 [04:36/2:23:22]  Acc_iter 1337        Data time: 0.48(0.48)  Forward time: 0.22(0.22)  Batch time: 0.70(0.70)
2026-05-06 00:13:02,876   INFO  Train:    9/80 ( 11%) [  13/167 (  8%)]  Loss: 1.981e-07 (1.74e-07)  LR: 7.027e-04  Time cost: 00:03/00:36 [04:39/47:19]  Acc_iter 1350        Data time: 0.02(0.06)  Forward time: 0.18(0.18)  Batch time: 0.21(0.23)
2026-05-06 00:13:02,974   INFO  
2026-05-06 00:13:13,010   INFO  Train:    9/80 ( 11%) [  63/167 ( 38%)]  Loss: 8.597e-08 (1.41e-07)  LR: 7.314e-04  Time cost: 00:13/00:21 [04:49/41:52]  Acc_iter 1400        Data time: 0.02(0.03)  Forward time: 0.17(0.18)  Batch time: 0.19(0.21)
2026-05-06 00:13:23,046   INFO  Train:    9/80 ( 11%) [ 113/167 ( 68%)]  Loss: 6.879e-08 (1.22e-07)  LR: 7.609e-04  Time cost: 00:23/00:11 [04:59/40:53]  Acc_iter 1450        Data time: 0.02(0.03)  Forward time: 0.18(0.18)  Batch time: 0.20(0.21)
2026-05-06 00:13:32,948   INFO  Train:    9/80 ( 11%) [ 163/167 ( 98%)]  Loss: 4.606e-08 (1.07e-07)  LR: 7.911e-04  Time cost: 00:33/00:00 [05:09/40:14]  Acc_iter 1500        Data time: 0.02(0.03)  Forward time: 0.17(0.18)  Batch time: 0.19(0.20)
2026-05-06 00:13:33,045   INFO  
2026-05-06 00:13:33,557   INFO  Train:    9/80 ( 11%) [ 166/167 ( 99%)]  Loss: 5.197e-08 (1.06e-07)  LR: 7.930e-04  Time cost: 00:33/00:00 [05:10/40:13]  Acc_iter 1503        Data time: 0.02(0.03)  Forward time: 0.13(0.18)  Batch time: 0.15(0.20)
2026-05-06 00:13:34,557   INFO  Train:   10/80 ( 12%) [   0/167 (  0%)]  Loss: 7.122e-08 (7.12e-08)  LR: 7.936e-04  Time cost: 00:00/01:58 [05:11/2:20:37]  Acc_iter 1504        Data time: 0.42(0.42)  Forward time: 0.29(0.29)  Batch time: 0.70(0.70)
2026-05-06 00:13:43,738   INFO  Train:   10/80 ( 12%) [  46/167 ( 28%)]  Loss: 3.574e-08 (5.42e-08)  LR: 8.221e-04  Time cost: 00:09/00:25 [05:20/41:26]  Acc_iter 1550        Data time: 0.03(0.03)  Forward time: 0.18(0.18)  Batch time: 0.21(0.21)
2026-05-06 00:13:53,613   INFO  Train:   10/80 ( 12%) [  96/167 ( 57%)]  Loss: 2.355e-08 (4.64e-08)  LR: 8.538e-04  Time cost: 00:19/00:14 [05:30/39:56]  Acc_iter 1600        Data time: 0.03(0.03)  Forward time: 0.17(0.18)  Batch time: 0.19(0.20)
2026-05-06 00:14:03,549   INFO  Train:   10/80 ( 12%) [ 146/167 ( 87%)]  Loss: 4.118e-08 (4.14e-08)  LR: 8.862e-04  Time cost: 00:29/00:04 [05:40/39:26]  Acc_iter 1650        Data time: 0.02(0.03)  Forward time: 0.18(0.18)  Batch time: 0.21(0.20)
2026-05-06 00:14:03,655   INFO  
2026-05-06 00:14:07,523   INFO  Train:   10/80 ( 12%) [ 166/167 ( 99%)]  Loss: 2.104e-08 (3.91e-08)  LR: 8.993e-04  Time cost: 00:33/00:00 [05:44/39:17]  Acc_iter 1670        Data time: 0.03(0.03)  Forward time: 0.13(0.18)  Batch time: 0.15(0.20)
2026-05-06 00:14:08,583   INFO  Train:   11/80 ( 14%) [   0/167 (  0%)]  Loss: 1.936e-08 (1.94e-08)  LR: 9.000e-04  Time cost: 00:00/02:05 [05:45/2:26:54]  Acc_iter 1671        Data time: 0.50(0.50)  Forward time: 0.23(0.23)  Batch time: 0.73(0.73)
2026-05-06 00:14:14,357   INFO  Train:   11/80 ( 14%) [  29/167 ( 17%)]  Loss: 1.467e-08 (2.41e-08)  LR: 9.192e-04  Time cost: 00:06/00:30 [05:50/42:17]  Acc_iter 1700        Data time: 0.02(0.04)  Forward time: 0.17(0.18)  Batch time: 0.19(0.22)
2026-05-06 00:14:24,279   INFO  Train:   11/80 ( 14%) [  79/167 ( 47%)]  Loss: 1.635e-08 (1.92e-08)  LR: 9.529e-04  Time cost: 00:16/00:18 [06:00/39:47]  Acc_iter 1750        Data time: 0.03(0.03)  Forward time: 0.17(0.18)  Batch time: 0.20(0.21)
2026-05-06 00:14:34,205   INFO  Train:   11/80 ( 14%) [ 129/167 ( 77%)]  Loss: 1.087e-08 (1.68e-08)  LR: 9.872e-04  Time cost: 00:26/00:07 [06:10/39:05]  Acc_iter 1800        Data time: 0.03(0.03)  Forward time: 0.19(0.18)  Batch time: 0.22(0.20)
2026-05-06 00:14:34,305   INFO  
2026-05-06 00:14:41,528   INFO  Train:   11/80 ( 14%) [ 166/167 ( 99%)]  Loss: 7.615e-09 (1.57e-08)  LR: 1.013e-03  Time cost: 00:33/00:00 [06:18/38:45]  Acc_iter 1837        Data time: 0.03(0.03)  Forward time: 0.13(0.17)  Batch time: 0.16(0.20)
2026-05-06 00:14:42,409   INFO  Train:   12/80 ( 15%) [   0/167 (  0%)]  Loss: 7.830e-09 (7.83e-09)  LR: 1.014e-03  Time cost: 00:00/01:36 [06:18/1:51:23]  Acc_iter 1838        Data time: 0.28(0.28)  Forward time: 0.30(0.30)  Batch time: 0.58(0.58)
2026-05-06 00:14:44,857   INFO  Train:   12/80 ( 15%) [  12/167 (  7%)]  Loss: 7.529e-09 (9.99e-09)  LR: 1.022e-03  Time cost: 00:03/00:36 [06:21/44:41]  Acc_iter 1850        Data time: 0.03(0.04)  Forward time: 0.17(0.19)  Batch time: 0.20(0.23)
2026-05-06 00:14:54,679   INFO  Train:   12/80 ( 15%) [  62/167 ( 37%)]  Loss: 9.174e-09 (8.59e-09)  LR: 1.057e-03  Time cost: 00:12/00:21 [06:31/38:57]  Acc_iter 1900        Data time: 0.02(0.03)  Forward time: 0.17(0.18)  Batch time: 0.20(0.20)
2026-05-06 00:15:04,687   INFO  Train:   12/80 ( 15%) [ 112/167 ( 67%)]  Loss: 5.133e-09 (7.77e-09)  LR: 1.093e-03  Time cost: 00:22/00:11 [06:41/38:28]  Acc_iter 1950        Data time: 0.03(0.03)  Forward time: 0.18(0.18)  Batch time: 0.20(0.20)
2026-05-06 00:15:04,788   INFO  
2026-05-06 00:15:14,846   INFO  Train:   12/80 ( 15%) [ 162/167 ( 97%)]  Loss: 4.566e-09 (7.18e-09)  LR: 1.130e-03  Time cost: 00:33/00:01 [06:51/38:21]  Acc_iter 2000        Data time: 0.03(0.03)  Forward time: 0.17(0.18)  Batch time: 0.19(0.20)
2026-05-06 00:15:15,575   INFO  Train:   12/80 ( 15%) [ 166/167 ( 99%)]  Loss: 3.521e-09 (7.14e-09)  LR: 1.133e-03  Time cost: 00:33/00:00 [06:52/38:14]  Acc_iter 2004        Data time: 0.03(0.03)  Forward time: 0.14(0.18)  Batch time: 0.16(0.20)
2026-05-06 00:15:16,579   INFO  Train:   13/80 ( 16%) [   0/167 (  0%)]  Loss: 3.536e-09 (3.54e-09)  LR: 1.133e-03  Time cost: 00:00/01:59 [06:53/2:15:33]  Acc_iter 2005        Data time: 0.49(0.49)  Forward time: 0.21(0.21)  Batch time: 0.70(0.70)
2026-05-06 00:15:25,404   INFO  Train:   13/80 ( 16%) [  45/167 ( 27%)]  Loss: 3.736e-09 (4.07e-09)  LR: 1.167e-03  Time cost: 00:09/00:25 [07:01/39:06]  Acc_iter 2050        Data time: 0.02(0.03)  Forward time: 0.17(0.17)  Batch time: 0.19(0.21)
2026-05-06 00:15:35,345   INFO  Train:   13/80 ( 16%) [  95/167 ( 57%)]  Loss: 3.059e-09 (3.83e-09)  LR: 1.204e-03  Time cost: 00:19/00:14 [07:11/38:05]  Acc_iter 2100        Data time: 0.03(0.03)  Forward time: 0.17(0.17)  Batch time: 0.20(0.20)
2026-05-06 00:15:35,448   INFO  
2026-05-06 00:15:45,325   INFO  Train:   13/80 ( 16%) [ 145/167 ( 87%)]  Loss: 2.056e-09 (3.51e-09)  LR: 1.241e-03  Time cost: 00:29/00:04 [07:21/37:42]  Acc_iter 2150        Data time: 0.02(0.03)  Forward time: 0.18(0.17)  Batch time: 0.20(0.20)
2026-05-06 00:15:49,366   INFO  Train:   13/80 ( 16%) [ 166/167 ( 99%)]  Loss: 2.406e-09 (3.35e-09)  LR: 1.257e-03  Time cost: 00:33/00:00 [07:25/37:24]  Acc_iter 2171        Data time: 0.02(0.03)  Forward time: 0.13(0.17)  Batch time: 0.15(0.20)
2026-05-06 00:15:50,436   INFO  Train:   14/80 ( 18%) [   0/167 (  0%)]  Loss: 3.622e-09 (3.62e-09)  LR: 1.258e-03  Time cost: 00:00/02:08 [07:27/2:23:48]  Acc_iter 2172        Data time: 0.54(0.54)  Forward time: 0.21(0.21)  Batch time: 0.75(0.75)
2026-05-06 00:15:56,044   INFO  Train:   14/80 ( 18%) [  28/167 ( 17%)]  Loss: 1.716e-09 (2.44e-09)  LR: 1.279e-03  Time cost: 00:06/00:30 [07:32/40:54]  Acc_iter 2200        Data time: 0.03(0.04)  Forward time: 0.17(0.18)  Batch time: 0.19(0.22)
2026-05-06 00:16:05,876   INFO  Train:   14/80 ( 18%) [  78/167 ( 47%)]  Loss: 1.594e-09 (2.24e-09)  LR: 1.318e-03  Time cost: 00:16/00:18 [07:42/38:00]  Acc_iter 2250        Data time: 0.03(0.03)  Forward time: 0.17(0.18)  Batch time: 0.20(0.20)
2026-05-06 00:16:05,980   INFO  
2026-05-06 00:16:16,005   INFO  Train:   14/80 ( 18%) [ 128/167 ( 77%)]  Loss: 1.573e-09 (2.11e-09)  LR: 1.356e-03  Time cost: 00:26/00:07 [07:52/37:38]  Acc_iter 2300        Data time: 0.02(0.03)  Forward time: 0.19(0.18)  Batch time: 0.21(0.20)
2026-05-06 00:16:23,454   INFO  Train:   14/80 ( 18%) [ 166/167 ( 99%)]  Loss: 1.951e-09 (1.98e-09)  LR: 1.386e-03  Time cost: 00:33/00:00 [08:00/37:10]  Acc_iter 2338        Data time: 0.02(0.03)  Forward time: 0.13(0.18)  Batch time: 0.15(0.20)
2026-05-06 00:16:24,536   INFO  Train:   15/80 ( 19%) [   0/167 (  0%)]  Loss: 1.200e-09 (1.20e-09)  LR: 1.387e-03  Time cost: 00:00/02:09 [08:01/2:22:47]  Acc_iter 2339        Data time: 0.52(0.52)  Forward time: 0.23(0.23)  Batch time: 0.75(0.75)
2026-05-06 00:16:26,758   INFO  Train:   15/80 ( 19%) [  11/167 (  7%)]  Loss: 1.093e-09 (1.74e-09)  LR: 1.395e-03  Time cost: 00:02/00:38 [08:03/45:51]  Acc_iter 2350        Data time: 0.02(0.06)  Forward time: 0.19(0.18)  Batch time: 0.22(0.25)
2026-05-06 00:16:36,713   INFO  Train:   15/80 ( 19%) [  61/167 ( 37%)]  Loss: 1.434e-09 (1.41e-09)  LR: 1.434e-03  Time cost: 00:12/00:22 [08:13/38:10]  Acc_iter 2400        Data time: 0.02(0.03)  Forward time: 0.18(0.18)  Batch time: 0.20(0.21)
2026-05-06 00:16:36,816   INFO  
2026-05-06 00:16:46,715   INFO  Train:   15/80 ( 19%) [ 111/167 ( 66%)]  Loss: 1.152e-09 (1.33e-09)  LR: 1.474e-03  Time cost: 00:22/00:11 [08:23/37:16]  Acc_iter 2450        Data time: 0.03(0.03)  Forward time: 0.18(0.18)  Batch time: 0.21(0.20)
2026-05-06 00:16:56,544   INFO  Train:   15/80 ( 19%) [ 161/167 ( 96%)]  Loss: 8.694e-10 (1.24e-09)  LR: 1.513e-03  Time cost: 00:32/00:01 [08:33/36:38]  Acc_iter 2500        Data time: 0.03(0.03)  Forward time: 0.17(0.18)  Batch time: 0.19(0.20)
2026-05-06 00:16:57,462   INFO  Train:   15/80 ( 19%) [ 166/167 ( 99%)]  Loss: 3.612e-09 (1.25e-09)  LR: 1.517e-03  Time cost: 00:33/00:00 [08:34/36:30]  Acc_iter 2505        Data time: 0.03(0.03)  Forward time: 0.13(0.17)  Batch time: 0.16(0.20)
2026-05-06 00:16:58,509   INFO  Train:   16/80 ( 20%) [   0/167 (  0%)]  Loss: 9.616e-10 (9.62e-10)  LR: 1.518e-03  Time cost: 00:00/02:06 [08:35/2:17:05]  Acc_iter 2506        Data time: 0.50(0.50)  Forward time: 0.24(0.24)  Batch time: 0.74(0.74)
2026-05-06 00:17:07,257   INFO  Train:   16/80 ( 20%) [  44/167 ( 26%)]  Loss: 7.803e-10 (8.97e-10)  LR: 1.552e-03  Time cost: 00:09/00:25 [08:43/38:03]  Acc_iter 2550        Data time: 0.03(0.03)  Forward time: 0.18(0.18)  Batch time: 0.21(0.21)
2026-05-06 00:17:07,357   INFO  
2026-05-06 00:17:17,230   INFO  Train:   16/80 ( 20%) [  94/167 ( 56%)]  Loss: 5.373e-10 (8.57e-10)  LR: 1.592e-03  Time cost: 00:19/00:14 [08:53/36:46]  Acc_iter 2600        Data time: 0.03(0.03)  Forward time: 0.18(0.18)  Batch time: 0.20(0.20)
2026-05-06 00:17:27,048   INFO  Train:   16/80 ( 20%) [ 144/167 ( 86%)]  Loss: 8.167e-10 (8.15e-10)  LR: 1.632e-03  Time cost: 00:29/00:04 [09:03/36:04]  Acc_iter 2650        Data time: 0.03(0.03)  Forward time: 0.18(0.17)  Batch time: 0.21(0.20)
2026-05-06 00:17:31,216   INFO  Train:   16/80 ( 20%) [ 166/167 ( 99%)]  Loss: 1.443e-09 (7.98e-10)  LR: 1.649e-03  Time cost: 00:33/00:00 [09:07/35:41]  Acc_iter 2672        Data time: 0.02(0.03)  Forward time: 0.13(0.17)  Batch time: 0.15(0.20)
2026-05-06 00:17:32,253   INFO  Train:   17/80 ( 21%) [   0/167 (  0%)]  Loss: 4.544e-10 (4.54e-10)  LR: 1.650e-03  Time cost: 00:00/02:04 [09:08/2:12:22]  Acc_iter 2673        Data time: 0.48(0.48)  Forward time: 0.24(0.24)  Batch time: 0.72(0.72)
2026-05-06 00:17:37,590   INFO  Train:   17/80 ( 21%) [  27/167 ( 16%)]  Loss: 5.410e-10 (6.18e-10)  LR: 1.671e-03  Time cost: 00:06/00:30 [09:14/38:34]  Acc_iter 2700        Data time: 0.02(0.04)  Forward time: 0.19(0.18)  Batch time: 0.21(0.22)
2026-05-06 00:17:37,690   INFO  
2026-05-06 00:17:47,686   INFO  Train:   17/80 ( 21%) [  77/167 ( 46%)]  Loss: 4.773e-10 (5.83e-10)  LR: 1.711e-03  Time cost: 00:16/00:18 [09:24/36:40]  Acc_iter 2750        Data time: 0.03(0.03)  Forward time: 0.19(0.18)  Batch time: 0.21(0.21)
2026-05-06 00:17:57,543   INFO  Train:   17/80 ( 21%) [ 127/167 ( 76%)]  Loss: 4.114e-10 (5.66e-10)  LR: 1.751e-03  Time cost: 00:26/00:08 [09:34/35:47]  Acc_iter 2800        Data time: 0.02(0.03)  Forward time: 0.18(0.18)  Batch time: 0.20(0.20)
2026-05-06 00:18:05,213   INFO  Train:   17/80 ( 21%) [ 166/167 ( 99%)]  Loss: 3.436e-10 (5.35e-10)  LR: 1.782e-03  Time cost: 00:33/00:00 [09:41/35:23]  Acc_iter 2839        Data time: 0.03(0.03)  Forward time: 0.13(0.17)  Batch time: 0.16(0.20)
2026-05-06 00:18:06,226   INFO  Train:   18/80 ( 22%) [   0/167 (  0%)]  Loss: 4.930e-10 (4.93e-10)  LR: 1.782e-03  Time cost: 00:00/01:58 [09:42/2:04:26]  Acc_iter 2840        Data time: 0.47(0.47)  Forward time: 0.22(0.22)  Batch time: 0.69(0.69)
2026-05-06 00:18:08,222   INFO  Train:   18/80 ( 22%) [  10/167 (  6%)]  Loss: 3.715e-10 (4.38e-10)  LR: 1.790e-03  Time cost: 00:02/00:38 [09:44/43:05]  Acc_iter 2850        Data time: 0.02(0.06)  Forward time: 0.16(0.18)  Batch time: 0.18(0.24)
2026-05-06 00:18:08,323   INFO  
2026-05-06 00:18:18,253   INFO  Train:   18/80 ( 22%) [  60/167 ( 36%)]  Loss: 2.771e-10 (3.94e-10)  LR: 1.830e-03  Time cost: 00:12/00:22 [09:54/36:24]  Acc_iter 2900        Data time: 0.02(0.03)  Forward time: 0.18(0.18)  Batch time: 0.20(0.21)
2026-05-06 00:18:28,284   INFO  Train:   18/80 ( 22%) [ 110/167 ( 66%)]  Loss: 2.858e-10 (3.82e-10)  LR: 1.869e-03  Time cost: 00:22/00:11 [10:04/35:35]  Acc_iter 2950        Data time: 0.03(0.03)  Forward time: 0.17(0.18)  Batch time: 0.20(0.20)
2026-05-06 00:18:38,198   INFO  Train:   18/80 ( 22%) [ 160/167 ( 96%)]  Loss: 4.059e-10 (3.78e-10)  LR: 1.908e-03  Time cost: 00:32/00:01 [10:14/35:03]  Acc_iter 3000        Data time: 0.02(0.03)  Forward time: 0.17(0.18)  Batch time: 0.18(0.20)
2026-05-06 00:18:38,303   INFO  
2026-05-06 00:18:39,411   INFO  Train:   18/80 ( 22%) [ 166/167 ( 99%)]  Loss: 4.807e-10 (3.77e-10)  LR: 1.913e-03  Time cost: 00:33/00:00 [10:15/35:01]  Acc_iter 3006        Data time: 0.02(0.03)  Forward time: 0.13(0.18)  Batch time: 0.15(0.20)
2026-05-06 00:18:40,430   INFO  Train:   19/80 ( 24%) [   0/167 (  0%)]  Loss: 2.913e-10 (2.91e-10)  LR: 1.913e-03  Time cost: 00:00/02:00 [10:17/2:04:11]  Acc_iter 3007        Data time: 0.43(0.43)  Forward time: 0.27(0.27)  Batch time: 0.71(0.71)
2026-05-06 00:18:48,869   INFO  Train:   19/80 ( 24%) [  43/167 ( 26%)]  Loss: 2.457e-10 (3.19e-10)  LR: 1.947e-03  Time cost: 00:09/00:25 [10:25/35:46]  Acc_iter 3050        Data time: 0.03(0.03)  Forward time: 0.18(0.18)  Batch time: 0.21(0.21)
2026-05-06 00:18:58,888   INFO  Train:   19/80 ( 24%) [  93/167 ( 56%)]  Loss: 2.713e-10 (3.04e-10)  LR: 1.985e-03  Time cost: 00:19/00:15 [10:35/34:53]  Acc_iter 3100        Data time: 0.02(0.03)  Forward time: 0.18(0.18)  Batch time: 0.20(0.20)
2026-05-06 00:19:08,814   INFO  Train:   19/80 ( 24%) [ 143/167 ( 86%)]  Loss: 2.383e-10 (2.88e-10)  LR: 2.024e-03  Time cost: 00:29/00:04 [10:45/34:23]  Acc_iter 3150        Data time: 0.02(0.03)  Forward time: 0.19(0.18)  Batch time: 0.21(0.20)
2026-05-06 00:19:08,913   INFO  
2026-05-06 00:19:13,409   INFO  Train:   19/80 ( 24%) [ 166/167 ( 99%)]  Loss: 2.407e-10 (2.85e-10)  LR: 2.041e-03  Time cost: 00:33/00:00 [10:49/34:15]  Acc_iter 3173        Data time: 0.02(0.03)  Forward time: 0.13(0.18)  Batch time: 0.15(0.20)
2026-05-06 00:19:14,353   INFO  Train:   20/80 ( 25%) [   0/167 (  0%)]  Loss: 2.417e-10 (2.42e-10)  LR: 2.042e-03  Time cost: 00:00/01:47 [10:50/1:49:37]  Acc_iter 3174        Data time: 0.38(0.38)  Forward time: 0.26(0.26)  Batch time: 0.64(0.64)
2026-05-06 00:19:19,561   INFO  Train:   20/80 ( 25%) [  26/167 ( 16%)]  Loss: 2.264e-10 (2.16e-10)  LR: 2.062e-03  Time cost: 00:05/00:30 [10:56/36:43]  Acc_iter 3200        Data time: 0.03(0.04)  Forward time: 0.17(0.18)  Batch time: 0.20(0.22)
2026-05-06 00:19:29,524   INFO  Train:   20/80 ( 25%) [  76/167 ( 46%)]  Loss: 1.878e-10 (2.28e-10)  LR: 2.099e-03  Time cost: 00:15/00:18 [11:06/34:36]  Acc_iter 3250        Data time: 0.02(0.03)  Forward time: 0.18(0.18)  Batch time: 0.20(0.21)
2026-05-06 00:19:39,356   INFO  Train:   20/80 ( 25%) [ 126/167 ( 75%)]  Loss: 1.679e-10 (2.20e-10)  LR: 2.136e-03  Time cost: 00:25/00:08 [11:15/33:51]  Acc_iter 3300        Data time: 0.03(0.03)  Forward time: 0.19(0.18)  Batch time: 0.21(0.20)
2026-05-06 00:19:39,465   INFO  
2026-05-06 00:19:47,331   INFO  Train:   20/80 ( 25%) [ 166/167 ( 99%)]  Loss: 2.168e-10 (2.14e-10)  LR: 2.166e-03  Time cost: 00:33/00:00 [11:23/33:37]  Acc_iter 3340        Data time: 0.02(0.03)  Forward time: 0.13(0.18)  Batch time: 0.15(0.20)
2026-05-06 00:19:48,348   INFO  Train:   21/80 ( 26%) [   0/167 (  0%)]  Loss: 1.783e-10 (1.78e-10)  LR: 2.167e-03  Time cost: 00:00/01:57 [11:24/1:57:50]  Acc_iter 3341        Data time: 0.46(0.46)  Forward time: 0.22(0.22)  Batch time: 0.68(0.68)
2026-05-06 00:19:50,121   INFO  Train:   21/80 ( 26%) [   9/167 (  5%)]  Loss: 1.790e-10 (2.00e-10)  LR: 2.173e-03  Time cost: 00:02/00:39 [11:26/41:22]  Acc_iter 3350        Data time: 0.02(0.07)  Forward time: 0.17(0.18)  Batch time: 0.19(0.25)
2026-05-06 00:19:59,994   INFO  Train:   21/80 ( 26%) [  59/167 ( 35%)]  Loss: 1.938e-10 (1.94e-10)  LR: 2.210e-03  Time cost: 00:12/00:22 [11:36/34:10]  Acc_iter 3400        Data time: 0.03(0.03)  Forward time: 0.17(0.17)  Batch time: 0.20(0.21)
2026-05-06 00:20:09,937   INFO  Train:   21/80 ( 26%) [ 109/167 ( 65%)]  Loss: 1.280e-10 (1.83e-10)  LR: 2.245e-03  Time cost: 00:22/00:11 [11:46/33:28]  Acc_iter 3450        Data time: 0.02(0.03)  Forward time: 0.17(0.18)  Batch time: 0.20(0.20)
2026-05-06 00:20:10,041   INFO  
2026-05-06 00:20:20,057   INFO  Train:   21/80 ( 26%) [ 159/167 ( 95%)]  Loss: 1.410e-10 (1.77e-10)  LR: 2.281e-03  Time cost: 00:32/00:01 [11:56/33:17]  Acc_iter 3500        Data time: 0.02(0.03)  Forward time: 0.17(0.18)  Batch time: 0.19(0.20)
2026-05-06 00:20:21,300   INFO  Train:   21/80 ( 26%) [ 166/167 ( 99%)]  Loss: 1.263e-10 (1.76e-10)  LR: 2.286e-03  Time cost: 00:33/00:00 [11:57/33:06]  Acc_iter 3507        Data time: 0.02(0.03)  Forward time: 0.13(0.17)  Batch time: 0.15(0.20)
2026-05-06 00:20:22,285   INFO  Train:   22/80 ( 28%) [   0/167 (  0%)]  Loss: 1.279e-10 (1.28e-10)  LR: 2.286e-03  Time cost: 00:00/01:51 [11:58/1:49:34]  Acc_iter 3508        Data time: 0.43(0.43)  Forward time: 0.22(0.22)  Batch time: 0.65(0.65)
2026-05-06 00:20:30,633   INFO  Train:   22/80 ( 28%) [  42/167 ( 25%)]  Loss: 1.324e-10 (1.56e-10)  LR: 2.316e-03  Time cost: 00:09/00:26 [12:07/34:17]  Acc_iter 3550        Data time: 0.02(0.03)  Forward time: 0.17(0.18)  Batch time: 0.19(0.21)
2026-05-06 00:20:40,503   INFO  Train:   22/80 ( 28%) [  92/167 ( 55%)]  Loss: 1.240e-10 (1.57e-10)  LR: 2.350e-03  Time cost: 00:18/00:15 [12:17/33:02]  Acc_iter 3600        Data time: 0.03(0.03)  Forward time: 0.18(0.18)  Batch time: 0.21(0.20)
2026-05-06 00:20:40,602   INFO  
2026-05-06 00:20:50,547   INFO  Train:   22/80 ( 28%) [ 142/167 ( 85%)]  Loss: 1.372e-10 (1.53e-10)  LR: 2.383e-03  Time cost: 00:28/00:05 [12:27/32:44]  Acc_iter 3650        Data time: 0.02(0.03)  Forward time: 0.18(0.18)  Batch time: 0.20(0.20)
2026-05-06 00:20:55,188   INFO  Train:   22/80 ( 28%) [ 166/167 ( 99%)]  Loss: 1.090e-10 (1.51e-10)  LR: 2.399e-03  Time cost: 00:33/00:00 [12:31/32:27]  Acc_iter 3674        Data time: 0.03(0.03)  Forward time: 0.13(0.17)  Batch time: 0.16(0.20)
2026-05-06 00:20:56,265   INFO  Train:   23/80 ( 29%) [   0/167 (  0%)]  Loss: 1.191e-10 (1.19e-10)  LR: 2.400e-03  Time cost: 00:00/02:10 [12:32/2:05:49]  Acc_iter 3675        Data time: 0.53(0.53)  Forward time: 0.22(0.22)  Batch time: 0.75(0.75)
2026-05-06 00:21:01,187   INFO  Train:   23/80 ( 29%) [  25/167 ( 15%)]  Loss: 1.483e-10 (1.40e-10)  LR: 2.416e-03  Time cost: 00:05/00:31 [12:37/35:18]  Acc_iter 3700        Data time: 0.01(0.04)  Forward time: 0.18(0.18)  Batch time: 0.19(0.22)
2026-05-06 00:21:11,233   INFO  Train:   23/80 ( 29%) [  75/167 ( 45%)]  Loss: 1.169e-10 (1.31e-10)  LR: 2.449e-03  Time cost: 00:15/00:19 [12:47/33:11]  Acc_iter 3750        Data time: 0.02(0.03)  Forward time: 0.19(0.18)  Batch time: 0.21(0.21)
2026-05-06 00:21:11,339   INFO  
2026-05-06 00:21:21,375   INFO  Train:   23/80 ( 29%) [ 125/167 ( 75%)]  Loss: 1.259e-10 (1.33e-10)  LR: 2.480e-03  Time cost: 00:25/00:08 [12:57/32:44]  Acc_iter 3800        Data time: 0.03(0.03)  Forward time: 0.18(0.18)  Batch time: 0.20(0.21)
2026-05-06 00:21:29,501   INFO  Train:   23/80 ( 29%) [ 166/167 ( 99%)]  Loss: 1.371e-10 (1.32e-10)  LR: 2.506e-03  Time cost: 00:34/00:00 [13:06/32:19]  Acc_iter 3841        Data time: 0.03(0.03)  Forward time: 0.13(0.18)  Batch time: 0.15(0.20)
2026-05-06 00:21:30,492   INFO  Train:   24/80 ( 30%) [   0/167 (  0%)]  Loss: 1.523e-10 (1.52e-10)  LR: 2.506e-03  Time cost: 00:00/01:52 [13:07/1:46:53]  Acc_iter 3842        Data time: 0.40(0.40)  Forward time: 0.28(0.28)  Batch time: 0.67(0.67)
2026-05-06 00:21:32,156   INFO  Train:   24/80 ( 30%) [   8/167 (  5%)]  Loss: 1.003e-10 (1.39e-10)  LR: 2.511e-03  Time cost: 00:02/00:41 [13:08/41:10]  Acc_iter 3850        Data time: 0.02(0.06)  Forward time: 0.17(0.19)  Batch time: 0.20(0.26)
2026-05-06 00:21:42,003   INFO  Train:   24/80 ( 30%) [  58/167 ( 35%)]  Loss: 1.222e-10 (1.28e-10)  LR: 2.542e-03  Time cost: 00:12/00:22 [13:18/32:33]  Acc_iter 3900        Data time: 0.02(0.03)  Forward time: 0.17(0.18)  Batch time: 0.19(0.21)
2026-05-06 00:21:42,105   INFO  
2026-05-06 00:21:52,169   INFO  Train:   24/80 ( 30%) [ 108/167 ( 65%)]  Loss: 1.016e-10 (1.23e-10)  LR: 2.571e-03  Time cost: 00:22/00:12 [13:28/32:09]  Acc_iter 3950        Data time: 0.02(0.03)  Forward time: 0.20(0.18)  Batch time: 0.22(0.20)
2026-05-06 00:22:02,125   INFO  Train:   24/80 ( 30%) [ 158/167 ( 95%)]  Loss: 1.740e-10 (1.22e-10)  LR: 2.600e-03  Time cost: 00:32/00:01 [13:38/31:42]  Acc_iter 4000        Data time: 0.02(0.03)  Forward time: 0.17(0.18)  Batch time: 0.19(0.20)
2026-05-06 00:22:03,612   INFO  Train:   24/80 ( 30%) [ 166/167 ( 99%)]  Loss: 9.556e-11 (1.21e-10)  LR: 2.604e-03  Time cost: 00:33/00:00 [13:40/31:32]  Acc_iter 4008        Data time: 0.03(0.03)  Forward time: 0.13(0.18)  Batch time: 0.16(0.20)
2026-05-06 00:22:04,641   INFO  Train:   25/80 ( 31%) [   0/167 (  0%)]  Loss: 1.250e-10 (1.25e-10)  LR: 2.605e-03  Time cost: 00:00/02:02 [13:41/1:54:23]  Acc_iter 4009        Data time: 0.40(0.40)  Forward time: 0.34(0.34)  Batch time: 0.73(0.73)
2026-05-06 00:22:12,906   INFO  Train:   25/80 ( 31%) [  41/167 ( 25%)]  Loss: 1.183e-10 (1.19e-10)  LR: 2.627e-03  Time cost: 00:08/00:26 [13:49/33:15]  Acc_iter 4050        Data time: 0.03(0.03)  Forward time: 0.18(0.18)  Batch time: 0.21(0.21)
2026-05-06 00:22:13,010   INFO  
2026-05-06 00:22:23,133   INFO  Train:   25/80 ( 31%) [  91/167 ( 54%)]  Loss: 9.924e-11 (1.14e-10)  LR: 2.654e-03  Time cost: 00:19/00:15 [13:59/32:15]  Acc_iter 4100        Data time: 0.03(0.03)  Forward time: 0.17(0.18)  Batch time: 0.20(0.21)
2026-05-06 00:22:33,196   INFO  Train:   25/80 ( 31%) [ 141/167 ( 84%)]  Loss: 1.752e-10 (1.12e-10)  LR: 2.680e-03  Time cost: 00:29/00:05 [14:09/31:39]  Acc_iter 4150        Data time: 0.03(0.03)  Forward time: 0.18(0.18)  Batch time: 0.21(0.21)
2026-05-06 00:22:38,062   INFO  Train:   25/80 ( 31%) [ 166/167 ( 99%)]  Loss: 8.649e-11 (1.12e-10)  LR: 2.693e-03  Time cost: 00:34/00:00 [14:14/31:18]  Acc_iter 4175        Data time: 0.02(0.03)  Forward time: 0.13(0.18)  Batch time: 0.15(0.20)
2026-05-06 00:22:39,042   INFO  Train:   26/80 ( 32%) [   0/167 (  0%)]  Loss: 1.058e-10 (1.06e-10)  LR: 2.694e-03  Time cost: 00:00/01:53 [14:15/1:44:11]  Acc_iter 4176        Data time: 0.42(0.42)  Forward time: 0.25(0.25)  Batch time: 0.67(0.67)
2026-05-06 00:22:43,785   INFO  Train:   26/80 ( 32%) [  24/167 ( 14%)]  Loss: 1.128e-10 (1.16e-10)  LR: 2.706e-03  Time cost: 00:05/00:31 [14:20/33:07]  Acc_iter 4200        Data time: 0.03(0.04)  Forward time: 0.18(0.18)  Batch time: 0.20(0.22)
2026-05-06 00:22:43,887   INFO  
2026-05-06 00:22:53,768   INFO  Train:   26/80 ( 32%) [  74/167 ( 44%)]  Loss: 1.143e-10 (1.09e-10)  LR: 2.730e-03  Time cost: 00:15/00:19 [14:30/31:11]  Acc_iter 4250        Data time: 0.02(0.03)  Forward time: 0.18(0.18)  Batch time: 0.20(0.21)
2026-05-06 00:23:03,596   INFO  Train:   26/80 ( 32%) [ 124/167 ( 74%)]  Loss: 1.242e-10 (1.09e-10)  LR: 2.753e-03  Time cost: 00:25/00:08 [14:40/30:29]  Acc_iter 4300        Data time: 0.02(0.03)  Forward time: 0.18(0.17)  Batch time: 0.20(0.20)
2026-05-06 00:23:11,867   INFO  Train:   26/80 ( 32%) [ 166/167 ( 99%)]  Loss: 9.190e-11 (1.07e-10)  LR: 2.772e-03  Time cost: 00:33/00:00 [14:48/30:09]  Acc_iter 4342        Data time: 0.02(0.03)  Forward time: 0.13(0.17)  Batch time: 0.15(0.20)
2026-05-06 00:23:12,744   INFO  Train:   27/80 ( 34%) [   0/167 (  0%)]  Loss: 1.451e-10 (1.45e-10)  LR: 2.772e-03  Time cost: 00:00/01:36 [14:49/1:27:05]  Acc_iter 4343        Data time: 0.30(0.30)  Forward time: 0.28(0.28)  Batch time: 0.58(0.58)
2026-05-06 00:23:14,177   INFO  Train:   27/80 ( 34%) [   7/167 (  4%)]  Loss: 1.034e-10 (1.05e-10)  LR: 2.776e-03  Time cost: 00:02/00:40 [14:50/37:47]  Acc_iter 4350        Data time: 0.02(0.06)  Forward time: 0.17(0.19)  Batch time: 0.18(0.25)
2026-05-06 00:23:14,290   INFO  
2026-05-06 00:23:24,247   INFO  Train:   27/80 ( 34%) [  57/167 ( 34%)]  Loss: 1.113e-10 (1.04e-10)  LR: 2.797e-03  Time cost: 00:12/00:22 [15:00/31:06]  Acc_iter 4400        Data time: 0.02(0.03)  Forward time: 0.18(0.18)  Batch time: 0.20(0.21)
2026-05-06 00:23:34,214   INFO  Train:   27/80 ( 34%) [ 107/167 ( 64%)]  Loss: 1.182e-10 (1.06e-10)  LR: 2.817e-03  Time cost: 00:22/00:12 [15:10/30:19]  Acc_iter 4450        Data time: 0.02(0.03)  Forward time: 0.18(0.18)  Batch time: 0.20(0.20)
2026-05-06 00:23:44,166   INFO  Train:   27/80 ( 34%) [ 157/167 ( 94%)]  Loss: 8.993e-11 (1.04e-10)  LR: 2.837e-03  Time cost: 00:32/00:02 [15:20/29:54]  Acc_iter 4500        Data time: 0.02(0.03)  Forward time: 0.18(0.18)  Batch time: 0.20(0.20)
2026-05-06 00:23:44,265   INFO  
2026-05-06 00:23:45,933   INFO  Train:   27/80 ( 34%) [ 166/167 ( 99%)]  Loss: 8.336e-11 (1.03e-10)  LR: 2.840e-03  Time cost: 00:33/00:00 [15:22/29:49]  Acc_iter 4509        Data time: 0.02(0.03)  Forward time: 0.13(0.18)  Batch time: 0.15(0.20)
2026-05-06 00:23:46,986   INFO  Train:   28/80 ( 35%) [   0/167 (  0%)]  Loss: 1.041e-10 (1.04e-10)  LR: 2.841e-03  Time cost: 00:00/02:05 [15:23/1:50:51]  Acc_iter 4510        Data time: 0.50(0.50)  Forward time: 0.22(0.22)  Batch time: 0.73(0.73)
2026-05-06 00:23:55,081   INFO  Train:   28/80 ( 35%) [  40/167 ( 24%)]  Loss: 1.241e-10 (1.03e-10)  LR: 2.855e-03  Time cost: 00:08/00:27 [15:31/31:41]  Acc_iter 4550        Data time: 0.03(0.04)  Forward time: 0.20(0.18)  Batch time: 0.23(0.22)
2026-05-06 00:24:05,002   INFO  Train:   28/80 ( 35%) [  90/167 ( 54%)]  Loss: 1.030e-10 (1.04e-10)  LR: 2.873e-03  Time cost: 00:18/00:15 [15:41/30:06]  Acc_iter 4600        Data time: 0.03(0.03)  Forward time: 0.17(0.18)  Batch time: 0.20(0.21)
2026-05-06 00:24:14,901   INFO  Train:   28/80 ( 35%) [ 140/167 ( 84%)]  Loss: 9.380e-11 (1.02e-10)  LR: 2.889e-03  Time cost: 00:28/00:05 [15:51/29:31]  Acc_iter 4650        Data time: 0.02(0.03)  Forward time: 0.17(0.18)  Batch time: 0.19(0.20)
2026-05-06 00:24:15,006   INFO  
2026-05-06 00:24:19,964   INFO  Train:   28/80 ( 35%) [ 166/167 ( 99%)]  Loss: 1.377e-10 (1.01e-10)  LR: 2.897e-03  Time cost: 00:33/00:00 [15:56/29:14]  Acc_iter 4676        Data time: 0.02(0.03)  Forward time: 0.13(0.18)  Batch time: 0.15(0.20)
2026-05-06 00:24:21,007   INFO  Train:   29/80 ( 36%) [   0/167 (  0%)]  Loss: 8.032e-11 (8.03e-11)  LR: 2.897e-03  Time cost: 00:00/02:04 [15:57/1:48:17]  Acc_iter 4677        Data time: 0.48(0.48)  Forward time: 0.25(0.25)  Batch time: 0.72(0.72)
2026-05-06 00:24:25,568   INFO  Train:   29/80 ( 36%) [  23/167 ( 14%)]  Loss: 8.433e-11 (9.65e-11)  LR: 2.904e-03  Time cost: 00:05/00:31 [16:02/31:55]  Acc_iter 4700        Data time: 0.02(0.04)  Forward time: 0.18(0.18)  Batch time: 0.20(0.22)
2026-05-06 00:24:35,447   INFO  Train:   29/80 ( 36%) [  73/167 ( 44%)]  Loss: 1.005e-10 (9.59e-11)  LR: 2.918e-03  Time cost: 00:15/00:19 [16:12/29:27]  Acc_iter 4750        Data time: 0.03(0.03)  Forward time: 0.17(0.18)  Batch time: 0.20(0.20)
2026-05-06 00:24:45,359   INFO  Train:   29/80 ( 36%) [ 123/167 ( 74%)]  Loss: 9.923e-11 (9.97e-11)  LR: 2.931e-03  Time cost: 00:25/00:08 [16:21/28:52]  Acc_iter 4800        Data time: 0.02(0.03)  Forward time: 0.18(0.18)  Batch time: 0.20(0.20)
2026-05-06 00:24:45,460   INFO  
2026-05-06 00:24:53,886   INFO  Train:   29/80 ( 36%) [ 166/167 ( 99%)]  Loss: 1.068e-10 (9.85e-11)  LR: 2.942e-03  Time cost: 00:33/00:00 [16:30/28:35]  Acc_iter 4843        Data time: 0.03(0.03)  Forward time: 0.13(0.17)  Batch time: 0.16(0.20)
2026-05-06 00:24:54,913   INFO  Train:   30/80 ( 38%) [   0/167 (  0%)]  Loss: 9.334e-11 (9.33e-11)  LR: 2.942e-03  Time cost: 00:00/01:59 [16:31/1:41:10]  Acc_iter 4844        Data time: 0.47(0.47)  Forward time: 0.22(0.22)  Batch time: 0.69(0.69)
2026-05-06 00:24:56,122   INFO  Train:   30/80 ( 38%) [   6/167 (  4%)]  Loss: 9.575e-11 (1.13e-10)  LR: 2.943e-03  Time cost: 00:01/00:44 [16:32/38:57]  Acc_iter 4850        Data time: 0.02(0.09)  Forward time: 0.16(0.18)  Batch time: 0.18(0.27)
2026-05-06 00:25:06,097   INFO  Train:   30/80 ( 38%) [  56/167 ( 34%)]  Loss: 1.507e-10 (1.01e-10)  LR: 2.954e-03  Time cost: 00:11/00:23 [16:42/29:26]  Acc_iter 4900        Data time: 0.03(0.03)  Forward time: 0.18(0.18)  Batch time: 0.21(0.21)
2026-05-06 00:25:16,135   INFO  Train:   30/80 ( 38%) [ 106/167 ( 63%)]  Loss: 1.427e-10 (1.00e-10)  LR: 2.964e-03  Time cost: 00:21/00:12 [16:52/28:44]  Acc_iter 4950        Data time: 0.02(0.03)  Forward time: 0.16(0.18)  Batch time: 0.18(0.20)
2026-05-06 00:25:16,242   INFO  
2026-05-06 00:25:26,228   INFO  Train:   30/80 ( 38%) [ 156/167 ( 93%)]  Loss: 9.466e-11 (1.01e-10)  LR: 2.972e-03  Time cost: 00:32/00:02 [17:02/28:25]  Acc_iter 5000        Data time: 0.03(0.03)  Forward time: 0.19(0.18)  Batch time: 0.22(0.20)
2026-05-06 00:25:28,120   INFO  Train:   30/80 ( 38%) [ 166/167 ( 99%)]  Loss: 8.972e-11 (1.00e-10)  LR: 2.974e-03  Time cost: 00:33/00:00 [17:04/28:16]  Acc_iter 5010        Data time: 0.03(0.03)  Forward time: 0.12(0.18)  Batch time: 0.15(0.20)
2026-05-06 00:25:29,015   INFO  Train:   31/80 ( 39%) [   0/167 (  0%)]  Loss: 1.026e-10 (1.03e-10)  LR: 2.974e-03  Time cost: 00:00/01:37 [17:05/1:21:39]  Acc_iter 5011        Data time: 0.33(0.33)  Forward time: 0.26(0.26)  Batch time: 0.59(0.59)
2026-05-06 00:25:36,802   INFO  Train:   31/80 ( 39%) [  39/167 ( 23%)]  Loss: 9.712e-11 (9.98e-11)  LR: 2.980e-03  Time cost: 00:08/00:26 [17:13/28:59]  Acc_iter 5050        Data time: 0.03(0.03)  Forward time: 0.17(0.18)  Batch time: 0.20(0.21)
2026-05-06 00:25:46,696   INFO  Train:   31/80 ( 39%) [  89/167 ( 53%)]  Loss: 9.637e-11 (9.78e-11)  LR: 2.986e-03  Time cost: 00:18/00:15 [17:23/27:56]  Acc_iter 5100        Data time: 0.02(0.03)  Forward time: 0.18(0.18)  Batch time: 0.19(0.20)
2026-05-06 00:25:46,800   INFO  
2026-05-06 00:25:56,789   INFO  Train:   31/80 ( 39%) [ 139/167 ( 83%)]  Loss: 1.166e-10 (9.57e-11)  LR: 2.991e-03  Time cost: 00:28/00:05 [17:33/27:43]  Acc_iter 5150        Data time: 0.02(0.03)  Forward time: 0.17(0.18)  Batch time: 0.19(0.20)
2026-05-06 00:26:01,998   INFO  Train:   31/80 ( 39%) [ 166/167 ( 99%)]  Loss: 9.573e-11 (9.60e-11)  LR: 2.993e-03  Time cost: 00:33/00:00 [17:38/27:25]  Acc_iter 5177        Data time: 0.02(0.03)  Forward time: 0.13(0.18)  Batch time: 0.15(0.20)
2026-05-06 00:26:03,029   INFO  Train:   32/80 ( 40%) [   0/167 (  0%)]  Loss: 9.697e-11 (9.70e-11)  LR: 2.993e-03  Time cost: 00:00/02:00 [17:39/1:38:20]  Acc_iter 5178        Data time: 0.48(0.48)  Forward time: 0.22(0.22)  Batch time: 0.70(0.70)
2026-05-06 00:26:07,352   INFO  Train:   32/80 ( 40%) [  22/167 ( 13%)]  Loss: 1.002e-10 (1.07e-10)  LR: 2.995e-03  Time cost: 00:05/00:31 [17:43/29:49]  Acc_iter 5200        Data time: 0.02(0.04)  Forward time: 0.17(0.18)  Batch time: 0.19(0.22)
2026-05-06 00:26:17,278   INFO  Train:   32/80 ( 40%) [  72/167 ( 43%)]  Loss: 8.258e-11 (1.00e-10)  LR: 2.998e-03  Time cost: 00:14/00:19 [17:53/27:43]  Acc_iter 5250        Data time: 0.03(0.03)  Forward time: 0.17(0.18)  Batch time: 0.19(0.20)
2026-05-06 00:26:17,385   INFO  
2026-05-06 00:26:27,327   INFO  Train:   32/80 ( 40%) [ 122/167 ( 73%)]  Loss: 7.785e-11 (9.83e-11)  LR: 3.000e-03  Time cost: 00:25/00:09 [18:03/27:19]  Acc_iter 5300        Data time: 0.02(0.03)  Forward time: 0.17(0.18)  Batch time: 0.19(0.20)
2026-05-06 00:26:36,057   INFO  Train:   32/80 ( 40%) [ 166/167 ( 99%)]  Loss: 8.911e-11 (9.75e-11)  LR: 3.000e-03  Time cost: 00:33/00:00 [18:12/27:00]  Acc_iter 5344        Data time: 0.03(0.03)  Forward time: 0.13(0.18)  Batch time: 0.16(0.20)
2026-05-06 00:26:37,117   INFO  Train:   33/80 ( 41%) [   0/167 (  0%)]  Loss: 9.314e-11 (9.31e-11)  LR: 3.000e-03  Time cost: 00:00/02:06 [18:13/1:40:56]  Acc_iter 5345        Data time: 0.51(0.51)  Forward time: 0.22(0.22)  Batch time: 0.74(0.74)
2026-05-06 00:26:38,086   INFO  Train:   33/80 ( 41%) [   5/167 (  3%)]  Loss: 9.763e-11 (1.08e-10)  LR: 3.000e-03  Time cost: 00:01/00:46 [18:14/38:22]  Acc_iter 5350        Data time: 0.01(0.10)  Forward time: 0.18(0.18)  Batch time: 0.19(0.28)
2026-05-06 00:26:47,911   INFO  Train:   33/80 ( 41%) [  55/167 ( 33%)]  Loss: 1.047e-10 (9.67e-11)  LR: 3.000e-03  Time cost: 00:11/00:23 [18:24/27:21]  Acc_iter 5400        Data time: 0.03(0.03)  Forward time: 0.18(0.17)  Batch time: 0.20(0.21)
2026-05-06 00:26:48,019   INFO  
2026-05-06 00:26:58,079   INFO  Train:   33/80 ( 41%) [ 105/167 ( 63%)]  Loss: 9.801e-11 (9.62e-11)  LR: 2.999e-03  Time cost: 00:21/00:12 [18:34/27:00]  Acc_iter 5450        Data time: 0.03(0.03)  Forward time: 0.18(0.18)  Batch time: 0.21(0.20)
2026-05-06 00:27:08,115   INFO  Train:   33/80 ( 41%) [ 155/167 ( 93%)]  Loss: 1.166e-10 (9.82e-11)  LR: 2.997e-03  Time cost: 00:31/00:02 [18:44/26:40]  Acc_iter 5500        Data time: 0.02(0.03)  Forward time: 0.17(0.18)  Batch time: 0.19(0.20)
2026-05-06 00:27:10,222   INFO  Train:   33/80 ( 41%) [ 166/167 ( 99%)]  Loss: 9.480e-11 (9.84e-11)  LR: 2.997e-03  Time cost: 00:33/00:00 [18:46/26:31]  Acc_iter 5511        Data time: 0.03(0.03)  Forward time: 0.13(0.18)  Batch time: 0.16(0.20)
2026-05-06 00:27:11,185   INFO  Train:   34/80 ( 42%) [   0/167 (  0%)]  Loss: 8.375e-11 (8.37e-11)  LR: 2.997e-03  Time cost: 00:00/01:48 [18:47/1:24:48]  Acc_iter 5512        Data time: 0.40(0.40)  Forward time: 0.24(0.24)  Batch time: 0.64(0.64)
2026-05-06 00:27:18,708   INFO  Train:   34/80 ( 42%) [  38/167 ( 23%)]  Loss: 8.323e-11 (1.00e-10)  LR: 2.995e-03  Time cost: 00:08/00:27 [18:55/27:16]  Acc_iter 5550        Data time: 0.02(0.03)  Forward time: 0.17(0.18)  Batch time: 0.19(0.21)
2026-05-06 00:27:18,813   INFO  
2026-05-06 00:27:28,697   INFO  Train:   34/80 ( 42%) [  88/167 ( 53%)]  Loss: 1.004e-10 (9.99e-11)  LR: 2.993e-03  Time cost: 00:18/00:16 [19:05/26:23]  Acc_iter 5600        Data time: 0.01(0.03)  Forward time: 0.19(0.18)  Batch time: 0.20(0.20)
2026-05-06 00:27:38,663   INFO  Train:   34/80 ( 42%) [ 138/167 ( 83%)]  Loss: 9.120e-11 (9.95e-11)  LR: 2.989e-03  Time cost: 00:28/00:05 [19:15/26:00]  Acc_iter 5650        Data time: 0.02(0.03)  Forward time: 0.17(0.18)  Batch time: 0.19(0.20)
2026-05-06 00:27:44,112   INFO  Train:   34/80 ( 42%) [ 166/167 ( 99%)]  Loss: 9.332e-11 (9.97e-11)  LR: 2.987e-03  Time cost: 00:33/00:00 [19:20/25:44]  Acc_iter 5678        Data time: 0.03(0.03)  Forward time: 0.12(0.17)  Batch time: 0.15(0.20)
2026-05-06 00:27:45,123   INFO  Train:   35/80 ( 44%) [   0/167 (  0%)]  Loss: 8.892e-11 (8.89e-11)  LR: 2.987e-03  Time cost: 00:00/01:58 [19:21/1:30:31]  Acc_iter 5679        Data time: 0.46(0.46)  Forward time: 0.22(0.22)  Batch time: 0.68(0.68)
2026-05-06 00:27:49,247   INFO  Train:   35/80 ( 44%) [  21/167 ( 13%)]  Loss: 8.933e-11 (9.98e-11)  LR: 2.986e-03  Time cost: 00:04/00:32 [19:25/28:02]  Acc_iter 5700        Data time: 0.03(0.04)  Forward time: 0.17(0.18)  Batch time: 0.19(0.22)
2026-05-06 00:27:49,355   INFO  
2026-05-06 00:27:59,288   INFO  Train:   35/80 ( 44%) [  71/167 ( 43%)]  Loss: 8.470e-11 (9.70e-11)  LR: 2.981e-03  Time cost: 00:14/00:19 [19:35/26:12]  Acc_iter 5750        Data time: 0.03(0.03)  Forward time: 0.17(0.18)  Batch time: 0.20(0.21)
2026-05-06 00:28:09,234   INFO  Train:   35/80 ( 44%) [ 121/167 ( 72%)]  Loss: 9.722e-11 (9.74e-11)  LR: 2.976e-03  Time cost: 00:24/00:09 [19:45/25:38]  Acc_iter 5800        Data time: 0.03(0.03)  Forward time: 0.16(0.18)  Batch time: 0.19(0.20)
2026-05-06 00:28:18,092   INFO  Train:   35/80 ( 44%) [ 166/167 ( 99%)]  Loss: 8.848e-11 (9.85e-11)  LR: 2.971e-03  Time cost: 00:33/00:00 [19:54/25:15]  Acc_iter 5845        Data time: 0.03(0.03)  Forward time: 0.13(0.17)  Batch time: 0.16(0.20)
2026-05-06 00:28:18,984   INFO  Train:   36/80 ( 45%) [   0/167 (  0%)]  Loss: 9.580e-11 (9.58e-11)  LR: 2.971e-03  Time cost: 00:00/01:35 [19:55/1:11:53]  Acc_iter 5846        Data time: 0.33(0.33)  Forward time: 0.24(0.24)  Batch time: 0.57(0.57)
2026-05-06 00:28:19,799   INFO  Train:   36/80 ( 45%) [   4/167 (  2%)]  Loss: 1.389e-10 (1.00e-10)  LR: 2.971e-03  Time cost: 00:01/00:45 [19:56/34:46]  Acc_iter 5850        Data time: 0.02(0.08)  Forward time: 0.16(0.19)  Batch time: 0.19(0.27)
2026-05-06 00:28:19,907   INFO  
2026-05-06 00:28:29,799   INFO  Train:   36/80 ( 45%) [  54/167 ( 32%)]  Loss: 8.850e-11 (9.75e-11)  LR: 2.965e-03  Time cost: 00:11/00:23 [20:06/25:44]  Acc_iter 5900        Data time: 0.02(0.03)  Forward time: 0.19(0.18)  Batch time: 0.20(0.21)
2026-05-06 00:28:39,790   INFO  Train:   36/80 ( 45%) [ 104/167 ( 62%)]  Loss: 8.469e-11 (9.99e-11)  LR: 2.958e-03  Time cost: 00:21/00:12 [20:16/25:08]  Acc_iter 5950        Data time: 0.03(0.03)  Forward time: 0.17(0.18)  Batch time: 0.19(0.20)
2026-05-06 00:28:49,744   INFO  Train:   36/80 ( 45%) [ 154/167 ( 92%)]  Loss: 8.494e-11 (9.91e-11)  LR: 2.951e-03  Time cost: 00:31/00:02 [20:26/24:48]  Acc_iter 6000        Data time: 0.02(0.03)  Forward time: 0.18(0.18)  Batch time: 0.20(0.20)
2026-05-06 00:28:49,850   INFO  
2026-05-06 00:28:52,085   INFO  Train:   36/80 ( 45%) [ 166/167 ( 99%)]  Loss: 8.741e-11 (9.88e-11)  LR: 2.949e-03  Time cost: 00:33/00:00 [20:28/24:41]  Acc_iter 6012        Data time: 0.02(0.03)  Forward time: 0.13(0.18)  Batch time: 0.15(0.20)
2026-05-06 00:28:53,065   INFO  Train:   37/80 ( 46%) [   0/167 (  0%)]  Loss: 8.774e-11 (8.77e-11)  LR: 2.949e-03  Time cost: 00:00/01:48 [20:29/1:19:41]  Acc_iter 6013        Data time: 0.39(0.39)  Forward time: 0.26(0.26)  Batch time: 0.65(0.65)
2026-05-06 00:29:00,550   INFO  Train:   37/80 ( 46%) [  37/167 ( 22%)]  Loss: 1.243e-10 (1.05e-10)  LR: 2.943e-03  Time cost: 00:08/00:27 [20:37/26:05]  Acc_iter 6050        Data time: 0.02(0.03)  Forward time: 0.18(0.18)  Batch time: 0.20(0.21)
2026-05-06 00:29:10,485   INFO  Train:   37/80 ( 46%) [  87/167 ( 52%)]  Loss: 9.608e-11 (9.95e-11)  LR: 2.935e-03  Time cost: 00:18/00:16 [20:47/24:51]  Acc_iter 6100        Data time: 0.02(0.03)  Forward time: 0.18(0.18)  Batch time: 0.20(0.21)
2026-05-06 00:29:20,279   INFO  Train:   37/80 ( 46%) [ 137/167 ( 82%)]  Loss: 8.976e-11 (9.90e-11)  LR: 2.926e-03  Time cost: 00:27/00:06 [20:56/24:16]  Acc_iter 6150        Data time: 0.03(0.03)  Forward time: 0.17(0.18)  Batch time: 0.20(0.20)
2026-05-06 00:29:20,383   INFO  
2026-05-06 00:29:25,999   INFO  Train:   37/80 ( 46%) [ 166/167 ( 99%)]  Loss: 8.691e-11 (9.89e-11)  LR: 2.921e-03  Time cost: 00:33/00:00 [21:02/24:04]  Acc_iter 6179        Data time: 0.02(0.03)  Forward time: 0.13(0.18)  Batch time: 0.15(0.20)
2026-05-06 00:29:27,036   INFO  Train:   38/80 ( 48%) [   0/167 (  0%)]  Loss: 9.793e-11 (9.79e-11)  LR: 2.920e-03  Time cost: 00:00/02:00 [21:03/1:26:21]  Acc_iter 6180        Data time: 0.46(0.46)  Forward time: 0.26(0.26)  Batch time: 0.72(0.72)
2026-05-06 00:29:30,988   INFO  Train:   38/80 ( 48%) [  20/167 ( 12%)]  Loss: 8.987e-11 (9.58e-11)  LR: 2.917e-03  Time cost: 00:04/00:32 [21:07/26:33]  Acc_iter 6200        Data time: 0.03(0.04)  Forward time: 0.17(0.18)  Batch time: 0.19(0.22)
2026-05-06 00:29:41,023   INFO  Train:   38/80 ( 48%) [  70/167 ( 42%)]  Loss: 1.359e-10 (9.97e-11)  LR: 2.907e-03  Time cost: 00:14/00:20 [21:17/24:33]  Acc_iter 6250        Data time: 0.02(0.03)  Forward time: 0.18(0.18)  Batch time: 0.20(0.21)
2026-05-06 00:29:51,029   INFO  Train:   38/80 ( 48%) [ 120/167 ( 72%)]  Loss: 1.113e-10 (1.01e-10)  LR: 2.896e-03  Time cost: 00:24/00:09 [21:27/24:02]  Acc_iter 6300        Data time: 0.03(0.03)  Forward time: 0.18(0.18)  Batch time: 0.21(0.20)
2026-05-06 00:29:51,132   INFO  
2026-05-06 00:30:00,146   INFO  Train:   38/80 ( 48%) [ 166/167 ( 99%)]  Loss: 9.977e-11 (1.03e-10)  LR: 2.886e-03  Time cost: 00:33/00:00 [21:36/23:41]  Acc_iter 6346        Data time: 0.02(0.03)  Forward time: 0.13(0.18)  Batch time: 0.15(0.20)
2026-05-06 00:30:01,009   INFO  Train:   39/80 ( 49%) [   0/167 (  0%)]  Loss: 1.717e-10 (1.72e-10)  LR: 2.886e-03  Time cost: 00:00/01:33 [21:37/1:05:19]  Acc_iter 6347        Data time: 0.25(0.25)  Forward time: 0.30(0.30)  Batch time: 0.55(0.55)
2026-05-06 00:30:01,682   INFO  Train:   39/80 ( 49%) [   3/167 (  2%)]  Loss: 8.728e-11 (1.09e-10)  LR: 2.885e-03  Time cost: 00:01/00:50 [21:38/36:00]  Acc_iter 6350        Data time: 0.02(0.07)  Forward time: 0.17(0.23)  Batch time: 0.19(0.30)
2026-05-06 00:30:11,682   INFO  Train:   39/80 ( 49%) [  53/167 ( 32%)]  Loss: 9.797e-11 (9.84e-11)  LR: 2.874e-03  Time cost: 00:11/00:23 [21:48/24:07]  Acc_iter 6400        Data time: 0.03(0.03)  Forward time: 0.17(0.18)  Batch time: 0.20(0.21)
