2026-05-12 18:51:00,771   INFO  **********************Start logging**********************
2026-05-12 18:51:00,772   INFO  CUDA_VISIBLE_DEVICES=ALL
2026-05-12 18:51:00,772   INFO  Training with a single process
2026-05-12 18:51:00,772   INFO  cfg_file         /OpenPCDet/tools/cfgs/custom_models/pointpillar/default/pointpillar_nuscenes.yaml
2026-05-12 18:51:00,772   INFO  batch_size       4
2026-05-12 18:51:00,772   INFO  epochs           40
2026-05-12 18:51:00,772   INFO  workers          4
2026-05-12 18:51:00,772   INFO  extra_tag        frozen_backbone_0
2026-05-12 18:51:00,772   INFO  ckpt             None
2026-05-12 18:51:00,772   INFO  pretrained_model /OpenPCDet/pcdet/models/pth/pointpillar_7728.pth
2026-05-12 18:51:00,772   INFO  launcher         none
2026-05-12 18:51:00,772   INFO  tcp_port         18888
2026-05-12 18:51:00,772   INFO  sync_bn          False
2026-05-12 18:51:00,772   INFO  fix_random_seed  False
2026-05-12 18:51:00,772   INFO  ckpt_save_interval 1
2026-05-12 18:51:00,772   INFO  local_rank       None
2026-05-12 18:51:00,772   INFO  max_ckpt_save_num 30
2026-05-12 18:51:00,772   INFO  merge_all_iters_to_one_epoch False
2026-05-12 18:51:00,772   INFO  set_cfgs         None
2026-05-12 18:51:00,772   INFO  max_waiting_mins 0
2026-05-12 18:51:00,772   INFO  start_epoch      0
2026-05-12 18:51:00,772   INFO  num_epochs_to_eval 0
2026-05-12 18:51:00,772   INFO  save_to_file     False
2026-05-12 18:51:00,772   INFO  use_tqdm_to_record False
2026-05-12 18:51:00,772   INFO  logger_iter_interval 50
2026-05-12 18:51:00,772   INFO  ckpt_save_time_interval 300
2026-05-12 18:51:00,772   INFO  wo_gpu_stat      False
2026-05-12 18:51:00,772   INFO  use_amp          False
2026-05-12 18:51:00,772   INFO  freeze_backbone  True
2026-05-12 18:51:00,772   INFO  freeze_bn        False
2026-05-12 18:51:00,772   INFO  cfg.ROOT_DIR: /OpenPCDet
2026-05-12 18:51:00,772   INFO  cfg.LOCAL_RANK: 0
2026-05-12 18:51:00,772   INFO  cfg.CLASS_NAMES: ['car', 'pedestrian', 'bicycle']
2026-05-12 18:51:00,772   INFO  ----------- DATA_CONFIG -----------
2026-05-12 18:51:00,772   INFO  cfg.DATA_CONFIG.DATASET: NuScenesDataset
2026-05-12 18:51:00,772   INFO  cfg.DATA_CONFIG.DATA_PATH: /OpenPCDet/datasets/nuscenes
2026-05-12 18:51:00,772   INFO  cfg.DATA_CONFIG.VERSION: v1.0-mini
2026-05-12 18:51:00,773   INFO  cfg.DATA_CONFIG.MAX_SWEEPS: 1
2026-05-12 18:51:00,773   INFO  cfg.DATA_CONFIG.PRED_VELOCITY: False
2026-05-12 18:51:00,773   INFO  cfg.DATA_CONFIG.SET_NAN_VELOCITY_TO_ZEROS: True
2026-05-12 18:51:00,773   INFO  cfg.DATA_CONFIG.FILTER_MIN_POINTS_IN_GT: 1
2026-05-12 18:51:00,773   INFO  ----------- MAP_CLASS_TO_KITTI -----------
2026-05-12 18:51:00,773   INFO  cfg.DATA_CONFIG.MAP_CLASS_TO_KITTI.car: Car
2026-05-12 18:51:00,773   INFO  cfg.DATA_CONFIG.MAP_CLASS_TO_KITTI.pedestrian: Pedestrian
2026-05-12 18:51:00,773   INFO  cfg.DATA_CONFIG.MAP_CLASS_TO_KITTI.bicycle: Cyclist
2026-05-12 18:51:00,773   INFO  ----------- DATA_SPLIT -----------
2026-05-12 18:51:00,773   INFO  cfg.DATA_CONFIG.DATA_SPLIT.train: train
2026-05-12 18:51:00,773   INFO  cfg.DATA_CONFIG.DATA_SPLIT.test: test
2026-05-12 18:51:00,773   INFO  ----------- INFO_PATH -----------
2026-05-12 18:51:00,773   INFO  cfg.DATA_CONFIG.INFO_PATH.train: ['nuscenes_infos_10sweeps_train.pkl']
2026-05-12 18:51:00,773   INFO  cfg.DATA_CONFIG.INFO_PATH.test: ['nuscenes_infos_10sweeps_val.pkl']
2026-05-12 18:51:00,773   INFO  cfg.DATA_CONFIG.POINT_CLOUD_RANGE: [0, -32.0, -3.0, 51.2, 32.0, 1.0]
2026-05-12 18:51:00,773   INFO  cfg.DATA_CONFIG.BALANCED_RESAMPLING: True
2026-05-12 18:51:00,773   INFO  ----------- DATA_AUGMENTOR -----------
2026-05-12 18:51:00,773   INFO  cfg.DATA_CONFIG.DATA_AUGMENTOR.DISABLE_AUG_LIST: ['placeholder']
2026-05-12 18:51:00,773   INFO  cfg.DATA_CONFIG.DATA_AUGMENTOR.AUG_CONFIG_LIST: [{'NAME': 'gt_sampling', 'DB_INFO_PATH': ['nuscenes_dbinfos_10sweeps_withvelo.pkl'], 'PREPARE': {'filter_by_min_points': ['car:5', 'truck:5', 'construction_vehicle:5', 'bus:5', 'trailer:5', 'barrier:5', 'motorcycle:5', 'bicycle:5', 'pedestrian:5', 'traffic_cone:5']}, 'SAMPLE_GROUPS': ['car:2', 'truck:3', 'construction_vehicle:7', 'bus:4', 'trailer:6', 'barrier:2', 'motorcycle:6', 'bicycle:6', 'pedestrian:2', 'traffic_cone:2'], 'NUM_POINT_FEATURES': 5, 'DATABASE_WITH_FAKELIDAR': False, 'REMOVE_EXTRA_WIDTH': [0.0, 0.0, 0.0], 'LIMIT_WHOLE_SCENE': True}, {'NAME': 'random_world_flip', 'ALONG_AXIS_LIST': ['x', 'y']}, {'NAME': 'random_world_rotation', 'WORLD_ROT_ANGLE': [-0.3925, 0.3925]}, {'NAME': 'random_world_scaling', 'WORLD_SCALE_RANGE': [0.95, 1.05]}]
2026-05-12 18:51:00,773   INFO  ----------- POINT_FEATURE_ENCODING -----------
2026-05-12 18:51:00,773   INFO  cfg.DATA_CONFIG.POINT_FEATURE_ENCODING.encoding_type: absolute_coordinates_encoding
2026-05-12 18:51:00,773   INFO  cfg.DATA_CONFIG.POINT_FEATURE_ENCODING.used_feature_list: ['x', 'y', 'z', 'intensity']
2026-05-12 18:51:00,773   INFO  cfg.DATA_CONFIG.POINT_FEATURE_ENCODING.src_feature_list: ['x', 'y', 'z', 'intensity', 'timestamp']
2026-05-12 18:51:00,773   INFO  cfg.DATA_CONFIG.DATA_PROCESSOR: [{'NAME': 'mask_points_and_boxes_outside_range', 'REMOVE_OUTSIDE_BOXES': True}, {'NAME': 'shuffle_points', 'SHUFFLE_ENABLED': {'train': True, 'test': True}}, {'NAME': 'transform_points_to_voxels', 'VOXEL_SIZE': [0.16, 0.16, 4.0], 'MAX_POINTS_PER_VOXEL': 100, 'MAX_NUMBER_OF_VOXELS': {'train': 40000, 'test': 40000}}]
2026-05-12 18:51:00,773   INFO  cfg.DATA_CONFIG._BASE_CONFIG_: cfgs/dataset_configs/nuscenes_dataset.yaml
2026-05-12 18:51:00,773   INFO  ----------- MODEL -----------
2026-05-12 18:51:00,773   INFO  cfg.MODEL.NAME: PointPillar
2026-05-12 18:51:00,773   INFO  ----------- VFE -----------
2026-05-12 18:51:00,773   INFO  cfg.MODEL.VFE.NAME: PillarVFE
2026-05-12 18:51:00,773   INFO  cfg.MODEL.VFE.WITH_DISTANCE: False
2026-05-12 18:51:00,773   INFO  cfg.MODEL.VFE.USE_ABSLOTE_XYZ: True
2026-05-12 18:51:00,773   INFO  cfg.MODEL.VFE.USE_NORM: True
2026-05-12 18:51:00,773   INFO  cfg.MODEL.VFE.NUM_FILTERS: [64]
2026-05-12 18:51:00,773   INFO  ----------- MAP_TO_BEV -----------
2026-05-12 18:51:00,773   INFO  cfg.MODEL.MAP_TO_BEV.NAME: PointPillarScatter
2026-05-12 18:51:00,773   INFO  cfg.MODEL.MAP_TO_BEV.NUM_BEV_FEATURES: 64
2026-05-12 18:51:00,773   INFO  ----------- BACKBONE_2D -----------
2026-05-12 18:51:00,773   INFO  cfg.MODEL.BACKBONE_2D.NAME: BaseBEVBackbone
2026-05-12 18:51:00,774   INFO  cfg.MODEL.BACKBONE_2D.LAYER_NUMS: [3, 5, 5]
2026-05-12 18:51:00,774   INFO  cfg.MODEL.BACKBONE_2D.LAYER_STRIDES: [2, 2, 2]
2026-05-12 18:51:00,774   INFO  cfg.MODEL.BACKBONE_2D.NUM_FILTERS: [64, 128, 256]
2026-05-12 18:51:00,774   INFO  cfg.MODEL.BACKBONE_2D.UPSAMPLE_STRIDES: [1, 2, 4]
2026-05-12 18:51:00,774   INFO  cfg.MODEL.BACKBONE_2D.NUM_UPSAMPLE_FILTERS: [128, 128, 128]
2026-05-12 18:51:00,774   INFO  ----------- DENSE_HEAD -----------
2026-05-12 18:51:00,774   INFO  cfg.MODEL.DENSE_HEAD.NAME: AnchorHeadSingle
2026-05-12 18:51:00,774   INFO  cfg.MODEL.DENSE_HEAD.CLASS_AGNOSTIC: False
2026-05-12 18:51:00,774   INFO  cfg.MODEL.DENSE_HEAD.USE_DIRECTION_CLASSIFIER: True
2026-05-12 18:51:00,774   INFO  cfg.MODEL.DENSE_HEAD.DIR_OFFSET: 0.78539
2026-05-12 18:51:00,774   INFO  cfg.MODEL.DENSE_HEAD.DIR_LIMIT_OFFSET: 0.0
2026-05-12 18:51:00,774   INFO  cfg.MODEL.DENSE_HEAD.NUM_DIR_BINS: 2
2026-05-12 18:51:00,774   INFO  cfg.MODEL.DENSE_HEAD.ANCHOR_GENERATOR_CONFIG: [{'class_name': 'Car', 'anchor_sizes': [[3.9, 1.6, 1.56]], 'anchor_rotations': [0, 1.57], 'anchor_bottom_heights': [-1.78], 'align_center': False, 'feature_map_stride': 2, 'matched_threshold': 0.6, 'unmatched_threshold': 0.45}, {'class_name': 'Pedestrian', 'anchor_sizes': [[0.8, 0.6, 1.73]], 'anchor_rotations': [0, 1.57], 'anchor_bottom_heights': [-0.6], 'align_center': False, 'feature_map_stride': 2, 'matched_threshold': 0.5, 'unmatched_threshold': 0.35}, {'class_name': 'Cyclist', 'anchor_sizes': [[1.76, 0.6, 1.73]], 'anchor_rotations': [0, 1.57], 'anchor_bottom_heights': [-0.6], 'align_center': False, 'feature_map_stride': 2, 'matched_threshold': 0.5, 'unmatched_threshold': 0.35}]
2026-05-12 18:51:00,774   INFO  ----------- TARGET_ASSIGNER_CONFIG -----------
2026-05-12 18:51:00,774   INFO  cfg.MODEL.DENSE_HEAD.TARGET_ASSIGNER_CONFIG.NAME: AxisAlignedTargetAssigner
2026-05-12 18:51:00,774   INFO  cfg.MODEL.DENSE_HEAD.TARGET_ASSIGNER_CONFIG.POS_FRACTION: -1.0
2026-05-12 18:51:00,774   INFO  cfg.MODEL.DENSE_HEAD.TARGET_ASSIGNER_CONFIG.SAMPLE_SIZE: 512
2026-05-12 18:51:00,774   INFO  cfg.MODEL.DENSE_HEAD.TARGET_ASSIGNER_CONFIG.NORM_BY_NUM_EXAMPLES: False
2026-05-12 18:51:00,774   INFO  cfg.MODEL.DENSE_HEAD.TARGET_ASSIGNER_CONFIG.MATCH_HEIGHT: False
2026-05-12 18:51:00,774   INFO  cfg.MODEL.DENSE_HEAD.TARGET_ASSIGNER_CONFIG.BOX_CODER: ResidualCoder
2026-05-12 18:51:00,774   INFO  ----------- LOSS_CONFIG -----------
2026-05-12 18:51:00,774   INFO  ----------- LOSS_WEIGHTS -----------
2026-05-12 18:51:00,774   INFO  cfg.MODEL.DENSE_HEAD.LOSS_CONFIG.LOSS_WEIGHTS.cls_weight: 1.0
2026-05-12 18:51:00,774   INFO  cfg.MODEL.DENSE_HEAD.LOSS_CONFIG.LOSS_WEIGHTS.loc_weight: 2.0
2026-05-12 18:51:00,774   INFO  cfg.MODEL.DENSE_HEAD.LOSS_CONFIG.LOSS_WEIGHTS.dir_weight: 0.2
2026-05-12 18:51:00,774   INFO  cfg.MODEL.DENSE_HEAD.LOSS_CONFIG.LOSS_WEIGHTS.code_weights: [1.0, 1.0, 1.0, 1.0, 1.0, 1.0, 1.0]
2026-05-12 18:51:00,774   INFO  ----------- POST_PROCESSING -----------
2026-05-12 18:51:00,774   INFO  cfg.MODEL.POST_PROCESSING.RECALL_THRESH_LIST: [0.3, 0.5, 0.7]
2026-05-12 18:51:00,774   INFO  cfg.MODEL.POST_PROCESSING.SCORE_THRESH: 0.1
2026-05-12 18:51:00,774   INFO  cfg.MODEL.POST_PROCESSING.OUTPUT_RAW_SCORE: False
2026-05-12 18:51:00,774   INFO  cfg.MODEL.POST_PROCESSING.EVAL_METRIC: kitti
2026-05-12 18:51:00,774   INFO  ----------- NMS_CONFIG -----------
2026-05-12 18:51:00,774   INFO  cfg.MODEL.POST_PROCESSING.NMS_CONFIG.MULTI_CLASSES_NMS: False
2026-05-12 18:51:00,774   INFO  cfg.MODEL.POST_PROCESSING.NMS_CONFIG.NMS_TYPE: nms_gpu
2026-05-12 18:51:00,774   INFO  cfg.MODEL.POST_PROCESSING.NMS_CONFIG.NMS_THRESH: 0.01
2026-05-12 18:51:00,774   INFO  cfg.MODEL.POST_PROCESSING.NMS_CONFIG.NMS_PRE_MAXSIZE: 4096
2026-05-12 18:51:00,774   INFO  cfg.MODEL.POST_PROCESSING.NMS_CONFIG.NMS_POST_MAXSIZE: 500
2026-05-12 18:51:00,775   INFO  ----------- OPTIMIZATION -----------
2026-05-12 18:51:00,775   INFO  cfg.OPTIMIZATION.BATCH_SIZE_PER_GPU: 4
2026-05-12 18:51:00,775   INFO  cfg.OPTIMIZATION.NUM_EPOCHS: 40
2026-05-12 18:51:00,775   INFO  cfg.OPTIMIZATION.OPTIMIZER: adam_onecycle
2026-05-12 18:51:00,775   INFO  cfg.OPTIMIZATION.LR: 0.0003
2026-05-12 18:51:00,775   INFO  cfg.OPTIMIZATION.WEIGHT_DECAY: 0.01
2026-05-12 18:51:00,775   INFO  cfg.OPTIMIZATION.MOMENTUM: 0.9
2026-05-12 18:51:00,775   INFO  cfg.OPTIMIZATION.MOMS: [0.95, 0.85]
2026-05-12 18:51:00,775   INFO  cfg.OPTIMIZATION.PCT_START: 0.2
2026-05-12 18:51:00,775   INFO  cfg.OPTIMIZATION.DIV_FACTOR: 10
2026-05-12 18:51:00,775   INFO  cfg.OPTIMIZATION.DECAY_STEP_LIST: [25, 35]
2026-05-12 18:51:00,775   INFO  cfg.OPTIMIZATION.LR_DECAY: 0.1
2026-05-12 18:51:00,775   INFO  cfg.OPTIMIZATION.LR_CLIP: 1e-07
2026-05-12 18:51:00,775   INFO  cfg.OPTIMIZATION.LR_WARMUP: False
2026-05-12 18:51:00,775   INFO  cfg.OPTIMIZATION.WARMUP_EPOCH: 1
2026-05-12 18:51:00,775   INFO  cfg.OPTIMIZATION.GRAD_NORM_CLIP: 10
2026-05-12 18:51:00,775   INFO  cfg.TAG: pointpillar_nuscenes
2026-05-12 18:51:00,775   INFO  cfg.EXP_GROUP_PATH: OpenPCDet/tools/cfgs/custom_models/pointpillar/default
2026-05-12 18:51:00,778   INFO  ----------- Create dataloader & network & optimizer -----------
2026-05-12 18:51:00,815   INFO  Database filter by min points car: 4082 => 3303
2026-05-12 18:51:00,815   INFO  Database filter by min points bicycle: 147 => 136
2026-05-12 18:51:00,816   INFO  Database filter by min points pedestrian: 3068 => 2799
2026-05-12 18:51:00,818   INFO  Loading NuScenes dataset
2026-05-12 18:51:00,833   INFO  Total samples for NuScenes dataset: 323
2026-05-12 18:51:00,836   INFO  Total samples after balanced resampling: 667
2026-05-12 18:51:01,911   INFO  Freezing 3D and 2D backbone parameters...
2026-05-12 18:51:01,913   INFO  ==> Loading parameters from checkpoint /OpenPCDet/pcdet/models/pth/pointpillar_7728.pth to GPU
2026-05-12 18:51:01,935   INFO  ==> Done (loaded 127/127)
2026-05-12 18:51:01,935   INFO  ----------- Model PointPillar created, param count: 4834888 -----------
2026-05-12 18:51:01,936   INFO  PointPillar(
  (vfe): PillarVFE(
    (pfn_layers): ModuleList(
      (0): PFNLayer(
        (linear): Linear(in_features=10, out_features=64, bias=False)
        (norm): BatchNorm1d(64, eps=0.001, momentum=0.01, affine=True, track_running_stats=True)
      )
    )
  )
  (backbone_3d): None
  (map_to_bev_module): PointPillarScatter()
  (pfe): None
  (backbone_2d): BaseBEVBackbone(
    (blocks): ModuleList(
      (0): Sequential(
        (0): ZeroPad2d((1, 1, 1, 1))
        (1): Conv2d(64, 64, kernel_size=(3, 3), stride=(2, 2), bias=False)
        (2): BatchNorm2d(64, eps=0.001, momentum=0.01, affine=True, track_running_stats=True)
        (3): ReLU()
        (4): Conv2d(64, 64, kernel_size=(3, 3), stride=(1, 1), padding=(1, 1), bias=False)
        (5): BatchNorm2d(64, eps=0.001, momentum=0.01, affine=True, track_running_stats=True)
        (6): ReLU()
        (7): Conv2d(64, 64, kernel_size=(3, 3), stride=(1, 1), padding=(1, 1), bias=False)
        (8): BatchNorm2d(64, eps=0.001, momentum=0.01, affine=True, track_running_stats=True)
        (9): ReLU()
        (10): Conv2d(64, 64, kernel_size=(3, 3), stride=(1, 1), padding=(1, 1), bias=False)
        (11): BatchNorm2d(64, eps=0.001, momentum=0.01, affine=True, track_running_stats=True)
        (12): ReLU()
      )
      (1): Sequential(
        (0): ZeroPad2d((1, 1, 1, 1))
        (1): Conv2d(64, 128, kernel_size=(3, 3), stride=(2, 2), bias=False)
        (2): BatchNorm2d(128, eps=0.001, momentum=0.01, affine=True, track_running_stats=True)
        (3): ReLU()
        (4): Conv2d(128, 128, kernel_size=(3, 3), stride=(1, 1), padding=(1, 1), bias=False)
        (5): BatchNorm2d(128, eps=0.001, momentum=0.01, affine=True, track_running_stats=True)
        (6): ReLU()
        (7): Conv2d(128, 128, kernel_size=(3, 3), stride=(1, 1), padding=(1, 1), bias=False)
        (8): BatchNorm2d(128, eps=0.001, momentum=0.01, affine=True, track_running_stats=True)
        (9): ReLU()
        (10): Conv2d(128, 128, kernel_size=(3, 3), stride=(1, 1), padding=(1, 1), bias=False)
        (11): BatchNorm2d(128, eps=0.001, momentum=0.01, affine=True, track_running_stats=True)
        (12): ReLU()
        (13): Conv2d(128, 128, kernel_size=(3, 3), stride=(1, 1), padding=(1, 1), bias=False)
        (14): BatchNorm2d(128, eps=0.001, momentum=0.01, affine=True, track_running_stats=True)
        (15): ReLU()
        (16): Conv2d(128, 128, kernel_size=(3, 3), stride=(1, 1), padding=(1, 1), bias=False)
        (17): BatchNorm2d(128, eps=0.001, momentum=0.01, affine=True, track_running_stats=True)
        (18): ReLU()
      )
      (2): Sequential(
        (0): ZeroPad2d((1, 1, 1, 1))
        (1): Conv2d(128, 256, kernel_size=(3, 3), stride=(2, 2), bias=False)
        (2): BatchNorm2d(256, eps=0.001, momentum=0.01, affine=True, track_running_stats=True)
        (3): ReLU()
        (4): Conv2d(256, 256, kernel_size=(3, 3), stride=(1, 1), padding=(1, 1), bias=False)
        (5): BatchNorm2d(256, eps=0.001, momentum=0.01, affine=True, track_running_stats=True)
        (6): ReLU()
        (7): Conv2d(256, 256, kernel_size=(3, 3), stride=(1, 1), padding=(1, 1), bias=False)
        (8): BatchNorm2d(256, eps=0.001, momentum=0.01, affine=True, track_running_stats=True)
        (9): ReLU()
        (10): Conv2d(256, 256, kernel_size=(3, 3), stride=(1, 1), padding=(1, 1), bias=False)
        (11): BatchNorm2d(256, eps=0.001, momentum=0.01, affine=True, track_running_stats=True)
        (12): ReLU()
        (13): Conv2d(256, 256, kernel_size=(3, 3), stride=(1, 1), padding=(1, 1), bias=False)
        (14): BatchNorm2d(256, eps=0.001, momentum=0.01, affine=True, track_running_stats=True)
        (15): ReLU()
        (16): Conv2d(256, 256, kernel_size=(3, 3), stride=(1, 1), padding=(1, 1), bias=False)
        (17): BatchNorm2d(256, eps=0.001, momentum=0.01, affine=True, track_running_stats=True)
        (18): ReLU()
      )
    )
    (deblocks): ModuleList(
      (0): Sequential(
        (0): ConvTranspose2d(64, 128, kernel_size=(1, 1), stride=(1, 1), bias=False)
        (1): BatchNorm2d(128, eps=0.001, momentum=0.01, affine=True, track_running_stats=True)
        (2): ReLU()
      )
      (1): Sequential(
        (0): ConvTranspose2d(128, 128, kernel_size=(2, 2), stride=(2, 2), bias=False)
        (1): BatchNorm2d(128, eps=0.001, momentum=0.01, affine=True, track_running_stats=True)
        (2): ReLU()
      )
      (2): Sequential(
        (0): ConvTranspose2d(256, 128, kernel_size=(4, 4), stride=(4, 4), bias=False)
        (1): BatchNorm2d(128, eps=0.001, momentum=0.01, affine=True, track_running_stats=True)
        (2): ReLU()
      )
    )
  )
  (dense_head): AnchorHeadSingle(
    (cls_loss_func): SigmoidFocalClassificationLoss()
    (reg_loss_func): WeightedSmoothL1Loss()
    (dir_loss_func): WeightedCrossEntropyLoss()
    (conv_cls): Conv2d(384, 18, kernel_size=(1, 1), stride=(1, 1))
    (conv_box): Conv2d(384, 42, kernel_size=(1, 1), stride=(1, 1))
    (conv_dir_cls): Conv2d(384, 12, kernel_size=(1, 1), stride=(1, 1))
  )
  (point_head): None
  (roi_head): None
)
2026-05-12 18:51:01,936   INFO  **********************Start training OpenPCDet/tools/cfgs/custom_models/pointpillar/default/pointpillar_nuscenes(frozen_backbone_0)**********************
2026-05-12 18:51:05,158   INFO  Train:    1/40 (  2%) [   0/167 (  0%)]  Loss: 0.6743 (0.674)  LR: 3.000e-05  Time cost: 00:02/07:48 [00:03/5:12:36]  Acc_iter 1           Data time: 0.65(0.65)  Forward time: 2.15(2.15)  Batch time: 2.81(2.81)
2026-05-12 18:51:09,271   INFO  Train:    1/40 (  2%) [  49/167 ( 29%)]  Loss: 0.9166 (1.07)  LR: 3.090e-05  Time cost: 00:06/00:16 [00:07/15:17]  Acc_iter 50          Data time: 0.01(0.02)  Forward time: 0.08(0.12)  Batch time: 0.08(0.14)
2026-05-12 18:51:13,293   INFO  Train:    1/40 (  2%) [  99/167 ( 59%)]  Loss: 0.6646 (1.04)  LR: 3.364e-05  Time cost: 00:10/00:07 [00:11/12:00]  Acc_iter 100         Data time: 0.01(0.02)  Forward time: 0.08(0.09)  Batch time: 0.09(0.11)
2026-05-12 18:51:17,335   INFO  Train:    1/40 (  2%) [ 149/167 ( 89%)]  Loss: 1.284 (0.966)  LR: 3.820e-05  Time cost: 00:14/00:01 [00:15/10:52]  Acc_iter 150         Data time: 0.01(0.01)  Forward time: 0.07(0.09)  Batch time: 0.08(0.10)
2026-05-12 18:51:17,681   INFO  a1e06a0b30c0                Tue May 12 18:51:17 2026  580.142
[0] NVIDIA GeForce RTX 3070 | 55°C,  65 % |  5295 /  8192 MB | root(4380M)

2026-05-12 18:51:18,879   INFO  Train:    1/40 (  2%) [ 166/167 ( 99%)]  Loss: 1.147 (0.959)  LR: 4.016e-05  Time cost: 00:16/00:00 [00:16/10:44]  Acc_iter 167         Data time: 0.01(0.02)  Forward time: 0.04(0.08)  Batch time: 0.05(0.10)
2026-05-12 18:51:19,750   INFO  Train:    2/40 (  5%) [   0/167 (  0%)]  Loss: 0.3498 (0.350)  LR: 4.028e-05  Time cost: 00:00/01:44 [00:17/1:07:49]  Acc_iter 168         Data time: 0.52(0.52)  Forward time: 0.10(0.10)  Batch time: 0.62(0.62)
2026-05-12 18:51:22,287   INFO  Train:    2/40 (  5%) [  32/167 ( 19%)]  Loss: 1.233 (0.849)  LR: 4.451e-05  Time cost: 00:03/00:12 [00:20/10:20]  Acc_iter 200         Data time: 0.01(0.02)  Forward time: 0.06(0.07)  Batch time: 0.07(0.10)
2026-05-12 18:51:26,339   INFO  Train:    2/40 (  5%) [  82/167 ( 49%)]  Loss: 0.7669 (0.839)  LR: 5.249e-05  Time cost: 00:07/00:07 [00:24/09:18]  Acc_iter 250         Data time: 0.00(0.02)  Forward time: 0.05(0.07)  Batch time: 0.06(0.09)
2026-05-12 18:51:30,278   INFO  Train:    2/40 (  5%) [ 132/167 ( 79%)]  Loss: 0.6292 (0.796)  LR: 6.202e-05  Time cost: 00:11/00:02 [00:28/08:55]  Acc_iter 300         Data time: 0.01(0.01)  Forward time: 0.06(0.07)  Batch time: 0.07(0.08)
2026-05-12 18:51:30,613   INFO  a1e06a0b30c0                Tue May 12 18:51:30 2026  580.142
[0] NVIDIA GeForce RTX 3070 | 55°C,  65 % |  6951 /  8192 MB | root(6036M)

2026-05-12 18:51:33,111   INFO  Train:    2/40 (  5%) [ 166/167 ( 99%)]  Loss: 0.3447 (0.768)  LR: 6.932e-05  Time cost: 00:13/00:00 [00:31/08:51]  Acc_iter 334         Data time: 0.01(0.01)  Forward time: 0.04(0.07)  Batch time: 0.05(0.08)
2026-05-12 18:51:33,926   INFO  Train:    3/40 (  8%) [   0/167 (  0%)]  Loss: 0.4904 (0.490)  LR: 6.954e-05  Time cost: 00:00/01:26 [00:31/54:44]  Acc_iter 335         Data time: 0.35(0.35)  Forward time: 0.17(0.17)  Batch time: 0.52(0.52)
2026-05-12 18:51:35,317   INFO  Train:    3/40 (  8%) [  15/167 (  9%)]  Loss: 0.5603 (0.578)  LR: 7.297e-05  Time cost: 00:01/00:18 [00:33/12:35]  Acc_iter 350         Data time: 0.01(0.03)  Forward time: 0.07(0.09)  Batch time: 0.08(0.12)
2026-05-12 18:51:39,280   INFO  Train:    3/40 (  8%) [  65/167 ( 39%)]  Loss: 0.7065 (0.588)  LR: 8.519e-05  Time cost: 00:05/00:09 [00:37/09:18]  Acc_iter 400         Data time: 0.01(0.01)  Forward time: 0.06(0.07)  Batch time: 0.07(0.09)
2026-05-12 18:51:43,315   INFO  Train:    3/40 (  8%) [ 115/167 ( 69%)]  Loss: 0.7329 (0.563)  LR: 9.851e-05  Time cost: 00:09/00:04 [00:41/08:52]  Acc_iter 450         Data time: 0.01(0.01)  Forward time: 0.10(0.07)  Batch time: 0.11(0.09)
2026-05-12 18:51:43,639   INFO  a1e06a0b30c0                Tue May 12 18:51:43 2026  580.142
[0] NVIDIA GeForce RTX 3070 | 55°C,  73 % |  6951 /  8192 MB | root(6036M)

2026-05-12 18:51:47,586   INFO  Train:    3/40 (  8%) [ 165/167 ( 99%)]  Loss: 0.3972 (0.550)  LR: 1.128e-04  Time cost: 00:14/00:00 [00:45/08:47]  Acc_iter 500         Data time: 0.01(0.01)  Forward time: 0.05(0.07)  Batch time: 0.06(0.09)
2026-05-12 18:51:47,635   INFO  Train:    3/40 (  8%) [ 166/167 ( 99%)]  Loss: 0.3511 (0.549)  LR: 1.130e-04  Time cost: 00:14/00:00 [00:45/08:46]  Acc_iter 501         Data time: 0.01(0.01)  Forward time: 0.04(0.07)  Batch time: 0.05(0.09)
2026-05-12 18:51:48,419   INFO  Train:    4/40 ( 10%) [   0/167 (  0%)]  Loss: 0.3792 (0.379)  LR: 1.133e-04  Time cost: 00:00/01:22 [00:46/50:50]  Acc_iter 502         Data time: 0.32(0.32)  Forward time: 0.17(0.17)  Batch time: 0.49(0.49)
2026-05-12 18:51:52,345   INFO  Train:    4/40 ( 10%) [  48/167 ( 29%)]  Loss: 0.4840 (0.458)  LR: 1.277e-04  Time cost: 00:04/00:10 [00:50/09:13]  Acc_iter 550         Data time: 0.01(0.02)  Forward time: 0.06(0.07)  Batch time: 0.07(0.09)
2026-05-12 18:51:56,299   INFO  Train:    4/40 ( 10%) [  98/167 ( 59%)]  Loss: 0.2227 (0.401)  LR: 1.432e-04  Time cost: 00:08/00:05 [00:54/08:34]  Acc_iter 600         Data time: 0.01(0.01)  Forward time: 0.07(0.07)  Batch time: 0.08(0.08)
2026-05-12 18:51:56,640   INFO  a1e06a0b30c0                Tue May 12 18:51:56 2026  580.142
[0] NVIDIA GeForce RTX 3070 | 55°C,  68 % |  4213 /  8192 MB | root(3298M)

2026-05-12 18:52:00,511   INFO  Train:    4/40 ( 10%) [ 148/167 ( 89%)]  Loss: 0.2303 (0.369)  LR: 1.590e-04  Time cost: 00:12/00:01 [00:58/08:29]  Acc_iter 650         Data time: 0.01(0.01)  Forward time: 0.06(0.07)  Batch time: 0.07(0.08)
2026-05-12 18:52:01,775   INFO  Train:    4/40 ( 10%) [ 166/167 ( 99%)]  Loss: 0.3867 (0.358)  LR: 1.647e-04  Time cost: 00:13/00:00 [00:59/08:18]  Acc_iter 668         Data time: 0.01(0.01)  Forward time: 0.04(0.07)  Batch time: 0.05(0.08)
2026-05-12 18:52:02,679   INFO  Train:    5/40 ( 12%) [   0/167 (  0%)]  Loss: 0.1236 (0.124)  LR: 1.650e-04  Time cost: 00:00/01:42 [01:00/1:01:17]  Acc_iter 669         Data time: 0.45(0.45)  Forward time: 0.16(0.16)  Batch time: 0.61(0.61)
2026-05-12 18:52:05,271   INFO  Train:    5/40 ( 12%) [  31/167 ( 19%)]  Loss: 0.1135 (0.226)  LR: 1.748e-04  Time cost: 00:03/00:13 [01:03/09:58]  Acc_iter 700         Data time: 0.01(0.02)  Forward time: 0.08(0.08)  Batch time: 0.09(0.10)
2026-05-12 18:52:09,333   INFO  Train:    5/40 ( 12%) [  81/167 ( 49%)]  Loss: 0.2494 (0.224)  LR: 1.906e-04  Time cost: 00:07/00:07 [01:07/08:45]  Acc_iter 750         Data time: 0.01(0.01)  Forward time: 0.08(0.07)  Batch time: 0.09(0.09)
2026-05-12 18:52:09,676   INFO  a1e06a0b30c0                Tue May 12 18:52:09 2026  580.142
[0] NVIDIA GeForce RTX 3070 | 54°C,  68 % |  4213 /  8192 MB | root(3298M)

2026-05-12 18:52:13,523   INFO  Train:    5/40 ( 12%) [ 131/167 ( 78%)]  Loss: 0.05152 (0.206)  LR: 2.059e-04  Time cost: 00:11/00:03 [01:11/08:30]  Acc_iter 800         Data time: 0.01(0.02)  Forward time: 0.05(0.07)  Batch time: 0.06(0.09)
2026-05-12 18:52:16,149   INFO  Train:    5/40 ( 12%) [ 166/167 ( 99%)]  Loss: 0.04800 (0.200)  LR: 2.164e-04  Time cost: 00:14/00:00 [01:14/08:12]  Acc_iter 835         Data time: 0.02(0.01)  Forward time: 0.04(0.07)  Batch time: 0.06(0.08)
2026-05-12 18:52:17,022   INFO  Train:    6/40 ( 15%) [   0/167 (  0%)]  Loss: 0.1231 (0.123)  LR: 2.167e-04  Time cost: 00:00/01:36 [01:15/56:30]  Acc_iter 836         Data time: 0.45(0.45)  Forward time: 0.13(0.13)  Batch time: 0.58(0.58)
2026-05-12 18:52:18,146   INFO  Train:    6/40 ( 15%) [  14/167 (  8%)]  Loss: 0.07322 (0.130)  LR: 2.207e-04  Time cost: 00:01/00:17 [01:16/11:02]  Acc_iter 850         Data time: 0.01(0.04)  Forward time: 0.06(0.08)  Batch time: 0.07(0.11)
2026-05-12 18:52:22,093   INFO  Train:    6/40 ( 15%) [  64/167 ( 38%)]  Loss: 0.06148 (0.119)  LR: 2.348e-04  Time cost: 00:05/00:08 [01:20/08:22]  Acc_iter 900         Data time: 0.01(0.02)  Forward time: 0.07(0.07)  Batch time: 0.08(0.09)
2026-05-12 18:52:22,436   INFO  a1e06a0b30c0                Tue May 12 18:52:22 2026  580.142
[0] NVIDIA GeForce RTX 3070 | 53°C,  22 % |  5073 /  8192 MB | root(4158M)

2026-05-12 18:52:26,396   INFO  Train:    6/40 ( 15%) [ 114/167 ( 68%)]  Loss: 0.04934 (0.119)  LR: 2.479e-04  Time cost: 00:09/00:04 [01:24/08:16]  Acc_iter 950         Data time: 0.01(0.02)  Forward time: 0.07(0.07)  Batch time: 0.08(0.09)
2026-05-12 18:52:30,177   INFO  Train:    6/40 ( 15%) [ 164/167 ( 98%)]  Loss: 0.06371 (0.110)  LR: 2.598e-04  Time cost: 00:13/00:00 [01:28/07:52]  Acc_iter 1000        Data time: 0.01(0.01)  Forward time: 0.05(0.07)  Batch time: 0.06(0.08)
2026-05-12 18:52:30,294   INFO  Train:    6/40 ( 15%) [ 166/167 ( 99%)]  Loss: 0.1056 (0.109)  LR: 2.602e-04  Time cost: 00:13/00:00 [01:28/07:51]  Acc_iter 1002        Data time: 0.01(0.01)  Forward time: 0.04(0.07)  Batch time: 0.05(0.08)
2026-05-12 18:52:31,108   INFO  Train:    7/40 ( 18%) [   0/167 (  0%)]  Loss: 0.03922 (0.0392)  LR: 2.605e-04  Time cost: 00:00/01:25 [01:29/48:31]  Acc_iter 1003        Data time: 0.33(0.33)  Forward time: 0.18(0.18)  Batch time: 0.51(0.51)
2026-05-12 18:52:34,858   INFO  Train:    7/40 ( 18%) [  47/167 ( 28%)]  Loss: 0.07710 (0.0647)  LR: 2.704e-04  Time cost: 00:04/00:10 [01:32/08:20]  Acc_iter 1050        Data time: 0.01(0.02)  Forward time: 0.06(0.07)  Batch time: 0.07(0.09)
2026-05-12 18:52:35,186   INFO  a1e06a0b30c0                Tue May 12 18:52:35 2026  580.142
[0] NVIDIA GeForce RTX 3070 | 55°C,  75 % |  5073 /  8192 MB | root(4158M)

2026-05-12 18:52:39,049   INFO  Train:    7/40 ( 18%) [  97/167 ( 58%)]  Loss: 0.04581 (0.0628)  LR: 2.796e-04  Time cost: 00:08/00:06 [01:37/08:01]  Acc_iter 1100        Data time: 0.01(0.02)  Forward time: 0.07(0.07)  Batch time: 0.08(0.09)
2026-05-12 18:52:42,822   INFO  Train:    7/40 ( 18%) [ 147/167 ( 88%)]  Loss: 0.02465 (0.0543)  LR: 2.872e-04  Time cost: 00:12/00:01 [01:40/07:36]  Acc_iter 1150        Data time: 0.01(0.01)  Forward time: 0.08(0.07)  Batch time: 0.09(0.08)
2026-05-12 18:52:44,131   INFO  Train:    7/40 ( 18%) [ 166/167 ( 99%)]  Loss: 0.02038 (0.0541)  LR: 2.896e-04  Time cost: 00:13/00:00 [01:42/07:26]  Acc_iter 1169        Data time: 0.01(0.01)  Forward time: 0.04(0.07)  Batch time: 0.05(0.08)
2026-05-12 18:52:45,004   INFO  Train:    8/40 ( 20%) [   0/167 (  0%)]  Loss: 0.09003 (0.0900)  LR: 2.897e-04  Time cost: 00:00/01:35 [01:43/52:27]  Acc_iter 1170        Data time: 0.49(0.49)  Forward time: 0.08(0.08)  Batch time: 0.57(0.57)
2026-05-12 18:52:47,414   INFO  Train:    8/40 ( 20%) [  30/167 ( 18%)]  Loss: 0.02788 (0.0371)  LR: 2.931e-04  Time cost: 00:02/00:13 [01:45/08:47]  Acc_iter 1200        Data time: 0.01(0.02)  Forward time: 0.08(0.07)  Batch time: 0.09(0.10)
2026-05-12 18:52:47,745   INFO  a1e06a0b30c0                Tue May 12 18:52:47 2026  580.142
[0] NVIDIA GeForce RTX 3070 | 55°C,  72 % |  5073 /  8192 MB | root(4158M)

2026-05-12 18:52:51,758   INFO  Train:    8/40 ( 20%) [  80/167 ( 48%)]  Loss: 0.01613 (0.0314)  LR: 2.972e-04  Time cost: 00:07/00:07 [01:49/08:11]  Acc_iter 1250        Data time: 0.02(0.02)  Forward time: 0.06(0.07)  Batch time: 0.08(0.09)
2026-05-12 18:52:55,840   INFO  Train:    8/40 ( 20%) [ 130/167 ( 78%)]  Loss: 0.007484 (0.0288)  LR: 2.995e-04  Time cost: 00:11/00:03 [01:53/07:48]  Acc_iter 1300        Data time: 0.01(0.02)  Forward time: 0.06(0.07)  Batch time: 0.07(0.09)
2026-05-12 18:52:58,545   INFO  Train:    8/40 ( 20%) [ 166/167 ( 99%)]  Loss: 0.01361 (0.0276)  LR: 3.000e-04  Time cost: 00:14/00:00 [01:56/07:31]  Acc_iter 1336        Data time: 0.01(0.01)  Forward time: 0.04(0.07)  Batch time: 0.05(0.08)
2026-05-12 18:52:59,262   INFO  Train:    9/40 ( 22%) [   0/167 (  0%)]  Loss: 0.01485 (0.0149)  LR: 3.000e-04  Time cost: 00:00/01:11 [01:57/38:14]  Acc_iter 1337        Data time: 0.28(0.28)  Forward time: 0.15(0.15)  Batch time: 0.43(0.43)
2026-05-12 18:53:00,485   INFO  Train:    9/40 ( 22%) [  13/167 (  8%)]  Loss: 0.01392 (0.0124)  LR: 3.000e-04  Time cost: 00:01/00:18 [01:58/10:29]  Acc_iter 1350        Data time: 0.01(0.04)  Forward time: 0.07(0.08)  Batch time: 0.08(0.12)
2026-05-12 18:53:00,829   INFO  a1e06a0b30c0                Tue May 12 18:53:00 2026  580.142
[0] NVIDIA GeForce RTX 3070 | 54°C,  70 % |  5074 /  8192 MB | root(4158M)

2026-05-12 18:53:04,857   INFO  Train:    9/40 ( 22%) [  63/167 ( 38%)]  Loss: 0.007108 (0.0176)  LR: 2.999e-04  Time cost: 00:06/00:09 [02:02/08:17]  Acc_iter 1400        Data time: 0.01(0.02)  Forward time: 0.07(0.07)  Batch time: 0.08(0.09)
2026-05-12 18:53:08,910   INFO  Train:    9/40 ( 22%) [ 113/167 ( 68%)]  Loss: 0.008327 (0.0154)  LR: 2.997e-04  Time cost: 00:10/00:04 [02:06/07:42]  Acc_iter 1450        Data time: 0.01(0.02)  Forward time: 0.06(0.07)  Batch time: 0.07(0.09)
2026-05-12 18:53:12,832   INFO  Train:    9/40 ( 22%) [ 163/167 ( 98%)]  Loss: 0.002984 (0.0143)  LR: 2.993e-04  Time cost: 00:13/00:00 [02:10/07:22]  Acc_iter 1500        Data time: 0.01(0.01)  Forward time: 0.05(0.07)  Batch time: 0.06(0.09)
2026-05-12 18:53:13,161   INFO  a1e06a0b30c0                Tue May 12 18:53:13 2026  580.142
[0] NVIDIA GeForce RTX 3070 | 55°C,  76 % |  5073 /  8192 MB | root(4158M)

2026-05-12 18:53:13,339   INFO  Train:    9/40 ( 22%) [ 166/167 ( 99%)]  Loss: 0.005570 (0.0141)  LR: 2.993e-04  Time cost: 00:14/00:00 [02:11/07:29]  Acc_iter 1503        Data time: 0.01(0.02)  Forward time: 0.04(0.07)  Batch time: 0.05(0.09)
2026-05-12 18:53:14,212   INFO  Train:   10/40 ( 25%) [   0/167 (  0%)]  Loss: 0.008068 (0.00807)  LR: 2.993e-04  Time cost: 00:00/01:38 [02:12/51:00]  Acc_iter 1504        Data time: 0.40(0.40)  Forward time: 0.18(0.18)  Batch time: 0.58(0.58)
2026-05-12 18:53:17,996   INFO  Train:   10/40 ( 25%) [  46/167 ( 28%)]  Loss: 0.01198 (0.0115)  LR: 2.988e-04  Time cost: 00:04/00:11 [02:16/07:57]  Acc_iter 1550        Data time: 0.01(0.02)  Forward time: 0.05(0.08)  Batch time: 0.06(0.09)
2026-05-12 18:53:22,005   INFO  Train:   10/40 ( 25%) [  96/167 ( 57%)]  Loss: 0.005239 (0.00949)  LR: 2.982e-04  Time cost: 00:08/00:06 [02:20/07:19]  Acc_iter 1600        Data time: 0.01(0.01)  Forward time: 0.09(0.07)  Batch time: 0.10(0.09)
2026-05-12 18:53:25,886   INFO  Train:   10/40 ( 25%) [ 146/167 ( 87%)]  Loss: 0.002654 (0.00841)  LR: 2.975e-04  Time cost: 00:12/00:01 [02:23/06:59]  Acc_iter 1650        Data time: 0.01(0.01)  Forward time: 0.07(0.07)  Batch time: 0.08(0.08)
2026-05-12 18:53:26,225   INFO  a1e06a0b30c0                Tue May 12 18:53:26 2026  580.142
[0] NVIDIA GeForce RTX 3070 | 55°C,  67 % |  5945 /  8192 MB | root(5030M)

2026-05-12 18:53:27,701   INFO  Train:   10/40 ( 25%) [ 166/167 ( 99%)]  Loss: 0.002240 (0.00794)  LR: 2.971e-04  Time cost: 00:14/00:00 [02:25/07:02]  Acc_iter 1670        Data time: 0.01(0.01)  Forward time: 0.04(0.07)  Batch time: 0.05(0.08)
2026-05-12 18:53:28,603   INFO  Train:   11/40 ( 28%) [   0/167 (  0%)]  Loss: 0.004802 (0.00480)  LR: 2.971e-04  Time cost: 00:00/01:44 [02:26/52:04]  Acc_iter 1671        Data time: 0.49(0.49)  Forward time: 0.13(0.13)  Batch time: 0.62(0.62)
2026-05-12 18:53:31,018   INFO  Train:   11/40 ( 28%) [  29/167 ( 17%)]  Loss: 0.003829 (0.00487)  LR: 2.966e-04  Time cost: 00:03/00:13 [02:29/08:24]  Acc_iter 1700        Data time: 0.01(0.03)  Forward time: 0.09(0.08)  Batch time: 0.10(0.10)
2026-05-12 18:53:35,077   INFO  Train:   11/40 ( 28%) [  79/167 ( 47%)]  Loss: 0.001534 (0.00468)  LR: 2.956e-04  Time cost: 00:07/00:07 [02:33/07:17]  Acc_iter 1750        Data time: 0.01(0.01)  Forward time: 0.10(0.07)  Batch time: 0.11(0.09)
2026-05-12 18:53:38,982   INFO  Train:   11/40 ( 28%) [ 129/167 ( 77%)]  Loss: 0.002036 (0.00437)  LR: 2.945e-04  Time cost: 00:11/00:03 [02:37/06:53]  Acc_iter 1800        Data time: 0.01(0.01)  Forward time: 0.06(0.07)  Batch time: 0.07(0.08)
2026-05-12 18:53:39,324   INFO  a1e06a0b30c0                Tue May 12 18:53:39 2026  580.142
[0] NVIDIA GeForce RTX 3070 | 55°C,  76 % |  5945 /  8192 MB | root(5030M)

2026-05-12 18:53:42,129   INFO  Train:   11/40 ( 28%) [ 166/167 ( 99%)]  Loss: 0.0005738 (0.00417)  LR: 2.936e-04  Time cost: 00:14/00:00 [02:40/06:50]  Acc_iter 1837        Data time: 0.01(0.01)  Forward time: 0.04(0.07)  Batch time: 0.05(0.08)
2026-05-12 18:53:43,030   INFO  Train:   12/40 ( 30%) [   0/167 (  0%)]  Loss: 0.002164 (0.00216)  LR: 2.935e-04  Time cost: 00:00/01:40 [02:41/48:35]  Acc_iter 1838        Data time: 0.50(0.50)  Forward time: 0.10(0.10)  Batch time: 0.60(0.60)
2026-05-12 18:53:43,999   INFO  Train:   12/40 ( 30%) [  12/167 (  7%)]  Loss: 0.006563 (0.00206)  LR: 2.932e-04  Time cost: 00:01/00:18 [02:42/09:44]  Acc_iter 1850        Data time: 0.01(0.05)  Forward time: 0.07(0.07)  Batch time: 0.08(0.12)
2026-05-12 18:53:47,922   INFO  Train:   12/40 ( 30%) [  62/167 ( 37%)]  Loss: 0.0008051 (0.00314)  LR: 2.919e-04  Time cost: 00:05/00:09 [02:45/06:56]  Acc_iter 1900        Data time: 0.01(0.02)  Forward time: 0.06(0.07)  Batch time: 0.07(0.09)
2026-05-12 18:53:51,881   INFO  Train:   12/40 ( 30%) [ 112/167 ( 67%)]  Loss: 0.004494 (0.00268)  LR: 2.904e-04  Time cost: 00:09/00:04 [02:49/06:35]  Acc_iter 1950        Data time: 0.01(0.01)  Forward time: 0.07(0.07)  Batch time: 0.08(0.08)
2026-05-12 18:53:52,212   INFO  a1e06a0b30c0                Tue May 12 18:53:52 2026  580.142
[0] NVIDIA GeForce RTX 3070 | 55°C,  72 % |  5945 /  8192 MB | root(5030M)

2026-05-12 18:53:56,012   INFO  Train:   12/40 ( 30%) [ 162/167 ( 97%)]  Loss: 0.0004176 (0.00267)  LR: 2.888e-04  Time cost: 00:13/00:00 [02:54/06:30]  Acc_iter 2000        Data time: 0.01(0.01)  Forward time: 0.05(0.07)  Batch time: 0.06(0.08)
2026-05-12 18:53:56,243   INFO  Train:   12/40 ( 30%) [ 166/167 ( 99%)]  Loss: 0.0003210 (0.00263)  LR: 2.886e-04  Time cost: 00:13/00:00 [02:54/06:26]  Acc_iter 2004        Data time: 0.01(0.01)  Forward time: 0.04(0.07)  Batch time: 0.05(0.08)
2026-05-12 18:53:56,975   INFO  Train:   13/40 ( 32%) [   0/167 (  0%)]  Loss: 0.006564 (0.00656)  LR: 2.886e-04  Time cost: 00:00/01:11 [02:55/33:08]  Acc_iter 2005        Data time: 0.31(0.31)  Forward time: 0.12(0.12)  Batch time: 0.42(0.42)
2026-05-12 18:54:00,808   INFO  Train:   13/40 ( 32%) [  45/167 ( 27%)]  Loss: 0.0005634 (0.00149)  LR: 2.870e-04  Time cost: 00:04/00:11 [02:58/07:08]  Acc_iter 2050        Data time: 0.01(0.02)  Forward time: 0.07(0.08)  Batch time: 0.08(0.09)
2026-05-12 18:54:04,765   INFO  Train:   13/40 ( 32%) [  95/167 ( 57%)]  Loss: 0.0009995 (0.00137)  LR: 2.852e-04  Time cost: 00:08/00:06 [03:02/06:32]  Acc_iter 2100        Data time: 0.01(0.01)  Forward time: 0.06(0.07)  Batch time: 0.07(0.09)
2026-05-12 18:54:05,112   INFO  a1e06a0b30c0                Tue May 12 18:54:05 2026  580.142
[0] NVIDIA GeForce RTX 3070 | 55°C,  78 % |  5945 /  8192 MB | root(5030M)

2026-05-12 18:54:09,074   INFO  Train:   13/40 ( 32%) [ 145/167 ( 87%)]  Loss: 0.001475 (0.00131)  LR: 2.832e-04  Time cost: 00:12/00:01 [03:07/06:28]  Acc_iter 2150        Data time: 0.01(0.01)  Forward time: 0.07(0.07)  Batch time: 0.08(0.09)
2026-05-12 18:54:10,595   INFO  Train:   13/40 ( 32%) [ 166/167 ( 99%)]  Loss: 0.0003276 (0.00128)  LR: 2.823e-04  Time cost: 00:14/00:00 [03:08/06:19]  Acc_iter 2171        Data time: 0.01(0.01)  Forward time: 0.04(0.07)  Batch time: 0.05(0.08)
2026-05-12 18:54:11,346   INFO  Train:   14/40 ( 35%) [   0/167 (  0%)]  Loss: 0.0004931 (0.000493)  LR: 2.823e-04  Time cost: 00:00/01:12 [03:09/32:46]  Acc_iter 2172        Data time: 0.32(0.32)  Forward time: 0.12(0.12)  Batch time: 0.44(0.44)
2026-05-12 18:54:13,743   INFO  Train:   14/40 ( 35%) [  28/167 ( 17%)]  Loss: 0.001424 (0.000815)  LR: 2.811e-04  Time cost: 00:02/00:13 [03:11/07:17]  Acc_iter 2200        Data time: 0.01(0.02)  Forward time: 0.07(0.08)  Batch time: 0.09(0.10)
2026-05-12 18:54:17,687   INFO  Train:   14/40 ( 35%) [  78/167 ( 47%)]  Loss: 0.0006260 (0.000781)  LR: 2.789e-04  Time cost: 00:06/00:07 [03:15/06:20]  Acc_iter 2250        Data time: 0.01(0.01)  Forward time: 0.07(0.07)  Batch time: 0.08(0.09)
2026-05-12 18:54:18,020   INFO  a1e06a0b30c0                Tue May 12 18:54:18 2026  580.142
[0] NVIDIA GeForce RTX 3070 | 55°C,  66 % |  5945 /  8192 MB | root(5030M)

2026-05-12 18:54:21,977   INFO  Train:   14/40 ( 35%) [ 128/167 ( 77%)]  Loss: 0.0003246 (0.000724)  LR: 2.766e-04  Time cost: 00:11/00:03 [03:20/06:15]  Acc_iter 2300        Data time: 0.02(0.01)  Forward time: 0.10(0.07)  Batch time: 0.12(0.09)
2026-05-12 18:54:24,817   INFO  Train:   14/40 ( 35%) [ 166/167 ( 99%)]  Loss: 0.0002157 (0.000718)  LR: 2.748e-04  Time cost: 00:13/00:00 [03:22/06:01]  Acc_iter 2338        Data time: 0.01(0.01)  Forward time: 0.04(0.07)  Batch time: 0.05(0.08)
2026-05-12 18:54:25,536   INFO  Train:   15/40 ( 38%) [   0/167 (  0%)]  Loss: 0.0003273 (0.000327)  LR: 2.747e-04  Time cost: 00:00/01:10 [03:23/30:38]  Acc_iter 2339        Data time: 0.32(0.32)  Forward time: 0.10(0.10)  Batch time: 0.42(0.42)
2026-05-12 18:54:26,592   INFO  Train:   15/40 ( 38%) [  11/167 (  7%)]  Loss: 0.0008405 (0.000741)  LR: 2.742e-04  Time cost: 00:01/00:19 [03:24/08:54]  Acc_iter 2350        Data time: 0.01(0.03)  Forward time: 0.07(0.09)  Batch time: 0.08(0.12)
2026-05-12 18:54:30,624   INFO  Train:   15/40 ( 38%) [  61/167 ( 37%)]  Loss: 0.0006108 (0.000587)  LR: 2.717e-04  Time cost: 00:05/00:09 [03:28/06:20]  Acc_iter 2400        Data time: 0.01(0.01)  Forward time: 0.09(0.07)  Batch time: 0.10(0.09)
2026-05-12 18:54:30,948   INFO  a1e06a0b30c0                Tue May 12 18:54:30 2026  580.142
[0] NVIDIA GeForce RTX 3070 | 54°C,  79 % |  5945 /  8192 MB | root(5030M)

2026-05-12 18:54:34,850   INFO  Train:   15/40 ( 38%) [ 111/167 ( 66%)]  Loss: 0.001210 (0.000533)  LR: 2.690e-04  Time cost: 00:09/00:04 [03:32/06:07]  Acc_iter 2450        Data time: 0.01(0.01)  Forward time: 0.08(0.07)  Batch time: 0.09(0.09)
2026-05-12 18:54:38,758   INFO  Train:   15/40 ( 38%) [ 161/167 ( 96%)]  Loss: 0.0004156 (0.000469)  LR: 2.663e-04  Time cost: 00:13/00:00 [03:36/05:52]  Acc_iter 2500        Data time: 0.01(0.01)  Forward time: 0.05(0.07)  Batch time: 0.06(0.08)
2026-05-12 18:54:39,060   INFO  Train:   15/40 ( 38%) [ 166/167 ( 99%)]  Loss: 0.0003117 (0.000470)  LR: 2.660e-04  Time cost: 00:13/00:00 [03:37/05:48]  Acc_iter 2505        Data time: 0.01(0.01)  Forward time: 0.04(0.07)  Batch time: 0.05(0.08)
2026-05-12 18:54:39,906   INFO  Train:   16/40 ( 40%) [   0/167 (  0%)]  Loss: 0.0001216 (0.000122)  LR: 2.660e-04  Time cost: 00:00/01:34 [03:37/39:31]  Acc_iter 2506        Data time: 0.40(0.40)  Forward time: 0.16(0.16)  Batch time: 0.57(0.57)
2026-05-12 18:54:43,312   INFO  Train:   16/40 ( 40%) [  44/167 ( 26%)]  Loss: 0.0002688 (0.000344)  LR: 2.635e-04  Time cost: 00:03/00:10 [03:41/06:04]  Acc_iter 2550        Data time: 0.01(0.02)  Forward time: 0.05(0.07)  Batch time: 0.06(0.09)
2026-05-12 18:54:43,634   INFO  a1e06a0b30c0                Tue May 12 18:54:43 2026  580.142
[0] NVIDIA GeForce RTX 3070 | 55°C,  64 % |  5945 /  8192 MB | root(5030M)

2026-05-12 18:54:47,559   INFO  Train:   16/40 ( 40%) [  94/167 ( 56%)]  Loss: 0.0002113 (0.000284)  LR: 2.605e-04  Time cost: 00:08/00:06 [03:45/05:53]  Acc_iter 2600        Data time: 0.01(0.02)  Forward time: 0.07(0.07)  Batch time: 0.08(0.09)
2026-05-12 18:54:51,645   INFO  Train:   16/40 ( 40%) [ 144/167 ( 86%)]  Loss: 9.957e-05 (0.000261)  LR: 2.575e-04  Time cost: 00:12/00:01 [03:49/05:42]  Acc_iter 2650        Data time: 0.01(0.01)  Forward time: 0.07(0.07)  Batch time: 0.08(0.08)
2026-05-12 18:54:53,332   INFO  Train:   16/40 ( 40%) [ 166/167 ( 99%)]  Loss: 3.851e-05 (0.000256)  LR: 2.561e-04  Time cost: 00:13/00:00 [03:51/05:35]  Acc_iter 2672        Data time: 0.01(0.01)  Forward time: 0.04(0.07)  Batch time: 0.05(0.08)
2026-05-12 18:54:54,046   INFO  Train:   17/40 ( 42%) [   0/167 (  0%)]  Loss: 0.0001005 (0.000100)  LR: 2.561e-04  Time cost: 00:00/01:11 [03:52/28:29]  Acc_iter 2673        Data time: 0.29(0.29)  Forward time: 0.13(0.13)  Batch time: 0.42(0.42)
2026-05-12 18:54:56,474   INFO  Train:   17/40 ( 42%) [  27/167 ( 16%)]  Loss: 0.0002342 (0.000199)  LR: 2.544e-04  Time cost: 00:02/00:14 [03:54/06:45]  Acc_iter 2700        Data time: 0.01(0.02)  Forward time: 0.06(0.08)  Batch time: 0.07(0.10)
2026-05-12 18:54:56,816   INFO  a1e06a0b30c0                Tue May 12 18:54:56 2026  580.142
[0] NVIDIA GeForce RTX 3070 | 55°C,  75 % |  5945 /  8192 MB | root(5030M)

2026-05-12 18:55:00,695   INFO  Train:   17/40 ( 42%) [  77/167 ( 46%)]  Loss: 0.0001155 (0.000216)  LR: 2.512e-04  Time cost: 00:07/00:08 [03:58/05:56]  Acc_iter 2750        Data time: 0.01(0.02)  Forward time: 0.06(0.07)  Batch time: 0.07(0.09)
2026-05-12 18:55:04,648   INFO  Train:   17/40 ( 42%) [ 127/167 ( 76%)]  Loss: 0.0006234 (0.000207)  LR: 2.479e-04  Time cost: 00:11/00:03 [04:02/05:34]  Acc_iter 2800        Data time: 0.01(0.01)  Forward time: 0.07(0.07)  Batch time: 0.08(0.09)
2026-05-12 18:55:07,565   INFO  Train:   17/40 ( 42%) [ 166/167 ( 99%)]  Loss: 0.0003801 (0.000191)  LR: 2.452e-04  Time cost: 00:13/00:00 [04:05/05:20]  Acc_iter 2839        Data time: 0.01(0.01)  Forward time: 0.04(0.07)  Batch time: 0.05(0.08)
2026-05-12 18:55:08,294   INFO  Train:   18/40 ( 45%) [   0/167 (  0%)]  Loss: 3.819e-05 (3.82e-05)  LR: 2.452e-04  Time cost: 00:00/01:10 [04:06/27:03]  Acc_iter 2840        Data time: 0.30(0.30)  Forward time: 0.12(0.12)  Batch time: 0.42(0.42)
2026-05-12 18:55:09,272   INFO  Train:   18/40 ( 45%) [  10/167 (  6%)]  Loss: 5.018e-05 (0.000120)  LR: 2.445e-04  Time cost: 00:01/00:19 [04:07/08:07]  Acc_iter 2850        Data time: 0.01(0.04)  Forward time: 0.07(0.09)  Batch time: 0.08(0.13)
2026-05-12 18:55:09,618   INFO  a1e06a0b30c0                Tue May 12 18:55:09 2026  580.142
[0] NVIDIA GeForce RTX 3070 | 55°C,  69 % |  5927 /  8192 MB | root(5030M)

2026-05-12 18:55:13,613   INFO  Train:   18/40 ( 45%) [  60/167 ( 36%)]  Loss: 5.128e-05 (0.000112)  LR: 2.410e-04  Time cost: 00:05/00:10 [04:11/05:55]  Acc_iter 2900        Data time: 0.01(0.02)  Forward time: 0.08(0.07)  Batch time: 0.09(0.09)
2026-05-12 18:55:17,582   INFO  Train:   18/40 ( 45%) [ 110/167 ( 66%)]  Loss: 4.211e-05 (0.000100)  LR: 2.375e-04  Time cost: 00:09/00:04 [04:15/05:26]  Acc_iter 2950        Data time: 0.01(0.02)  Forward time: 0.05(0.07)  Batch time: 0.07(0.09)
2026-05-12 18:55:21,496   INFO  Train:   18/40 ( 45%) [ 160/167 ( 96%)]  Loss: 4.536e-05 (9.16e-05)  LR: 2.338e-04  Time cost: 00:13/00:00 [04:19/05:11]  Acc_iter 3000        Data time: 0.01(0.01)  Forward time: 0.05(0.07)  Batch time: 0.06(0.08)
2026-05-12 18:55:21,820   INFO  a1e06a0b30c0                Tue May 12 18:55:21 2026  580.142
[0] NVIDIA GeForce RTX 3070 | 55°C,  72 % |  5927 /  8192 MB | root(5030M)

2026-05-12 18:55:22,173   INFO  Train:   18/40 ( 45%) [ 166/167 ( 99%)]  Loss: 0.0001091 (9.14e-05)  LR: 2.334e-04  Time cost: 00:14/00:00 [04:20/05:14]  Acc_iter 3006        Data time: 0.01(0.02)  Forward time: 0.04(0.07)  Batch time: 0.05(0.09)
2026-05-12 18:55:22,901   INFO  Train:   19/40 ( 48%) [   0/167 (  0%)]  Loss: 5.771e-05 (5.77e-05)  LR: 2.333e-04  Time cost: 00:00/01:11 [04:20/26:19]  Acc_iter 3007        Data time: 0.30(0.30)  Forward time: 0.13(0.13)  Batch time: 0.43(0.43)
2026-05-12 18:55:26,461   INFO  Train:   19/40 ( 48%) [  43/167 ( 26%)]  Loss: 3.667e-05 (0.000110)  LR: 2.302e-04  Time cost: 00:03/00:11 [04:24/05:29]  Acc_iter 3050        Data time: 0.01(0.02)  Forward time: 0.07(0.07)  Batch time: 0.08(0.09)
2026-05-12 18:55:30,475   INFO  Train:   19/40 ( 48%) [  93/167 ( 56%)]  Loss: 2.202e-05 (8.88e-05)  LR: 2.264e-04  Time cost: 00:08/00:06 [04:28/05:04]  Acc_iter 3100        Data time: 0.01(0.01)  Forward time: 0.07(0.07)  Batch time: 0.08(0.09)
2026-05-12 18:55:34,374   INFO  Train:   19/40 ( 48%) [ 143/167 ( 86%)]  Loss: 1.887e-05 (7.37e-05)  LR: 2.226e-04  Time cost: 00:11/00:01 [04:32/04:51]  Acc_iter 3150        Data time: 0.01(0.01)  Forward time: 0.06(0.07)  Batch time: 0.06(0.08)
2026-05-12 18:55:34,711   INFO  a1e06a0b30c0                Tue May 12 18:55:34 2026  580.142
[0] NVIDIA GeForce RTX 3070 | 55°C,  74 % |  5920 /  8192 MB | root(5030M)

2026-05-12 18:55:36,345   INFO  Train:   19/40 ( 48%) [ 166/167 ( 99%)]  Loss: 0.0002528 (7.50e-05)  LR: 2.208e-04  Time cost: 00:13/00:00 [04:34/04:51]  Acc_iter 3173        Data time: 0.01(0.01)  Forward time: 0.04(0.07)  Batch time: 0.05(0.08)
2026-05-12 18:55:37,304   INFO  Train:   20/40 ( 50%) [   0/167 (  0%)]  Loss: 3.055e-05 (3.05e-05)  LR: 2.207e-04  Time cost: 00:00/01:51 [04:35/38:57]  Acc_iter 3174        Data time: 0.54(0.54)  Forward time: 0.12(0.12)  Batch time: 0.66(0.66)
2026-05-12 18:55:39,421   INFO  Train:   20/40 ( 50%) [  26/167 ( 16%)]  Loss: 1.382e-05 (5.91e-05)  LR: 2.187e-04  Time cost: 00:02/00:14 [04:37/05:58]  Acc_iter 3200        Data time: 0.01(0.03)  Forward time: 0.07(0.07)  Batch time: 0.08(0.10)
2026-05-12 18:55:43,399   INFO  Train:   20/40 ( 50%) [  76/167 ( 46%)]  Loss: 2.877e-05 (4.85e-05)  LR: 2.147e-04  Time cost: 00:06/00:07 [04:41/05:01]  Acc_iter 3250        Data time: 0.01(0.02)  Forward time: 0.08(0.07)  Batch time: 0.09(0.09)
2026-05-12 18:55:47,327   INFO  Train:   20/40 ( 50%) [ 126/167 ( 75%)]  Loss: 5.397e-06 (4.53e-05)  LR: 2.107e-04  Time cost: 00:10/00:03 [04:45/04:44]  Acc_iter 3300        Data time: 0.01(0.01)  Forward time: 0.08(0.07)  Batch time: 0.09(0.08)
2026-05-12 18:55:47,657   INFO  a1e06a0b30c0                Tue May 12 18:55:47 2026  580.142
[0] NVIDIA GeForce RTX 3070 | 55°C,  79 % |  5920 /  8192 MB | root(5030M)

2026-05-12 18:55:50,731   INFO  Train:   20/40 ( 50%) [ 166/167 ( 99%)]  Loss: 1.974e-05 (3.94e-05)  LR: 2.075e-04  Time cost: 00:14/00:00 [04:48/04:41]  Acc_iter 3340        Data time: 0.01(0.01)  Forward time: 0.04(0.07)  Batch time: 0.05(0.08)
2026-05-12 18:55:51,432   INFO  Train:   21/40 ( 52%) [   0/167 (  0%)]  Loss: 4.213e-05 (4.21e-05)  LR: 2.074e-04  Time cost: 00:00/01:09 [04:49/23:12]  Acc_iter 3341        Data time: 0.32(0.32)  Forward time: 0.09(0.09)  Batch time: 0.41(0.41)
2026-05-12 18:55:52,298   INFO  Train:   21/40 ( 52%) [   9/167 (  5%)]  Loss: 4.538e-05 (2.81e-05)  LR: 2.067e-04  Time cost: 00:01/00:20 [04:50/07:07]  Acc_iter 3350        Data time: 0.01(0.04)  Forward time: 0.09(0.09)  Batch time: 0.09(0.13)
2026-05-12 18:55:56,321   INFO  Train:   21/40 ( 52%) [  59/167 ( 35%)]  Loss: 4.238e-05 (2.68e-05)  LR: 2.026e-04  Time cost: 00:05/00:09 [04:54/04:50]  Acc_iter 3400        Data time: 0.01(0.01)  Forward time: 0.08(0.07)  Batch time: 0.09(0.09)
2026-05-12 18:56:00,344   INFO  Train:   21/40 ( 52%) [ 109/167 ( 65%)]  Loss: 5.967e-05 (2.70e-05)  LR: 1.984e-04  Time cost: 00:09/00:04 [04:58/04:34]  Acc_iter 3450        Data time: 0.01(0.01)  Forward time: 0.07(0.07)  Batch time: 0.08(0.08)
2026-05-12 18:56:00,682   INFO  a1e06a0b30c0                Tue May 12 18:56:00 2026  580.142
[0] NVIDIA GeForce RTX 3070 | 56°C,  82 % |  5912 /  8192 MB | root(5030M)

2026-05-12 18:56:04,635   INFO  Train:   21/40 ( 52%) [ 159/167 ( 95%)]  Loss: 0.0001280 (2.85e-05)  LR: 1.942e-04  Time cost: 00:13/00:00 [05:02/04:30]  Acc_iter 3500        Data time: 0.00(0.01)  Forward time: 0.05(0.07)  Batch time: 0.05(0.09)
2026-05-12 18:56:05,051   INFO  Train:   21/40 ( 52%) [ 166/167 ( 99%)]  Loss: 1.483e-05 (2.83e-05)  LR: 1.936e-04  Time cost: 00:14/00:00 [05:03/04:26]  Acc_iter 3507        Data time: 0.01(0.01)  Forward time: 0.04(0.07)  Batch time: 0.05(0.08)
2026-05-12 18:56:05,917   INFO  Train:   22/40 ( 55%) [   0/167 (  0%)]  Loss: 4.604e-06 (4.60e-06)  LR: 1.935e-04  Time cost: 00:00/01:33 [05:03/29:31]  Acc_iter 3508        Data time: 0.41(0.41)  Forward time: 0.15(0.15)  Batch time: 0.55(0.55)
2026-05-12 18:56:09,344   INFO  Train:   22/40 ( 55%) [  42/167 ( 25%)]  Loss: 7.195e-05 (2.40e-05)  LR: 1.900e-04  Time cost: 00:03/00:11 [05:07/04:50]  Acc_iter 3550        Data time: 0.01(0.02)  Forward time: 0.07(0.07)  Batch time: 0.08(0.09)
2026-05-12 18:56:13,322   INFO  Train:   22/40 ( 55%) [  92/167 ( 55%)]  Loss: 2.799e-05 (2.01e-05)  LR: 1.857e-04  Time cost: 00:07/00:06 [05:11/04:23]  Acc_iter 3600        Data time: 0.01(0.01)  Forward time: 0.07(0.07)  Batch time: 0.08(0.09)
2026-05-12 18:56:13,659   INFO  a1e06a0b30c0                Tue May 12 18:56:13 2026  580.142
[0] NVIDIA GeForce RTX 3070 | 55°C,  66 % |  5911 /  8192 MB | root(5030M)

2026-05-12 18:56:17,511   INFO  Train:   22/40 ( 55%) [ 142/167 ( 85%)]  Loss: 4.987e-05 (1.88e-05)  LR: 1.814e-04  Time cost: 00:12/00:02 [05:15/04:17]  Acc_iter 3650        Data time: 0.01(0.01)  Forward time: 0.07(0.07)  Batch time: 0.07(0.08)
2026-05-12 18:56:19,312   INFO  Train:   22/40 ( 55%) [ 166/167 ( 99%)]  Loss: 1.546e-05 (1.80e-05)  LR: 1.794e-04  Time cost: 00:13/00:00 [05:17/04:11]  Acc_iter 3674        Data time: 0.01(0.01)  Forward time: 0.04(0.07)  Batch time: 0.05(0.08)
2026-05-12 18:56:20,256   INFO  Train:   23/40 ( 58%) [   0/167 (  0%)]  Loss: 1.948e-05 (1.95e-05)  LR: 1.793e-04  Time cost: 00:00/01:48 [05:18/32:36]  Acc_iter 3675        Data time: 0.52(0.52)  Forward time: 0.12(0.12)  Batch time: 0.64(0.64)
2026-05-12 18:56:22,316   INFO  Train:   23/40 ( 58%) [  25/167 ( 15%)]  Loss: 4.605e-06 (1.28e-05)  LR: 1.771e-04  Time cost: 00:02/00:14 [05:20/05:10]  Acc_iter 3700        Data time: 0.01(0.03)  Forward time: 0.11(0.07)  Batch time: 0.12(0.10)
2026-05-12 18:56:26,257   INFO  Train:   23/40 ( 58%) [  75/167 ( 45%)]  Loss: 7.594e-06 (1.21e-05)  LR: 1.728e-04  Time cost: 00:06/00:08 [05:24/04:16]  Acc_iter 3750        Data time: 0.01(0.02)  Forward time: 0.08(0.07)  Batch time: 0.09(0.09)
2026-05-12 18:56:26,594   INFO  a1e06a0b30c0                Tue May 12 18:56:26 2026  580.142
[0] NVIDIA GeForce RTX 3070 | 55°C,  77 % |  5911 /  8192 MB | root(5030M)

2026-05-12 18:56:30,690   INFO  Train:   23/40 ( 58%) [ 125/167 ( 75%)]  Loss: 2.910e-06 (1.31e-05)  LR: 1.684e-04  Time cost: 00:11/00:03 [05:28/04:13]  Acc_iter 3800        Data time: 0.01(0.02)  Forward time: 0.07(0.07)  Batch time: 0.08(0.09)
2026-05-12 18:56:33,855   INFO  Train:   23/40 ( 58%) [ 166/167 ( 99%)]  Loss: 2.340e-06 (1.25e-05)  LR: 1.648e-04  Time cost: 00:14/00:00 [05:31/04:02]  Acc_iter 3841        Data time: 0.01(0.01)  Forward time: 0.04(0.07)  Batch time: 0.05(0.09)
2026-05-12 18:56:34,595   INFO  Train:   24/40 ( 60%) [   0/167 (  0%)]  Loss: 6.109e-06 (6.11e-06)  LR: 1.647e-04  Time cost: 00:00/01:14 [05:32/21:10]  Acc_iter 3842        Data time: 0.31(0.31)  Forward time: 0.13(0.13)  Batch time: 0.44(0.44)
2026-05-12 18:56:35,469   INFO  Train:   24/40 ( 60%) [   8/167 (  5%)]  Loss: 7.218e-05 (1.65e-05)  LR: 1.640e-04  Time cost: 00:01/00:23 [05:33/06:55]  Acc_iter 3850        Data time: 0.01(0.05)  Forward time: 0.08(0.10)  Batch time: 0.09(0.15)
2026-05-12 18:56:39,541   INFO  Train:   24/40 ( 60%) [  58/167 ( 35%)]  Loss: 2.267e-06 (1.14e-05)  LR: 1.596e-04  Time cost: 00:05/00:09 [05:37/04:14]  Acc_iter 3900        Data time: 0.01(0.02)  Forward time: 0.07(0.08)  Batch time: 0.08(0.09)
2026-05-12 18:56:39,879   INFO  a1e06a0b30c0                Tue May 12 18:56:39 2026  580.142
[0] NVIDIA GeForce RTX 3070 | 55°C,  75 % |  5911 /  8192 MB | root(5030M)

2026-05-12 18:56:43,844   INFO  Train:   24/40 ( 60%) [ 108/167 ( 65%)]  Loss: 9.292e-06 (9.55e-06)  LR: 1.552e-04  Time cost: 00:09/00:05 [05:41/04:02]  Acc_iter 3950        Data time: 0.01(0.02)  Forward time: 0.07(0.07)  Batch time: 0.07(0.09)
2026-05-12 18:56:47,819   INFO  Train:   24/40 ( 60%) [ 158/167 ( 95%)]  Loss: 2.130e-06 (9.19e-06)  LR: 1.508e-04  Time cost: 00:13/00:00 [05:45/03:50]  Acc_iter 4000        Data time: 0.01(0.01)  Forward time: 0.08(0.07)  Batch time: 0.09(0.09)
2026-05-12 18:56:48,295   INFO  Train:   24/40 ( 60%) [ 166/167 ( 99%)]  Loss: 4.834e-06 (9.06e-06)  LR: 1.501e-04  Time cost: 00:14/00:00 [05:46/03:46]  Acc_iter 4008        Data time: 0.01(0.01)  Forward time: 0.04(0.07)  Batch time: 0.05(0.08)
2026-05-12 18:56:49,134   INFO  Train:   25/40 ( 62%) [   0/167 (  0%)]  Loss: 6.150e-06 (6.15e-06)  LR: 1.500e-04  Time cost: 00:00/01:27 [05:47/23:17]  Acc_iter 4009        Data time: 0.35(0.35)  Forward time: 0.17(0.17)  Batch time: 0.52(0.52)
2026-05-12 18:56:52,628   INFO  Train:   25/40 ( 62%) [  41/167 ( 25%)]  Loss: 4.828e-06 (6.17e-06)  LR: 1.464e-04  Time cost: 00:04/00:12 [05:50/04:11]  Acc_iter 4050        Data time: 0.01(0.02)  Forward time: 0.06(0.08)  Batch time: 0.07(0.10)
2026-05-12 18:56:52,985   INFO  a1e06a0b30c0                Tue May 12 18:56:52 2026  580.142
[0] NVIDIA GeForce RTX 3070 | 53°C,  62 % |  5911 /  8192 MB | root(5030M)

2026-05-12 18:56:57,156   INFO  Train:   25/40 ( 62%) [  91/167 ( 54%)]  Loss: 1.141e-05 (5.86e-06)  LR: 1.420e-04  Time cost: 00:08/00:07 [05:55/03:59]  Acc_iter 4100        Data time: 0.01(0.02)  Forward time: 0.06(0.08)  Batch time: 0.07(0.09)
2026-05-12 18:57:01,174   INFO  Train:   25/40 ( 62%) [ 141/167 ( 84%)]  Loss: 2.307e-05 (5.65e-06)  LR: 1.376e-04  Time cost: 00:12/00:02 [05:59/03:43]  Acc_iter 4150        Data time: 0.01(0.01)  Forward time: 0.06(0.07)  Batch time: 0.07(0.09)
2026-05-12 18:57:02,980   INFO  Train:   25/40 ( 62%) [ 166/167 ( 99%)]  Loss: 6.739e-06 (5.68e-06)  LR: 1.354e-04  Time cost: 00:14/00:00 [06:01/03:35]  Acc_iter 4175        Data time: 0.01(0.01)  Forward time: 0.04(0.07)  Batch time: 0.05(0.09)
2026-05-12 18:57:03,872   INFO  Train:   26/40 ( 65%) [   0/167 (  0%)]  Loss: 2.193e-06 (2.19e-06)  LR: 1.353e-04  Time cost: 00:00/01:39 [06:01/24:45]  Acc_iter 4176        Data time: 0.46(0.46)  Forward time: 0.12(0.12)  Batch time: 0.58(0.58)
2026-05-12 18:57:05,891   INFO  Train:   26/40 ( 65%) [  24/167 ( 14%)]  Loss: 3.898e-06 (5.11e-06)  LR: 1.332e-04  Time cost: 00:02/00:14 [06:03/04:19]  Acc_iter 4200        Data time: 0.01(0.03)  Forward time: 0.07(0.08)  Batch time: 0.08(0.10)
2026-05-12 18:57:06,223   INFO  a1e06a0b30c0                Tue May 12 18:57:06 2026  580.142
[0] NVIDIA GeForce RTX 3070 | 55°C,  78 % |  5910 /  8192 MB | root(5030M)

2026-05-12 18:57:10,149   INFO  Train:   26/40 ( 65%) [  74/167 ( 44%)]  Loss: 3.418e-06 (4.63e-06)  LR: 1.288e-04  Time cost: 00:06/00:08 [06:08/03:42]  Acc_iter 4250        Data time: 0.01(0.02)  Forward time: 0.08(0.07)  Batch time: 0.09(0.09)
2026-05-12 18:57:14,074   INFO  Train:   26/40 ( 65%) [ 124/167 ( 74%)]  Loss: 1.056e-05 (4.90e-06)  LR: 1.245e-04  Time cost: 00:10/00:03 [06:12/03:25]  Acc_iter 4300        Data time: 0.01(0.02)  Forward time: 0.06(0.07)  Batch time: 0.07(0.09)
2026-05-12 18:57:17,252   INFO  Train:   26/40 ( 65%) [ 166/167 ( 99%)]  Loss: 1.456e-06 (4.69e-06)  LR: 1.208e-04  Time cost: 00:13/00:00 [06:15/03:15]  Acc_iter 4342        Data time: 0.01(0.01)  Forward time: 0.04(0.07)  Batch time: 0.05(0.08)
2026-05-12 18:57:18,165   INFO  Train:   27/40 ( 68%) [   0/167 (  0%)]  Loss: 5.654e-06 (5.65e-06)  LR: 1.207e-04  Time cost: 00:00/01:43 [06:16/24:09]  Acc_iter 4343        Data time: 0.50(0.50)  Forward time: 0.12(0.12)  Batch time: 0.61(0.61)
2026-05-12 18:57:18,710   INFO  Train:   27/40 ( 68%) [   7/167 (  4%)]  Loss: 2.950e-06 (3.16e-06)  LR: 1.201e-04  Time cost: 00:01/00:23 [06:16/05:39]  Acc_iter 4350        Data time: 0.01(0.07)  Forward time: 0.07(0.08)  Batch time: 0.08(0.14)
2026-05-12 18:57:19,054   INFO  a1e06a0b30c0                Tue May 12 18:57:19 2026  580.142
[0] NVIDIA GeForce RTX 3070 | 55°C,  48 % |  5910 /  8192 MB | root(5030M)

2026-05-12 18:57:23,006   INFO  Train:   27/40 ( 68%) [  57/167 ( 34%)]  Loss: 1.446e-06 (3.43e-06)  LR: 1.158e-04  Time cost: 00:05/00:10 [06:21/03:34]  Acc_iter 4400        Data time: 0.01(0.02)  Forward time: 0.07(0.07)  Batch time: 0.08(0.09)
2026-05-12 18:57:27,014   INFO  Train:   27/40 ( 68%) [ 107/167 ( 64%)]  Loss: 1.506e-06 (3.26e-06)  LR: 1.115e-04  Time cost: 00:09/00:05 [06:25/03:15]  Acc_iter 4450        Data time: 0.01(0.02)  Forward time: 0.08(0.07)  Batch time: 0.08(0.09)
2026-05-12 18:57:30,903   INFO  Train:   27/40 ( 68%) [ 157/167 ( 94%)]  Loss: 1.058e-05 (3.00e-06)  LR: 1.073e-04  Time cost: 00:13/00:00 [06:28/03:04]  Acc_iter 4500        Data time: 0.01(0.01)  Forward time: 0.06(0.07)  Batch time: 0.07(0.08)
2026-05-12 18:57:31,235   INFO  a1e06a0b30c0                Tue May 12 18:57:31 2026  580.142
[0] NVIDIA GeForce RTX 3070 | 55°C,  70 % |  5910 /  8192 MB | root(5030M)

2026-05-12 18:57:31,782   INFO  Train:   27/40 ( 68%) [ 166/167 ( 99%)]  Loss: 2.436e-06 (2.97e-06)  LR: 1.065e-04  Time cost: 00:14/00:00 [06:29/03:05]  Acc_iter 4509        Data time: 0.01(0.02)  Forward time: 0.04(0.07)  Batch time: 0.05(0.09)
2026-05-12 18:57:32,646   INFO  Train:   28/40 ( 70%) [   0/167 (  0%)]  Loss: 1.342e-06 (1.34e-06)  LR: 1.065e-04  Time cost: 00:00/01:35 [06:30/20:45]  Acc_iter 4510        Data time: 0.43(0.43)  Forward time: 0.13(0.13)  Batch time: 0.56(0.56)
2026-05-12 18:57:35,965   INFO  Train:   28/40 ( 70%) [  40/167 ( 24%)]  Loss: 6.034e-06 (3.38e-06)  LR: 1.031e-04  Time cost: 00:03/00:12 [06:34/03:22]  Acc_iter 4550        Data time: 0.01(0.02)  Forward time: 0.07(0.08)  Batch time: 0.08(0.09)
2026-05-12 18:57:39,946   INFO  Train:   28/40 ( 70%) [  90/167 ( 54%)]  Loss: 6.836e-07 (2.90e-06)  LR: 9.893e-05  Time cost: 00:07/00:06 [06:38/03:00]  Acc_iter 4600        Data time: 0.01(0.01)  Forward time: 0.07(0.07)  Batch time: 0.08(0.09)
2026-05-12 18:57:43,823   INFO  Train:   28/40 ( 70%) [ 140/167 ( 84%)]  Loss: 2.100e-06 (2.80e-06)  LR: 9.481e-05  Time cost: 00:11/00:02 [06:41/02:49]  Acc_iter 4650        Data time: 0.01(0.01)  Forward time: 0.08(0.07)  Batch time: 0.09(0.08)
2026-05-12 18:57:44,155   INFO  a1e06a0b30c0                Tue May 12 18:57:44 2026  580.142
[0] NVIDIA GeForce RTX 3070 | 55°C,  79 % |  5910 /  8192 MB | root(5030M)

2026-05-12 18:57:46,131   INFO  Train:   28/40 ( 70%) [ 166/167 ( 99%)]  Loss: 1.023e-06 (2.69e-06)  LR: 9.268e-05  Time cost: 00:14/00:00 [06:44/02:48]  Acc_iter 4676        Data time: 0.01(0.01)  Forward time: 0.04(0.07)  Batch time: 0.05(0.08)
2026-05-12 18:57:47,064   INFO  Train:   29/40 ( 72%) [   0/167 (  0%)]  Loss: 2.514e-06 (2.51e-06)  LR: 9.260e-05  Time cost: 00:00/01:47 [06:45/21:25]  Acc_iter 4677        Data time: 0.51(0.51)  Forward time: 0.11(0.11)  Batch time: 0.62(0.62)
2026-05-12 18:57:48,952   INFO  Train:   29/40 ( 72%) [  23/167 ( 14%)]  Loss: 1.147e-06 (1.88e-06)  LR: 9.073e-05  Time cost: 00:02/00:15 [06:47/03:28]  Acc_iter 4700        Data time: 0.01(0.03)  Forward time: 0.06(0.07)  Batch time: 0.07(0.11)
2026-05-12 18:57:53,000   INFO  Train:   29/40 ( 72%) [  73/167 ( 44%)]  Loss: 1.176e-06 (2.38e-06)  LR: 8.671e-05  Time cost: 00:06/00:08 [06:51/02:51]  Acc_iter 4750        Data time: 0.01(0.02)  Forward time: 0.11(0.07)  Batch time: 0.11(0.09)
2026-05-12 18:57:56,918   INFO  Train:   29/40 ( 72%) [ 123/167 ( 74%)]  Loss: 1.272e-06 (2.21e-06)  LR: 8.274e-05  Time cost: 00:10/00:03 [06:54/02:39]  Acc_iter 4800        Data time: 0.01(0.01)  Forward time: 0.06(0.07)  Batch time: 0.07(0.08)
2026-05-12 18:57:57,264   INFO  a1e06a0b30c0                Tue May 12 18:57:57 2026  580.142
[0] NVIDIA GeForce RTX 3070 | 55°C,  71 % |  5911 /  8192 MB | root(5030M)

2026-05-12 18:58:00,488   INFO  Train:   29/40 ( 72%) [ 166/167 ( 99%)]  Loss: 5.190e-07 (2.08e-06)  LR: 7.937e-05  Time cost: 00:14/00:00 [06:58/02:34]  Acc_iter 4843        Data time: 0.01(0.01)  Forward time: 0.04(0.07)  Batch time: 0.05(0.08)
2026-05-12 18:58:01,391   INFO  Train:   30/40 ( 75%) [   0/167 (  0%)]  Loss: 8.069e-07 (8.07e-07)  LR: 7.929e-05  Time cost: 00:00/01:42 [06:59/18:46]  Acc_iter 4844        Data time: 0.49(0.49)  Forward time: 0.12(0.12)  Batch time: 0.61(0.61)
2026-05-12 18:58:01,911   INFO  Train:   30/40 ( 75%) [   6/167 (  4%)]  Loss: 4.344e-06 (3.09e-06)  LR: 7.883e-05  Time cost: 00:01/00:26 [06:59/04:56]  Acc_iter 4850        Data time: 0.01(0.08)  Forward time: 0.07(0.08)  Batch time: 0.08(0.16)
2026-05-12 18:58:05,803   INFO  Train:   30/40 ( 75%) [  56/167 ( 34%)]  Loss: 1.858e-06 (1.97e-06)  LR: 7.498e-05  Time cost: 00:05/00:09 [07:03/02:37]  Acc_iter 4900        Data time: 0.01(0.02)  Forward time: 0.07(0.07)  Batch time: 0.08(0.09)
2026-05-12 18:58:09,679   INFO  Train:   30/40 ( 75%) [ 106/167 ( 63%)]  Loss: 3.778e-06 (1.74e-06)  LR: 7.119e-05  Time cost: 00:08/00:05 [07:07/02:24]  Acc_iter 4950        Data time: 0.01(0.01)  Forward time: 0.07(0.07)  Batch time: 0.08(0.08)
2026-05-12 18:58:10,011   INFO  a1e06a0b30c0                Tue May 12 18:58:09 2026  580.142
[0] NVIDIA GeForce RTX 3070 | 55°C,  78 % |  5910 /  8192 MB | root(5030M)

2026-05-12 18:58:13,979   INFO  Train:   30/40 ( 75%) [ 156/167 ( 93%)]  Loss: 1.277e-06 (1.77e-06)  LR: 6.748e-05  Time cost: 00:13/00:00 [07:12/02:21]  Acc_iter 5000        Data time: 0.01(0.01)  Forward time: 0.07(0.07)  Batch time: 0.08(0.08)
2026-05-12 18:58:14,616   INFO  Train:   30/40 ( 75%) [ 166/167 ( 99%)]  Loss: 1.515e-06 (1.79e-06)  LR: 6.674e-05  Time cost: 00:13/00:00 [07:12/02:18]  Acc_iter 5010        Data time: 0.01(0.01)  Forward time: 0.04(0.07)  Batch time: 0.05(0.08)
2026-05-12 18:58:15,406   INFO  Train:   31/40 ( 78%) [   0/167 (  0%)]  Loss: 6.465e-07 (6.46e-07)  LR: 6.667e-05  Time cost: 00:00/01:23 [07:13/13:52]  Acc_iter 5011        Data time: 0.30(0.30)  Forward time: 0.20(0.20)  Batch time: 0.50(0.50)
2026-05-12 18:58:18,634   INFO  Train:   31/40 ( 78%) [  39/167 ( 23%)]  Loss: 5.637e-06 (1.48e-06)  LR: 6.383e-05  Time cost: 00:03/00:11 [07:16/02:31]  Acc_iter 5050        Data time: 0.01(0.02)  Forward time: 0.08(0.08)  Batch time: 0.09(0.09)
2026-05-12 18:58:22,499   INFO  Train:   31/40 ( 78%) [  89/167 ( 53%)]  Loss: 1.212e-06 (1.55e-06)  LR: 6.026e-05  Time cost: 00:07/00:06 [07:20/02:13]  Acc_iter 5100        Data time: 0.01(0.01)  Forward time: 0.08(0.07)  Batch time: 0.09(0.08)
2026-05-12 18:58:22,843   INFO  a1e06a0b30c0                Tue May 12 18:58:22 2026  580.142
[0] NVIDIA GeForce RTX 3070 | 55°C,  76 % |  5919 /  8192 MB | root(5030M)

2026-05-12 18:58:26,766   INFO  Train:   31/40 ( 78%) [ 139/167 ( 83%)]  Loss: 1.367e-06 (1.60e-06)  LR: 5.676e-05  Time cost: 00:11/00:02 [07:24/02:09]  Acc_iter 5150        Data time: 0.01(0.01)  Forward time: 0.06(0.07)  Batch time: 0.06(0.08)
2026-05-12 18:58:28,751   INFO  Train:   31/40 ( 78%) [ 166/167 ( 99%)]  Loss: 2.226e-06 (1.89e-06)  LR: 5.491e-05  Time cost: 00:13/00:00 [07:26/02:04]  Acc_iter 5177        Data time: 0.01(0.01)  Forward time: 0.04(0.07)  Batch time: 0.05(0.08)
2026-05-12 18:58:29,611   INFO  Train:   32/40 ( 80%) [   0/167 (  0%)]  Loss: 1.420e-06 (1.42e-06)  LR: 5.484e-05  Time cost: 00:00/01:35 [07:27/14:22]  Acc_iter 5178        Data time: 0.42(0.42)  Forward time: 0.15(0.15)  Batch time: 0.57(0.57)
2026-05-12 18:58:31,607   INFO  Train:   32/40 ( 80%) [  22/167 ( 13%)]  Loss: 1.051e-06 (1.38e-06)  LR: 5.335e-05  Time cost: 00:02/00:16 [07:29/02:45]  Acc_iter 5200        Data time: 0.01(0.03)  Forward time: 0.06(0.09)  Batch time: 0.07(0.11)
2026-05-12 18:58:35,642   INFO  Train:   32/40 ( 80%) [  72/167 ( 43%)]  Loss: 3.571e-06 (1.53e-06)  LR: 5.002e-05  Time cost: 00:06/00:08 [07:33/02:09]  Acc_iter 5250        Data time: 0.01(0.01)  Forward time: 0.07(0.08)  Batch time: 0.08(0.09)
2026-05-12 18:58:35,995   INFO  a1e06a0b30c0                Tue May 12 18:58:35 2026  580.142
[0] NVIDIA GeForce RTX 3070 | 54°C,  69 % |  5919 /  8192 MB | root(5030M)

2026-05-12 18:58:39,978   INFO  Train:   32/40 ( 80%) [ 122/167 ( 73%)]  Loss: 5.738e-07 (1.46e-06)  LR: 4.678e-05  Time cost: 00:10/00:04 [07:38/02:02]  Acc_iter 5300        Data time: 0.01(0.02)  Forward time: 0.08(0.07)  Batch time: 0.08(0.09)
2026-05-12 18:58:43,267   INFO  Train:   32/40 ( 80%) [ 166/167 ( 99%)]  Loss: 9.474e-07 (1.46e-06)  LR: 4.400e-05  Time cost: 00:14/00:00 [07:41/01:53]  Acc_iter 5344        Data time: 0.01(0.01)  Forward time: 0.04(0.07)  Batch time: 0.05(0.09)
2026-05-12 18:58:44,008   INFO  Train:   33/40 ( 82%) [   0/167 (  0%)]  Loss: 1.831e-06 (1.83e-06)  LR: 4.394e-05  Time cost: 00:00/01:15 [07:42/10:01]  Acc_iter 5345        Data time: 0.33(0.33)  Forward time: 0.10(0.10)  Batch time: 0.43(0.43)
2026-05-12 18:58:44,682   INFO  Train:   33/40 ( 82%) [   5/167 (  3%)]  Loss: 5.187e-07 (1.13e-06)  LR: 4.363e-05  Time cost: 00:01/00:30 [07:42/04:09]  Acc_iter 5350        Data time: 0.01(0.07)  Forward time: 0.11(0.11)  Batch time: 0.12(0.19)
2026-05-12 18:58:48,659   INFO  Train:   33/40 ( 82%) [  55/167 ( 33%)]  Loss: 7.842e-07 (1.35e-06)  LR: 4.056e-05  Time cost: 00:05/00:10 [07:46/01:56]  Acc_iter 5400        Data time: 0.01(0.02)  Forward time: 0.07(0.07)  Batch time: 0.08(0.09)
2026-05-12 18:58:49,009   INFO  a1e06a0b30c0                Tue May 12 18:58:48 2026  580.142
[0] NVIDIA GeForce RTX 3070 | 55°C,  69 % |  5919 /  8192 MB | root(5030M)

2026-05-12 18:58:52,976   INFO  Train:   33/40 ( 82%) [ 105/167 ( 63%)]  Loss: 2.503e-06 (1.27e-06)  LR: 3.760e-05  Time cost: 00:09/00:05 [07:51/01:49]  Acc_iter 5450        Data time: 0.01(0.02)  Forward time: 0.07(0.07)  Batch time: 0.09(0.09)
2026-05-12 18:58:56,969   INFO  Train:   33/40 ( 82%) [ 155/167 ( 93%)]  Loss: 1.821e-06 (1.16e-06)  LR: 3.473e-05  Time cost: 00:13/00:01 [07:55/01:41]  Acc_iter 5500        Data time: 0.01(0.01)  Forward time: 0.08(0.07)  Batch time: 0.09(0.09)
2026-05-12 18:58:57,694   INFO  Train:   33/40 ( 82%) [ 166/167 ( 99%)]  Loss: 8.710e-07 (1.19e-06)  LR: 3.411e-05  Time cost: 00:14/00:00 [07:55/01:39]  Acc_iter 5511        Data time: 0.01(0.01)  Forward time: 0.04(0.07)  Batch time: 0.05(0.08)
2026-05-12 18:58:58,480   INFO  Train:   34/40 ( 85%) [   0/167 (  0%)]  Loss: 4.744e-07 (4.74e-07)  LR: 3.405e-05  Time cost: 00:00/01:18 [07:56/09:12]  Acc_iter 5512        Data time: 0.36(0.36)  Forward time: 0.11(0.11)  Batch time: 0.47(0.47)
2026-05-12 18:59:01,711   INFO  Train:   34/40 ( 85%) [  38/167 ( 23%)]  Loss: 5.927e-07 (7.51e-07)  LR: 3.195e-05  Time cost: 00:03/00:12 [07:59/01:47]  Acc_iter 5550        Data time: 0.01(0.02)  Forward time: 0.06(0.08)  Batch time: 0.07(0.09)
2026-05-12 18:59:02,056   INFO  a1e06a0b30c0                Tue May 12 18:59:02 2026  580.142
[0] NVIDIA GeForce RTX 3070 | 54°C,  65 % |  5920 /  8192 MB | root(5030M)

2026-05-12 18:59:05,866   INFO  Train:   34/40 ( 85%) [  88/167 ( 53%)]  Loss: 4.437e-07 (1.14e-06)  LR: 2.929e-05  Time cost: 00:07/00:06 [08:03/01:35]  Acc_iter 5600        Data time: 0.01(0.02)  Forward time: 0.07(0.07)  Batch time: 0.08(0.09)
2026-05-12 18:59:09,851   INFO  Train:   34/40 ( 85%) [ 138/167 ( 83%)]  Loss: 1.381e-06 (1.12e-06)  LR: 2.672e-05  Time cost: 00:11/00:02 [08:07/01:27]  Acc_iter 5650        Data time: 0.01(0.01)  Forward time: 0.06(0.07)  Batch time: 0.07(0.09)
2026-05-12 18:59:11,929   INFO  Train:   34/40 ( 85%) [ 166/167 ( 99%)]  Loss: 7.991e-07 (1.12e-06)  LR: 2.533e-05  Time cost: 00:13/00:00 [08:09/01:23]  Acc_iter 5678        Data time: 0.01(0.01)  Forward time: 0.04(0.07)  Batch time: 0.05(0.08)
2026-05-12 18:59:12,813   INFO  Train:   35/40 ( 88%) [   0/167 (  0%)]  Loss: 5.869e-07 (5.87e-07)  LR: 2.528e-05  Time cost: 00:00/01:37 [08:10/09:45]  Acc_iter 5679        Data time: 0.44(0.44)  Forward time: 0.14(0.14)  Batch time: 0.58(0.58)
2026-05-12 18:59:14,611   INFO  Train:   35/40 ( 88%) [  21/167 ( 13%)]  Loss: 5.286e-07 (8.51e-07)  LR: 2.426e-05  Time cost: 00:02/00:15 [08:12/01:46]  Acc_iter 5700        Data time: 0.01(0.03)  Forward time: 0.07(0.08)  Batch time: 0.08(0.11)
2026-05-12 18:59:14,964   INFO  a1e06a0b30c0                Tue May 12 18:59:14 2026  580.142
[0] NVIDIA GeForce RTX 3070 | 52°C,  65 % |  5919 /  8192 MB | root(5030M)

2026-05-12 18:59:18,897   INFO  Train:   35/40 ( 88%) [  71/167 ( 43%)]  Loss: 1.152e-06 (8.02e-07)  LR: 2.191e-05  Time cost: 00:06/00:08 [08:16/01:26]  Acc_iter 5750        Data time: 0.01(0.02)  Forward time: 0.05(0.07)  Batch time: 0.06(0.09)
2026-05-12 18:59:22,784   INFO  Train:   35/40 ( 88%) [ 121/167 ( 72%)]  Loss: 8.166e-07 (8.31e-07)  LR: 1.967e-05  Time cost: 00:10/00:03 [08:20/01:16]  Acc_iter 5800        Data time: 0.01(0.02)  Forward time: 0.08(0.07)  Batch time: 0.09(0.09)
2026-05-12 18:59:26,200   INFO  Train:   35/40 ( 88%) [ 166/167 ( 99%)]  Loss: 1.106e-06 (8.93e-07)  LR: 1.776e-05  Time cost: 00:13/00:00 [08:24/01:09]  Acc_iter 5845        Data time: 0.01(0.01)  Forward time: 0.04(0.07)  Batch time: 0.05(0.08)
2026-05-12 18:59:27,116   INFO  Train:   36/40 ( 90%) [   0/167 (  0%)]  Loss: 2.327e-06 (2.33e-06)  LR: 1.771e-05  Time cost: 00:00/01:42 [08:25/08:33]  Acc_iter 5846        Data time: 0.51(0.51)  Forward time: 0.11(0.11)  Batch time: 0.61(0.61)
2026-05-12 18:59:27,440   INFO  Train:   36/40 ( 90%) [   4/167 (  2%)]  Loss: 8.593e-07 (1.02e-06)  LR: 1.755e-05  Time cost: 00:00/00:30 [08:25/02:35]  Acc_iter 5850        Data time: 0.01(0.11)  Forward time: 0.06(0.08)  Batch time: 0.07(0.19)
2026-05-12 18:59:27,788   INFO  a1e06a0b30c0                Tue May 12 18:59:27 2026  580.142
[0] NVIDIA GeForce RTX 3070 | 54°C,  67 % |  5919 /  8192 MB | root(5030M)

2026-05-12 18:59:31,769   INFO  Train:   36/40 ( 90%) [  54/167 ( 32%)]  Loss: 7.232e-07 (8.27e-07)  LR: 1.554e-05  Time cost: 00:05/00:10 [08:29/01:14]  Acc_iter 5900        Data time: 0.01(0.02)  Forward time: 0.07(0.07)  Batch time: 0.08(0.10)
2026-05-12 18:59:35,724   INFO  Train:   36/40 ( 90%) [ 104/167 ( 62%)]  Loss: 2.320e-07 (1.02e-06)  LR: 1.364e-05  Time cost: 00:09/00:05 [08:33/01:04]  Acc_iter 5950        Data time: 0.01(0.02)  Forward time: 0.07(0.07)  Batch time: 0.08(0.09)
2026-05-12 18:59:39,689   INFO  Train:   36/40 ( 90%) [ 154/167 ( 92%)]  Loss: 4.081e-07 (1.04e-06)  LR: 1.186e-05  Time cost: 00:13/00:01 [08:37/00:57]  Acc_iter 6000        Data time: 0.01(0.01)  Forward time: 0.12(0.07)  Batch time: 0.13(0.09)
2026-05-12 18:59:40,017   INFO  a1e06a0b30c0                Tue May 12 18:59:40 2026  580.142
[0] NVIDIA GeForce RTX 3070 | 53°C,  79 % |  5919 /  8192 MB | root(5030M)

2026-05-12 18:59:40,813   INFO  Train:   36/40 ( 90%) [ 166/167 ( 99%)]  Loss: 9.283e-07 (1.05e-06)  LR: 1.145e-05  Time cost: 00:14/00:00 [08:38/00:57]  Acc_iter 6012        Data time: 0.01(0.02)  Forward time: 0.04(0.07)  Batch time: 0.05(0.09)
2026-05-12 18:59:41,585   INFO  Train:   37/40 ( 92%) [   0/167 (  0%)]  Loss: 2.867e-07 (2.87e-07)  LR: 1.142e-05  Time cost: 00:00/01:16 [08:39/05:07]  Acc_iter 6013        Data time: 0.27(0.27)  Forward time: 0.19(0.19)  Batch time: 0.46(0.46)
2026-05-12 18:59:44,766   INFO  Train:   37/40 ( 92%) [  37/167 ( 22%)]  Loss: 2.149e-07 (8.11e-07)  LR: 1.021e-05  Time cost: 00:03/00:12 [08:42/01:00]  Acc_iter 6050        Data time: 0.00(0.02)  Forward time: 0.05(0.08)  Batch time: 0.05(0.10)
2026-05-12 18:59:48,693   INFO  Train:   37/40 ( 92%) [  87/167 ( 52%)]  Loss: 5.619e-07 (7.93e-07)  LR: 8.668e-06  Time cost: 00:07/00:06 [08:46/00:49]  Acc_iter 6100        Data time: 0.01(0.01)  Forward time: 0.06(0.07)  Batch time: 0.06(0.09)
2026-05-12 18:59:52,636   INFO  Train:   37/40 ( 92%) [ 137/167 ( 82%)]  Loss: 4.882e-06 (9.71e-07)  LR: 7.252e-06  Time cost: 00:11/00:02 [08:50/00:44]  Acc_iter 6150        Data time: 0.01(0.01)  Forward time: 0.06(0.07)  Batch time: 0.07(0.08)
2026-05-12 18:59:52,977   INFO  a1e06a0b30c0                Tue May 12 18:59:52 2026  580.142
[0] NVIDIA GeForce RTX 3070 | 53°C,  71 % |  5920 /  8192 MB | root(5030M)

2026-05-12 18:59:55,069   INFO  Train:   37/40 ( 92%) [ 166/167 ( 99%)]  Loss: 1.110e-06 (9.25e-07)  LR: 6.488e-06  Time cost: 00:13/00:00 [08:53/00:41]  Acc_iter 6179        Data time: 0.01(0.01)  Forward time: 0.04(0.07)  Batch time: 0.05(0.08)
2026-05-12 18:59:55,976   INFO  Train:   38/40 ( 95%) [   0/167 (  0%)]  Loss: 6.428e-07 (6.43e-07)  LR: 6.462e-06  Time cost: 00:00/01:40 [08:54/05:01]  Acc_iter 6180        Data time: 0.47(0.47)  Forward time: 0.12(0.12)  Batch time: 0.59(0.59)
2026-05-12 18:59:57,595   INFO  Train:   38/40 ( 95%) [  20/167 ( 12%)]  Loss: 3.606e-07 (7.72e-07)  LR: 5.960e-06  Time cost: 00:02/00:15 [08:55/00:50]  Acc_iter 6200        Data time: 0.01(0.03)  Forward time: 0.07(0.07)  Batch time: 0.08(0.11)
2026-05-12 19:00:01,661   INFO  Train:   38/40 ( 95%) [  70/167 ( 42%)]  Loss: 6.419e-07 (7.73e-07)  LR: 4.792e-06  Time cost: 00:06/00:08 [08:59/00:38]  Acc_iter 6250        Data time: 0.01(0.02)  Forward time: 0.08(0.07)  Batch time: 0.09(0.09)
2026-05-12 19:00:05,584   INFO  Train:   38/40 ( 95%) [ 120/167 ( 72%)]  Loss: 4.485e-06 (8.44e-07)  LR: 3.750e-06  Time cost: 00:10/00:03 [09:03/00:32]  Acc_iter 6300        Data time: 0.01(0.01)  Forward time: 0.07(0.07)  Batch time: 0.08(0.08)
2026-05-12 19:00:05,929   INFO  a1e06a0b30c0                Tue May 12 19:00:05 2026  580.142
[0] NVIDIA GeForce RTX 3070 | 52°C,  65 % |  5918 /  8192 MB | root(5030M)

2026-05-12 19:00:09,432   INFO  Train:   38/40 ( 95%) [ 166/167 ( 99%)]  Loss: 1.468e-06 (1.03e-06)  LR: 2.902e-06  Time cost: 00:14/00:00 [09:07/00:28]  Acc_iter 6346        Data time: 0.01(0.01)  Forward time: 0.05(0.07)  Batch time: 0.06(0.08)
2026-05-12 19:00:10,264   INFO  Train:   39/40 ( 98%) [   0/167 (  0%)]  Loss: 2.261e-07 (2.26e-07)  LR: 2.885e-06  Time cost: 00:00/01:29 [09:08/02:58]  Acc_iter 6347        Data time: 0.31(0.31)  Forward time: 0.20(0.20)  Batch time: 0.52(0.52)
2026-05-12 19:00:10,589   INFO  Train:   39/40 ( 98%) [   3/167 (  2%)]  Loss: 2.599e-07 (7.18e-07)  LR: 2.834e-06  Time cost: 00:00/00:35 [09:08/01:11]  Acc_iter 6350        Data time: 0.01(0.09)  Forward time: 0.05(0.13)  Batch time: 0.06(0.21)
2026-05-12 19:00:14,573   INFO  Train:   39/40 ( 98%) [  53/167 ( 32%)]  Loss: 1.200e-06 (8.21e-07)  LR: 2.045e-06  Time cost: 00:04/00:10 [09:12/00:25]  Acc_iter 6400        Data time: 0.01(0.01)  Forward time: 0.08(0.07)  Batch time: 0.09(0.09)
2026-05-12 19:00:18,550   INFO  Train:   39/40 ( 98%) [ 103/167 ( 62%)]  Loss: 5.110e-07 (8.27e-07)  LR: 1.384e-06  Time cost: 00:08/00:05 [09:16/00:19]  Acc_iter 6450        Data time: 0.01(0.01)  Forward time: 0.07(0.07)  Batch time: 0.08(0.08)
2026-05-12 19:00:18,892   INFO  a1e06a0b30c0                Tue May 12 19:00:18 2026  580.142
[0] NVIDIA GeForce RTX 3070 | 54°C,  73 % |  5918 /  8192 MB | root(5030M)

2026-05-12 19:00:22,947   INFO  Train:   39/40 ( 98%) [ 153/167 ( 92%)]  Loss: 7.248e-07 (8.20e-07)  LR: 8.513e-07  Time cost: 00:13/00:01 [09:21/00:15]  Acc_iter 6500        Data time: 0.01(0.01)  Forward time: 0.07(0.07)  Batch time: 0.08(0.09)
2026-05-12 19:00:23,824   INFO  Train:   39/40 ( 98%) [ 166/167 ( 99%)]  Loss: 4.085e-07 (8.51e-07)  LR: 7.340e-07  Time cost: 00:14/00:00 [09:21/00:14]  Acc_iter 6513        Data time: 0.01(0.01)  Forward time: 0.04(0.07)  Batch time: 0.05(0.08)
2026-05-12 19:00:24,611   INFO  Train:   40/40 (100%) [   0/167 (  0%)]  Loss: 2.921e-07 (2.92e-07)  LR: 7.253e-07  Time cost: 00:00/01:23 [09:22/01:23]  Acc_iter 6514        Data time: 0.34(0.34)  Forward time: 0.15(0.15)  Batch time: 0.49(0.49)
2026-05-12 19:00:27,654   INFO  Train:   40/40 (100%) [  36/167 ( 22%)]  Loss: 4.241e-07 (8.90e-07)  LR: 4.476e-07  Time cost: 00:03/00:12 [09:25/00:12]  Acc_iter 6550        Data time: 0.01(0.02)  Forward time: 0.07(0.08)  Batch time: 0.08(0.10)
2026-05-12 19:00:31,564   INFO  Train:   40/40 (100%) [  86/167 ( 51%)]  Loss: 4.823e-07 (1.03e-06)  LR: 1.730e-07  Time cost: 00:07/00:06 [09:29/00:06]  Acc_iter 6600        Data time: 0.01(0.01)  Forward time: 0.07(0.07)  Batch time: 0.08(0.09)
2026-05-12 19:00:31,922   INFO  a1e06a0b30c0                Tue May 12 19:00:31 2026  580.142
[0] NVIDIA GeForce RTX 3070 | 52°C,  79 % |  5916 /  8192 MB | root(5030M)

2026-05-12 19:00:35,857   INFO  Train:   40/40 (100%) [ 136/167 ( 81%)]  Loss: 1.759e-06 (8.94e-07)  LR: 2.791e-08  Time cost: 00:11/00:02 [09:33/00:02]  Acc_iter 6650        Data time: 0.01(0.01)  Forward time: 0.06(0.07)  Batch time: 0.07(0.09)
2026-05-12 19:00:38,083   INFO  Train:   40/40 (100%) [ 166/167 ( 99%)]  Loss: 2.296e-07 (9.09e-07)  LR: 3.026e-09  Time cost: 00:13/00:00 [09:36/00:00]  Acc_iter 6680        Data time: 0.01(0.01)  Forward time: 0.04(0.07)  Batch time: 0.05(0.08)
2026-05-12 19:00:38,204   INFO  **********************End training OpenPCDet/tools/cfgs/custom_models/pointpillar/default/pointpillar_nuscenes(frozen_backbone_0)**********************



2026-05-12 19:00:38,204   INFO  **********************Start evaluation OpenPCDet/tools/cfgs/custom_models/pointpillar/default/pointpillar_nuscenes(frozen_backbone_0)**********************
2026-05-12 19:00:38,204   INFO  Loading NuScenes dataset
2026-05-12 19:00:38,208   INFO  Total samples for NuScenes dataset: 81
2026-05-12 19:00:38,210   INFO  ==> Loading parameters from checkpoint /OpenPCDet/output/OpenPCDet/tools/cfgs/custom_models/pointpillar/default/pointpillar_nuscenes/frozen_backbone_0/ckpt/checkpoint_epoch_40.pth to GPU
2026-05-12 19:00:38,225   INFO  ==> Checkpoint trained from version: pcdet+0.6.0+233f849+py43f4d32
2026-05-12 19:00:38,229   INFO  ==> Done (loaded 127/127)
2026-05-12 19:00:38,231   INFO  *************** EPOCH 40 EVALUATION *****************
2026-05-12 19:00:40,279   INFO  *************** Performance of EPOCH 40 *****************
2026-05-12 19:00:40,279   INFO  Generate label finished(sec_per_example: 0.0253 second).
2026-05-12 19:00:40,279   INFO  recall_roi_0.3: 0.000000
2026-05-12 19:00:40,279   INFO  recall_rcnn_0.3: 0.000000
2026-05-12 19:00:40,280   INFO  recall_roi_0.5: 0.000000
2026-05-12 19:00:40,280   INFO  recall_rcnn_0.5: 0.000000
2026-05-12 19:00:40,280   INFO  recall_roi_0.7: 0.000000
2026-05-12 19:00:40,280   INFO  recall_rcnn_0.7: 0.000000
2026-05-12 19:00:40,280   INFO  Average predicted number of objects(81 samples): 0.000
2026-05-12 19:00:41,025   INFO  The predictions of NuScenes have been saved to /OpenPCDet/output/OpenPCDet/tools/cfgs/custom_models/pointpillar/default/pointpillar_nuscenes/frozen_backbone_0/eval/eval_with_train/epoch_40/test/final_result/data/results_nusc.json
2026-05-12 19:00:41,220   INFO  Evaluation failed: list index out of range
2026-05-12 19:00:41,221   INFO  Result is saved to /OpenPCDet/output/OpenPCDet/tools/cfgs/custom_models/pointpillar/default/pointpillar_nuscenes/frozen_backbone_0/eval/eval_with_train/epoch_40/test
2026-05-12 19:00:41,222   INFO  ****************Evaluation done.*****************
2026-05-12 19:00:41,223   INFO  Epoch 40 has been evaluated
2026-05-12 19:01:11,252   INFO  **********************End evaluation OpenPCDet/tools/cfgs/custom_models/pointpillar/default/pointpillar_nuscenes(frozen_backbone_0)**********************
