2026-05-18 18:09:43,187   INFO  **********************Start logging**********************
2026-05-18 18:09:43,187   INFO  CUDA_VISIBLE_DEVICES=ALL
2026-05-18 18:09:43,187   INFO  Training with a single process
2026-05-18 18:09:43,187   INFO  cfg_file         /OpenPCDet/tools/cfgs/custom_models/second/focal/second_nuscenes_focal.yaml
2026-05-18 18:09:43,187   INFO  batch_size       4
2026-05-18 18:09:43,187   INFO  epochs           40
2026-05-18 18:09:43,187   INFO  workers          4
2026-05-18 18:09:43,187   INFO  extra_tag        default
2026-05-18 18:09:43,187   INFO  ckpt             None
2026-05-18 18:09:43,187   INFO  pretrained_model /OpenPCDet/output/custom_models/second/focal/second_focal/default/ckpt/checkpoint_epoch_80.pth
2026-05-18 18:09:43,187   INFO  launcher         none
2026-05-18 18:09:43,187   INFO  tcp_port         18888
2026-05-18 18:09:43,187   INFO  sync_bn          False
2026-05-18 18:09:43,187   INFO  fix_random_seed  False
2026-05-18 18:09:43,187   INFO  ckpt_save_interval 1
2026-05-18 18:09:43,187   INFO  local_rank       None
2026-05-18 18:09:43,188   INFO  max_ckpt_save_num 30
2026-05-18 18:09:43,188   INFO  merge_all_iters_to_one_epoch False
2026-05-18 18:09:43,188   INFO  set_cfgs         None
2026-05-18 18:09:43,188   INFO  max_waiting_mins 0
2026-05-18 18:09:43,188   INFO  start_epoch      0
2026-05-18 18:09:43,188   INFO  num_epochs_to_eval 0
2026-05-18 18:09:43,188   INFO  save_to_file     False
2026-05-18 18:09:43,188   INFO  use_tqdm_to_record False
2026-05-18 18:09:43,188   INFO  logger_iter_interval 50
2026-05-18 18:09:43,188   INFO  ckpt_save_time_interval 300
2026-05-18 18:09:43,188   INFO  wo_gpu_stat      False
2026-05-18 18:09:43,188   INFO  use_amp          False
2026-05-18 18:09:43,188   INFO  freeze_backbone  False
2026-05-18 18:09:43,188   INFO  freeze_bn        False
2026-05-18 18:09:43,188   INFO  cfg.ROOT_DIR: /OpenPCDet
2026-05-18 18:09:43,188   INFO  cfg.LOCAL_RANK: 0
2026-05-18 18:09:43,188   INFO  cfg.CLASS_NAMES: ['car', 'pedestrian', 'bicycle']
2026-05-18 18:09:43,188   INFO  ----------- DATA_CONFIG -----------
2026-05-18 18:09:43,188   INFO  cfg.DATA_CONFIG.DATASET: NuScenesDataset
2026-05-18 18:09:43,188   INFO  cfg.DATA_CONFIG.DATA_PATH: /OpenPCDet/datasets/nuscenes
2026-05-18 18:09:43,188   INFO  cfg.DATA_CONFIG.VERSION: v1.0-mini
2026-05-18 18:09:43,188   INFO  cfg.DATA_CONFIG.MAX_SWEEPS: 1
2026-05-18 18:09:43,188   INFO  cfg.DATA_CONFIG.PRED_VELOCITY: False
2026-05-18 18:09:43,188   INFO  cfg.DATA_CONFIG.SET_NAN_VELOCITY_TO_ZEROS: True
2026-05-18 18:09:43,188   INFO  cfg.DATA_CONFIG.FILTER_MIN_POINTS_IN_GT: 1
2026-05-18 18:09:43,188   INFO  ----------- MAP_CLASS_TO_KITTI -----------
2026-05-18 18:09:43,188   INFO  cfg.DATA_CONFIG.MAP_CLASS_TO_KITTI.car: Car
2026-05-18 18:09:43,188   INFO  cfg.DATA_CONFIG.MAP_CLASS_TO_KITTI.pedestrian: Pedestrian
2026-05-18 18:09:43,188   INFO  cfg.DATA_CONFIG.MAP_CLASS_TO_KITTI.bicycle: Cyclist
2026-05-18 18:09:43,188   INFO  ----------- DATA_SPLIT -----------
2026-05-18 18:09:43,188   INFO  cfg.DATA_CONFIG.DATA_SPLIT.train: train
2026-05-18 18:09:43,188   INFO  cfg.DATA_CONFIG.DATA_SPLIT.test: test
2026-05-18 18:09:43,188   INFO  ----------- INFO_PATH -----------
2026-05-18 18:09:43,188   INFO  cfg.DATA_CONFIG.INFO_PATH.train: ['nuscenes_infos_10sweeps_train.pkl']
2026-05-18 18:09:43,189   INFO  cfg.DATA_CONFIG.INFO_PATH.test: ['nuscenes_infos_10sweeps_val.pkl']
2026-05-18 18:09:43,189   INFO  cfg.DATA_CONFIG.POINT_CLOUD_RANGE: [0, -32.0, -3.0, 51.2, 32.0, 1.0]
2026-05-18 18:09:43,189   INFO  cfg.DATA_CONFIG.BALANCED_RESAMPLING: True
2026-05-18 18:09:43,189   INFO  ----------- DATA_AUGMENTOR -----------
2026-05-18 18:09:43,189   INFO  cfg.DATA_CONFIG.DATA_AUGMENTOR.DISABLE_AUG_LIST: ['placeholder']
2026-05-18 18:09:43,189   INFO  cfg.DATA_CONFIG.DATA_AUGMENTOR.AUG_CONFIG_LIST: [{'NAME': 'gt_sampling', 'DB_INFO_PATH': ['nuscenes_dbinfos_10sweeps_withvelo.pkl'], 'PREPARE': {'filter_by_min_points': ['car:5', 'truck:5', 'construction_vehicle:5', 'bus:5', 'trailer:5', 'barrier:5', 'motorcycle:5', 'bicycle:5', 'pedestrian:5', 'traffic_cone:5']}, 'SAMPLE_GROUPS': ['car:2', 'truck:3', 'construction_vehicle:7', 'bus:4', 'trailer:6', 'barrier:2', 'motorcycle:6', 'bicycle:6', 'pedestrian:2', 'traffic_cone:2'], 'NUM_POINT_FEATURES': 5, 'DATABASE_WITH_FAKELIDAR': False, 'REMOVE_EXTRA_WIDTH': [0.0, 0.0, 0.0], 'LIMIT_WHOLE_SCENE': True}, {'NAME': 'random_world_flip', 'ALONG_AXIS_LIST': ['x', 'y']}, {'NAME': 'random_world_rotation', 'WORLD_ROT_ANGLE': [-0.3925, 0.3925]}, {'NAME': 'random_world_scaling', 'WORLD_SCALE_RANGE': [0.95, 1.05]}]
2026-05-18 18:09:43,189   INFO  ----------- POINT_FEATURE_ENCODING -----------
2026-05-18 18:09:43,189   INFO  cfg.DATA_CONFIG.POINT_FEATURE_ENCODING.encoding_type: absolute_coordinates_encoding
2026-05-18 18:09:43,189   INFO  cfg.DATA_CONFIG.POINT_FEATURE_ENCODING.used_feature_list: ['x', 'y', 'z', 'intensity']
2026-05-18 18:09:43,189   INFO  cfg.DATA_CONFIG.POINT_FEATURE_ENCODING.src_feature_list: ['x', 'y', 'z', 'intensity', 'timestamp']
2026-05-18 18:09:43,189   INFO  cfg.DATA_CONFIG.DATA_PROCESSOR: [{'NAME': 'mask_points_and_boxes_outside_range', 'REMOVE_OUTSIDE_BOXES': True}, {'NAME': 'shuffle_points', 'SHUFFLE_ENABLED': {'train': True, 'test': True}}, {'NAME': 'transform_points_to_voxels', 'VOXEL_SIZE': [0.05, 0.05, 0.1], 'MAX_POINTS_PER_VOXEL': 45, 'MAX_NUMBER_OF_VOXELS': {'train': 60000, 'test': 60000}}]
2026-05-18 18:09:43,189   INFO  cfg.DATA_CONFIG._BASE_CONFIG_: cfgs/dataset_configs/nuscenes_dataset.yaml
2026-05-18 18:09:43,189   INFO  cfg.DATA_CONFIG.SKIPH: True
2026-05-18 18:09:43,189   INFO  ----------- MODEL -----------
2026-05-18 18:09:43,189   INFO  cfg.MODEL.NAME: SECONDNet
2026-05-18 18:09:43,189   INFO  ----------- VFE -----------
2026-05-18 18:09:43,189   INFO  cfg.MODEL.VFE.NAME: MeanVFE
2026-05-18 18:09:43,189   INFO  ----------- BACKBONE_3D -----------
2026-05-18 18:09:43,189   INFO  cfg.MODEL.BACKBONE_3D.NAME: VoxelBackBone8xFocal
2026-05-18 18:09:43,189   INFO  cfg.MODEL.BACKBONE_3D.MASK_MULTI: True
2026-05-18 18:09:43,189   INFO  cfg.MODEL.BACKBONE_3D.ENLARGE_VOXEL_CHANNELS: 64
2026-05-18 18:09:43,189   INFO  ----------- MAP_TO_BEV -----------
2026-05-18 18:09:43,189   INFO  cfg.MODEL.MAP_TO_BEV.NAME: HeightCompression
2026-05-18 18:09:43,189   INFO  cfg.MODEL.MAP_TO_BEV.NUM_BEV_FEATURES: 256
2026-05-18 18:09:43,189   INFO  ----------- BACKBONE_2D -----------
2026-05-18 18:09:43,189   INFO  cfg.MODEL.BACKBONE_2D.NAME: BaseBEVBackbone
2026-05-18 18:09:43,189   INFO  cfg.MODEL.BACKBONE_2D.LAYER_NUMS: [5, 5]
2026-05-18 18:09:43,189   INFO  cfg.MODEL.BACKBONE_2D.LAYER_STRIDES: [1, 2]
2026-05-18 18:09:43,189   INFO  cfg.MODEL.BACKBONE_2D.NUM_FILTERS: [128, 256]
2026-05-18 18:09:43,189   INFO  cfg.MODEL.BACKBONE_2D.UPSAMPLE_STRIDES: [1, 2]
2026-05-18 18:09:43,189   INFO  cfg.MODEL.BACKBONE_2D.NUM_UPSAMPLE_FILTERS: [256, 256]
2026-05-18 18:09:43,189   INFO  ----------- DENSE_HEAD -----------
2026-05-18 18:09:43,189   INFO  cfg.MODEL.DENSE_HEAD.NAME: AnchorHeadSingle
2026-05-18 18:09:43,190   INFO  cfg.MODEL.DENSE_HEAD.CLASS_AGNOSTIC: False
2026-05-18 18:09:43,190   INFO  cfg.MODEL.DENSE_HEAD.USE_DIRECTION_CLASSIFIER: True
2026-05-18 18:09:43,190   INFO  cfg.MODEL.DENSE_HEAD.DIR_OFFSET: 0.78539
2026-05-18 18:09:43,190   INFO  cfg.MODEL.DENSE_HEAD.DIR_LIMIT_OFFSET: 0.0
2026-05-18 18:09:43,190   INFO  cfg.MODEL.DENSE_HEAD.NUM_DIR_BINS: 2
2026-05-18 18:09:43,190   INFO  cfg.MODEL.DENSE_HEAD.ANCHOR_GENERATOR_CONFIG: [{'class_name': 'car', 'anchor_sizes': [[3.9, 1.6, 1.56]], 'anchor_rotations': [0, 1.57], 'anchor_bottom_heights': [-1.78], 'align_center': False, 'feature_map_stride': 8, 'matched_threshold': 0.6, 'unmatched_threshold': 0.45}, {'class_name': 'pedestrian', 'anchor_sizes': [[0.8, 0.6, 1.73]], 'anchor_rotations': [0, 1.57], 'anchor_bottom_heights': [-0.6], 'align_center': False, 'feature_map_stride': 8, 'matched_threshold': 0.5, 'unmatched_threshold': 0.35}, {'class_name': 'bicycle', 'anchor_sizes': [[1.76, 0.6, 1.73]], 'anchor_rotations': [0, 1.57], 'anchor_bottom_heights': [-0.6], 'align_center': False, 'feature_map_stride': 8, 'matched_threshold': 0.5, 'unmatched_threshold': 0.35}]
2026-05-18 18:09:43,190   INFO  ----------- TARGET_ASSIGNER_CONFIG -----------
2026-05-18 18:09:43,190   INFO  cfg.MODEL.DENSE_HEAD.TARGET_ASSIGNER_CONFIG.NAME: AxisAlignedTargetAssigner
2026-05-18 18:09:43,190   INFO  cfg.MODEL.DENSE_HEAD.TARGET_ASSIGNER_CONFIG.POS_FRACTION: -1.0
2026-05-18 18:09:43,190   INFO  cfg.MODEL.DENSE_HEAD.TARGET_ASSIGNER_CONFIG.SAMPLE_SIZE: 512
2026-05-18 18:09:43,190   INFO  cfg.MODEL.DENSE_HEAD.TARGET_ASSIGNER_CONFIG.NORM_BY_NUM_EXAMPLES: False
2026-05-18 18:09:43,190   INFO  cfg.MODEL.DENSE_HEAD.TARGET_ASSIGNER_CONFIG.MATCH_HEIGHT: False
2026-05-18 18:09:43,190   INFO  cfg.MODEL.DENSE_HEAD.TARGET_ASSIGNER_CONFIG.BOX_CODER: ResidualCoder
2026-05-18 18:09:43,190   INFO  ----------- LOSS_CONFIG -----------
2026-05-18 18:09:43,190   INFO  ----------- LOSS_WEIGHTS -----------
2026-05-18 18:09:43,190   INFO  cfg.MODEL.DENSE_HEAD.LOSS_CONFIG.LOSS_WEIGHTS.cls_weight: 1.0
2026-05-18 18:09:43,190   INFO  cfg.MODEL.DENSE_HEAD.LOSS_CONFIG.LOSS_WEIGHTS.loc_weight: 2.0
2026-05-18 18:09:43,190   INFO  cfg.MODEL.DENSE_HEAD.LOSS_CONFIG.LOSS_WEIGHTS.dir_weight: 0.2
2026-05-18 18:09:43,190   INFO  cfg.MODEL.DENSE_HEAD.LOSS_CONFIG.LOSS_WEIGHTS.code_weights: [1.0, 1.0, 1.0, 1.0, 1.0, 1.0, 1.0]
2026-05-18 18:09:43,190   INFO  ----------- POST_PROCESSING -----------
2026-05-18 18:09:43,190   INFO  cfg.MODEL.POST_PROCESSING.RECALL_THRESH_LIST: [0.3, 0.5, 0.7]
2026-05-18 18:09:43,190   INFO  cfg.MODEL.POST_PROCESSING.SCORE_THRESH: 0.1
2026-05-18 18:09:43,190   INFO  cfg.MODEL.POST_PROCESSING.OUTPUT_RAW_SCORE: False
2026-05-18 18:09:43,190   INFO  cfg.MODEL.POST_PROCESSING.EVAL_METRIC: nuscenes
2026-05-18 18:09:43,190   INFO  ----------- NMS_CONFIG -----------
2026-05-18 18:09:43,190   INFO  cfg.MODEL.POST_PROCESSING.NMS_CONFIG.MULTI_CLASSES_NMS: False
2026-05-18 18:09:43,190   INFO  cfg.MODEL.POST_PROCESSING.NMS_CONFIG.NMS_TYPE: nms_gpu
2026-05-18 18:09:43,190   INFO  cfg.MODEL.POST_PROCESSING.NMS_CONFIG.NMS_THRESH: 0.01
2026-05-18 18:09:43,190   INFO  cfg.MODEL.POST_PROCESSING.NMS_CONFIG.NMS_PRE_MAXSIZE: 4096
2026-05-18 18:09:43,190   INFO  cfg.MODEL.POST_PROCESSING.NMS_CONFIG.NMS_POST_MAXSIZE: 500
2026-05-18 18:09:43,190   INFO  ----------- OPTIMIZATION -----------
2026-05-18 18:09:43,190   INFO  cfg.OPTIMIZATION.BATCH_SIZE_PER_GPU: 4
2026-05-18 18:09:43,190   INFO  cfg.OPTIMIZATION.NUM_EPOCHS: 40
2026-05-18 18:09:43,191   INFO  cfg.OPTIMIZATION.OPTIMIZER: adam_onecycle
2026-05-18 18:09:43,191   INFO  cfg.OPTIMIZATION.LR: 0.0003
2026-05-18 18:09:43,191   INFO  cfg.OPTIMIZATION.WEIGHT_DECAY: 0.01
2026-05-18 18:09:43,191   INFO  cfg.OPTIMIZATION.MOMENTUM: 0.9
2026-05-18 18:09:43,191   INFO  cfg.OPTIMIZATION.MOMS: [0.95, 0.85]
2026-05-18 18:09:43,191   INFO  cfg.OPTIMIZATION.PCT_START: 0.2
2026-05-18 18:09:43,191   INFO  cfg.OPTIMIZATION.DIV_FACTOR: 10
2026-05-18 18:09:43,191   INFO  cfg.OPTIMIZATION.DECAY_STEP_LIST: [25, 35]
2026-05-18 18:09:43,191   INFO  cfg.OPTIMIZATION.LR_DECAY: 0.1
2026-05-18 18:09:43,191   INFO  cfg.OPTIMIZATION.LR_CLIP: 1e-07
2026-05-18 18:09:43,191   INFO  cfg.OPTIMIZATION.LR_WARMUP: False
2026-05-18 18:09:43,191   INFO  cfg.OPTIMIZATION.WARMUP_EPOCH: 1
2026-05-18 18:09:43,191   INFO  cfg.OPTIMIZATION.GRAD_NORM_CLIP: 10
2026-05-18 18:09:43,191   INFO  cfg.TAG: second_nuscenes_focal
2026-05-18 18:09:43,191   INFO  cfg.EXP_GROUP_PATH: OpenPCDet/tools/cfgs/custom_models/second/focal
2026-05-18 18:09:43,194   INFO  ----------- Create dataloader & network & optimizer -----------
2026-05-18 18:09:43,227   INFO  Database filter by min points car: 4082 => 3303
2026-05-18 18:09:43,227   INFO  Database filter by min points bicycle: 147 => 136
2026-05-18 18:09:43,227   INFO  Database filter by min points pedestrian: 3068 => 2799
2026-05-18 18:09:43,229   INFO  Loading NuScenes dataset
2026-05-18 18:09:43,244   INFO  Total samples for NuScenes dataset: 323
2026-05-18 18:09:43,247   INFO  Total samples after balanced resampling: 667
2026-05-18 18:09:44,423   INFO  ==> Loading parameters from checkpoint /OpenPCDet/output/custom_models/second/focal/second_focal/default/ckpt/checkpoint_epoch_80.pth to GPU
2026-05-18 18:09:44,493   INFO  ==> Checkpoint trained from version: pcdet+0.6.0+233f849+py1d69679
2026-05-18 18:09:44,497   INFO  ==> Done (loaded 202/202)
2026-05-18 18:09:44,498   INFO  ----------- Model SECONDNet created, param count: 5804840 -----------
2026-05-18 18:09:44,498   INFO  SECONDNet(
  (vfe): MeanVFE()
  (backbone_3d): VoxelBackBone8xFocal(
    (conv_input): SparseSequential(
      (0): SubMConv3d(4, 16, kernel_size=[3, 3, 3], stride=[1, 1, 1], padding=[1, 1, 1], dilation=[1, 1, 1], output_padding=[0, 0, 0], bias=False, algo=ConvAlgo.MaskImplicitGemm)
      (1): BatchNorm1d(16, eps=0.001, momentum=0.01, affine=True, track_running_stats=True)
      (2): ReLU(inplace=True)
    )
    (conv1): SparseSequentialBatchdict(
      (0): SparseSequential(
        (0): SubMConv3d(16, 16, kernel_size=[3, 3, 3], stride=[1, 1, 1], padding=[0, 0, 0], dilation=[1, 1, 1], output_padding=[0, 0, 0], bias=False, algo=ConvAlgo.MaskImplicitGemm)
        (1): BatchNorm1d(16, eps=0.001, momentum=0.01, affine=True, track_running_stats=True)
        (2): ReLU(inplace=True)
      )
      (1): FocalSparseConv(
        (conv): SubMConv3d(16, 16, kernel_size=[3, 3, 3], stride=[1, 1, 1], padding=[0, 0, 0], dilation=[1, 1, 1], output_padding=[0, 0, 0], bias=False, algo=ConvAlgo.MaskImplicitGemm)
        (bn1): BatchNorm1d(16, eps=0.001, momentum=0.01, affine=True, track_running_stats=True)
        (relu): ReLU(inplace=True)
        (focal_loss): FocalLoss()
        (conv_enlarge): SparseSequential(
          (0): SubMConv3d(16, 64, kernel_size=[3, 3, 3], stride=[1, 1, 1], padding=[1, 1, 1], dilation=[1, 1, 1], output_padding=[0, 0, 0], bias=False, algo=ConvAlgo.MaskImplicitGemm)
          (1): BatchNorm1d(64, eps=0.001, momentum=0.01, affine=True, track_running_stats=True)
          (2): ReLU(inplace=True)
        )
        (conv_imp): SubMConv3d(64, 27, kernel_size=[3, 3, 3], stride=[1, 1, 1], padding=[1, 1, 1], dilation=[1, 1, 1], output_padding=[0, 0, 0], bias=False, algo=ConvAlgo.MaskImplicitGemm)
      )
    )
    (conv2): SparseSequentialBatchdict(
      (0): SparseSequential(
        (0): SparseConv3d(16, 32, kernel_size=[3, 3, 3], stride=[2, 2, 2], padding=[1, 1, 1], dilation=[1, 1, 1], output_padding=[0, 0, 0], bias=False, algo=ConvAlgo.MaskImplicitGemm)
        (1): BatchNorm1d(32, eps=0.001, momentum=0.01, affine=True, track_running_stats=True)
        (2): ReLU(inplace=True)
      )
      (1): SparseSequential(
        (0): SubMConv3d(32, 32, kernel_size=[3, 3, 3], stride=[1, 1, 1], padding=[0, 0, 0], dilation=[1, 1, 1], output_padding=[0, 0, 0], bias=False, algo=ConvAlgo.MaskImplicitGemm)
        (1): BatchNorm1d(32, eps=0.001, momentum=0.01, affine=True, track_running_stats=True)
        (2): ReLU(inplace=True)
      )
      (2): SparseSequential(
        (0): SubMConv3d(32, 32, kernel_size=[3, 3, 3], stride=[1, 1, 1], padding=[0, 0, 0], dilation=[1, 1, 1], output_padding=[0, 0, 0], bias=False, algo=ConvAlgo.MaskImplicitGemm)
        (1): BatchNorm1d(32, eps=0.001, momentum=0.01, affine=True, track_running_stats=True)
        (2): ReLU(inplace=True)
      )
      (3): FocalSparseConv(
        (conv): SubMConv3d(32, 32, kernel_size=[3, 3, 3], stride=[1, 1, 1], padding=[0, 0, 0], dilation=[1, 1, 1], output_padding=[0, 0, 0], bias=False, algo=ConvAlgo.MaskImplicitGemm)
        (bn1): BatchNorm1d(32, eps=0.001, momentum=0.01, affine=True, track_running_stats=True)
        (relu): ReLU(inplace=True)
        (focal_loss): FocalLoss()
        (conv_enlarge): SparseSequential(
          (0): SubMConv3d(32, 64, kernel_size=[3, 3, 3], stride=[1, 1, 1], padding=[1, 1, 1], dilation=[1, 1, 1], output_padding=[0, 0, 0], bias=False, algo=ConvAlgo.MaskImplicitGemm)
          (1): BatchNorm1d(64, eps=0.001, momentum=0.01, affine=True, track_running_stats=True)
          (2): ReLU(inplace=True)
        )
        (conv_imp): SubMConv3d(64, 27, kernel_size=[3, 3, 3], stride=[1, 1, 1], padding=[1, 1, 1], dilation=[1, 1, 1], output_padding=[0, 0, 0], bias=False, algo=ConvAlgo.MaskImplicitGemm)
      )
    )
    (conv3): SparseSequentialBatchdict(
      (0): SparseSequential(
        (0): SparseConv3d(32, 64, kernel_size=[3, 3, 3], stride=[2, 2, 2], padding=[1, 1, 1], dilation=[1, 1, 1], output_padding=[0, 0, 0], bias=False, algo=ConvAlgo.MaskImplicitGemm)
        (1): BatchNorm1d(64, eps=0.001, momentum=0.01, affine=True, track_running_stats=True)
        (2): ReLU(inplace=True)
      )
      (1): SparseSequential(
        (0): SubMConv3d(64, 64, kernel_size=[3, 3, 3], stride=[1, 1, 1], padding=[0, 0, 0], dilation=[1, 1, 1], output_padding=[0, 0, 0], bias=False, algo=ConvAlgo.MaskImplicitGemm)
        (1): BatchNorm1d(64, eps=0.001, momentum=0.01, affine=True, track_running_stats=True)
        (2): ReLU(inplace=True)
      )
      (2): SparseSequential(
        (0): SubMConv3d(64, 64, kernel_size=[3, 3, 3], stride=[1, 1, 1], padding=[0, 0, 0], dilation=[1, 1, 1], output_padding=[0, 0, 0], bias=False, algo=ConvAlgo.MaskImplicitGemm)
        (1): BatchNorm1d(64, eps=0.001, momentum=0.01, affine=True, track_running_stats=True)
        (2): ReLU(inplace=True)
      )
      (3): FocalSparseConv(
        (conv): SubMConv3d(64, 64, kernel_size=[3, 3, 3], stride=[1, 1, 1], padding=[0, 0, 0], dilation=[1, 1, 1], output_padding=[0, 0, 0], bias=False, algo=ConvAlgo.MaskImplicitGemm)
        (bn1): BatchNorm1d(64, eps=0.001, momentum=0.01, affine=True, track_running_stats=True)
        (relu): ReLU(inplace=True)
        (focal_loss): FocalLoss()
        (conv_enlarge): SparseSequential(
          (0): SubMConv3d(64, 64, kernel_size=[3, 3, 3], stride=[1, 1, 1], padding=[1, 1, 1], dilation=[1, 1, 1], output_padding=[0, 0, 0], bias=False, algo=ConvAlgo.MaskImplicitGemm)
          (1): BatchNorm1d(64, eps=0.001, momentum=0.01, affine=True, track_running_stats=True)
          (2): ReLU(inplace=True)
        )
        (conv_imp): SubMConv3d(64, 27, kernel_size=[3, 3, 3], stride=[1, 1, 1], padding=[1, 1, 1], dilation=[1, 1, 1], output_padding=[0, 0, 0], bias=False, algo=ConvAlgo.MaskImplicitGemm)
      )
    )
    (conv4): SparseSequentialBatchdict(
      (0): SparseSequential(
        (0): SparseConv3d(64, 64, kernel_size=[3, 3, 3], stride=[2, 2, 2], padding=[0, 1, 1], dilation=[1, 1, 1], output_padding=[0, 0, 0], bias=False, algo=ConvAlgo.MaskImplicitGemm)
        (1): BatchNorm1d(64, eps=0.001, momentum=0.01, affine=True, track_running_stats=True)
        (2): ReLU(inplace=True)
      )
      (1): SparseSequential(
        (0): SubMConv3d(64, 64, kernel_size=[3, 3, 3], stride=[1, 1, 1], padding=[0, 0, 0], dilation=[1, 1, 1], output_padding=[0, 0, 0], bias=False, algo=ConvAlgo.MaskImplicitGemm)
        (1): BatchNorm1d(64, eps=0.001, momentum=0.01, affine=True, track_running_stats=True)
        (2): ReLU(inplace=True)
      )
      (2): SparseSequential(
        (0): SubMConv3d(64, 64, kernel_size=[3, 3, 3], stride=[1, 1, 1], padding=[0, 0, 0], dilation=[1, 1, 1], output_padding=[0, 0, 0], bias=False, algo=ConvAlgo.MaskImplicitGemm)
        (1): BatchNorm1d(64, eps=0.001, momentum=0.01, affine=True, track_running_stats=True)
        (2): ReLU(inplace=True)
      )
    )
    (conv_out): SparseSequential(
      (0): SparseConv3d(64, 128, kernel_size=[3, 1, 1], stride=[2, 1, 1], padding=[0, 0, 0], dilation=[1, 1, 1], output_padding=[0, 0, 0], bias=False, algo=ConvAlgo.MaskImplicitGemm)
      (1): BatchNorm1d(128, eps=0.001, momentum=0.01, affine=True, track_running_stats=True)
      (2): ReLU(inplace=True)
    )
  )
  (map_to_bev_module): HeightCompression()
  (pfe): None
  (backbone_2d): BaseBEVBackbone(
    (blocks): ModuleList(
      (0): Sequential(
        (0): ZeroPad2d((1, 1, 1, 1))
        (1): Conv2d(256, 128, kernel_size=(3, 3), stride=(1, 1), bias=False)
        (2): BatchNorm2d(128, eps=0.001, momentum=0.01, affine=True, track_running_stats=True)
        (3): ReLU()
        (4): Conv2d(128, 128, kernel_size=(3, 3), stride=(1, 1), padding=(1, 1), bias=False)
        (5): BatchNorm2d(128, eps=0.001, momentum=0.01, affine=True, track_running_stats=True)
        (6): ReLU()
        (7): Conv2d(128, 128, kernel_size=(3, 3), stride=(1, 1), padding=(1, 1), bias=False)
        (8): BatchNorm2d(128, eps=0.001, momentum=0.01, affine=True, track_running_stats=True)
        (9): ReLU()
        (10): Conv2d(128, 128, kernel_size=(3, 3), stride=(1, 1), padding=(1, 1), bias=False)
        (11): BatchNorm2d(128, eps=0.001, momentum=0.01, affine=True, track_running_stats=True)
        (12): ReLU()
        (13): Conv2d(128, 128, kernel_size=(3, 3), stride=(1, 1), padding=(1, 1), bias=False)
        (14): BatchNorm2d(128, eps=0.001, momentum=0.01, affine=True, track_running_stats=True)
        (15): ReLU()
        (16): Conv2d(128, 128, kernel_size=(3, 3), stride=(1, 1), padding=(1, 1), bias=False)
        (17): BatchNorm2d(128, eps=0.001, momentum=0.01, affine=True, track_running_stats=True)
        (18): ReLU()
      )
      (1): Sequential(
        (0): ZeroPad2d((1, 1, 1, 1))
        (1): Conv2d(128, 256, kernel_size=(3, 3), stride=(2, 2), bias=False)
        (2): BatchNorm2d(256, eps=0.001, momentum=0.01, affine=True, track_running_stats=True)
        (3): ReLU()
        (4): Conv2d(256, 256, kernel_size=(3, 3), stride=(1, 1), padding=(1, 1), bias=False)
        (5): BatchNorm2d(256, eps=0.001, momentum=0.01, affine=True, track_running_stats=True)
        (6): ReLU()
        (7): Conv2d(256, 256, kernel_size=(3, 3), stride=(1, 1), padding=(1, 1), bias=False)
        (8): BatchNorm2d(256, eps=0.001, momentum=0.01, affine=True, track_running_stats=True)
        (9): ReLU()
        (10): Conv2d(256, 256, kernel_size=(3, 3), stride=(1, 1), padding=(1, 1), bias=False)
        (11): BatchNorm2d(256, eps=0.001, momentum=0.01, affine=True, track_running_stats=True)
        (12): ReLU()
        (13): Conv2d(256, 256, kernel_size=(3, 3), stride=(1, 1), padding=(1, 1), bias=False)
        (14): BatchNorm2d(256, eps=0.001, momentum=0.01, affine=True, track_running_stats=True)
        (15): ReLU()
        (16): Conv2d(256, 256, kernel_size=(3, 3), stride=(1, 1), padding=(1, 1), bias=False)
        (17): BatchNorm2d(256, eps=0.001, momentum=0.01, affine=True, track_running_stats=True)
        (18): ReLU()
      )
    )
    (deblocks): ModuleList(
      (0): Sequential(
        (0): ConvTranspose2d(128, 256, kernel_size=(1, 1), stride=(1, 1), bias=False)
        (1): BatchNorm2d(256, eps=0.001, momentum=0.01, affine=True, track_running_stats=True)
        (2): ReLU()
      )
      (1): Sequential(
        (0): ConvTranspose2d(256, 256, kernel_size=(2, 2), stride=(2, 2), bias=False)
        (1): BatchNorm2d(256, eps=0.001, momentum=0.01, affine=True, track_running_stats=True)
        (2): ReLU()
      )
    )
  )
  (dense_head): AnchorHeadSingle(
    (cls_loss_func): SigmoidFocalClassificationLoss()
    (reg_loss_func): WeightedSmoothL1Loss()
    (dir_loss_func): WeightedCrossEntropyLoss()
    (conv_cls): Conv2d(512, 18, kernel_size=(1, 1), stride=(1, 1))
    (conv_box): Conv2d(512, 42, kernel_size=(1, 1), stride=(1, 1))
    (conv_dir_cls): Conv2d(512, 12, kernel_size=(1, 1), stride=(1, 1))
  )
  (point_head): None
  (roi_head): None
)
2026-05-18 18:09:44,500   INFO  **********************Start training OpenPCDet/tools/cfgs/custom_models/second/focal/second_nuscenes_focal(default)**********************
2026-05-18 18:10:05,025   INFO  Train:    1/40 (  2%) [   0/167 (  0%)]  Loss: 2.626 (2.63)  LR: 3.000e-05  Time cost: 00:20/55:56 [00:20/37:17:25]  Acc_iter 1           Data time: 0.93(0.93)  Forward time: 19.17(19.17)  Batch time: 20.10(20.10)
2026-05-18 18:10:24,348   INFO  Train:    1/40 (  2%) [  49/167 ( 29%)]  Loss: 2.322 (2.53)  LR: 3.090e-05  Time cost: 00:39/01:33 [00:39/1:27:07]  Acc_iter 50          Data time: 0.00(0.02)  Forward time: 0.38(0.77)  Batch time: 0.38(0.79)
2026-05-18 18:10:44,106   INFO  Train:    1/40 (  2%) [  99/167 ( 59%)]  Loss: 2.310 (2.36)  LR: 3.364e-05  Time cost: 00:59/00:40 [00:59/1:04:54]  Acc_iter 100         Data time: 0.00(0.01)  Forward time: 0.37(0.58)  Batch time: 0.37(0.59)
2026-05-18 18:11:03,461   INFO  Train:    1/40 (  2%) [ 149/167 ( 89%)]  Loss: 2.129 (2.28)  LR: 3.820e-05  Time cost: 01:18/00:09 [01:18/56:59]  Acc_iter 150         Data time: 0.00(0.01)  Forward time: 0.39(0.52)  Batch time: 0.39(0.52)
2026-05-18 18:11:03,797   INFO  a1e06a0b30c0                Mon May 18 18:11:03 2026  580.142
[0] NVIDIA GeForce RTX 3070 | 64°C,  81 % |  7732 /  8192 MB | root(7400M)

2026-05-18 18:11:10,133   INFO  Train:    1/40 (  2%) [ 166/167 ( 99%)]  Loss: 2.153 (2.26)  LR: 4.016e-05  Time cost: 01:25/00:00 [01:25/55:23]  Acc_iter 167         Data time: 0.00(0.01)  Forward time: 0.27(0.50)  Batch time: 0.27(0.51)
2026-05-18 18:11:11,520   INFO  Train:    2/40 (  5%) [   0/167 (  0%)]  Loss: 2.212 (2.21)  LR: 4.028e-05  Time cost: 00:01/03:00 [01:27/1:57:29]  Acc_iter 168         Data time: 0.47(0.47)  Forward time: 0.61(0.61)  Batch time: 1.08(1.08)
2026-05-18 18:11:23,901   INFO  Train:    2/40 (  5%) [  32/167 ( 19%)]  Loss: 1.854 (1.95)  LR: 4.451e-05  Time cost: 00:13/00:55 [01:39/44:04]  Acc_iter 200         Data time: 0.00(0.02)  Forward time: 0.40(0.39)  Batch time: 0.40(0.41)
2026-05-18 18:11:43,615   INFO  Train:    2/40 (  5%) [  82/167 ( 49%)]  Loss: 1.790 (1.83)  LR: 5.249e-05  Time cost: 00:33/00:33 [01:59/42:50]  Acc_iter 250         Data time: 0.00(0.01)  Forward time: 0.40(0.39)  Batch time: 0.40(0.40)
2026-05-18 18:12:03,258   INFO  Train:    2/40 (  5%) [ 132/167 ( 79%)]  Loss: 1.903 (1.79)  LR: 6.202e-05  Time cost: 00:52/00:13 [02:18/42:14]  Acc_iter 300         Data time: 0.00(0.00)  Forward time: 0.39(0.39)  Batch time: 0.40(0.40)
2026-05-18 18:12:03,581   INFO  a1e06a0b30c0                Mon May 18 18:12:03 2026  580.142
[0] NVIDIA GeForce RTX 3070 | 61°C,  98 % |  7733 /  8192 MB | root(7400M)

2026-05-18 18:12:16,640   INFO  Train:    2/40 (  5%) [ 166/167 ( 99%)]  Loss: 1.654 (1.77)  LR: 6.932e-05  Time cost: 01:06/00:00 [02:32/41:56]  Acc_iter 334         Data time: 0.00(0.01)  Forward time: 0.28(0.39)  Batch time: 0.28(0.40)
2026-05-18 18:12:18,096   INFO  Train:    3/40 (  8%) [   0/167 (  0%)]  Loss: 1.612 (1.61)  LR: 6.954e-05  Time cost: 00:01/03:08 [02:33/1:59:06]  Acc_iter 335         Data time: 0.63(0.63)  Forward time: 0.49(0.49)  Batch time: 1.13(1.13)
2026-05-18 18:12:23,965   INFO  Train:    3/40 (  8%) [  15/167 (  9%)]  Loss: 1.577 (1.64)  LR: 7.297e-05  Time cost: 00:06/01:06 [02:39/46:07]  Acc_iter 350         Data time: 0.00(0.04)  Forward time: 0.39(0.40)  Batch time: 0.39(0.44)
2026-05-18 18:12:43,411   INFO  Train:    3/40 (  8%) [  65/167 ( 39%)]  Loss: 2.003 (1.63)  LR: 8.519e-05  Time cost: 00:26/00:40 [02:58/41:56]  Acc_iter 400         Data time: 0.00(0.01)  Forward time: 0.39(0.39)  Batch time: 0.39(0.40)
