2026-08-15 10:09:03,203   INFO  **********************Start logging**********************
2026-08-15 10:09:03,204   INFO  CUDA_VISIBLE_DEVICES=ALL
2026-08-15 10:09:03,204   INFO  Training with a single process
2026-08-15 10:09:03,204   INFO  cfg_file         /OpenPCDet/tools/cfgs/models/S/F/S_F_N.yaml
2026-08-15 10:09:03,204   INFO  batch_size       1
2026-08-15 10:09:03,204   INFO  epochs           10
2026-08-15 10:09:03,204   INFO  workers          6
2026-08-15 10:09:03,204   INFO  extra_tag        default
2026-08-15 10:09:03,204   INFO  ckpt             None
2026-08-15 10:09:03,204   INFO  pretrained_model /OpenPCDet/output/cfgs/models/S/F/S_F_K/default/ckpt/checkpoint_epoch_14.pth
2026-08-15 10:09:03,204   INFO  launcher         none
2026-08-15 10:09:03,204   INFO  tcp_port         18888
2026-08-15 10:09:03,204   INFO  sync_bn          False
2026-08-15 10:09:03,204   INFO  fix_random_seed  False
2026-08-15 10:09:03,204   INFO  ckpt_save_interval 1
2026-08-15 10:09:03,204   INFO  local_rank       None
2026-08-15 10:09:03,204   INFO  max_ckpt_save_num 100
2026-08-15 10:09:03,204   INFO  merge_all_iters_to_one_epoch False
2026-08-15 10:09:03,204   INFO  set_cfgs         None
2026-08-15 10:09:03,204   INFO  max_waiting_mins 0
2026-08-15 10:09:03,204   INFO  start_epoch      0
2026-08-15 10:09:03,204   INFO  num_epochs_to_eval 0
2026-08-15 10:09:03,204   INFO  save_to_file     False
2026-08-15 10:09:03,204   INFO  use_tqdm_to_record False
2026-08-15 10:09:03,204   INFO  logger_iter_interval 50
2026-08-15 10:09:03,204   INFO  ckpt_save_time_interval 300
2026-08-15 10:09:03,204   INFO  wo_gpu_stat      False
2026-08-15 10:09:03,204   INFO  use_amp          False
2026-08-15 10:09:03,204   INFO  freeze_backbone  False
2026-08-15 10:09:03,204   INFO  freeze_bn        False
2026-08-15 10:09:03,204   INFO  cfg.ROOT_DIR: /OpenPCDet
2026-08-15 10:09:03,204   INFO  cfg.LOCAL_RANK: 0
2026-08-15 10:09:03,204   INFO  cfg.CLASS_NAMES: ['car', 'pedestrian', 'bicycle']
2026-08-15 10:09:03,205   INFO  ----------- DATA_CONFIG -----------
2026-08-15 10:09:03,205   INFO  cfg.DATA_CONFIG.DATASET: NuScenesDataset
2026-08-15 10:09:03,205   INFO  cfg.DATA_CONFIG.DATA_PATH: ../datasets/nuscenes
2026-08-15 10:09:03,205   INFO  cfg.DATA_CONFIG.VERSION: v1.0-mini
2026-08-15 10:09:03,205   INFO  cfg.DATA_CONFIG.MAX_SWEEPS: 1
2026-08-15 10:09:03,205   INFO  cfg.DATA_CONFIG.PRED_VELOCITY: False
2026-08-15 10:09:03,205   INFO  cfg.DATA_CONFIG.SET_NAN_VELOCITY_TO_ZEROS: True
2026-08-15 10:09:03,205   INFO  cfg.DATA_CONFIG.FILTER_MIN_POINTS_IN_GT: 1
2026-08-15 10:09:03,205   INFO  ----------- MAP_CLASS_TO_KITTI -----------
2026-08-15 10:09:03,205   INFO  cfg.DATA_CONFIG.MAP_CLASS_TO_KITTI.car: Car
2026-08-15 10:09:03,205   INFO  cfg.DATA_CONFIG.MAP_CLASS_TO_KITTI.pedestrian: Pedestrian
2026-08-15 10:09:03,205   INFO  cfg.DATA_CONFIG.MAP_CLASS_TO_KITTI.bicycle: Cyclist
2026-08-15 10:09:03,205   INFO  ----------- DATA_SPLIT -----------
2026-08-15 10:09:03,205   INFO  cfg.DATA_CONFIG.DATA_SPLIT.train: train
2026-08-15 10:09:03,205   INFO  cfg.DATA_CONFIG.DATA_SPLIT.test: val
2026-08-15 10:09:03,205   INFO  ----------- INFO_PATH -----------
2026-08-15 10:09:03,205   INFO  cfg.DATA_CONFIG.INFO_PATH.train: ['nuscenes_infos_1sweeps_train.pkl']
2026-08-15 10:09:03,205   INFO  cfg.DATA_CONFIG.INFO_PATH.test: ['nuscenes_infos_1sweeps_val.pkl']
2026-08-15 10:09:03,205   INFO  cfg.DATA_CONFIG.POINT_CLOUD_RANGE: [-51.2, -51.2, -3.0, 51.2, 51.2, 1.0]
2026-08-15 10:09:03,205   INFO  cfg.DATA_CONFIG.BALANCED_RESAMPLING: True
2026-08-15 10:09:03,205   INFO  ----------- DATA_AUGMENTOR -----------
2026-08-15 10:09:03,205   INFO  cfg.DATA_CONFIG.DATA_AUGMENTOR.DISABLE_AUG_LIST: ['gt_sampling']
2026-08-15 10:09:03,205   INFO  cfg.DATA_CONFIG.DATA_AUGMENTOR.AUG_CONFIG_LIST: [{'NAME': 'gt_sampling', 'DB_INFO_PATH': ['nuscenes_dbinfos_1sweeps_withvelo.pkl'], 'PREPARE': {'filter_by_min_points': ['car:5', 'bicycle:5', 'pedestrian:5']}, 'SAMPLE_GROUPS': ['car:2', 'bicycle:6', 'pedestrian:2'], 'NUM_POINT_FEATURES': 4, 'DATABASE_WITH_FAKELIDAR': False, 'REMOVE_EXTRA_WIDTH': [0.0, 0.0, 0.0], 'LIMIT_WHOLE_SCENE': True}, {'NAME': 'random_world_flip', 'ALONG_AXIS_LIST': ['x', 'y']}, {'NAME': 'random_world_rotation', 'WORLD_ROT_ANGLE': [-0.3925, 0.3925]}, {'NAME': 'random_world_scaling', 'WORLD_SCALE_RANGE': [0.95, 1.05]}]
2026-08-15 10:09:03,205   INFO  ----------- POINT_FEATURE_ENCODING -----------
2026-08-15 10:09:03,205   INFO  cfg.DATA_CONFIG.POINT_FEATURE_ENCODING.encoding_type: absolute_coordinates_encoding
2026-08-15 10:09:03,205   INFO  cfg.DATA_CONFIG.POINT_FEATURE_ENCODING.used_feature_list: ['x', 'y', 'z', 'intensity']
2026-08-15 10:09:03,205   INFO  cfg.DATA_CONFIG.POINT_FEATURE_ENCODING.src_feature_list: ['x', 'y', 'z', 'intensity']
2026-08-15 10:09:03,205   INFO  cfg.DATA_CONFIG.DATA_PROCESSOR: [{'NAME': 'mask_points_and_boxes_outside_range', 'REMOVE_OUTSIDE_BOXES': True}, {'NAME': 'shuffle_points', 'SHUFFLE_ENABLED': {'train': True, 'test': True}}, {'NAME': 'transform_points_to_voxels', 'VOXEL_SIZE': [0.05, 0.05, 0.1], 'MAX_POINTS_PER_VOXEL': 45, 'MAX_NUMBER_OF_VOXELS': {'train': 60000, 'test': 60000}}]
2026-08-15 10:09:03,205   INFO  cfg.DATA_CONFIG._BASE_CONFIG_: cfgs/dataset_configs/nuscenes_dataset.yaml
2026-08-15 10:09:03,205   INFO  cfg.DATA_CONFIG.SKIPH: True
2026-08-15 10:09:03,205   INFO  ----------- MODEL -----------
2026-08-15 10:09:03,205   INFO  cfg.MODEL.NAME: SECONDNet
2026-08-15 10:09:03,205   INFO  ----------- VFE -----------
2026-08-15 10:09:03,206   INFO  cfg.MODEL.VFE.NAME: MeanVFE
2026-08-15 10:09:03,206   INFO  ----------- BACKBONE_3D -----------
2026-08-15 10:09:03,206   INFO  cfg.MODEL.BACKBONE_3D.NAME: VoxelBackBone8xFocal
2026-08-15 10:09:03,206   INFO  cfg.MODEL.BACKBONE_3D.MASK_MULTI: True
2026-08-15 10:09:03,206   INFO  cfg.MODEL.BACKBONE_3D.ENLARGE_VOXEL_CHANNELS: 64
2026-08-15 10:09:03,206   INFO  ----------- MAP_TO_BEV -----------
2026-08-15 10:09:03,206   INFO  cfg.MODEL.MAP_TO_BEV.NAME: HeightCompression
2026-08-15 10:09:03,206   INFO  cfg.MODEL.MAP_TO_BEV.NUM_BEV_FEATURES: 256
2026-08-15 10:09:03,206   INFO  ----------- BACKBONE_2D -----------
2026-08-15 10:09:03,206   INFO  cfg.MODEL.BACKBONE_2D.NAME: BaseBEVBackbone
2026-08-15 10:09:03,206   INFO  cfg.MODEL.BACKBONE_2D.LAYER_NUMS: [5, 5]
2026-08-15 10:09:03,206   INFO  cfg.MODEL.BACKBONE_2D.LAYER_STRIDES: [1, 2]
2026-08-15 10:09:03,206   INFO  cfg.MODEL.BACKBONE_2D.NUM_FILTERS: [128, 256]
2026-08-15 10:09:03,206   INFO  cfg.MODEL.BACKBONE_2D.UPSAMPLE_STRIDES: [1, 2]
2026-08-15 10:09:03,206   INFO  cfg.MODEL.BACKBONE_2D.NUM_UPSAMPLE_FILTERS: [256, 256]
2026-08-15 10:09:03,206   INFO  ----------- DENSE_HEAD -----------
2026-08-15 10:09:03,206   INFO  cfg.MODEL.DENSE_HEAD.NAME: AnchorHeadSingle
2026-08-15 10:09:03,206   INFO  cfg.MODEL.DENSE_HEAD.CLASS_AGNOSTIC: False
2026-08-15 10:09:03,206   INFO  cfg.MODEL.DENSE_HEAD.USE_DIRECTION_CLASSIFIER: True
2026-08-15 10:09:03,206   INFO  cfg.MODEL.DENSE_HEAD.DIR_OFFSET: 0.78539
2026-08-15 10:09:03,206   INFO  cfg.MODEL.DENSE_HEAD.DIR_LIMIT_OFFSET: 0.0
2026-08-15 10:09:03,206   INFO  cfg.MODEL.DENSE_HEAD.NUM_DIR_BINS: 2
2026-08-15 10:09:03,206   INFO  cfg.MODEL.DENSE_HEAD.ANCHOR_GENERATOR_CONFIG: [{'class_name': 'car', 'anchor_sizes': [[3.9, 1.6, 1.56]], 'anchor_rotations': [0, 1.57], 'anchor_bottom_heights': [-1.78], 'align_center': False, 'feature_map_stride': 8, 'matched_threshold': 0.6, 'unmatched_threshold': 0.45}, {'class_name': 'pedestrian', 'anchor_sizes': [[0.8, 0.6, 1.73]], 'anchor_rotations': [0, 1.57], 'anchor_bottom_heights': [-0.6], 'align_center': False, 'feature_map_stride': 8, 'matched_threshold': 0.5, 'unmatched_threshold': 0.35}, {'class_name': 'bicycle', 'anchor_sizes': [[1.76, 0.6, 1.73]], 'anchor_rotations': [0, 1.57], 'anchor_bottom_heights': [-0.6], 'align_center': False, 'feature_map_stride': 8, 'matched_threshold': 0.5, 'unmatched_threshold': 0.35}]
2026-08-15 10:09:03,206   INFO  ----------- TARGET_ASSIGNER_CONFIG -----------
2026-08-15 10:09:03,206   INFO  cfg.MODEL.DENSE_HEAD.TARGET_ASSIGNER_CONFIG.NAME: AxisAlignedTargetAssigner
2026-08-15 10:09:03,206   INFO  cfg.MODEL.DENSE_HEAD.TARGET_ASSIGNER_CONFIG.POS_FRACTION: -1.0
2026-08-15 10:09:03,206   INFO  cfg.MODEL.DENSE_HEAD.TARGET_ASSIGNER_CONFIG.SAMPLE_SIZE: 512
2026-08-15 10:09:03,206   INFO  cfg.MODEL.DENSE_HEAD.TARGET_ASSIGNER_CONFIG.NORM_BY_NUM_EXAMPLES: False
2026-08-15 10:09:03,206   INFO  cfg.MODEL.DENSE_HEAD.TARGET_ASSIGNER_CONFIG.MATCH_HEIGHT: False
2026-08-15 10:09:03,206   INFO  cfg.MODEL.DENSE_HEAD.TARGET_ASSIGNER_CONFIG.BOX_CODER: ResidualCoder
2026-08-15 10:09:03,206   INFO  ----------- LOSS_CONFIG -----------
2026-08-15 10:09:03,206   INFO  ----------- LOSS_WEIGHTS -----------
2026-08-15 10:09:03,206   INFO  cfg.MODEL.DENSE_HEAD.LOSS_CONFIG.LOSS_WEIGHTS.cls_weight: 1.0
2026-08-15 10:09:03,206   INFO  cfg.MODEL.DENSE_HEAD.LOSS_CONFIG.LOSS_WEIGHTS.loc_weight: 2.0
2026-08-15 10:09:03,207   INFO  cfg.MODEL.DENSE_HEAD.LOSS_CONFIG.LOSS_WEIGHTS.dir_weight: 0.2
2026-08-15 10:09:03,207   INFO  cfg.MODEL.DENSE_HEAD.LOSS_CONFIG.LOSS_WEIGHTS.code_weights: [1.0, 1.0, 1.0, 1.0, 1.0, 1.0, 1.0]
2026-08-15 10:09:03,207   INFO  ----------- POST_PROCESSING -----------
2026-08-15 10:09:03,207   INFO  cfg.MODEL.POST_PROCESSING.RECALL_THRESH_LIST: [0.3, 0.5, 0.7]
2026-08-15 10:09:03,207   INFO  cfg.MODEL.POST_PROCESSING.SCORE_THRESH: 0.1
2026-08-15 10:09:03,207   INFO  cfg.MODEL.POST_PROCESSING.OUTPUT_RAW_SCORE: False
2026-08-15 10:09:03,207   INFO  cfg.MODEL.POST_PROCESSING.EVAL_METRIC: nuscenes
2026-08-15 10:09:03,207   INFO  ----------- NMS_CONFIG -----------
2026-08-15 10:09:03,207   INFO  cfg.MODEL.POST_PROCESSING.NMS_CONFIG.MULTI_CLASSES_NMS: False
2026-08-15 10:09:03,207   INFO  cfg.MODEL.POST_PROCESSING.NMS_CONFIG.NMS_TYPE: nms_gpu
2026-08-15 10:09:03,207   INFO  cfg.MODEL.POST_PROCESSING.NMS_CONFIG.NMS_THRESH: 0.05
2026-08-15 10:09:03,207   INFO  cfg.MODEL.POST_PROCESSING.NMS_CONFIG.NMS_PRE_MAXSIZE: 1000
2026-08-15 10:09:03,207   INFO  cfg.MODEL.POST_PROCESSING.NMS_CONFIG.NMS_POST_MAXSIZE: 100
2026-08-15 10:09:03,207   INFO  ----------- OPTIMIZATION -----------
2026-08-15 10:09:03,207   INFO  cfg.OPTIMIZATION.BATCH_SIZE_PER_GPU: 1
2026-08-15 10:09:03,207   INFO  cfg.OPTIMIZATION.NUM_EPOCHS: 10
2026-08-15 10:09:03,207   INFO  cfg.OPTIMIZATION.OPTIMIZER: adam_onecycle
2026-08-15 10:09:03,207   INFO  cfg.OPTIMIZATION.LR: 0.0003
2026-08-15 10:09:03,207   INFO  cfg.OPTIMIZATION.WEIGHT_DECAY: 0.01
2026-08-15 10:09:03,207   INFO  cfg.OPTIMIZATION.MOMENTUM: 0.9
2026-08-15 10:09:03,207   INFO  cfg.OPTIMIZATION.MOMS: [0.95, 0.85]
2026-08-15 10:09:03,207   INFO  cfg.OPTIMIZATION.PCT_START: 0.2
2026-08-15 10:09:03,207   INFO  cfg.OPTIMIZATION.DIV_FACTOR: 10
2026-08-15 10:09:03,207   INFO  cfg.OPTIMIZATION.DECAY_STEP_LIST: [25, 35]
2026-08-15 10:09:03,207   INFO  cfg.OPTIMIZATION.LR_DECAY: 0.1
2026-08-15 10:09:03,207   INFO  cfg.OPTIMIZATION.LR_CLIP: 1e-07
2026-08-15 10:09:03,207   INFO  cfg.OPTIMIZATION.LR_WARMUP: False
2026-08-15 10:09:03,207   INFO  cfg.OPTIMIZATION.WARMUP_EPOCH: 1
2026-08-15 10:09:03,207   INFO  cfg.OPTIMIZATION.GRAD_NORM_CLIP: 10
2026-08-15 10:09:03,207   INFO  cfg.TAG: S_F_N
2026-08-15 10:09:03,207   INFO  cfg.EXP_GROUP_PATH: OpenPCDet/tools/cfgs/models/S/F
2026-08-15 10:09:03,212   INFO  ----------- Create dataloader & network & optimizer -----------
2026-08-15 10:09:03,212   INFO  Loading NuScenes dataset
2026-08-15 10:09:03,223   INFO  Total samples for NuScenes dataset: 323
2026-08-15 10:09:03,229   INFO  Total samples after balanced resampling: 667
2026-08-15 10:09:04,855   INFO  ==> Loading parameters from checkpoint /OpenPCDet/output/cfgs/models/S/F/S_F_K/default/ckpt/checkpoint_epoch_14.pth to GPU
2026-08-15 10:09:05,124   INFO  ==> Checkpoint trained from version: pcdet+0.6.0+233f849+pyd7b5add
2026-08-15 10:09:05,129   INFO  ==> Done (loaded 202/202)
2026-08-15 10:09:05,130   INFO  ==> Loading parameters from checkpoint /OpenPCDet/output/OpenPCDet/tools/cfgs/models/S/F/S_F_N/default/ckpt/checkpoint_epoch_8.pth to GPU
2026-08-15 10:09:05,178   INFO  ==> Loading optimizer parameters from checkpoint /OpenPCDet/output/OpenPCDet/tools/cfgs/models/S/F/S_F_N/default/ckpt/checkpoint_epoch_8.pth to GPU
2026-08-15 10:09:05,196   INFO  ==> Done
2026-08-15 10:09:05,198   INFO  ----------- Model SECONDNet created, param count: 5804840 -----------
2026-08-15 10:09:05,198   INFO  SECONDNet(
  (vfe): MeanVFE()
  (backbone_3d): VoxelBackBone8xFocal(
    (conv_input): SparseSequential(
      (0): SubMConv3d(4, 16, kernel_size=[3, 3, 3], stride=[1, 1, 1], padding=[1, 1, 1], dilation=[1, 1, 1], output_padding=[0, 0, 0], bias=False, algo=ConvAlgo.MaskImplicitGemm)
      (1): BatchNorm1d(16, eps=0.001, momentum=0.01, affine=True, track_running_stats=True)
      (2): ReLU(inplace=True)
    )
    (conv1): SparseSequentialBatchdict(
      (0): SparseSequential(
        (0): SubMConv3d(16, 16, kernel_size=[3, 3, 3], stride=[1, 1, 1], padding=[0, 0, 0], dilation=[1, 1, 1], output_padding=[0, 0, 0], bias=False, algo=ConvAlgo.MaskImplicitGemm)
        (1): BatchNorm1d(16, eps=0.001, momentum=0.01, affine=True, track_running_stats=True)
        (2): ReLU(inplace=True)
      )
      (1): FocalSparseConv(
        (conv): SubMConv3d(16, 16, kernel_size=[3, 3, 3], stride=[1, 1, 1], padding=[0, 0, 0], dilation=[1, 1, 1], output_padding=[0, 0, 0], bias=False, algo=ConvAlgo.MaskImplicitGemm)
        (bn1): BatchNorm1d(16, eps=0.001, momentum=0.01, affine=True, track_running_stats=True)
        (relu): ReLU(inplace=True)
        (focal_loss): FocalLoss()
        (conv_enlarge): SparseSequential(
          (0): SubMConv3d(16, 64, kernel_size=[3, 3, 3], stride=[1, 1, 1], padding=[1, 1, 1], dilation=[1, 1, 1], output_padding=[0, 0, 0], bias=False, algo=ConvAlgo.MaskImplicitGemm)
          (1): BatchNorm1d(64, eps=0.001, momentum=0.01, affine=True, track_running_stats=True)
          (2): ReLU(inplace=True)
        )
        (conv_imp): SubMConv3d(64, 27, kernel_size=[3, 3, 3], stride=[1, 1, 1], padding=[1, 1, 1], dilation=[1, 1, 1], output_padding=[0, 0, 0], bias=False, algo=ConvAlgo.MaskImplicitGemm)
      )
    )
    (conv2): SparseSequentialBatchdict(
      (0): SparseSequential(
        (0): SparseConv3d(16, 32, kernel_size=[3, 3, 3], stride=[2, 2, 2], padding=[1, 1, 1], dilation=[1, 1, 1], output_padding=[0, 0, 0], bias=False, algo=ConvAlgo.MaskImplicitGemm)
        (1): BatchNorm1d(32, eps=0.001, momentum=0.01, affine=True, track_running_stats=True)
        (2): ReLU(inplace=True)
      )
      (1): SparseSequential(
        (0): SubMConv3d(32, 32, kernel_size=[3, 3, 3], stride=[1, 1, 1], padding=[0, 0, 0], dilation=[1, 1, 1], output_padding=[0, 0, 0], bias=False, algo=ConvAlgo.MaskImplicitGemm)
        (1): BatchNorm1d(32, eps=0.001, momentum=0.01, affine=True, track_running_stats=True)
        (2): ReLU(inplace=True)
      )
      (2): SparseSequential(
        (0): SubMConv3d(32, 32, kernel_size=[3, 3, 3], stride=[1, 1, 1], padding=[0, 0, 0], dilation=[1, 1, 1], output_padding=[0, 0, 0], bias=False, algo=ConvAlgo.MaskImplicitGemm)
        (1): BatchNorm1d(32, eps=0.001, momentum=0.01, affine=True, track_running_stats=True)
        (2): ReLU(inplace=True)
      )
      (3): FocalSparseConv(
        (conv): SubMConv3d(32, 32, kernel_size=[3, 3, 3], stride=[1, 1, 1], padding=[0, 0, 0], dilation=[1, 1, 1], output_padding=[0, 0, 0], bias=False, algo=ConvAlgo.MaskImplicitGemm)
        (bn1): BatchNorm1d(32, eps=0.001, momentum=0.01, affine=True, track_running_stats=True)
        (relu): ReLU(inplace=True)
        (focal_loss): FocalLoss()
        (conv_enlarge): SparseSequential(
          (0): SubMConv3d(32, 64, kernel_size=[3, 3, 3], stride=[1, 1, 1], padding=[1, 1, 1], dilation=[1, 1, 1], output_padding=[0, 0, 0], bias=False, algo=ConvAlgo.MaskImplicitGemm)
          (1): BatchNorm1d(64, eps=0.001, momentum=0.01, affine=True, track_running_stats=True)
          (2): ReLU(inplace=True)
        )
        (conv_imp): SubMConv3d(64, 27, kernel_size=[3, 3, 3], stride=[1, 1, 1], padding=[1, 1, 1], dilation=[1, 1, 1], output_padding=[0, 0, 0], bias=False, algo=ConvAlgo.MaskImplicitGemm)
      )
    )
    (conv3): SparseSequentialBatchdict(
      (0): SparseSequential(
        (0): SparseConv3d(32, 64, kernel_size=[3, 3, 3], stride=[2, 2, 2], padding=[1, 1, 1], dilation=[1, 1, 1], output_padding=[0, 0, 0], bias=False, algo=ConvAlgo.MaskImplicitGemm)
        (1): BatchNorm1d(64, eps=0.001, momentum=0.01, affine=True, track_running_stats=True)
        (2): ReLU(inplace=True)
      )
      (1): SparseSequential(
        (0): SubMConv3d(64, 64, kernel_size=[3, 3, 3], stride=[1, 1, 1], padding=[0, 0, 0], dilation=[1, 1, 1], output_padding=[0, 0, 0], bias=False, algo=ConvAlgo.MaskImplicitGemm)
        (1): BatchNorm1d(64, eps=0.001, momentum=0.01, affine=True, track_running_stats=True)
        (2): ReLU(inplace=True)
      )
      (2): SparseSequential(
        (0): SubMConv3d(64, 64, kernel_size=[3, 3, 3], stride=[1, 1, 1], padding=[0, 0, 0], dilation=[1, 1, 1], output_padding=[0, 0, 0], bias=False, algo=ConvAlgo.MaskImplicitGemm)
        (1): BatchNorm1d(64, eps=0.001, momentum=0.01, affine=True, track_running_stats=True)
        (2): ReLU(inplace=True)
      )
      (3): FocalSparseConv(
        (conv): SubMConv3d(64, 64, kernel_size=[3, 3, 3], stride=[1, 1, 1], padding=[0, 0, 0], dilation=[1, 1, 1], output_padding=[0, 0, 0], bias=False, algo=ConvAlgo.MaskImplicitGemm)
        (bn1): BatchNorm1d(64, eps=0.001, momentum=0.01, affine=True, track_running_stats=True)
        (relu): ReLU(inplace=True)
        (focal_loss): FocalLoss()
        (conv_enlarge): SparseSequential(
          (0): SubMConv3d(64, 64, kernel_size=[3, 3, 3], stride=[1, 1, 1], padding=[1, 1, 1], dilation=[1, 1, 1], output_padding=[0, 0, 0], bias=False, algo=ConvAlgo.MaskImplicitGemm)
          (1): BatchNorm1d(64, eps=0.001, momentum=0.01, affine=True, track_running_stats=True)
          (2): ReLU(inplace=True)
        )
        (conv_imp): SubMConv3d(64, 27, kernel_size=[3, 3, 3], stride=[1, 1, 1], padding=[1, 1, 1], dilation=[1, 1, 1], output_padding=[0, 0, 0], bias=False, algo=ConvAlgo.MaskImplicitGemm)
      )
    )
    (conv4): SparseSequentialBatchdict(
      (0): SparseSequential(
        (0): SparseConv3d(64, 64, kernel_size=[3, 3, 3], stride=[2, 2, 2], padding=[0, 1, 1], dilation=[1, 1, 1], output_padding=[0, 0, 0], bias=False, algo=ConvAlgo.MaskImplicitGemm)
        (1): BatchNorm1d(64, eps=0.001, momentum=0.01, affine=True, track_running_stats=True)
        (2): ReLU(inplace=True)
      )
      (1): SparseSequential(
        (0): SubMConv3d(64, 64, kernel_size=[3, 3, 3], stride=[1, 1, 1], padding=[0, 0, 0], dilation=[1, 1, 1], output_padding=[0, 0, 0], bias=False, algo=ConvAlgo.MaskImplicitGemm)
        (1): BatchNorm1d(64, eps=0.001, momentum=0.01, affine=True, track_running_stats=True)
        (2): ReLU(inplace=True)
      )
      (2): SparseSequential(
        (0): SubMConv3d(64, 64, kernel_size=[3, 3, 3], stride=[1, 1, 1], padding=[0, 0, 0], dilation=[1, 1, 1], output_padding=[0, 0, 0], bias=False, algo=ConvAlgo.MaskImplicitGemm)
        (1): BatchNorm1d(64, eps=0.001, momentum=0.01, affine=True, track_running_stats=True)
        (2): ReLU(inplace=True)
      )
    )
    (conv_out): SparseSequential(
      (0): SparseConv3d(64, 128, kernel_size=[3, 1, 1], stride=[2, 1, 1], padding=[0, 0, 0], dilation=[1, 1, 1], output_padding=[0, 0, 0], bias=False, algo=ConvAlgo.MaskImplicitGemm)
      (1): BatchNorm1d(128, eps=0.001, momentum=0.01, affine=True, track_running_stats=True)
      (2): ReLU(inplace=True)
    )
  )
  (map_to_bev_module): HeightCompression()
  (pfe): None
  (backbone_2d): BaseBEVBackbone(
    (blocks): ModuleList(
      (0): Sequential(
        (0): ZeroPad2d((1, 1, 1, 1))
        (1): Conv2d(256, 128, kernel_size=(3, 3), stride=(1, 1), bias=False)
        (2): BatchNorm2d(128, eps=0.001, momentum=0.01, affine=True, track_running_stats=True)
        (3): ReLU()
        (4): Conv2d(128, 128, kernel_size=(3, 3), stride=(1, 1), padding=(1, 1), bias=False)
        (5): BatchNorm2d(128, eps=0.001, momentum=0.01, affine=True, track_running_stats=True)
        (6): ReLU()
        (7): Conv2d(128, 128, kernel_size=(3, 3), stride=(1, 1), padding=(1, 1), bias=False)
        (8): BatchNorm2d(128, eps=0.001, momentum=0.01, affine=True, track_running_stats=True)
        (9): ReLU()
        (10): Conv2d(128, 128, kernel_size=(3, 3), stride=(1, 1), padding=(1, 1), bias=False)
        (11): BatchNorm2d(128, eps=0.001, momentum=0.01, affine=True, track_running_stats=True)
        (12): ReLU()
        (13): Conv2d(128, 128, kernel_size=(3, 3), stride=(1, 1), padding=(1, 1), bias=False)
        (14): BatchNorm2d(128, eps=0.001, momentum=0.01, affine=True, track_running_stats=True)
        (15): ReLU()
        (16): Conv2d(128, 128, kernel_size=(3, 3), stride=(1, 1), padding=(1, 1), bias=False)
        (17): BatchNorm2d(128, eps=0.001, momentum=0.01, affine=True, track_running_stats=True)
        (18): ReLU()
      )
      (1): Sequential(
        (0): ZeroPad2d((1, 1, 1, 1))
        (1): Conv2d(128, 256, kernel_size=(3, 3), stride=(2, 2), bias=False)
        (2): BatchNorm2d(256, eps=0.001, momentum=0.01, affine=True, track_running_stats=True)
        (3): ReLU()
        (4): Conv2d(256, 256, kernel_size=(3, 3), stride=(1, 1), padding=(1, 1), bias=False)
        (5): BatchNorm2d(256, eps=0.001, momentum=0.01, affine=True, track_running_stats=True)
        (6): ReLU()
        (7): Conv2d(256, 256, kernel_size=(3, 3), stride=(1, 1), padding=(1, 1), bias=False)
        (8): BatchNorm2d(256, eps=0.001, momentum=0.01, affine=True, track_running_stats=True)
        (9): ReLU()
        (10): Conv2d(256, 256, kernel_size=(3, 3), stride=(1, 1), padding=(1, 1), bias=False)
        (11): BatchNorm2d(256, eps=0.001, momentum=0.01, affine=True, track_running_stats=True)
        (12): ReLU()
        (13): Conv2d(256, 256, kernel_size=(3, 3), stride=(1, 1), padding=(1, 1), bias=False)
        (14): BatchNorm2d(256, eps=0.001, momentum=0.01, affine=True, track_running_stats=True)
        (15): ReLU()
        (16): Conv2d(256, 256, kernel_size=(3, 3), stride=(1, 1), padding=(1, 1), bias=False)
        (17): BatchNorm2d(256, eps=0.001, momentum=0.01, affine=True, track_running_stats=True)
        (18): ReLU()
      )
    )
    (deblocks): ModuleList(
      (0): Sequential(
        (0): ConvTranspose2d(128, 256, kernel_size=(1, 1), stride=(1, 1), bias=False)
        (1): BatchNorm2d(256, eps=0.001, momentum=0.01, affine=True, track_running_stats=True)
        (2): ReLU()
      )
      (1): Sequential(
        (0): ConvTranspose2d(256, 256, kernel_size=(2, 2), stride=(2, 2), bias=False)
        (1): BatchNorm2d(256, eps=0.001, momentum=0.01, affine=True, track_running_stats=True)
        (2): ReLU()
      )
    )
  )
  (dense_head): AnchorHeadSingle(
    (cls_loss_func): SigmoidFocalClassificationLoss()
    (reg_loss_func): WeightedSmoothL1Loss()
    (dir_loss_func): WeightedCrossEntropyLoss()
    (conv_cls): Conv2d(512, 18, kernel_size=(1, 1), stride=(1, 1))
    (conv_box): Conv2d(512, 42, kernel_size=(1, 1), stride=(1, 1))
    (conv_dir_cls): Conv2d(512, 12, kernel_size=(1, 1), stride=(1, 1))
  )
  (point_head): None
  (roi_head): None
)
2026-08-15 10:09:05,199   INFO  **********************Start training OpenPCDet/tools/cfgs/models/S/F/S_F_N(default)**********************
2026-08-15 10:09:24,163   INFO  Train:    9/10 ( 90%) [ 282/667 ( 42%)]  Loss: 1.126 (1.13)  LR: 2.066e-06  Time cost: 00:18/1:55:47 [00:18/5:16:24]  Acc_iter 444505      Data time: 2.93(2.93)  Forward time: 15.12(15.12)  Batch time: 18.04(18.04)
2026-08-15 10:09:35,658   INFO  Train:    9/10 ( 90%) [ 327/667 ( 49%)]  Loss: 1.319 (0.967)  LR: 2.774e-06  Time cost: 00:29/03:38 [00:30/10:46]  Acc_iter 444550      Data time: 0.00(0.06)  Forward time: 0.25(0.58)  Batch time: 0.25(0.64)
2026-08-15 10:09:48,336   INFO  Train:    9/10 ( 90%) [ 377/667 ( 57%)]  Loss: 0.9378 (1.01)  LR: 3.683e-06  Time cost: 00:42/02:07 [00:43/07:00]  Acc_iter 444600      Data time: 0.00(0.03)  Forward time: 0.25(0.41)  Batch time: 0.25(0.44)
2026-08-15 10:09:48,935   INFO  a1e06a0b30c0                Sat Aug 15 10:09:48 2026  580.173.02
[0] NVIDIA GeForce RTX 3070 | 62°C,  94 % |  6389 /  8192 MB | root(5860M)

2026-08-15 10:10:01,915   INFO  Train:    9/10 ( 90%) [ 427/667 ( 64%)]  Loss: 0.7889 (0.984)  LR: 4.718e-06  Time cost: 00:55/01:31 [00:56/05:46]  Acc_iter 444650      Data time: 0.00(0.03)  Forward time: 0.24(0.36)  Batch time: 0.24(0.38)
2026-08-15 10:10:15,301   INFO  Train:    9/10 ( 90%) [ 477/667 ( 72%)]  Loss: 1.172 (1.01)  LR: 5.879e-06  Time cost: 01:09/01:07 [01:10/05:02]  Acc_iter 444700      Data time: 0.00(0.02)  Forward time: 0.32(0.33)  Batch time: 0.32(0.35)
2026-08-15 10:10:27,944   INFO  Train:    9/10 ( 90%) [ 527/667 ( 79%)]  Loss: 1.235 (0.988)  LR: 7.165e-06  Time cost: 01:21/00:46 [01:22/04:28]  Acc_iter 444750      Data time: 0.00(0.02)  Forward time: 0.25(0.32)  Batch time: 0.25(0.33)
2026-08-15 10:10:28,466   INFO  a1e06a0b30c0                Sat Aug 15 10:10:28 2026  580.173.02
[0] NVIDIA GeForce RTX 3070 | 66°C,  95 % |  6380 /  8192 MB | root(5860M)

2026-08-15 10:10:41,164   INFO  Train:    9/10 ( 90%) [ 577/667 ( 87%)]  Loss: 0.6690 (0.980)  LR: 8.575e-06  Time cost: 01:35/00:28 [01:35/04:03]  Acc_iter 444800      Data time: 0.00(0.02)  Forward time: 0.27(0.31)  Batch time: 0.27(0.32)
2026-08-15 10:10:54,096   INFO  Train:    9/10 ( 90%) [ 627/667 ( 94%)]  Loss: 0.5619 (0.974)  LR: 1.011e-05  Time cost: 01:47/00:12 [01:48/03:40]  Acc_iter 444850      Data time: 0.00(0.01)  Forward time: 0.21(0.30)  Batch time: 0.21(0.31)
2026-08-15 10:11:04,327   INFO  Train:    9/10 ( 90%) [ 666/667 (100%)]  Loss: 0.5101 (0.970)  LR: 1.139e-05  Time cost: 01:58/00:00 [01:59/03:25]  Acc_iter 444889      Data time: 0.00(0.01)  Forward time: 0.27(0.30)  Batch time: 0.27(0.31)
2026-08-15 10:11:07,575   INFO  Train:   10/10 (100%) [   0/667 (  0%)]  Loss: 0.8231 (0.823)  LR: 1.142e-05  Time cost: 00:02/23:24 [02:02/23:24]  Acc_iter 444890      Data time: 1.77(1.77)  Forward time: 0.34(0.34)  Batch time: 2.10(2.10)
2026-08-15 10:11:10,396   INFO  Train:   10/10 (100%) [  10/667 (  1%)]  Loss: 0.6188 (1.10)  LR: 1.176e-05  Time cost: 00:04/04:54 [02:05/04:54]  Acc_iter 444900      Data time: 0.00(0.16)  Forward time: 0.27(0.29)  Batch time: 0.28(0.45)
2026-08-15 10:11:10,913   INFO  a1e06a0b30c0                Sat Aug 15 10:11:10 2026  580.173.02
[0] NVIDIA GeForce RTX 3070 | 65°C,  87 % |  6379 /  8192 MB | root(5860M)

2026-08-15 10:11:23,702   INFO  Train:   10/10 (100%) [  60/667 (  9%)]  Loss: 1.431 (0.974)  LR: 1.353e-05  Time cost: 00:18/03:01 [02:18/03:01]  Acc_iter 444950      Data time: 0.00(0.04)  Forward time: 0.27(0.26)  Batch time: 0.27(0.30)
2026-08-15 10:11:36,587   INFO  Train:   10/10 (100%) [ 110/667 ( 16%)]  Loss: 0.7447 (0.935)  LR: 1.543e-05  Time cost: 00:31/02:36 [02:31/02:36]  Acc_iter 445000      Data time: 0.00(0.02)  Forward time: 0.27(0.26)  Batch time: 0.28(0.28)
2026-08-15 10:11:49,270   INFO  Train:   10/10 (100%) [ 160/667 ( 24%)]  Loss: 0.9775 (0.942)  LR: 1.743e-05  Time cost: 00:43/02:17 [02:44/02:17]  Acc_iter 445050      Data time: 0.00(0.02)  Forward time: 0.25(0.26)  Batch time: 0.26(0.27)
2026-08-15 10:11:49,732   INFO  a1e06a0b30c0                Sat Aug 15 10:11:49 2026  580.173.02
[0] NVIDIA GeForce RTX 3070 | 65°C,  68 % |  6380 /  8192 MB | root(5860M)

2026-08-15 10:12:02,588   INFO  Train:   10/10 (100%) [ 210/667 ( 31%)]  Loss: 1.254 (0.931)  LR: 1.956e-05  Time cost: 00:57/02:03 [02:57/02:03]  Acc_iter 445100      Data time: 0.00(0.01)  Forward time: 0.22(0.26)  Batch time: 0.22(0.27)
2026-08-15 10:12:15,849   INFO  Train:   10/10 (100%) [ 260/667 ( 39%)]  Loss: 1.571 (0.925)  LR: 2.179e-05  Time cost: 01:10/01:49 [03:10/01:49]  Acc_iter 445150      Data time: 0.00(0.01)  Forward time: 0.25(0.26)  Batch time: 0.25(0.27)
2026-08-15 10:12:28,283   INFO  Train:   10/10 (100%) [ 310/667 ( 46%)]  Loss: 0.9415 (0.913)  LR: 2.414e-05  Time cost: 01:22/01:35 [03:23/01:35]  Acc_iter 445200      Data time: 0.00(0.01)  Forward time: 0.23(0.26)  Batch time: 0.23(0.27)
2026-08-15 10:12:28,719   INFO  a1e06a0b30c0                Sat Aug 15 10:12:28 2026  580.173.02
[0] NVIDIA GeForce RTX 3070 | 66°C,  80 % |  6378 /  8192 MB | root(5860M)

2026-08-15 10:12:41,579   INFO  Train:   10/10 (100%) [ 360/667 ( 54%)]  Loss: 1.295 (0.927)  LR: 2.660e-05  Time cost: 01:36/01:21 [03:36/01:21]  Acc_iter 445250      Data time: 0.00(0.01)  Forward time: 0.25(0.26)  Batch time: 0.26(0.27)
2026-08-15 10:12:54,197   INFO  Train:   10/10 (100%) [ 410/667 ( 61%)]  Loss: 1.249 (0.920)  LR: 2.916e-05  Time cost: 01:48/01:07 [03:48/01:07]  Acc_iter 445300      Data time: 0.00(0.01)  Forward time: 0.25(0.26)  Batch time: 0.25(0.26)
2026-08-15 10:13:07,267   INFO  Train:   10/10 (100%) [ 460/667 ( 69%)]  Loss: 1.270 (0.917)  LR: 3.183e-05  Time cost: 02:01/00:54 [04:02/00:54]  Acc_iter 445350      Data time: 0.00(0.01)  Forward time: 0.28(0.26)  Batch time: 0.28(0.26)
2026-08-15 10:13:07,685   INFO  a1e06a0b30c0                Sat Aug 15 10:13:07 2026  580.173.02
[0] NVIDIA GeForce RTX 3070 | 67°C,  57 % |  6336 /  8192 MB | root(5862M)

2026-08-15 10:13:20,249   INFO  Train:   10/10 (100%) [ 510/667 ( 76%)]  Loss: 1.223 (0.920)  LR: 3.460e-05  Time cost: 02:14/00:41 [04:15/00:41]  Acc_iter 445400      Data time: 0.00(0.01)  Forward time: 0.25(0.26)  Batch time: 0.25(0.26)
2026-08-15 10:13:32,958   INFO  Train:   10/10 (100%) [ 560/667 ( 84%)]  Loss: 0.9840 (0.920)  LR: 3.747e-05  Time cost: 02:27/00:28 [04:27/00:28]  Acc_iter 445450      Data time: 0.00(0.01)  Forward time: 0.25(0.26)  Batch time: 0.26(0.26)
2026-08-15 10:13:46,038   INFO  Train:   10/10 (100%) [ 610/667 ( 91%)]  Loss: 0.5040 (0.923)  LR: 4.044e-05  Time cost: 02:40/00:14 [04:40/00:14]  Acc_iter 445500      Data time: 0.00(0.01)  Forward time: 0.23(0.26)  Batch time: 0.23(0.26)
2026-08-15 10:13:46,464   INFO  a1e06a0b30c0                Sat Aug 15 10:13:46 2026  580.173.02
[0] NVIDIA GeForce RTX 3070 | 72°C,  96 % |  6577 /  8192 MB | root(5862M)

2026-08-15 10:13:59,296   INFO  Train:   10/10 (100%) [ 660/667 ( 99%)]  Loss: 0.4014 (0.917)  LR: 4.350e-05  Time cost: 02:53/00:01 [04:54/00:01]  Acc_iter 445550      Data time: 0.00(0.01)  Forward time: 0.23(0.26)  Batch time: 0.23(0.26)
2026-08-15 10:14:00,895   INFO  Train:   10/10 (100%) [ 666/667 (100%)]  Loss: 1.274 (0.918)  LR: 4.387e-05  Time cost: 02:55/00:00 [04:55/00:00]  Acc_iter 445556      Data time: 0.00(0.01)  Forward time: 0.27(0.26)  Batch time: 0.27(0.26)
2026-08-15 10:14:01,538   INFO  **********************End training OpenPCDet/tools/cfgs/models/S/F/S_F_N(default)**********************



2026-08-15 10:14:01,538   INFO  **********************Start evaluation OpenPCDet/tools/cfgs/models/S/F/S_F_N(default)**********************
2026-08-15 10:14:01,538   INFO  Loading NuScenes dataset
2026-08-15 10:14:01,541   INFO  Total samples for NuScenes dataset: 81
2026-08-15 10:14:01,543   INFO  ==> Loading parameters from checkpoint /OpenPCDet/output/OpenPCDet/tools/cfgs/models/S/F/S_F_N/default/ckpt/checkpoint_epoch_10.pth to GPU
2026-08-15 10:14:01,587   INFO  ==> Checkpoint trained from version: pcdet+0.6.0+233f849+py2fa0f3f
2026-08-15 10:14:01,595   INFO  ==> Done (loaded 202/202)
2026-08-15 10:14:01,599   INFO  *************** EPOCH 10 EVALUATION *****************
2026-08-15 10:14:12,556   INFO  *************** Performance of EPOCH 10 *****************
2026-08-15 10:14:12,556   INFO  Generate label finished(sec_per_example: 0.1352 second).
2026-08-15 10:14:12,556   INFO  recall_roi_0.3: 0.000000
2026-08-15 10:14:12,556   INFO  recall_rcnn_0.3: 0.687044
2026-08-15 10:14:12,556   INFO  recall_roi_0.5: 0.000000
2026-08-15 10:14:12,556   INFO  recall_rcnn_0.5: 0.526460
2026-08-15 10:14:12,556   INFO  recall_roi_0.7: 0.000000
2026-08-15 10:14:12,556   INFO  recall_rcnn_0.7: 0.240572
2026-08-15 10:14:12,556   INFO  Average predicted number of objects(81 samples): 78.296
2026-08-15 10:14:14,302   INFO  The predictions of NuScenes have been saved to /OpenPCDet/output/OpenPCDet/tools/cfgs/models/S/F/S_F_N/default/eval/eval_with_train/epoch_10/val/final_result/data/results_nusc.json
2026-08-15 10:14:16,474   INFO  ----------------Nuscene detection_cvpr_2019 results-----------------
***car (car) error@trans, scale, orient, vel, attr | AP@0.5, 1.0, 2.0, 4.0
0.20, 0.16, 0.19, 0.47, 0.16 | 53.47, 59.45, 67.29, 69.52 | mean AP: 0.6243080693414107
***pedestrian (pedestrian) error@trans, scale, orient, vel, attr | AP@0.5, 1.0, 2.0, 4.0
0.13, 0.28, 1.19, 0.87, 0.80 | 79.02, 80.17, 82.36, 85.89 | mean AP: 0.8185944189200756
***bicycle (bicycle) error@trans, scale, orient, vel, attr | AP@0.5, 1.0, 2.0, 4.0
0.26, 0.18, 0.50, 2.93, 0.52 | 10.61, 11.34, 11.34, 12.23 | mean AP: 0.11382104081773708
--------------average performance-------------
trans_err:	 0.7589
scale_err:	 0.7622
orient_err:	 0.8756
vel_err:	 1.1592
attr_err:	 0.8097
mAP:	 0.1557
NDS:	 0.1572

2026-08-15 10:14:16,474   INFO  Result is saved to /OpenPCDet/output/OpenPCDet/tools/cfgs/models/S/F/S_F_N/default/eval/eval_with_train/epoch_10/val
2026-08-15 10:14:16,474   INFO  ****************Evaluation done.*****************
2026-08-15 10:14:16,476   INFO  Epoch 10 has been evaluated
2026-08-15 10:14:46,498   INFO  **********************End evaluation OpenPCDet/tools/cfgs/models/S/F/S_F_N(default)**********************
